06-23 13:41:03.998  1112  1127 I hwcomposer: [HWCDisplay] (0 setActiveConfigWithConstraints():4141), now 132065691085024, diff 278154, estimated_applied_time 11111111 queued_size:0  
06-23 13:41:04.008  1164  1164 I PowerHalWrapper: updateFps(): 60
06-23 13:41:04.009  1164  1164 I PowerHalWrapper: updateFps(): 60
06-23 13:41:04.014  1112  1579 I hwcomposer: [HWCDisplay] (0 updateAppliedConfigState():4337), applied config complete[idx:132065702196135, config:0]  
06-23 13:41:04.025 13106 13266 E ExoPlayerImplInternal: Playback error
06-23 13:41:04.025 13106 13266 E ExoPlayerImplInternal:   androidx.media3.exoplayer.ExoPlaybackException: Source error
06-23 13:41:04.025 13106 13266 E ExoPlayerImplInternal:       at androidx.media3.exoplayer.ExoPlayerImplInternal.handleIoException(ExoPlayerImplInternal.java:737)
06-23 13:41:04.025 13106 13266 E ExoPlayerImplInternal:       at androidx.media3.exoplayer.ExoPlayerImplInternal.handleMessage(ExoPlayerImplInternal.java:707)
06-23 13:41:04.025 13106 13266 E ExoPlayerImplInternal:       at android.os.Handler.dispatchMessage(Handler.java:103)
06-23 13:41:04.025 13106 13266 E ExoPlayerImplInternal:       at android.os.Looper.loopOnce(Looper.java:234)
06-23 13:41:04.025 13106 13266 E ExoPlayerImplInternal:       at android.os.Looper.loop(Looper.java:319)
06-23 13:41:04.025 13106 13266 E ExoPlayerImplInternal:       at android.os.HandlerThread.run(HandlerThread.java:85)
06-23 13:41:04.025 13106 13266 E ExoPlayerImplInternal:   Caused by: androidx.media3.exoplayer.source.UnrecognizedInputFormatException: None of the available extractors (FlvExtractor, FlacExtractor, WavExtractor, FragmentedMp4Extractor, Mp4Extractor, AmrExtractor, PsExtractor, OggExtractor, TsExtractor, MatroskaExtractor, AdtsExtractor, Ac3Extractor, Ac4Extractor, Mp3Extractor, AviExtractor, JpegExtractor, PngExtractor, WebpExtractor, BmpExtractor, HeifExtractor, AvifExtractor) could read the stream. {contentIsMalformed=false, dataType=1}
06-23 13:41:04.025 13106 13266 E ExoPlayerImplInternal:       at androidx.media3.exoplayer.source.BundledExtractorsAdapter.init(BundledExtractorsAdapter.java:108)
06-23 13:41:04.025 13106 13266 E ExoPlayerImplInternal:       at androidx.media3.exoplayer.source.ProgressiveMediaPeriod$ExtractingLoadable.load(ProgressiveMediaPeriod.java:1100)
06-23 13:41:04.025 13106 13266 E ExoPlayerImplInternal:       at androidx.media3.exoplayer.upstream.Loader$LoadTask.run(Loader.java:450)
06-23 13:41:04.025 13106 13266 E ExoPlayerImplInternal:       at java.util.concurrent.ThreadPoolExecutor.runWorker(ThreadPoolExecutor.java:1100)
06-23 13:41:04.025 13106 13266 E ExoPlayerImplInternal:       at java.util.concurrent.ThreadPoolExecutor$Worker.run(ThreadPoolExecutor.java:624)
06-23 13:41:04.025 13106 13266 E ExoPlayerImplInternal:       at java.lang.Thread.run(Thread.java:1572)
06-23 13:41:04.027  1799  1894 I WifiService: releaseWifiLock uid=10320
06-23 13:41:04.037 13106 13106 E IbraStreamMedia: Player Error: Source error
06-23 13:41:04.037 13106 13106 E IbraStreamMedia: androidx.media3.exoplayer.ExoPlaybackException: Source error
06-23 13:41:04.037 13106 13106 E IbraStreamMedia: 	at androidx.media3.exoplayer.ExoPlayerImplInternal.handleIoException(ExoPlayerImplInternal.java:737)
06-23 13:41:04.037 13106 13106 E IbraStreamMedia: 	at androidx.media3.exoplayer.ExoPlayerImplInternal.handleMessage(ExoPlayerImplInternal.java:707)
06-23 13:41:04.037 13106 13106 E IbraStreamMedia: 	at android.os.Handler.dispatchMessage(Handler.java:103)
06-23 13:41:04.037 13106 13106 E IbraStreamMedia: 	at android.os.Looper.loopOnce(Looper.java:234)
06-23 13:41:04.037 13106 13106 E IbraStreamMedia: 	at android.os.Looper.loop(Looper.java:319)
06-23 13:41:04.037 13106 13106 E IbraStreamMedia: 	at android.os.HandlerThread.run(HandlerThread.java:85)
06-23 13:41:04.037 13106 13106 E IbraStreamMedia: Caused by: androidx.media3.exoplayer.source.UnrecognizedInputFormatException: None of the available extractors (FlvExtractor, FlacExtractor, WavExtractor, FragmentedMp4Extractor, Mp4Extractor, AmrExtractor, PsExtractor, OggExtractor, TsExtractor, MatroskaExtractor, AdtsExtractor, Ac3Extractor, Ac4Extractor, Mp3Extractor, AviExtractor, JpegExtractor, PngExtractor, WebpExtractor, BmpExtractor, HeifExtractor, AvifExtractor) could read the stream. {contentIsMalformed=false, dataType=1}
06-23 13:41:04.037 13106 13106 E IbraStreamMedia: 	at androidx.media3.exoplayer.source.BundledExtractorsAdapter.init(BundledExtractorsAdapter.java:108)
06-23 13:41:04.037 13106 13106 E IbraStreamMedia: 	at androidx.media3.exoplayer.source.ProgressiveMediaPeriod$ExtractingLoadable.load(ProgressiveMediaPeriod.java:1100)
06-23 13:41:04.037 13106 13106 E IbraStreamMedia: 	at androidx.media3.exoplayer.upstream.Loader$LoadTask.run(Loader.java:450)
06-23 13:41:04.037 13106 13106 E IbraStreamMedia: 	at java.util.concurrent.ThreadPoolExecutor.runWorker(ThreadPoolExecutor.java:1100)
06-23 13:41:04.037 13106 13106 E IbraStreamMedia: 	at java.util.concurrent.ThreadPoolExecutor$Worker.run(ThreadPoolExecutor.java:624)
06-23 13:41:04.037 13106 13106 E IbraStreamMedia: 	at java.lang.Thread.run(Thread.java:1572)
06-23 13:41:04.040  1799  2269 W ForegroundServiceTypeLoggerModule: Logger should be tracking FGS types correctly for UID 10320 in package com.ibrastream.app
06-23 13:41:04.042 13106 13106 E Capacitor/Console: File: https://localhost/assets/index-hMRD2WDx.js - Line 73 - Msg: Native playback error: Source error
06-23 13:41:04.056  2303  2480 I bluetooth: avrcp_service.cc:646 SendMediaUpdate: track_changed=false :  play_state=true :  queue=false
06-23 13:41:04.058  2303  2480 W AudioMediaPlayerWrapper: onPlaybackStateChanged(): com.ibrastream.app tried to update with no new data
06-23 13:41:04.117  2108  2115 I ndroid.systemui: Background young concurrent mark compact GC freed 7798KB AllocSpace bytes, 48(4212KB) LOS objects, 23% free, 38MB/50MB, paused 600us,7.775ms total 71.079ms
06-23 13:41:04.137 13106 13106 I Capacitor/Console: File:  - Line 333 - Msg: undefined
06-23 13:41:04.182  1132  1181 I libPerfCtl: xgfGetFPS pid:2108 fps:-1
06-23 13:41:04.182  1132  1181 I libPerfCtl: xgfGetFPS pid:13106 fps:-1
06-23 13:41:04.182  1164  1571 E SurfaceFlinger: MtkDuration override mode is disabled
06-23 13:41:04.182  1164  1571 I PowerHalWrapper: updateFps(): 90
06-23 13:41:04.183  1112  1127 I hwcomposer: [HWCDisplay] (0 setActiveConfigWithConstraints():4091), config:1  
06-23 13:41:04.183  1112  1127 I hwcomposer: [HWCDisplay] (0 setActiveConfigWithConstraints():4141), now 132065876170870, diff 343615, estimated_applied_time 16666667 queued_size:0  
06-23 13:41:04.198  1164  1164 I PowerHalWrapper: updateFps(): 90
06-23 13:41:04.199  1164  1164 I PowerHalWrapper: updateFps(): 90
06-23 13:41:04.209  1112  1579 I hwcomposer: [HWCDisplay] (0 updateAppliedConfigState():4337), applied config complete[idx:132065892837537, config:1]  
06-23 13:41:04.246  2108  2108 W ConstraintSet: id unknown center_vertical_guideline
06-23 13:41:04.246  2108  2108 W ConstraintSet: id unknown action_button_guideline
06-23 13:41:04.246  2108  2108 W ConstraintSet: id unknown icon
06-23 13:41:04.246  2108  2108 W ConstraintSet: id unknown media_seamless
06-23 13:41:04.247  2108  2108 W ConstraintSet: id unknown media_action_barrier_start
06-23 13:41:04.247  2108  2108 W ConstraintSet: id unknown media_action_barrier_end
06-23 13:41:04.247  2108  2108 W ConstraintSet: id unknown media_action_barrier_top
06-23 13:41:04.247  2108  2108 W ConstraintSet: id unknown remove_text
06-23 13:41:04.247  2108  2108 W ConstraintSet: id unknown settings
06-23 13:41:04.247  2108  2108 W ConstraintSet: id unknown dismiss
06-23 13:41:04.247  2108  2108 W ConstraintSet: id unknown cancel
06-23 13:41:04.301  1112  1127 I hwcomposer: [HWCDisplay] (0 updateFps():3644), (type:1, mode:2) fps:36.926407,dur:1001.99,max:256.22,min:9.79  
06-23 13:41:04.432  1164  1164 I BufferQueueProducer: [com.ibrastream.app/com.ibrastream.app.MainActivity#39274](this:0xb400006fd598b7f0,id:-1,api:0,p:-1,c:1164) queueBuffer: fps=35.93 dur=1001.89 max=439.91 min=10.49
06-23 13:41:04.449 13106 13106 I Capacitor/Console: File: https://localhost/assets/index-hMRD2WDx.js - Line 73 - Msg: [Pre-Resolve] Pre-resolving track: Gorilla
06-23 13:41:04.450 13106 13106 I Capacitor/Console: File: https://localhost/assets/index-hMRD2WDx.js - Line 50 - Msg: Searching video ID for "Little Simz Gorilla" via Piped API: https://pipedapi.kavin.rocks...
06-23 13:41:04.462 13106 13157 I CapacitorCookies: Getting cookies at: 'https://lrclib.net/api/get?track_name=Gorilla&artist_name=Little%20Simz&duration=246'
06-23 13:41:04.480 13106 14796 I CapacitorCookies: Getting cookies at: 'https://pipedapi.kavin.rocks/search?q=Little%20Simz%20Gorilla&filter=music_songs'
06-23 13:41:04.484  1098 15082 I resolv  : GetAddrInfoHandler::run: {135 135 135 983175 10320 0}
06-23 13:41:04.485  1098 15083 I resolv  : res_nmkquery: (QUERY, IN, A)
06-23 13:41:04.485  1098 15083 I resolv  : resolv_cache_lookup: FOUND IN CACHE entry=0xb400006ec3ae8d70
06-23 13:41:04.485  1098 15083 I resolv  : doQuery: rcode=0, ancount=2, return value=70
06-23 13:41:04.526  2071  2071 I WifiHAL : feature_set=0x8488341a
06-23 13:41:04.581  1799  1819 E ApplicationHelper: Fail to get PackageManager
06-23 13:41:04.644  1799  1819 E ApplicationHelper: Fail to get PackageManager
06-23 13:41:04.648  1799  1819 E ApplicationHelper: Fail to get PackageManager
06-23 13:41:04.649  1098  1589 I netd    : tetherGetStats() -> {[TetherStatsParcel{iface: ccmni0, rxBytes: 59734, rxPackets: 151, txBytes: 105349, txPackets: 265, ifIndex: 0}, TetherStatsParcel{iface: wlan0, rxBytes: 30200333701, rxPackets: 27209911, txBytes: 3393818585, txPackets: 6656768, ifIndex: 0}]} <2.77ms>
06-23 13:41:04.764 13106 13106 I Capacitor/Console: File: https://localhost/assets/index-hMRD2WDx.js - Line 50 - Msg: Searching video ID for "Little Simz Gorilla" via Piped API: https://api.piped.private.coffee...
06-23 13:41:04.782 13106 14796 I CapacitorCookies: Getting cookies at: 'https://api.piped.private.coffee/search?q=Little%20Simz%20Gorilla&filter=music_songs'
06-23 13:41:04.785  1098 15087 I resolv  : GetAddrInfoHandler::run: {135 135 135 983175 10320 0}
06-23 13:41:04.788  1098 15088 I resolv  : res_nmkquery: (QUERY, IN, A)
06-23 13:41:04.788  1098 15088 I resolv  : resolv_cache_lookup: FOUND IN CACHE entry=0xb400006da3adae90
06-23 13:41:04.788  1098 15088 I resolv  : doQuery: rcode=0, ancount=2, return value=89
06-23 13:41:05.182  1132  1181 I libPerfCtl: xgfGetFPS pid:2108 fps:-1
06-23 13:41:05.184  1132  1181 I libPerfCtl: xgfGetFPS pid:13106 fps:-1
06-23 13:41:05.303  1112  1127 I hwcomposer: [HWCDisplay] (0 updateFps():3644), (type:1, mode:2) fps:80.873787,dur:1001.56,max:22.31,min:10.18  
06-23 13:41:05.373 13106 13106 I Capacitor/Console: File: https://localhost/assets/index-hMRD2WDx.js - Line 50 - Msg: Resolved videoId via Piped API https://api.piped.private.coffee: Gorilla (xdJ6mP1lS28)
06-23 13:41:05.373 13106 13106 I Capacitor/Console: File: https://localhost/assets/index-hMRD2WDx.js - Line 73 - Msg: Trying primary deciphering via youtubei.js (Innertube) for Android...
06-23 13:41:05.374 13106 13106 I Capacitor/Console: File: https://localhost/assets/index-hMRD2WDx.js - Line 50 - Msg: Resolving direct YouTube stream URL via Innertube...
06-23 13:41:05.407 13106 14796 I CapacitorCookies: Getting cookies at: 'https://www.youtube.com/youtubei/v1/player?prettyPrint=false&alt=json'
06-23 13:41:05.408 13106 14910 I CapacitorCookies: Getting cookies at: 'https://www.youtube.com/youtubei/v1/next?prettyPrint=false&alt=json'
06-23 13:41:05.413  1098 15090 I resolv  : GetAddrInfoHandler::run: {135 135 135 983175 10320 0}
06-23 13:41:05.414  1098 15091 I resolv  : res_nmkquery: (QUERY, IN, A)
06-23 13:41:05.414  1098 15091 I resolv  : resolv_cache_lookup: FOUND IN CACHE entry=0xb400006d33ae1e20
06-23 13:41:05.414  1098 15091 I resolv  : doQuery: rcode=0, ancount=17, return value=326
06-23 13:41:05.434  1164  1164 I BufferQueueProducer: [com.ibrastream.app/com.ibrastream.app.MainActivity#39274](this:0xb400006fd598b7f0,id:-1,api:0,p:-1,c:1164) queueBuffer: fps=80.87 dur=1001.56 max=22.37 min=10.61
06-23 13:41:05.486 13106 13106 W Capacitor/Console: File: https://localhost/assets/index-hMRD2WDx.js - Line 50 - Msg: Direct Innertube resolution failed: Error: Request to https://www.youtube.com/youtubei/v1/player?prettyPrint=false&alt=json failed with status code 404
06-23 13:41:05.487 13106 13106 I Capacitor/Console: File: https://localhost/assets/index-hMRD2WDx.js - Line 50 - Msg: [Downloader] Attempting stream resolution via Cobalt: https://apicobalt.mgytr.top/...
06-23 13:41:05.503 13106 14796 I CapacitorCookies: Getting cookies at: 'https://apicobalt.mgytr.top/'
06-23 13:41:05.506  1098 15093 I resolv  : GetAddrInfoHandler::run: {135 135 135 983175 10320 0}
06-23 13:41:05.508  1098 15094 I resolv  : res_nmkquery: (QUERY, IN, A)
06-23 13:41:05.508  1098 15094 I resolv  : resolv_cache_lookup: FOUND IN CACHE entry=0xb400006e13ae3310
06-23 13:41:05.508  1098 15094 I resolv  : doQuery: rcode=0, ancount=1, return value=53
06-23 13:41:05.654  1799  1819 E ApplicationHelper: Fail to get PackageManager
06-23 13:41:05.656  1799  1819 E ApplicationHelper: Fail to get PackageManager
06-23 13:41:05.658  1098  1589 I netd    : tetherGetStats() -> {[TetherStatsParcel{iface: ccmni0, rxBytes: 59734, rxPackets: 151, txBytes: 105349, txPackets: 265, ifIndex: 0}, TetherStatsParcel{iface: wlan0, rxBytes: 30200334258, rxPackets: 27209916, txBytes: 3393818748, txPackets: 6656772, ifIndex: 0}]} <2.84ms>
06-23 13:41:05.760 13106 13106 I Capacitor/Console: File: https://localhost/assets/index-hMRD2WDx.js - Line 50 - Msg: [Downloader] Attempting stream resolution via Cobalt: https://rue-cobalt.xenon.zone/...
06-23 13:41:05.779 13106 14796 I CapacitorCookies: Getting cookies at: 'https://rue-cobalt.xenon.zone/'
06-23 13:41:05.782  1098 15097 I resolv  : GetAddrInfoHandler::run: {135 135 135 983175 10320 0}
06-23 13:41:05.784  1098 15098 I resolv  : res_nmkquery: (QUERY, IN, A)
06-23 13:41:05.784  1098 15098 I resolv  : resolv_cache_lookup: FOUND IN CACHE entry=0xb400006ec3ae6c30
06-23 13:41:05.784  1098 15098 I resolv  : doQuery: rcode=0, ancount=2, return value=71
06-23 13:41:06.077 13106 13106 I Capacitor/Console: File: https://localhost/assets/index-hMRD2WDx.js - Line 50 - Msg: Searching video ID for "Little Simz Gorilla" via Piped API: https://pipedapi.kavin.rocks...
06-23 13:41:06.122  1799  1894 I MediaFocusControl: abandonAudioFocus() from uid/pid 10320/13106 clientId=android.media.AudioManager@fa209b5androidx.media3.exoplayer.AudioFocusManager$AudioFocusListener@df1784a
06-23 13:41:06.127  2303  2480 W AudioMediaPlayerWrapper: onPlaybackStateChanged(): com.ibrastream.app tried to update with no new data
06-23 13:41:06.173 13106 13106 I Capacitor/Console: File: https://localhost/assets/index-hMRD2WDx.js - Line 73 - Msg: [Pre-Resolve] Pre-resolving track: Gorilla
06-23 13:41:06.173 13106 13106 I Capacitor/Console: File: https://localhost/assets/index-hMRD2WDx.js - Line 50 - Msg: Searching video ID for "Little Simz Gorilla" via Piped API: https://pipedapi.kavin.rocks...
06-23 13:41:06.181 13106 13159 I CapacitorCookies: Getting cookies at: 'https://lrclib.net/api/get?track_name=Gorilla&artist_name=Little%20Simz&duration=246'
06-23 13:41:06.182  1132  1181 I libPerfCtl: xgfGetFPS pid:2108 fps:-1
06-23 13:41:06.182  1132  1181 I libPerfCtl: xgfGetFPS pid:13106 fps:-1
06-23 13:41:06.188  1098 15100 I resolv  : GetAddrInfoHandler::run: {135 135 135 983175 10320 0}
06-23 13:41:06.191  1098 15101 I resolv  : res_nmkquery: (QUERY, IN, A)
06-23 13:41:06.191  1098 15101 I resolv  : resolv_cache_lookup: FOUND IN CACHE entry=0xb400006db3ad4220
06-23 13:41:06.191  1098 15101 I resolv  : doQuery: rcode=0, ancount=1, return value=44
06-23 13:41:06.192 13106 13106 I Capacitor/Console: File:  - Line 333 - Msg: undefined
06-23 13:41:06.198 13106 13162 I CapacitorCookies: Getting cookies at: 'https://monochrome-api.samidy.com/search/?a=Little%20Simz'
06-23 13:41:06.199 13106 13163 I CapacitorCookies: Getting cookies at: 'https://lrclib.net/api/get?track_name=Gorilla&artist_name=Little%20Simz&duration=246'
06-23 13:41:06.206  1098 15102 I resolv  : GetAddrInfoHandler::run: {135 135 135 983175 10320 0}
06-23 13:41:06.208 13106 13106 I Capacitor/Console: File: https://localhost/assets/index-hMRD2WDx.js - Line 50 - Msg: [Downloader] Cobalt successfully resolved stream: https://rue-cobalt.xenon.zone/tunnel?id=8_ms6HadtHziOgNAq12hv&exp=1782214956109&sig=WsayX25DZNYXFypOJ-ofzKZPX1NIZGEIM4BQQ6SAHIU&sec=XRE_30h41b9Dsuf24N-YnzDlW4birySvgrqtH47WYxs&iv=YiJGqk-yeGfeDYu0BWLsHw
06-23 13:41:06.208 13106 13106 I Capacitor/Console: File: https://localhost/assets/index-hMRD2WDx.js - Line 73 - Msg: Successfully got stream URL via youtubei.js on Android, validating accessibility natively...
06-23 13:41:06.209 13106 13106 I Capacitor/Console: File: https://localhost/assets/index-hMRD2WDx.js - Line 73 - Msg: Stream URL validated successfully
06-23 13:41:06.209  1098 15103 I resolv  : res_nmkquery: (QUERY, IN, A)
06-23 13:41:06.209  1098 15103 I resolv  : resolv_cache_lookup: FOUND IN CACHE entry=0xb400006ec3ae82f0
06-23 13:41:06.209  1098 15103 I resolv  : doQuery: rcode=0, ancount=2, return value=75
06-23 13:41:06.233 13106 14796 I CapacitorCookies: Getting cookies at: 'https://pipedapi.kavin.rocks/search?q=Little%20Simz%20Gorilla&filter=music_songs'
06-23 13:41:06.233 13106 14910 I CapacitorCookies: Getting cookies at: 'https://pipedapi.kavin.rocks/search?q=Little%20Simz%20Gorilla&filter=music_songs'
06-23 13:41:06.265 13106 13106 I Capacitor/Console: File:  - Line 333 - Msg: undefined
06-23 13:41:06.305  1112  1127 I hwcomposer: [HWCDisplay] (0 updateFps():3644), (type:1, mode:2) fps:73.860069,dur:1001.89,max:33.95,min:10.20  
06-23 13:41:06.314 13106 13111 I .ibrastream.app: Background young concurrent mark compact GC freed 4778KB AllocSpace bytes, 24(760KB) LOS objects, 22% free, 17MB/22MB, paused 780us,6.297ms total 35.627ms
06-23 13:41:06.451 13106 13106 I Capacitor/Console: File: https://localhost/assets/index-hMRD2WDx.js - Line 50 - Msg: Searching video ID for "Little Simz Gorilla" via Piped API: https://api.piped.private.coffee...
06-23 13:41:06.458  1164  1164 I BufferQueueProducer: [com.ibrastream.app/com.ibrastream.app.MainActivity#39274](this:0xb400006fd598b7f0,id:-1,api:0,p:-1,c:1164) queueBuffer: fps=66.41 dur=1024.00 max=77.97 min=10.34
06-23 13:41:06.484 13106 13106 I Capacitor/Console: File: https://localhost/assets/index-hMRD2WDx.js - Line 50 - Msg: Searching video ID for "Little Simz Gorilla" via Piped API: https://api.piped.private.coffee...
06-23 13:41:06.489 13106 14796 I CapacitorCookies: Getting cookies at: 'https://api.piped.private.coffee/search?q=Little%20Simz%20Gorilla&filter=music_songs'
06-23 13:41:06.526 13106 14910 I CapacitorCookies: Getting cookies at: 'https://api.piped.private.coffee/search?q=Little%20Simz%20Gorilla&filter=music_songs'
06-23 13:41:06.661  1799  1819 E ApplicationHelper: Fail to get PackageManager
06-23 13:41:06.665  1799  1819 E ApplicationHelper: Fail to get PackageManager
06-23 13:41:06.667  1098  1589 I netd    : tetherGetStats() -> {[TetherStatsParcel{iface: ccmni0, rxBytes: 59734, rxPackets: 151, txBytes: 105349, txPackets: 265, ifIndex: 0}, TetherStatsParcel{iface: wlan0, rxBytes: 30200334845, rxPackets: 27209919, txBytes: 3393818870, txPackets: 6656775, ifIndex: 0}]} <3.93ms>
06-23 13:41:06.847 13106 13106 I Capacitor/Console: File: https://localhost/assets/index-hMRD2WDx.js - Line 50 - Msg: Resolved videoId via Piped API https://api.piped.private.coffee: Gorilla (xdJ6mP1lS28)
06-23 13:41:06.847 13106 13106 I Capacitor/Console: File: https://localhost/assets/index-hMRD2WDx.js - Line 73 - Msg: Trying primary deciphering via youtubei.js (Innertube) for Android...
06-23 13:41:06.848 13106 13106 I Capacitor/Console: File: https://localhost/assets/index-hMRD2WDx.js - Line 50 - Msg: Resolving direct YouTube stream URL via Innertube...
06-23 13:41:06.879 13106 13106 I Capacitor/Console: File: https://localhost/assets/index-hMRD2WDx.js - Line 50 - Msg: Resolved videoId via Piped API https://api.piped.private.coffee: Gorilla (xdJ6mP1lS28)
06-23 13:41:06.880 13106 13106 I Capacitor/Console: File: https://localhost/assets/index-hMRD2WDx.js - Line 73 - Msg: Trying primary deciphering via youtubei.js (Innertube) for Android...
06-23 13:41:06.880 13106 13106 I Capacitor/Console: File: https://localhost/assets/index-hMRD2WDx.js - Line 50 - Msg: Resolving direct YouTube stream URL via Innertube...
06-23 13:41:06.888 13106 14910 I CapacitorCookies: Getting cookies at: 'https://www.youtube.com/youtubei/v1/player?prettyPrint=false&alt=json'
06-23 13:41:06.890 13106 14796 I CapacitorCookies: Getting cookies at: 'https://www.youtube.com/youtubei/v1/next?prettyPrint=false&alt=json'
06-23 13:41:06.906  1799  1830 I ActivityManager: Test idle failed due to e872fe4 13793:com.instagram.android/u0a269 not runnable because EMPTY
06-23 13:41:06.919 13106 14773 I CapacitorCookies: Getting cookies at: 'https://www.youtube.com/youtubei/v1/player?prettyPrint=false&alt=json'
06-23 13:41:06.921 13106 14815 I CapacitorCookies: Getting cookies at: 'https://www.youtube.com/youtubei/v1/next?prettyPrint=false&alt=json'
06-23 13:41:07.042   988 12465 I NearbyMediums: No BLE Fast/GATT advertisements found in the latest cycle.
06-23 13:41:07.043   988 12465 I NearbyMediums: Current Tracked Scanning Clients are : {NearbyConnections.EnvironmentMonitor, NearbySharing}
06-23 13:41:07.150 13106 13106 W Capacitor/Console: File: https://localhost/assets/index-hMRD2WDx.js - Line 50 - Msg: Direct Innertube resolution failed: Error: Request to https://www.youtube.com/youtubei/v1/next?prettyPrint=false&alt=json failed with status code 404
06-23 13:41:07.150 13106 13106 I Capacitor/Console: File: https://localhost/assets/index-hMRD2WDx.js - Line 50 - Msg: [Downloader] Attempting stream resolution via Cobalt: https://apicobalt.mgytr.top/...
06-23 13:41:07.150 13106 13106 W Capacitor/Console: File: https://localhost/assets/index-hMRD2WDx.js - Line 50 - Msg: Direct Innertube resolution failed: Error: Request to https://www.youtube.com/youtubei/v1/next?prettyPrint=false&alt=json failed with status code 404
06-23 13:41:07.151 13106 13106 I Capacitor/Console: File: https://localhost/assets/index-hMRD2WDx.js - Line 50 - Msg: [Downloader] Attempting stream resolution via Cobalt: https://apicobalt.mgytr.top/...
06-23 13:41:07.182  1132  1181 I libPerfCtl: xgfGetFPS pid:2108 fps:-1
06-23 13:41:07.182  1132  1181 I libPerfCtl: xgfGetFPS pid:13106 fps:-1
06-23 13:41:07.242 13106 14910 I CapacitorCookies: Getting cookies at: 'https://apicobalt.mgytr.top/'
06-23 13:41:07.242 13106 14773 I CapacitorCookies: Getting cookies at: 'https://apicobalt.mgytr.top/'
06-23 13:41:07.316  1112  1127 I hwcomposer: [HWCDisplay] (0 updateFps():3644), (type:1, mode:2) fps:29.648544,dur:1011.85,max:78.10,min:10.50  
06-23 13:41:07.334 13106 13106 I Capacitor/Console: File:  - Line 333 - Msg: undefined
06-23 13:41:07.459  1164  1164 I BufferQueueProducer: [com.ibrastream.app/com.ibrastream.app.MainActivity#39274](this:0xb400006fd598b7f0,id:-1,api:0,p:-1,c:1164) queueBuffer: fps=36.94 dur=1001.51 max=44.58 min=10.45
06-23 13:41:07.530 13106 13106 I Capacitor/Console: File: https://localhost/assets/index-hMRD2WDx.js - Line 50 - Msg: [Downloader] Attempting stream resolution via Cobalt: https://rue-cobalt.xenon.zone/...
06-23 13:41:07.544  2071  2075 I WifiHAL : feature_set=0x8488341a
06-23 13:41:07.545 13106 13106 I Capacitor/Console: File: https://localhost/assets/index-hMRD2WDx.js - Line 50 - Msg: [Downloader] Attempting stream resolution via Cobalt: https://rue-cobalt.xenon.zone/...
06-23 13:41:07.546  3706  5658 I ModemStats: [DataStallDetectService] onCapabilitiesChanged networkCapabilities=[ Transports: WIFI Capabilities: NOT_METERED&INTERNET&NOT_RESTRICTED&TRUSTED&NOT_VPN&VALIDATED&NOT_ROAMING&FOREGROUND&NOT_CONGESTED&NOT_SUSPENDED&NOT_VCN_MANAGED&NOT_BANDWIDTH_CONSTRAINED LinkUpBandwidth>=12000Kbps LinkDnBandwidth>=60000Kbps TransportInfo: <SSID: <unknown ssid>, BSSID: 02:00:00:00:00:00, MAC: 02:00:00:00:00:00, IP: /192.168.1.134, Security type: 2, Supplicant state: COMPLETED, Wi-Fi standard: 11ac, RSSI: -55, Link speed: 390Mbps, Tx Link speed: 390Mbps, Max Supported Tx Link speed: 433Mbps, Calculated Tx : 0Mbps, Rx Link speed: 433Mbps, Max Supported Rx Link speed: 433Mbps, Calculated Rx : 0Mbps, Frequency: 5300MHz, Net ID: -1, Metered hint: false, score: 100, isUsable: true, CarrierMerged: false, SubscriptionId: -1, IsPrimary: -1, Trusted: true, Restricted: false, Ephemeral: false, OEM paid: false, OEM private: false, OSU AP: false, FQDN: <none>, Provider friendly name: <none>, Requesting package name: <none><none>MLO Information: , Is TID-To-Link negotiation supported by the AP: false, AP MLD Address: <none>, AP MLO Link Id: <none>, AP MLO Affiliated links: <none>, Vendor Data: <none>> SignalStrength: -55 UnderlyingNetworks: Null]
06-23 13:41:07.546  3706  5658 I ModemStats: [DataStallDetectService] onCapabilitiesChanged NET_CAPABILITY_VALIDATED=true
06-23 13:41:07.546  3706  5658 I ModemStats: [DataStallDetectService] onCapabilitiesChanged mDataStallManager.mDataStallInstance=null
06-23 13:41:07.546  3706  5658 I ModemStats: [DataStallDetectService] onCapabilitiesChanged mDataStallSmart5gManager.mDataStallInstance=null
06-23 13:41:07.551 13959 14099 I BugleRcsEngine: Connected state: [1], networkType: [WIFI] [CONTEXT thread_id=2025 ]
06-23 13:41:07.551 13959 14189 I BugleRcsEngine: handleMessage processing message:[NOTIFY_UPTIME_IGNORE_STATE_CHANGED] with [non-null]:RcsEngineImpl reference [CONTEXT log_prefix="RcsEngineImpl[DUAL_REG]:[5059adf4-7b8d]>Handler" thread_id=2028 ]
06-23 13:41:07.554  1799  1819 E ApplicationHelper: Fail to get PackageManager
06-23 13:41:07.568 13106 14910 I CapacitorCookies: Getting cookies at: 'https://rue-cobalt.xenon.zone/'
06-23 13:41:07.569 13106 14773 I CapacitorCookies: Getting cookies at: 'https://rue-cobalt.xenon.zone/'
06-23 13:41:07.571  1164  1164 I BufferQueueProducer: [StatusBar#94](this:0xb400006fd5916be0,id:-1,api:0,p:-1,c:1164) queueBuffer: fps=0.27 dur=7511.50 max=6698.96 min=812.54
06-23 13:41:07.572   988 10573 I NearbyMediums: Wifi changed new SSID: <unknown ssid>
06-23 13:41:07.572   988 10573 I NearbyMediums: WifiLanConnectivityInfo is not changed, skip notify.
06-23 13:41:07.671  1799  1819 E ApplicationHelper: Fail to get PackageManager
06-23 13:41:07.674  1799  1819 E ApplicationHelper: Fail to get PackageManager
06-23 13:41:07.676  1098  1589 I netd    : tetherGetStats() -> {[TetherStatsParcel{iface: ccmni0, rxBytes: 59734, rxPackets: 151, txBytes: 105349, txPackets: 265, ifIndex: 0}, TetherStatsParcel{iface: wlan0, rxBytes: 30200334845, rxPackets: 27209919, txBytes: 3393818870, txPackets: 6656775, ifIndex: 0}]} <2.88ms>
06-23 13:41:07.970 13106 13106 I Capacitor/Console: File: https://localhost/assets/index-hMRD2WDx.js - Line 50 - Msg: [Downloader] Cobalt successfully resolved stream: https://rue-cobalt.xenon.zone/tunnel?id=CuecobQ5UAueNTQ1_mYxk&exp=1782214957929&sig=mGgPymv0ncNPJ2uPYN1wd5C-u8A9qJyj91dptGOIpII&sec=x_cIBpJMU7v88skTMHuMbHSpn-rrcY6LxQQGx-OkHVc&iv=SyVGtVUAAaiAEEagsrC2NQ
06-23 13:41:07.970 13106 13106 I Capacitor/Console: File: https://localhost/assets/index-hMRD2WDx.js - Line 73 - Msg: Successfully got stream URL via youtubei.js on Android, validating accessibility natively...
06-23 13:41:07.970 13106 13106 I Capacitor/Console: File: https://localhost/assets/index-hMRD2WDx.js - Line 73 - Msg: Stream URL validated successfully
06-23 13:41:07.971 13106 13106 I Capacitor/Console: File: https://localhost/assets/index-hMRD2WDx.js - Line 73 - Msg: [Pre-Resolve] Pre-resolved track: Gorilla
06-23 13:41:07.984 13106 13106 E IbraStreamMedia: Native: added next media item. mediaId=264882642, count=2
06-23 13:41:07.996 13106 13106 I Capacitor/Console: File:  - Line 333 - Msg: undefined
06-23 13:41:08.033  2303  2480 I bluetooth: avrcp_service.cc:646 SendMediaUpdate: track_changed=false :  play_state=false :  queue=true
06-23 13:41:08.034 13106 13106 I Capacitor/Console: File: https://localhost/assets/index-hMRD2WDx.js - Line 50 - Msg: [Downloader] Cobalt successfully resolved stream: https://rue-cobalt.xenon.zone/tunnel?id=y27gMV9FBOvalubpEROoA&exp=1782214957973&sig=120zKJETdJlEaCsaB3Ek0pARICEIWG_Px75H2OtATA0&sec=ipCJGEFI-d1lul1CLJnDagrEL-0Zox1x_1Izpw5Ntb8&iv=aTdX137uSu3Z1oE-jknvpA
06-23 13:41:08.035 13106 13106 I Capacitor/Console: File: https://localhost/assets/index-hMRD2WDx.js - Line 73 - Msg: Successfully got stream URL via youtubei.js on Android, validating accessibility natively...
06-23 13:41:08.035  2303  2480 W AudioMediaPlayerWrapper: onPlaybackStateChanged(): com.ibrastream.app tried to update with no new data
06-23 13:41:08.036 13106 13106 I Capacitor/Console: File: https://localhost/assets/index-hMRD2WDx.js - Line 73 - Msg: Stream URL validated successfully
06-23 13:41:08.051 13106 13106 E IbraStreamMedia: CustomPlayerWrapper: setMockDuration=246000
06-23 13:41:08.051 13106 13106 E IbraStreamMedia: CustomPlayerWrapper: setMockPosition=0
06-23 13:41:08.052 13106 13106 E IbraStreamMedia: onMediaItemTransition: reason=3, item=264882642
06-23 13:41:08.052 13106 13106 E IbraStreamMedia: CustomPlayerWrapper: setMockPosition=0
06-23 13:41:08.055 13106 14773 I CapacitorCookies: Getting cookies at: 'https://www.youtube.com/youtubei/v1/player?prettyPrint=false&alt=json'
06-23 13:41:08.059   988 10573 I NearbySharing: Network state changed: NetworkState(isRestricted=false, isOnline=true, isCongested=false, isMetered=false, isWifiConnected=true)
06-23 13:41:08.060  1098 15121 I resolv  : GetAddrInfoHandler::run: {135 135 135 983175 10320 0}
06-23 13:41:08.061  1098 15122 I resolv  : res_nmkquery: (QUERY, IN, A)
06-23 13:41:08.061  1098 15122 I resolv  : resolv_cache_lookup: FOUND IN CACHE entry=0xb400006d33ae1e20
06-23 13:41:08.061  1098 15122 I resolv  : doQuery: rcode=0, ancount=17, return value=326
06-23 13:41:08.064 13106 13106 I Capacitor/Console: File: https://localhost/assets/index-hMRD2WDx.js - Line 73 - Msg: Native listener: onMediaItemTransition: 264882642
06-23 13:41:08.064 13106 13106 I Capacitor/Console: File:  - Line 333 - Msg: undefined
06-23 13:41:08.072 13106 13529 I CapacitorCookies: Getting cookies at: 'https://resources.tidal.com/images/a3af3603/0552/4cc4/97bf/5a97602705b1/640x640.jpg'
06-23 13:41:08.076  1098 15123 I resolv  : GetAddrInfoHandler::run: {135 135 135 983175 10320 0}
06-23 13:41:08.078  1098 15124 I resolv  : res_nmkquery: (QUERY, IN, A)
06-23 13:41:08.079  1098 15124 I resolv  : resolv_cache_lookup: FOUND IN CACHE entry=0xb400006e13afc2d0
06-23 13:41:08.079  1098 15124 I resolv  : doQuery: rcode=0, ancount=1, return value=53
06-23 13:41:08.083  2303  2480 W Failed to fetch image at uri=https://resources.tidal.com/images/a3af3603/0552/4cc4/97bf/5a9760java.io.FileNotFoundException: No content provider: https://resources.tidal.com/images/a3af3603/0552/4cc4/97bf/5a97602705b1/640x640.jpg
06-23 13:41:08.083  2303  2480 W Failed to fetch image at uri=https://resources.tidal.com/images/a3af3603/0552/4cc4/97bf/5a9760	at android.content.ContentResolver.openTypedAssetFileDescriptor(ContentResolver.java:2029)
06-23 13:41:08.083  2303  2480 W Failed to fetch image at uri=https://resources.tidal.com/images/a3af3603/0552/4cc4/97bf/5a9760	at android.content.ContentResolver.openAssetFileDescriptor(ContentResolver.java:1858)
06-23 13:41:08.083  2303  2480 W Failed to fetch image at uri=https://resources.tidal.com/images/a3af3603/0552/4cc4/97bf/5a9760	at android.content.ContentResolver.openInputStream(ContentResolver.java:1528)
06-23 13:41:08.083  2303  2480 W Failed to fetch image at uri=https://resources.tidal.com/images/a3af3603/0552/4cc4/97bf/5a9760	at com.android.bluetooth.audio_util.Image.getImageFromUri(Image.java:200)
06-23 13:41:08.083  2303  2480 W Failed to fetch image at uri=https://resources.tidal.com/images/a3af3603/0552/4cc4/97bf/5a9760	at com.android.bluetooth.audio_util.Image.setImage(Image.java:164)
06-23 13:41:08.083  2303  2480 W Failed to fetch image at uri=https://resources.tidal.com/images/a3af3603/0552/4cc4/97bf/5a9760	at com.android.bluetooth.audio_util.Image.<init>(Image.java:139)
06-23 13:41:08.083  2303  2480 W Failed to fetch image at uri=https://resources.tidal.com/images/a3af3603/0552/4cc4/97bf/5a9760	at com.android.bluetooth.audio_util.Metadata$Builder.fromMediaDescription(Metadata.java:261)
06-23 13:41:08.083  2303  2480 W Failed to fetch image at uri=https://resources.tidal.com/images/a3af3603/0552/4cc4/97bf/5a9760	at com.android.bluetooth.audio_util.Metadata$Builder.fromMediaMetadata(Metadata.java:182)
06-23 13:41:08.083  2303  2480 W Failed to fetch image at uri=https://resources.tidal.com/images/a3af3603/0552/4cc4/97bf/5a9760	at com.android.bluetooth.audio_util.Util.toMetadata(Util.java:108)
06-23 13:41:08.083  2303  2480 W Failed to fetch image at uri=https://resources.tidal.com/images/a3af3603/0552/4cc4/97bf/5a9760	at com.android.bluetooth.audio_util.MediaPlayerWrapper.isMetadataSynced(MediaPlayerWrapper.java:300)
06-23 13:41:08.083  2303  2480 W Failed to fetch image at uri=https://resources.tidal.com/images/a3af3603/0552/4cc4/97bf/5a9760	at com.android.bluetooth.audio_util.MediaPlayerWrapper$MediaControllerListener.trySendMediaUpdate(MediaPlayerWrapper.java:470)
06-23 13:41:08.083  2303  2480 W Failed to fetch image at uri=https://resources.tidal.com/images/a3af3603/0552/4cc4/97bf/5a9760	at com.android.bluetooth.audio_util.MediaPlayerWrapper$MediaControllerListener.onQueueChanged(MediaPlayerWrapper.java:583)
06-23 13:41:08.083  2303  2480 W Failed to fetch image at uri=https://resources.tidal.com/images/a3af3603/0552/4cc4/97bf/5a9760	at android.media.session.MediaController$MessageHandler.handleMessage(MediaController.java:1208)
06-23 13:41:08.083  2303  2480 W Failed to fetch image at uri=https://resources.tidal.com/images/a3af3603/0552/4cc4/97bf/5a9760	at android.os.Handler.dispatchMessage(Handler.java:107)
06-23 13:41:08.083  2303  2480 W Failed to fetch image at uri=https://resources.tidal.com/images/a3af3603/0552/4cc4/97bf/5a9760	at android.os.Looper.loopOnce(Looper.java:234)
06-23 13:41:08.083  2303  2480 W Failed to fetch image at uri=https://resources.tidal.com/images/a3af3603/0552/4cc4/97bf/5a9760	at android.os.Looper.loop(Looper.java:319)
06-23 13:41:08.083  2303  2480 W Failed to fetch image at uri=https://resources.tidal.com/images/a3af3603/0552/4cc4/97bf/5a9760	at android.os.HandlerThread.run(HandlerThread.java:85)
06-23 13:41:08.084  2303  2480 W Failed to fetch image at uri=https://resources.tidal.com/images/a3af3603/0552/4cc4/97bf/5a9760java.io.FileNotFoundException: No content provider: https://resources.tidal.com/images/a3af3603/0552/4cc4/97bf/5a97602705b1/640x640.jpg
06-23 13:41:08.084  2303  2480 W Failed to fetch image at uri=https://resources.tidal.com/images/a3af3603/0552/4cc4/97bf/5a9760	at android.content.ContentResolver.openTypedAssetFileDescriptor(ContentResolver.java:2029)
06-23 13:41:08.084  2303  2480 W Failed to fetch image at uri=https://resources.tidal.com/images/a3af3603/0552/4cc4/97bf/5a9760	at android.content.ContentResolver.openAssetFileDescriptor(ContentResolver.java:1858)
06-23 13:41:08.084  2303  2480 W Failed to fetch image at uri=https://resources.tidal.com/images/a3af3603/0552/4cc4/97bf/5a9760	at android.content.ContentResolver.openInputStream(ContentResolver.java:1528)
06-23 13:41:08.084  2303  2480 W Failed to fetch image at uri=https://resources.tidal.com/images/a3af3603/0552/4cc4/97bf/5a9760	at com.android.bluetooth.audio_util.Image.getImageFromUri(Image.java:200)
06-23 13:41:08.084  2303  2480 W Failed to fetch image at uri=https://resources.tidal.com/images/a3af3603/0552/4cc4/97bf/5a9760	at com.android.bluetooth.audio_util.Image.setImage(Image.java:164)
06-23 13:41:08.084  2303  2480 W Failed to fetch image at uri=https://resources.tidal.com/images/a3af3603/0552/4cc4/97bf/5a9760	at com.android.bluetooth.audio_util.Image.setImage(Image.java:156)
06-23 13:41:08.084  2303  2480 W Failed to fetch image at uri=https://resources.tidal.com/images/a3af3603/0552/4cc4/97bf/5a9760	at com.android.bluetooth.audio_util.Image.<init>(Image.java:78)
06-23 13:41:08.084  2303  2480 W Failed to fetch image at uri=https://resources.tidal.com/images/a3af3603/0552/4cc4/97bf/5a9760	at com.android.bluetooth.audio_util.Metadata$Builder.fromMediaMetadata(Metadata.java:232)
06-23 13:41:08.084  2303  2480 W Failed to fetch image at uri=https://resources.tidal.com/images/a3af3603/0552/4cc4/97bf/5a9760	at com.android.bluetooth.audio_util.Util.toMetadata(Util.java:108)
06-23 13:41:08.084  2303  2480 W Failed to fetch image at uri=https://resources.tidal.com/images/a3af3603/0552/4cc4/97bf/5a9760	at com.android.bluetooth.audio_util.MediaPlayerWrapper.isMetadataSynced(MediaPlayerWrapper.java:300)
06-23 13:41:08.084  2303  2480 W Failed to fetch image at uri=https://resources.tidal.com/images/a3af3603/0552/4cc4/97bf/5a9760	at com.android.bluetooth.audio_util.MediaPlayerWrapper$MediaControllerListener.trySendMediaUpdate(MediaPlayerWrapper.java:470)
06-23 13:41:08.084  2303  2480 W Failed to fetch image at uri=https://resources.tidal.com/images/a3af3603/0552/4cc4/97bf/5a9760	at com.android.bluetooth.audio_util.MediaPlayerWrapper$MediaControllerListener.onQueueChanged(MediaPlayerWrapper.java:583)
06-23 13:41:08.084  2303  2480 W Failed to fetch image at uri=https://resources.tidal.com/images/a3af3603/0552/4cc4/97bf/5a9760	at android.media.session.MediaController$MessageHandler.handleMessage(MediaController.java:1208)
06-23 13:41:08.084  2303  2480 W Failed to fetch image at uri=https://resources.tidal.com/images/a3af3603/0552/4cc4/97bf/5a9760	at android.os.Handler.dispatchMessage(Handler.java:107)
06-23 13:41:08.084  2303  2480 W Failed to fetch image at uri=https://resources.tidal.com/images/a3af3603/0552/4cc4/97bf/5a9760	at android.os.Looper.loopOnce(Looper.java:234)
06-23 13:41:08.084  2303  2480 W Failed to fetch image at uri=https://resources.tidal.com/images/a3af3603/0552/4cc4/97bf/5a9760	at android.os.Looper.loop(Looper.java:319)
06-23 13:41:08.084  2303  2480 W Failed to fetch image at uri=https://resources.tidal.com/images/a3af3603/0552/4cc4/97bf/5a9760	at android.os.HandlerThread.run(HandlerThread.java:85)
06-23 13:41:08.085  2303  2480 W Failed to fetch image at uri=https://resources.tidal.com/images/a3af3603/0552/4cc4/97bf/5a9760java.io.FileNotFoundException: No content provider: https://resources.tidal.com/images/a3af3603/0552/4cc4/97bf/5a97602705b1/640x640.jpg
06-23 13:41:08.085  2303  2480 W Failed to fetch image at uri=https://resources.tidal.com/images/a3af3603/0552/4cc4/97bf/5a9760	at android.content.ContentResolver.openTypedAssetFileDescriptor(ContentResolver.java:2029)
06-23 13:41:08.085  2303  2480 W Failed to fetch image at uri=https://resources.tidal.com/images/a3af3603/0552/4cc4/97bf/5a9760	at android.content.ContentResolver.openAssetFileDescriptor(ContentResolver.java:1858)
06-23 13:41:08.085  2303  2480 W Failed to fetch image at uri=https://resources.tidal.com/images/a3af3603/0552/4cc4/97bf/5a9760	at android.content.ContentResolver.openInputStream(ContentResolver.java:1528)
06-23 13:41:08.085  2303  2480 W Failed to fetch image at uri=https://resources.tidal.com/images/a3af3603/0552/4cc4/97bf/5a9760	at com.android.bluetooth.audio_util.Image.getImageFromUri(Image.java:200)
06-23 13:41:08.085  2303  2480 W Failed to fetch image at uri=https://resources.tidal.com/images/a3af3603/0552/4cc4/97bf/5a9760	at com.android.bluetooth.audio_util.Image.setImage(Image.java:164)
06-23 13:41:08.085  2303  2480 W Failed to fetch image at uri=https://resources.tidal.com/images/a3af3603/0552/4cc4/97bf/5a9760	at com.android.bluetooth.audio_util.Image.<init>(Image.java:139)
06-23 13:41:08.085  2303  2480 W Failed to fetch image at uri=https://resources.tidal.com/images/a3af3603/0552/4cc4/97bf/5a9760	at com.android.bluetooth.audio_util.Metadata$Builder.fromMediaDescription(Metadata.java:261)
06-23 13:41:08.085  2303  2480 W Failed to fetch image at uri=https://resources.tidal.com/images/a3af3603/0552/4cc4/97bf/5a9760	at com.android.bluetooth.audio_util.Metadata$Builder.fromMediaMetadata(Metadata.java:182)
06-23 13:41:08.085  2303  2480 W Failed to fetch image at uri=https://resources.tidal.com/images/a3af3603/0552/4cc4/97bf/5a9760	at com.android.bluetooth.audio_util.Util.toMetadata(Util.java:108)
06-23 13:41:08.085  2303  2480 W Failed to fetch image at uri=https://resources.tidal.com/images/a3af3603/0552/4cc4/97bf/5a9760	at com.android.bluetooth.audio_util.MediaPlayerWrapper.sendMediaUpdate(MediaPlayerWrapper.java:384)
06-23 13:41:08.085  2303  2480 W Failed to fetch image at uri=https://resources.tidal.com/images/a3af3603/0552/4cc4/97bf/5a9760	at com.android.bluetooth.audio_util.MediaPlayerWrapper.-$$Nest$msendMediaUpdate(MediaPlayerWrapper.java:0)
06-23 13:41:08.085  2303  2480 W Failed to fetch image at uri=https://resources.tidal.com/images/a3af3603/0552/4cc4/97bf/5a9760	at com.android.bluetooth.audio_util.MediaPlayerWrapper$MediaControllerListener.trySendMediaUpdate(MediaPlayerWrapper.java:478)
06-23 13:41:08.085  2303  2480 W Failed to fetch image at uri=https://resources.tidal.com/images/a3af3603/0552/4cc4/97bf/5a9760	at com.android.bluetooth.audio_util.MediaPlayerWrapper$MediaControllerListener.onQueueChanged(MediaPlayerWrapper.java:583)
06-23 13:41:08.085  2303  2480 W Failed to fetch image at uri=https://resources.tidal.com/images/a3af3603/0552/4cc4/97bf/5a9760	at android.media.session.MediaController$MessageHandler.handleMessage(MediaController.java:1208)
06-23 13:41:08.085  2303  2480 W Failed to fetch image at uri=https://resources.tidal.com/images/a3af3603/0552/4cc4/97bf/5a9760	at android.os.Handler.dispatchMessage(Handler.java:107)
06-23 13:41:08.085  2303  2480 W Failed to fetch image at uri=https://resources.tidal.com/images/a3af3603/0552/4cc4/97bf/5a9760	at android.os.Looper.loopOnce(Looper.java:234)
06-23 13:41:08.085  2303  2480 W Failed to fetch image at uri=https://resources.tidal.com/images/a3af3603/0552/4cc4/97bf/5a9760	at android.os.Looper.loop(Looper.java:319)
06-23 13:41:08.085  2303  2480 W Failed to fetch image at uri=https://resources.tidal.com/images/a3af3603/0552/4cc4/97bf/5a9760	at android.os.HandlerThread.run(HandlerThread.java:85)
06-23 13:41:08.085  2303  2480 W Failed to fetch image at uri=https://resources.tidal.com/images/a3af3603/0552/4cc4/97bf/5a9760java.io.FileNotFoundException: No content provider: https://resources.tidal.com/images/a3af3603/0552/4cc4/97bf/5a97602705b1/640x640.jpg
06-23 13:41:08.085  2303  2480 W Failed to fetch image at uri=https://resources.tidal.com/images/a3af3603/0552/4cc4/97bf/5a9760	at android.content.ContentResolver.openTypedAssetFileDescriptor(ContentResolver.java:2029)
06-23 13:41:08.085  2303  2480 W Failed to fetch image at uri=https://resources.tidal.com/images/a3af3603/0552/4cc4/97bf/5a9760	at android.content.ContentResolver.openAssetFileDescriptor(ContentResolver.java:1858)
06-23 13:41:08.085  2303  2480 W Failed to fetch image at uri=https://resources.tidal.com/images/a3af3603/0552/4cc4/97bf/5a9760	at android.content.ContentResolver.openInputStream(ContentResolver.java:1528)
06-23 13:41:08.085  2303  2480 W Failed to fetch image at uri=https://resources.tidal.com/images/a3af3603/0552/4cc4/97bf/5a9760	at com.android.bluetooth.audio_util.Image.getImageFromUri(Image.java:200)
06-23 13:41:08.085  2303  2480 W Failed to fetch image at uri=https://resources.tidal.com/images/a3af3603/0552/4cc4/97bf/5a9760	at com.android.bluetooth.audio_util.Image.setImage(Image.java:164)
06-23 13:41:08.085  2303  2480 W Failed to fetch image at uri=https://resources.tidal.com/images/a3af3603/0552/4cc4/97bf/5a9760	at com.android.bluetooth.audio_util.Image.setImage(Image.java:156)
06-23 13:41:08.085  2303  2480 W Failed to fetch image at uri=https://resources.tidal.com/images/a3af3603/0552/4cc4/97bf/5a9760	at com.android.bluetooth.audio_util.Image.<init>(Image.java:78)
06-23 13:41:08.085  2303  2480 W Failed to fetch image at uri=https://resources.tidal.com/images/a3af3603/0552/4cc4/97bf/5a9760	at com.android.bluetooth.audio_util.Metadata$Builder.fromMediaMetadata(Metadata.java:232)
06-23 13:41:08.085  2303  2480 W Failed to fetch image at uri=https://resources.tidal.com/images/a3af3603/0552/4cc4/97bf/5a9760	at com.android.bluetooth.audio_util.Util.toMetadata(Util.java:108)
06-23 13:41:08.085  2303  2480 W Failed to fetch image at uri=https://resources.tidal.com/images/a3af3603/0552/4cc4/97bf/5a9760	at com.android.bluetooth.audio_util.MediaPlayerWrapper.sendMediaUpdate(MediaPlayerWrapper.java:384)
06-23 13:41:08.085  2303  2480 W Failed to fetch image at uri=https://resources.tidal.com/images/a3af3603/0552/4cc4/97bf/5a9760	at com.android.bluetooth.audio_util.MediaPlayerWrapper.-$$Nest$msendMediaUpdate(MediaPlayerWrapper.java:0)
06-23 13:41:08.085  2303  2480 W Failed to fetch image at uri=https://resources.tidal.com/images/a3af3603/0552/4cc4/97bf/5a9760	at com.android.bluetooth.audio_util.MediaPlayerWrapper$MediaControllerListener.trySendMediaUpdate(MediaPlayerWrapper.java:478)
06-23 13:41:08.085  2303  2480 W Failed to fetch image at uri=https://resources.tidal.com/images/a3af3603/0552/4cc4/97bf/5a9760	at com.android.bluetooth.audio_util.MediaPlayerWrapper$MediaControllerListener.onQueueChanged(MediaPlayerWrapper.java:583)
06-23 13:41:08.085  2303  2480 W Failed to fetch image at uri=https://resources.tidal.com/images/a3af3603/0552/4cc4/97bf/5a9760	at android.media.session.MediaController$MessageHandler.handleMessage(MediaController.java:1208)
06-23 13:41:08.085  2303  2480 W Failed to fetch image at uri=https://resources.tidal.com/images/a3af3603/0552/4cc4/97bf/5a9760	at android.os.Handler.dispatchMessage(Handler.java:107)
06-23 13:41:08.085  2303  2480 W Failed to fetch image at uri=https://resources.tidal.com/images/a3af3603/0552/4cc4/97bf/5a9760	at android.os.Looper.loopOnce(Looper.java:234)
06-23 13:41:08.085  2303  2480 W Failed to fetch image at uri=https://resources.tidal.com/images/a3af3603/0552/4cc4/97bf/5a9760	at android.os.Looper.loop(Looper.java:319)
06-23 13:41:08.085  2303  2480 W Failed to fetch image at uri=https://resources.tidal.com/images/a3af3603/0552/4cc4/97bf/5a9760	at android.os.HandlerThread.run(HandlerThread.java:85)
06-23 13:41:08.086 13106 15125 E IbraStreamService: Using default Browser User-Agent for: https://rue-cobalt.xenon.zone/tunnel?id=y27gMV9FBOvalubpEROoA&exp=1782214957973&sig=120zKJETdJlEaCsaB3Ek0pARICEIWG_Px75H2OtATA0&sec=ipCJGEFI-d1lul1CLJnDagrEL-0Zox1x_1Izpw5Ntb8&iv=aTdX137uSu3Z1oE-jknvpA
06-23 13:41:08.086  2303  2480 I bluetooth: avrcp_service.cc:646 SendMediaUpdate: track_changed=true :  play_state=true :  queue=true
06-23 13:41:08.087  2303  2480 W Failed to fetch image at uri=https://resources.tidal.com/images/a3af3603/0552/4cc4/97bf/5a9760java.io.FileNotFoundException: No content provider: https://resources.tidal.com/images/a3af3603/0552/4cc4/97bf/5a97602705b1/640x640.jpg
06-23 13:41:08.087  2303  2480 W Failed to fetch image at uri=https://resources.tidal.com/images/a3af3603/0552/4cc4/97bf/5a9760	at android.content.ContentResolver.openTypedAssetFileDescriptor(ContentResolver.java:2029)
06-23 13:41:08.087  2303  2480 W Failed to fetch image at uri=https://resources.tidal.com/images/a3af3603/0552/4cc4/97bf/5a9760	at android.content.ContentResolver.openAssetFileDescriptor(ContentResolver.java:1858)
06-23 13:41:08.087  2303  2480 W Failed to fetch image at uri=https://resources.tidal.com/images/a3af3603/0552/4cc4/97bf/5a9760	at android.content.ContentResolver.openInputStream(ContentResolver.java:1528)
06-23 13:41:08.087  2303  2480 W Failed to fetch image at uri=https://resources.tidal.com/images/a3af3603/0552/4cc4/97bf/5a9760	at com.android.bluetooth.audio_util.Image.getImageFromUri(Image.java:200)
06-23 13:41:08.087  2303  2480 W Failed to fetch image at uri=https://resources.tidal.com/images/a3af3603/0552/4cc4/97bf/5a9760	at com.android.bluetooth.audio_util.Image.setImage(Image.java:164)
06-23 13:41:08.087  2303  2480 W Failed to fetch image at uri=https://resources.tidal.com/images/a3af3603/0552/4cc4/97bf/5a9760	at com.android.bluetooth.audio_util.Image.<init>(Image.java:139)
06-23 13:41:08.087  2303  2480 W Failed to fetch image at uri=https://resources.tidal.com/images/a3af3603/0552/4cc4/97bf/5a9760	at com.android.bluetooth.audio_util.Metadata$Builder.fromMediaDescription(Metadata.java:261)
06-23 13:41:08.087  2303  2480 W Failed to fetch image at uri=https://resources.tidal.com/images/a3af3603/0552/4cc4/97bf/5a9760	at com.android.bluetooth.audio_util.Metadata$Builder.fromMediaMetadata(Metadata.java:182)
06-23 13:41:08.087  2303  2480 W Failed to fetch image at uri=https://resources.tidal.com/images/a3af3603/0552/4cc4/97bf/5a9760	at com.android.bluetooth.audio_util.Util.toMetadata(Util.java:108)
06-23 13:41:08.087  2303  2480 W Failed to fetch image at uri=https://resources.tidal.com/images/a3af3603/0552/4cc4/97bf/5a9760	at com.android.bluetooth.audio_util.MediaPlayerWrapper$MediaControllerListener.onMetadataChanged(MediaPlayerWrapper.java:493)
06-23 13:41:08.087  2303  2480 W Failed to fetch image at uri=https://resources.tidal.com/images/a3af3603/0552/4cc4/97bf/5a9760	at android.media.session.MediaController$MessageHandler.handleMessage(MediaController.java:1205)
06-23 13:41:08.087  2303  2480 W Failed to fetch image at uri=https://resources.tidal.com/images/a3af3603/0552/4cc4/97bf/5a9760	at android.os.Handler.dispatchMessage(Handler.java:107)
06-23 13:41:08.087  2303  2480 W Failed to fetch image at uri=https://resources.tidal.com/images/a3af3603/0552/4cc4/97bf/5a9760	at android.os.Looper.loopOnce(Looper.java:234)
