06-23 13:34:20.353  1135  1212 I libPowerHal: [perfSetSysInfo] pid type:24, 20254
06-23 13:34:20.359  1799  1854 I DisplayBrightnessStrategySelector: Changing the DisplayBrightnessStrategy from InvalidBrightnessStrategy to ScreenOffBrightnessStrategy for display 0
06-23 13:34:20.361  1119  1119 I Situation: enable: handle:26, en:0 

06-23 13:34:20.361  1799  1854 I DisplayPowerController2[0]: BrightnessEvent: disp=0, physDisp=local:4627039422300187648, displayState=OFF, displayPolicy=OFF, brt=0.003937008, initBrt=0.3957505, rcmdBrt=NaN, preBrt=NaN, lux=0.0, preLux=0.0, hbmMax=1.0, hbmMode=off, rbcStrength=50, thrmMax=1.0, powerFactor=1.0, wasShortTermModelActive=false, flags=, reason=screen_off, autoBrightness=false, strategy=ScreenOffBrightnessStrategy, autoBrightnessMode=default
06-23 13:34:20.364  1799  1815 W WindowManager: Changing focus from Window{2c27d49 u0 com.motorola.launcher3/com.android.launcher3.CustomizationPanelLauncher} to null displayId=0 Callers=com.android.server.wm.RootWindowContainer.updateFocusedWindowLocked:470 com.android.server.wm.WindowManagerService.updateFocusedWindowLocked:6674 com.android.server.wm.ActivityRecord.commitVisibility:5866 com.android.server.wm.ActivityRecord.commitVisibility:5877 
06-23 13:34:20.364  1112  1127 I hwcomposer: [HWC] displaySetPowerMode display:0 mode:0 (flow_seq:1272)  
06-23 13:34:20.366  2108  2225 E MotoDevicePolicyUtils: MotoDevicePolicyManager not found
06-23 13:34:20.368  1799  1821 I PowerHalWrapper: amsBoostNotify pid:20254,activity:com.android.launcher3.CustomizationPanelLauncher, package:com.motorola.launcher3, mProcessCreatePackcom.ibrastream.app 
06-23 13:34:20.368  1799  1821 I PowerHalWrapper: state: 0 
06-23 13:34:20.370  1799  1821 I mtkpower_client: [PowerHal_Wrap_notifyAppState] com.motorola.launcher3/com.android.launcher3.CustomizationPanelLauncher pid=20254 activityId:37399041 state:0
06-23 13:34:20.370  1799  1819 E ApplicationHelper: Fail to get PackageManager
06-23 13:34:20.370  1799  1819 E ApplicationHelper: Fail to get PackageManager
06-23 13:34:20.370  1799  1819 E ApplicationHelper: Fail to get PackageManager
06-23 13:34:20.370  1799  1819 E ApplicationHelper: Fail to get PackageManager
06-23 13:34:20.370  1799  1819 E ApplicationHelper: Fail to get PackageManager
06-23 13:34:20.370  1132  1132 I vendor.mediatek.hardware.mtkpower_applist-service.mediatek: packName: com.motorola.launcher3 actName: com.android.launcher3.CustomizationPanelLauncher pid: 20254 activityId: 37399041 uid: 10190 state: 0
06-23 13:34:20.370  1132  1132 I MTK_APPList: [notifyAPPstate] com.motorola.launcher3/com.android.launcher3.CustomizationPanelLauncher, pid=20254, activityId=37399041, uid=10190, state:PAUSED, fps:-1, win:0
06-23 13:34:20.370  1132  1132 I MTK_APPList: [notifyAPPstate] multi_resumed_app_count: 0
06-23 13:34:20.370  1132  1132 I MTK_APPList: [getForegroundAPPCount] 1
06-23 13:34:20.370  1132  1132 I MTK_APPList: [notifyNetdUID] 10190
06-23 13:34:20.371  1132  1132 I MTK_APPList: [notifyPID] 20254
06-23 13:34:20.372  1135  1212 I libPowerHal: [perfSetSysInfo] pid type:24, 20254
06-23 13:34:20.372  1799  1821 I PowerHalWrapper: amsBoostNotify AMS_BOOST_PROCESS_CREATE_BOOST:false 
06-23 13:34:20.374  1799  1821 I DisplayDeviceRepository: Display device changed state: "Pantalla integrada", OFF
06-23 13:34:20.378  1799  1821 I InputManager-JNI: Viewport [0] to add: local:4627039422300187648, isActive: false
06-23 13:34:20.383  1385  1481 E PQ      : [CRTC_114] dbi_power_mode 0, 
06-23 13:34:20.384  1799  1819 W SurfaceControl: Invalid layer stack -1
06-23 13:34:20.384  1799  1819 I DisplayDevice: [0] Layerstack set to -1 for local:4627039422300187648
06-23 13:34:20.389  1112  1127 I hwcomposer: [HWCDisplay] (0 setPowerMode():2858), set mode(0) current mode(2), scene(0), pq spend time: 23974384  
06-23 13:34:20.390   988  8846 I NearbySharing: Screen is locked
06-23 13:34:20.392  1799  1934 I InputReader: Reconfiguring input devices, changes=DISPLAY_INFO
06-23 13:34:20.392   988  8846 I NearbySharing: Stopping scanning because the screen is locked.
06-23 13:34:20.399  1799  1934 I InputReader: Disabling ILITEK_TDDI (device 2) because the associated viewport is not active
06-23 13:34:20.399  1799  1934 I InputReader: Device reconfigured: id=2, name='ILITEK_TDDI', size 2880x6416, orientation Rotation0, mode DISABLED, display id 0
06-23 13:34:20.399   988  8846 I NearbySharing: SendProvider: Stopping discovery.
06-23 13:34:20.413   988 12463 I NearbySharing: [NS_DEBUG] DiscoveryController stopped.
06-23 13:34:20.414   988  8846 I NearbySharing: NearbySharing Internal event SendManagerEnd
06-23 13:34:20.414   988  8846 I NearbySharing: Scanning has stopped.
06-23 13:34:20.432   988  8846 I NearbySharing: Stopping Fast Init advertisement because we're not scanning in the foreground.
06-23 13:34:20.433  1799  1819 E ApplicationHelper: Fail to get PackageManager
06-23 13:34:20.433  1799  1819 E ApplicationHelper: Fail to get PackageManager
06-23 13:34:20.434 11863 11863 I bzcx    : onPause
06-23 13:34:20.438   988  1008 I NearbyConnections: Client 46751744 requested discovery to stop.
06-23 13:34:20.439   988  8846 I NearbySharing: Stopping advertising because no high power receive surface is registered and device is visible to HIDDEN.
06-23 13:34:20.440   988  8846 I NearbySharing: Stopping FastInitiation scanning because the screen is locked.
06-23 13:34:20.441 11863 11863 W dpdi    : measuring already stopped.
06-23 13:34:20.442 11863 11863 I bzcx    : onStop
06-23 13:34:20.444   988  8846 I NearbySharing: Fast Initiation Scanning has stopped
06-23 13:34:20.445   988  8846 I NearbySharing: Dismissing HUN as there's no device nearby.
06-23 13:34:20.449  2303  2598 I bt_stack: [INFO:le_scanning_manager.cc(178)] Scan in shim layer stopped
06-23 13:34:20.449   988 12464 I NearbyMediums: In ScanningCancellationFlag, service-id=NearbySharing is the last scanner to stop scanning. The flag has been cancelled.
06-23 13:34:20.456  1098  1589 I netd    : tetherGetStats() -> {[TetherStatsParcel{iface: ccmni0, rxBytes: 59734, rxPackets: 151, txBytes: 105349, txPackets: 265, ifIndex: 0}, TetherStatsParcel{iface: wlan0, rxBytes: 29757617935, rxPackets: 26851203, txBytes: 3364907486, txPackets: 6597582, ifIndex: 0}]} <3.01ms>
06-23 13:34:20.459  1799  1819 E ApplicationHelper: Fail to get PackageManager
06-23 13:34:20.463  2303  2531 I bluetooth: le_address_manager.cc:204 unregister_client: Client unregistered
06-23 13:34:20.465  2303  2531 I bluetooth: le_address_manager.cc:208 unregister_client: Cancelled address rotation alarm
06-23 13:34:20.469  1098  1589 I netd    : bandwidthSetGlobalAlert(2097152) <0.38ms>
06-23 13:34:20.471  2303  5330 I AppScanStats: BLE_SCAN_RESULT_RECEIVED[1]reportBleScanResults=0
06-23 13:34:20.471  2303  5330 I AppScanStats: BLE_SCAN_STATE_CHANGED[1]reportBleScanStopped=false
06-23 13:34:20.478  2303  2598 I bt_stack: [INFO:le_scanning_manager.cc(358)] SetScanParameters in shim layer
06-23 13:34:20.479  2303  2598 I bt_stack: [INFO:le_scanning_manager.cc(368)] SetScanParameters scan_phy 1 phy 1
06-23 13:34:20.480  2303  2598 I bt_stack: [INFO:le_scanning_manager.cc(178)] Scan in shim layer started
06-23 13:34:20.480  2303  5330 I bt_stack: [INFO:le_scanning_manager.cc(172)] Unregister in shim layer, scanner_id:1
06-23 13:34:20.480  2303  2598 I bt_stack: [INFO:le_scanning_manager.cc(178)] Scan in shim layer stopped
06-23 13:34:20.481   988 12464 I NearbyMediums: Stopped BLE scanning, service-id=NearbySharing
06-23 13:34:20.481  2303  2579 E BtGatt.ContextMap: Context not found for ID 1
06-23 13:34:20.481  2303  2579 E BtGatt.ScanHelper: Advertise app or callback is null
06-23 13:34:20.483  2303  2531 I bluetooth: le_scanning_manager.cc:646 stop_scan: Scanning already stopped, return!
06-23 13:34:20.483  2303  2598 I bt_stack: [INFO:le_scanning_manager.cc(214)] ScanFilterParamSetup in shim layer
06-23 13:34:20.484  2303  2598 I bt_stack: [INFO:le_scanning_manager.cc(214)] ScanFilterParamSetup in shim layer
06-23 13:34:20.484  2303  2598 I bt_stack: [INFO:le_scanning_manager.cc(214)] ScanFilterParamSetup in shim layer
06-23 13:34:20.485   988 12464 I NearbyMediums: [WifiAwareManagerHelper] Can't stop WiFi Aware subscribing because it was never started.
06-23 13:34:20.487  1098  1589 I netd    : bandwidthRemoveInterfaceQuota(ccmni0) <2.36ms>
06-23 13:34:20.486   988 12464 I NearbyMediums: Can't stop NFC discovery because it was never started.
06-23 13:34:20.490  1098  1589 I netd    : bandwidthSetInterfaceQuota(ccmni0, 9223372036854775807) <2.64ms>
06-23 13:34:20.491   988 12464 I NearbyConnections: No longer listening to visibility changes for client 46751744
06-23 13:34:20.491 14622 14622 I PkDeviceHelper: PkDeviceHelper.refreshDevices():87 refreshing devices
06-23 13:34:20.493  2303  2531 I bluetooth: le_address_manager.cc:186 register_client: Scheduled address rotation for first client registered
06-23 13:34:20.493  2303  2531 I bluetooth: le_address_manager.cc:189 register_client: Client registered
06-23 13:34:20.493  2303  2531 I bluetooth: le_address_manager.cc:204 unregister_client: Client unregistered
06-23 13:34:20.493  2303  2531 I bluetooth: le_address_manager.cc:208 unregister_client: Cancelled address rotation alarm
06-23 13:34:20.496   988 12464 I Nearby  : (REDACTED) Successfully shutdown executor %s.
06-23 13:34:20.583  1132  1181 I libPerfCtl: xgfGetFPS pid:1799 fps:-1
06-23 13:34:20.583  1132  1181 I libPerfCtl: xgfGetFPS pid:2108 fps:-1
06-23 13:34:20.632  1112  1127 I hwcomposer: [HWC] handlePowerModeChange(), spend time: 267248308  
06-23 13:34:20.634  1135  1171 I mtkpower@impl: [setMode] type:9, enabled:1
06-23 13:34:20.635  1135  1171 I mtkpower@impl: [setMode] Mode::DISPLAY_INACTIVE: 1
06-23 13:34:20.636  1799  1854 W PowerManagerService: Screen off took 522 ms
06-23 13:34:20.636  1135  1171 I mtkpower@impl: [setMode] type:7, enabled:0
06-23 13:34:20.637  1135  1212 I libPowerHal: [perfUserScnDisableAll] 
06-23 13:34:20.637  1135  1212 I libPowerHal: [setInteractive] enable: 0
06-23 13:34:20.637  1135  1212 I libPowerHal: [perfUserScnDisableAll] perfUserScnDisableAll, h:1, s:1, a:0
06-23 13:34:20.638  1135  1212 I libPowerHal: [load_thm_api] idx:1, start:0
06-23 13:34:20.641  5801  5808 W gle.android.gms: ApkAssets: Deleting an ApkAssets object '<empty> and /data/app/~~ooWh8m1jZp-NW_E8zIM66w==/com.ibrastream.app-9xu0kKk6IgdKJ7MKzJkYtA==/base.apk' with 1 weak references
06-23 13:34:20.641  1135  1212 I libMtcLoader: load_propertydata 0 0 0 0 1 0 0 0 0 0 0 0 0 0 0 0 0 0 0 0 0 0 0  active: 4 count: 1
06-23 13:34:20.642  1164  1164 I SurfaceFlinger: onHandleDestroyed: name=Dim Layer for - Task=1312#39253, layerId=39253, parentId=0
06-23 13:34:20.642  1135  1212 I libMtcLoader: disable thermal policy thermal_policy_01.
06-23 13:34:20.642  1135  1212 I libMtcLoader: next_idx -1
06-23 13:34:20.642  1135  1212 I libMtcLoader: store_propertydata 0 0 0 0 0 0 0 0 0 0 0 0 0 0 0 0 0 0 0 0 0 0 0 active: -1 count: 0
06-23 13:34:20.643  1164  1164 I SurfaceFlinger: onHandleDestroyed: name=GoogleDiscoverWindow#39262, layerId=39262, parentId=0
06-23 13:34:20.643  1164  1164 I SurfaceFlinger: onHandleDestroyed: name=com.motorola.launcher3/com.android.launcher3.CustomizationPanelLauncher#39248, layerId=39248, parentId=0
06-23 13:34:20.643  1164  1164 I SurfaceFlinger: onHandleDestroyed: name=64a3e8 ActivityRecordInputSink com.motorola.launcher3/com.android.launcher3.uioverrides.QuickstepLauncher#39252, layerId=39252, parentId=0
06-23 13:34:20.644  1135  1212 I libMtcLoader: loadmtc
06-23 13:34:20.644  1799  1854 I DreamManagerService: Entering dreamland.
06-23 13:34:20.645  1799  1854 I PowerManagerService: Dozing...
06-23 13:34:20.646  1799  1818 I DreamController: Starting dream: name=ComponentInfo{com.android.systemui/com.android.systemui.doze.DozeService}, isPreviewMode=false, canDoze=true, userId=0, reason='power manager request'
06-23 13:34:20.646  1135  1212 I libMtcLoader: readPolicy_formatV2
06-23 13:34:20.647  1361  1361 I thermal_src: ta_catm_init_flow
06-23 13:34:20.648  1361  1361 I thermal_src: u_CATM_ON == -1, get catm init val
06-23 13:34:20.648  1361  1361 I thermal_src: TTJ_D 13500,TT_H 500,TT_L 500,TT 4000,MAX_TT 800000,MIN_TT -800000,MIN_TTJ 65000,CATM_ON 2,TTJ 57000,MAX_TARGET_TJ 80000,TRIP_TPCB 42000,STEADY_TARGET_TPCB 44000
06-23 13:34:20.648  1361  1361 I thermal_src: update param 6912,57000,66500,27648,-19456
06-23 13:34:20.649  1164  1164 I BufferQueueDebug: [Dim Layer for - Task=1312#39253](this:0xb400006fd593bc30,id:-1,api:0,p:-1,c:1164) onDestructor()
06-23 13:34:20.650  1164  1164 I BufferQueueDebug: [64a3e8 ActivityRecordInputSink com.motorola.launcher3/com.android.launcher3.uioverrides.QuickstepLauncher#39252](this:0xb400006fd594fb20,id:-1,api:0,p:-1,c:1164) onDestructor()
06-23 13:34:20.650  1164  1164 I BufferQueueDebug: [com.motorola.launcher3/com.android.launcher3.CustomizationPanelLauncher#39248](this:0xb400006fd59f4dc0,id:-1,api:0,p:-1,c:1164) onDestructor()
06-23 13:34:20.651  1164  1164 I BufferQueueDebug: [GoogleDiscoverWindow#39262](this:0xb400006fd5a0ba40,id:-1,api:0,p:-1,c:1164) onDestructor()
06-23 13:34:20.656  1135  1212 I libMtcLoader: loadmtc loadmtc done
06-23 13:34:20.656  1135  1212 I libMtcLoader: default thermal policy.
06-23 13:34:20.657  1135  1212 I libPowerHal: [PD] system_server update ONESHOT(unset) cmd:3000000 param:1 pr:3
06-23 13:34:20.659  1135  1171 I mtkpower@impl: [setMode] Disable All
06-23 13:34:20.679  1799  1799 W libc    : Access denied finding property "vendor.mbrain.battery"
06-23 13:34:20.685  2108  2108 I vol.VolumeDialogImpl: mDialog.dismiss() reason: volume_controller from: com.android.systemui.volume.VolumeDialogImpl$7.onDismissRequested:3
06-23 13:34:20.716  1799  1819 E ApplicationHelper: Fail to get PackageManager
06-23 13:34:20.744  1799  1854 I DisplayPowerController2[0]: BrightnessEvent: disp=0, physDisp=local:4627039422300187648, displayState=OFF, displayPolicy=DOZE, brt=0.003937008, initBrt=0.003937008, rcmdBrt=NaN, preBrt=NaN, lux=0.0, preLux=0.0, hbmMax=1.0, hbmMode=off, rbcStrength=50, thrmMax=1.0, powerFactor=1.0, wasShortTermModelActive=false, flags=, reason=screen_off, autoBrightness=false, strategy=ScreenOffBrightnessStrategy, autoBrightnessMode=default
06-23 13:34:20.754  1799  1799 W TnNotificationManagerServiceEx: Currently not in the boot wizard stage shutdown
06-23 13:34:20.755  1799  1819 E ApplicationHelper: Fail to get PackageManager
06-23 13:34:20.756  1799  1799 E ScreenIntentReceiver: notifyChange failed
06-23 13:34:20.758  1119  1119 I Accelerometer: batch: handle:0, flag:0,samplingPeriodNs:10000000 maxBatchReportLatencyNs:5000000000

06-23 13:34:20.760  1799  1819 E ApplicationHelper: Fail to get PackageManager
06-23 13:34:20.762  1799  1799 I PowerManagerService: onFlip(): Face up.
06-23 13:34:20.777  1799  1819 E ApplicationHelper: Fail to get PackageManager
06-23 13:34:20.777  1799  1819 E ApplicationHelper: Fail to get PackageManager
06-23 13:34:20.777  1799  1819 E ApplicationHelper: Fail to get PackageManager
06-23 13:34:20.782  1799  1819 E ApplicationHelper: Fail to get PackageManager
06-23 13:34:20.783  1799  2049 I MR2ServiceImpl: Updating composite discovery preference | preference: RouteDiscoveryRequest{ preferredFeatures={}, activeScan=false }, active routers: []
06-23 13:34:20.783 14622 12469 I DeviceStatusMonitor: DeviceStatusMonitor.handleBroadcast():135 onReceive() : Action = android.intent.action.SCREEN_OFF
06-23 13:34:20.784  1799  1819 E ApplicationHelper: Fail to get PackageManager
06-23 13:34:20.784  1799  1819 E ApplicationHelper: Fail to get PackageManager
06-23 13:34:20.785  1799  1819 E ApplicationHelper: Fail to get PackageManager
06-23 13:34:20.788 14622 12469 I DeviceStatusMonitor: DeviceStatusMonitor.updateCountryInfo():151 updateCountryInfo(), notifyAnyway = false
06-23 13:34:20.788  1799  1819 E ApplicationHelper: Fail to get PackageManager
06-23 13:34:20.790  1799  1819 E ApplicationHelper: Fail to get PackageManager
06-23 13:34:20.806  1799  1819 E ApplicationHelper: Fail to get PackageManager
06-23 13:34:20.809  1799  1819 E ApplicationHelper: Fail to get PackageManager
06-23 13:34:20.811  1799  1819 E ApplicationHelper: Fail to get PackageManager
06-23 13:34:20.813  1799  1819 E ApplicationHelper: Fail to get PackageManager
06-23 13:34:20.817 14622 14622 I InputBundle: InputBundle.switchToKeyboardDirectly():530 switchToKeyboardDirectly(): KeyboardTypeAndPayload(keyboardType=prime, payload=null)
06-23 13:34:20.818 14622 14622 I InputBundle: InputBundle.switchToKeyboardDirectly():530 switchToKeyboardDirectly(): KeyboardTypeAndPayload(keyboardType=prime, payload=null)
06-23 13:34:20.819 14622 14622 I InputBundle: InputBundle.switchToKeyboardDirectly():530 switchToKeyboardDirectly(): KeyboardTypeAndPayload(keyboardType=prime, payload=null)
06-23 13:34:20.820 14622 14622 I InputBundle: InputBundle.switchToKeyboardDirectly():530 switchToKeyboardDirectly(): KeyboardTypeAndPayload(keyboardType=prime, payload=null)
06-23 13:34:20.820 14622 14622 I InputBundle: InputBundle.switchToKeyboardDirectly():530 switchToKeyboardDirectly(): KeyboardTypeAndPayload(keyboardType=prime, payload=null)
06-23 13:34:20.821 14622 14622 I InputBundle: InputBundle.switchToKeyboardDirectly():530 switchToKeyboardDirectly(): KeyboardTypeAndPayload(keyboardType=prime, payload=null)
06-23 13:34:20.821 14622 14622 W NotificationCenter: NotificationCenter$NotificationQueue.notifyPendingNotificationsOnExecutor():878 Heavy notify work detected on UI thread: [pmk->gfw, pmk->hfh] takes 34ms
06-23 13:34:20.821  1119  1119 I Accelerometer: enable: handle:0, en:0

06-23 13:34:20.825 14622 14622 I VoiceImeUtils: VoiceImeUtils.sendStopVoiceEventToInputBundle():526 dispatching STOP_VOICE_IME [RD]
06-23 13:34:20.833 14622 14622 I InputBundle: InputBundle.consumeEvent():1052 Skip consuming an event as imeStatus is INACTIVE
06-23 13:34:20.833  1164  1930 I BufferQueueDebug: [NotificationShade#39267](this:0xb400006fd5a0ba40,id:-1,api:0,p:-1,c:-1) BufferQueue core=(1164:/system/bin/surfaceflinger)
06-23 13:34:20.835  5501  5501 I wpa_supplicant: wpa_driver_nl80211_driver_cmd: wlan0 recv cmd SETSUSPENDMODE 1
06-23 13:34:20.838  1799  3756 I WindowManager: Relayout Window{82bd2df u0 NotificationShade}: oldVis=4 newVis=0 focusMayChange = true requestedWidth = 720 requestedHeight = 1604 outFrames = ClientWindowFrames{frame=[0,0][720,1604] display=[0,0][720,1604] parentFrame=[0,0][0,0]} outSurfaceControl = Surface(name=NotificationShade)/@0xf2290e2
06-23 13:34:20.856  5501  5501 I wpa_supplicant: wpa_driver_nl80211_driver_cmd: ret = 0 used = 2 total = 512 buf = 
06-23 13:34:20.857 14622 14622 I Module  : DeviceLockedStatusModuleProvider$Module.updateDeviceLockedStatusInternal():127 repeatCheckTimes = 0, locked = false
06-23 13:34:20.858 14622 14622 W NotificationCenter: NotificationCenter$NotificationQueue.notifyPendingNotificationsOnExecutor():878 Heavy notify work detected on UI thread: [pmk->jhh, pmk->gye, pmk->nsk] takes 37ms
06-23 13:34:20.861  2108  2108 W View    : requestLayout() improperly called by com.android.systemui.util.AutoMarqueeTextView{63cd8ec V.ED..... ..S...ID 0,0-85,34 #7f0a04ea app:id/mobile_carrier_text} during layout: running second layout pass
06-23 13:34:20.861  2108  2108 W View    : requestLayout() improperly called by com.android.keyguard.CarrierText{29f34f4 V.ED..... ......ID 28,0-336,70 #7f0a03dc app:id/keyguard_carrier_text} during layout: running second layout pass
06-23 13:34:20.876  1799  1819 E ApplicationHelper: Fail to get PackageManager
06-23 13:34:20.876  1799  1819 E ApplicationHelper: Fail to get PackageManager
06-23 13:34:20.909  1164  1250 I BpBinder: onLastStrongRef automatically unlinking death recipients: 
06-23 13:34:20.917   988  8846 I NearbySharing: Stopping scanning because the screen is locked.
06-23 13:34:20.921  2108  2108 I vol.VolumeDialogImpl: mDialog.dismiss() reason: screen_off from: com.android.systemui.volume.VolumeDialogImpl$7.onScreenOff:4
06-23 13:34:20.921   988  8846 I NearbySharing: Stopping Fast Init advertisement because we're not scanning in the foreground.
06-23 13:34:20.927   988  8846 I NearbySharing: Stopping advertising because no high power receive surface is registered and device is visible to HIDDEN.
06-23 13:34:20.928   988  8846 I NearbySharing: Stopping FastInitiation scanning because the screen is locked.
06-23 13:34:20.930   988  8846 I NearbySharing: Fast Initiation Scanning has stopped
06-23 13:34:20.931   988  8846 I NearbySharing: Dismissing HUN as there's no device nearby.
06-23 13:34:20.945  1799  3756 W WindowManager: Changing focus from null to Window{82bd2df u0 NotificationShade} displayId=0 Callers=com.android.server.wm.RootWindowContainer.updateFocusedWindowLocked:470 com.android.server.wm.WindowManagerService.updateFocusedWindowLocked:6674 com.android.server.wm.WindowManagerService.relayoutWindowInner:2692 com.android.server.wm.WindowManagerService.relayoutWindow:2362 
06-23 13:34:20.946  1164  1250 I BufferQueueDebug: [Surface(name=bdcf240 NavigationBar0)/@0xdbabe8 - animation-leash of insets_animation#39268](this:0xb400006fd59528b0,id:-1,api:0,p:-1,c:-1) BufferQueue core=(1164:/system/bin/surfaceflinger)
06-23 13:34:20.948  1164  1250 I BufferQueueDebug: [Surface(name=2f73ed7 StatusBar)/@0x4db12e7 - animation-leash of insets_animation#39269](this:0xb400006fd5774230,id:-1,api:0,p:-1,c:-1) BufferQueue core=(1164:/system/bin/surfaceflinger)
06-23 13:34:20.966  1164  1164 I SurfaceFlinger: onHandleDestroyed: name=Surface(name=2f73ed7 StatusBar)/@0x4db12e7 - animation-leash of insets_animation#39264, layerId=39264, parentId=0
06-23 13:34:20.966  1164  1164 I SurfaceFlinger: onHandleDestroyed: name=Surface(name=bdcf240 NavigationBar0)/@0xdbabe8 - animation-leash of insets_animation#39263, layerId=39263, parentId=0
06-23 13:34:20.975  2108  2225 E QuickAccessWalletKeyguardQuickAffordanceConfig: Wallet card retrieval error, message: "null"
06-23 13:34:20.975  2108  2225 E QuickAccessWalletKeyguardQuickAffordanceConfig: Wallet card retrieval error, message: "null"
06-23 13:34:20.975  2108  2225 E QuickAccessWalletKeyguardQuickAffordanceConfig: Wallet card retrieval error, message: "null"
06-23 13:34:20.978  1164  1164 I BufferQueueDebug: [Surface(name=bdcf240 NavigationBar0)/@0xdbabe8 - animation-leash of insets_animation#39263](this:0xb400006fd59110c0,id:-1,api:0,p:-1,c:1164) onDestructor()
06-23 13:34:20.978  1164  1164 I BufferQueueDebug: [Surface(name=2f73ed7 StatusBar)/@0x4db12e7 - animation-leash of insets_animation#39264](this:0xb400006fd5a05f20,id:-1,api:0,p:-1,c:1164) onDestructor()
06-23 13:34:21.056 12423 12454 I Bugle   : pSIM transferStatus is 0 [CONTEXT sub_id=1 ]
06-23 13:34:21.073 12423 12454 I RcsAvailabilityCache: Cached availability not found for simId: redacted-pii:sim_id[chars:19,last3:392]
06-23 13:34:21.097 24829 24835 I cebook.services: Background young concurrent mark compact GC freed 5332KB AllocSpace bytes, 6(312KB) LOS objects, 49% free, 4389KB/8645KB, paused 986us,3.037ms total 183.975ms
06-23 13:34:21.124  2108  2108 I KeyguardTransitionRepository: FINISHED transition: TransitionStep(from=GONE, to=DOZING, value=1.0, transitionState=FINISHED, ownerName=FromGoneTransitionInteractor(Sleep transition triggered))
06-23 13:34:21.250  1799  1819 E ApplicationHelper: Fail to get PackageManager
06-23 13:34:21.351  1799  3656 W Transition: Transition already started id=2547 state=2
06-23 13:34:21.353  1799  3656 W UserManagerService: Requested status bar icon for non-badged user 0
06-23 13:34:21.583  1132  1181 I libPerfCtl: xgfGetFPS pid:1799 fps:-1
06-23 13:34:21.583  1132  1181 I libPerfCtl: xgfGetFPS pid:2108 fps:-1
06-23 13:34:22.122  1799  1819 E ApplicationHelper: Fail to get PackageManager
06-23 13:34:22.123  1799  2049 I MR2ServiceImpl: Updating composite discovery preference | preference: RouteDiscoveryRequest{ preferredFeatures={}, activeScan=false }, active routers: []
06-23 13:34:22.124  1799  1819 E ApplicationHelper: Fail to get PackageManager
06-23 13:34:22.127  1098  1589 I netd    : tetherGetStats() -> {[TetherStatsParcel{iface: ccmni0, rxBytes: 59734, rxPackets: 151, txBytes: 105349, txPackets: 265, ifIndex: 0}, TetherStatsParcel{iface: wlan0, rxBytes: 29757943871, rxPackets: 26851563, txBytes: 3365166355, txPackets: 6597898, ifIndex: 0}]} <2.68ms>
06-23 13:34:22.583  1132  1181 I libPerfCtl: xgfGetFPS pid:2108 fps:-1
06-23 13:34:22.807  1799  1829 I mtkpower_client: perf_lock_rel, hdl:59846, tid:1829
06-23 13:34:22.807  1799  1829 I mtkpower_client: perf_lock_acq, hdl:0, dur:0, num:2, pid:1799, tid:1829
06-23 13:34:22.807  1135  1212 I libPowerHal: [perfLockRel] hdl:59846, idx:1
06-23 13:34:22.807  1135  1212 I libPowerHal: [perfLockRel] Done for hdl : 59846
06-23 13:34:22.808  1799  1829 I mtkpower_client: ret_hdl:59848
06-23 13:34:22.808  1135  1212 I libPowerHal: [perfLockAcq] idx:0 hdl:59848 hint:-1 pid:1799 tid:1829 duration:0 lock_user:system_server => ret_hdl:59848
06-23 13:34:22.808  1135  1212 I libPowerHal: [load_thm_api] idx:7, start:1
06-23 13:34:22.809  1135  1212 I libMtcLoader: load_propertydata 0 0 0 0 0 0 0 0 0 0 0 0 0 0 0 0 0 0 0 0 0 0 0  active: -1 count: 0
06-23 13:34:22.815  1135  1212 I libMtcLoader: enable thermal policy thermal_policy_07.
06-23 13:34:22.815  1135  1212 I libMtcLoader: next_idx 10
06-23 13:34:22.816  1135  1212 I libMtcLoader: store_propertydata 0 0 0 0 0 0 0 0 0 0 1 0 0 0 0 0 0 0 0 0 0 0 0 active: 10 count: 1
06-23 13:34:22.816  1135  1212 I libMtcLoader: loadmtc
06-23 13:34:22.817  1135  1212 I libMtcLoader: readPolicy_formatV2
06-23 13:34:22.818  1361  1361 I thermal_src: ta_catm_init_flow
06-23 13:34:22.818  1361  1361 I thermal_src: u_CATM_ON == -1, get catm init val
06-23 13:34:22.818  1361  1361 I thermal_src: TTJ_D 13500,TT_H 500,TT_L 500,TT 4000,MAX_TT 800000,MIN_TT -800000,MIN_TTJ 65000,CATM_ON 2,TTJ 53000,MAX_TARGET_TJ 80000,TRIP_TPCB 42000,STEADY_TARGET_TPCB 44000
06-23 13:34:22.818  1361  1361 I thermal_src: update param 6912,53000,66500,27648,-27648
06-23 13:34:22.821  1799  1819 E ApplicationHelper: Fail to get PackageManager
06-23 13:34:22.822  1799  1819 E ApplicationHelper: Fail to get PackageManager
06-23 13:34:22.831  1135  1212 I libMtcLoader: loadmtc loadmtc done
06-23 13:34:22.832  1135  1212 I libPowerHal: [PE] system_server update ONESHOT(set) cmd:3000000 param:7 pr:3
06-23 13:34:22.833  1135  1212 I libPowerHal: [perfLockAcq] Done for hdl : 59848
06-23 13:34:22.858  1799  1799 W libc    : Access denied finding property "vendor.mbrain.battery"
06-23 13:34:22.865  1799  1799 W libc    : Access denied finding property "vendor.mbrain.battery"
06-23 13:34:22.878  1799  1819 E ApplicationHelper: Fail to get PackageManager
06-23 13:34:22.884  1799  1819 E ApplicationHelper: Fail to get PackageManager
06-23 13:34:22.893  1098  1589 I netd    : tetherGetStats() -> {[TetherStatsParcel{iface: ccmni0, rxBytes: 59734, rxPackets: 151, txBytes: 105349, txPackets: 265, ifIndex: 0}, TetherStatsParcel{iface: wlan0, rxBytes: 29759000863, rxPackets: 26852395, txBytes: 3365181334, txPackets: 6597998, ifIndex: 0}]} <2.68ms>
06-23 13:34:22.987  1799  1819 E ApplicationHelper: Fail to get PackageManager
06-23 13:34:22.988  1799  1819 E ApplicationHelper: Fail to get PackageManager
06-23 13:34:23.181  1799  1810 I system_server: Background young concurrent mark compact GC freed 22MB AllocSpace bytes, 38(1068KB) LOS objects, 17% free, 82MB/100MB, paused 2.070ms,12.077ms total 180.084ms
06-23 13:34:23.185  1799  1812 W System  : A resource failed to call close. 
06-23 13:34:23.185  1799  1812 W System  : A resource failed to call close. 
06-23 13:34:23.185  1799  1812 W System  : A resource failed to call close. 
06-23 13:34:23.185  1799  1812 W System  : A resource failed to call close. 
06-23 13:34:23.185  1799  1812 W System  : A resource failed to call close. 
06-23 13:34:23.185  1799  1812 W System  : A resource failed to call close. 
06-23 13:34:23.185  1799  1812 W System  : A resource failed to call close. 
06-23 13:34:23.185  1799  1812 W System  : A resource failed to call close. 
06-23 13:34:23.185  1799  1812 W System  : A resource failed to call close. 
06-23 13:34:23.185  1799  1812 W System  : A resource failed to call close. 
06-23 13:34:23.185  1799  1812 W System  : A resource failed to call close. 
06-23 13:34:23.185  1799  1812 W System  : A resource failed to call close. 
06-23 13:34:23.187  1799  1812 W System  : A resource failed to call HardwareBuffer.close. 
06-23 13:34:23.187  1799  1812 W System  : A resource failed to call close. 
06-23 13:34:23.187  1799  1812 W System  : A resource failed to call close. 
06-23 13:34:23.187  1799  1812 W System  : A resource failed to call close. 
06-23 13:34:23.187  1799  1812 W System  : A resource failed to call close. 
06-23 13:34:23.187  1799  1812 W System  : A resource failed to call close. 
06-23 13:34:23.187  1799  1812 W System  : A resource failed to call close. 
06-23 13:34:23.187  1799  1812 W System  : A resource failed to call close. 
06-23 13:34:23.188  1799  1812 W System  : A resource failed to call close. 
06-23 13:34:23.188  1799  1812 W System  : A resource failed to call close. 
06-23 13:34:23.188  1799  1812 W System  : A resource failed to call close. 
06-23 13:34:23.188  1799  1812 W System  : A resource failed to call close. 
06-23 13:34:23.188  1799  1812 W System  : A resource failed to call close. 
06-23 13:34:23.188  1799  1812 W System  : A resource failed to call close. 
06-23 13:34:23.188  1799  1812 W System  : A resource failed to call close. 
06-23 13:34:23.188  1799  1812 W System  : A resource failed to call close. 
06-23 13:34:23.188  1799  1812 W System  : A resource failed to call close. 
06-23 13:34:23.188  1799  1812 W System  : A resource failed to call close. 
06-23 13:34:23.188  1799  1812 W System  : A resource failed to call close. 
06-23 13:34:23.188  1799  1812 W System  : A resource failed to call close. 
06-23 13:34:23.188  1799  1812 W System  : A resource failed to call close. 
06-23 13:34:23.188  1799  1812 W System  : A resource failed to call close. 
06-23 13:34:23.188  1799  1812 W System  : A resource failed to call close. 
06-23 13:34:23.583  1132  1181 I libPerfCtl: xgfGetFPS pid:2108 fps:-1
06-23 13:34:24.326  1164  1570 E SurfaceFlinger: MtkDuration override mode is disabled
06-23 13:34:24.326  1164  1570 I PowerHalWrapper: updateFps(): 60
06-23 13:34:24.331  1112  1127 I hwcomposer: [HWCDisplay] (0 setActiveConfigWithConstraints():4091), config:0  
06-23 13:34:24.331  1112  1127 I hwcomposer: [HWCDisplay] (0 setActiveConfigWithConstraints():4141), now 131666024179154, diff 708538, estimated_applied_time 11111111 queued_size:0  
06-23 13:34:24.331  1112  1578 I hwcomposer: [EVENT] monitorActiveThread: dpy:0 ignore config, because power mode is suspend  
06-23 13:34:24.341  1164  1164 I PowerHalWrapper: updateFps(): 60
06-23 13:34:24.342  1164  1164 I PowerHalWrapper: updateFps(): 60
06-23 13:34:24.891  1799  1799 W libc    : Access denied finding property "vendor.mbrain.battery"
06-23 13:34:24.942  1799  1830 I ActivityManager: Test idle failed due to b4bc960 4967:com.motorola.timeweatherwidget/u0a121 runnable at +447ms because NORMAL
06-23 13:34:25.141  1799  1819 E ApplicationHelper: Fail to get PackageManager
06-23 13:34:25.149  1799  1799 I ThreeFingerPointerEventListener: isKeyguardLocked:true
06-23 13:34:25.149  1799  1819 E ApplicationHelper: Fail to get PackageManager
06-23 13:34:25.156   577  9119 I keystore2: system/security/keystore2/src/authorization.rs:155 - on_device_locked(user_id=0, unlocking_sids=[6765725773313486292], weak_unlock_enabled=false)
06-23 13:34:25.194  1799  1821 I DisplayDeviceRepository: Display device changed render timings: "Pantalla integrada", renderFrameRate=60.0, presentationDeadlineNanos=28600000, appVsyncOffsetNanos=2400001
06-23 13:34:25.202   577  9119 I keystore2: system/security/keystore2/src/super_key.rs:976 - UnlockedDeviceRequired super keys for user 0 are biometric-encrypted.
06-23 13:34:25.206  1799  1799 W AlarmManager: Unrecognized alarm listener com.android.server.locksettings.LockSettingsStrongAuth$NonStrongBiometricIdleTimeoutAlarmListener@975fa73
06-23 13:34:25.206  1799  3656 W UserManagerService: Requested status bar icon for non-badged user 0
06-23 13:34:25.211  1164  1570 E SurfaceFlinger: MtkDuration override mode is disabled
06-23 13:34:25.211  1164  1570 I PowerHalWrapper: updateFps(): 90
06-23 13:34:25.220  1112  1127 I hwcomposer: [HWCDisplay] (0 setActiveConfigWithConstraints():4091), config:1  
06-23 13:34:25.220  1112  1127 I hwcomposer: [HWCDisplay] (0 setActiveConfigWithConstraints():4141), now 131666912826001, diff 321924, estimated_applied_time 11111111 queued_size:0  
06-23 13:34:25.220  1112  1578 I hwcomposer: [EVENT] monitorActiveThread: dpy:0 ignore config, because power mode is suspend  
06-23 13:34:25.230  1164  1164 I PowerHalWrapper: updateFps(): 90
06-23 13:34:25.231  1799  1821 I DisplayDeviceRepository: Display device changed render timings: "Pantalla integrada", renderFrameRate=90.0, presentationDeadlineNanos=17488889, appVsyncOffsetNanos=7955555
06-23 13:34:25.231  1164  1164 I PowerHalWrapper: updateFps(): 90
06-23 13:34:25.603  1799  1819 E ApplicationHelper: Fail to get PackageManager
06-23 13:34:26.350 26104 26104 I adbd    : adbd_auth: loading keys from /data/misc/adb/adb_keys
06-23 13:34:26.808  1799  1819 E ApplicationHelper: Fail to get PackageManager
06-23 13:34:26.809  1799  1819 E ApplicationHelper: Fail to get PackageManager
06-23 13:34:27.639  1098  1589 I netd    : tetherGetStats() -> {[TetherStatsParcel{iface: ccmni0, rxBytes: 59734, rxPackets: 151, txBytes: 105349, txPackets: 265, ifIndex: 0}, TetherStatsParcel{iface: wlan0, rxBytes: 29759884612, rxPackets: 26853167, txBytes: 3365313571, txPackets: 6598200, ifIndex: 0}]} <2.57ms>
06-23 13:34:27.647  1098  1589 I netd    : bandwidthSetGlobalAlert(2097152) <0.56ms>
06-23 13:34:27.664  1098  1589 I netd    : bandwidthRemoveInterfaceQuota(ccmni0) <2.94ms>
06-23 13:34:27.667  1098  1589 I netd    : bandwidthSetInterfaceQuota(ccmni0, 9223372036854775807) <2.43ms>
06-23 13:34:27.834  1357  1357 I thermal_repeater: [recvMdThermalInfo] ret=29, strLen=127,  3, 43, -50, -28402, 32767, 0
06-23 13:34:28.433 12258 12311 I WM-WorkerWrapper: Worker result SUCCESS for Work [ id=ca4ed428-b746-43a0-95c2-30447ffae167, tags={ com.whatsapp.xmpp.messaging.XmppLifecycleWorker } ]
06-23 13:34:28.439  1799  1819 E ApplicationHelper: Fail to get PackageManager
06-23 13:34:28.440  3597  3614 I emkh    : (REDACTED) HDM. appOpsListener %s %s
06-23 13:34:28.441  1799  1819 E ApplicationHelper: Fail to get PackageManager
06-23 13:34:28.441  3597  3614 I emkh    : (REDACTED) HDM. Ignoring irrelevant audio permission changes for package %s
06-23 13:34:28.442  1098  1589 I netd    : tetherGetStats() -> {[TetherStatsParcel{iface: ccmni0, rxBytes: 59734, rxPackets: 151, txBytes: 105349, txPackets: 265, ifIndex: 0}, TetherStatsParcel{iface: wlan0, rxBytes: 29759884666, rxPackets: 26853168, txBytes: 3365313639, txPackets: 6598201, ifIndex: 0}]} <1.79ms>
06-23 13:34:29.105 12423 12458 I Bugle   : BugleStartup: Updating app config...
06-23 13:34:29.112 12423 12458 I Bugle   : BugleStartup: Done with app config.
06-23 13:34:29.113 12423 12458 I Bugle   : BugleStartup: Handling shared prefs upgrade & Load MMS Configuration...
06-23 13:34:29.127 12423 12458 I BugleDataModel: Scheduling country code detector action, because a subscription changed its state.
06-23 13:34:29.134 12423 12442 I Bugle   : BugleStartup: Done initializing with enabled individual init failures.
06-23 13:34:29.134 12423 12445 I RcsProvisioningFlow: Received intent action: android.intent.action.SIM_STATE_CHANGED with extra SIM_STATE: ABSENT
06-23 13:34:29.135 12423 12458 I BugleDataModel: Scheduling self participants refresh action, because a subscription changed its state.
06-23 13:34:29.137 12423 12445 I RcsProvisioningFlow: Sending sim removal verification work request to scheduler due to ABSENT.
06-23 13:34:29.146 12423 12445 I RcsProvisioningFlow: Scheduling 2 using PWQ with updateTrigger: 7, scheduledAt: 2026-06-23T11:34:29.137Z, initialDelaySeconds: 90.
06-23 13:34:29.148 12423 12444 I RcsProvisioningFlow: Beginning update task for phone SIMs state scheduledAt: 2026-06-23T11:34:29.136Z
06-23 13:34:29.156 12423 12444 I RcsProvisioningFlow: Lock acquired for updating phone SIMs state with update trigger: 1.
06-23 13:34:29.157 12423 12445 I Bugle   : BroadcastReceiverAsyncWorkTracker: Acknowledging broadcast of dghz@a16d13
06-23 13:34:29.158 12423 12444 I RcsProvisioningFlow: subscriptionUtilsList subIds: [1]
06-23 13:34:29.179 12423 12458 I BugleSimStateTracker: Looking up Fi through package names.
06-23 13:34:29.182 12423 12457 W Bugle   : BuglePhoneNumberUtils: canonicalizeMccMnc: invalid mccmnc. mcc: null, mnc: null
06-23 13:34:29.192 12423 12457 W Bugle   : BuglePhoneNumberUtils: canonicalizeMccMnc: invalid mccmnc. mcc: null, mnc: null
06-23 13:34:29.212  1164  1570 E SurfaceFlinger: MtkDuration override mode is disabled
06-23 13:34:29.212  1164  1570 I PowerHalWrapper: updateFps(): 60
06-23 13:34:29.220  1112  1127 I hwcomposer: [HWCDisplay] (0 setActiveConfigWithConstraints():4091), config:0  
06-23 13:34:29.220  1112  1127 I hwcomposer: [HWCDisplay] (0 setActiveConfigWithConstraints():4141), now 131670913374616, diff 392384, estimated_applied_time 11111111 queued_size:0  
06-23 13:34:29.220  1112  1578 I hwcomposer: [EVENT] monitorActiveThread: dpy:0 ignore config, because power mode is suspend  
06-23 13:34:29.223 12423 12456 I RcsAvailability: Rcs availability updater triggered on app start for all active identities.
06-23 13:34:29.223 12423 12458 I BugleSimStateTracker: default call SIM: redacted-pii:sim_id[chars:19,last3:392], default sms SIM redacted-pii:sim_id[chars:19,last3:392]. default data SIM redacted-pii:sim_id[chars:19,last3:392].
06-23 13:34:29.225 12423 12458 I BugleSimStateTracker: default call SIM: redacted-pii:sim_id[chars:19,last3:392], default sms SIM redacted-pii:sim_id[chars:19,last3:392]. default data SIM redacted-pii:sim_id[chars:19,last3:392].
06-23 13:34:29.230  1164  1164 I PowerHalWrapper: updateFps(): 60
06-23 13:34:29.231  1164  1164 I PowerHalWrapper: updateFps(): 60
06-23 13:34:29.255  1799  1819 E ApplicationHelper: Fail to get PackageManager
06-23 13:34:29.265  1799  1819 E ApplicationHelper: Fail to get PackageManager
06-23 13:34:29.265 12423 12428 I .apps.messaging: Background concurrent mark compact GC freed 23MB AllocSpace bytes, 38(1628KB) LOS objects, 66% free, 6552KB/19MB, paused 7.772ms,8.832ms total 161.666ms
06-23 13:34:29.269 12423 12475 I BugleSimStateTracker: Subscription is carrier config identified: true [CONTEXT sub_id=1 ]
06-23 13:34:29.272 12423 12438 I Bugle   : getRawTelephonyPhoneNumber redacted-pii[0-chars] [CONTEXT sub_id=1 ]
06-23 13:34:29.273  1799  1819 E ApplicationHelper: Fail to get PackageManager
06-23 13:34:29.286 12423 12438 I BugleSelfIdentity: Phone number for MyIdentity 84045a0d-3606-443b-88de-9e500910f363 does not change [CONTEXT sub_id=1 icc_id="redacted-pii[19-chars]" rcs_provisioning_id="redacted-pii[0-chars]" ]
06-23 13:34:29.297 12423 12454 I BugleConnectivity: isOnSatellite(1): false [CONTEXT ratelimit_period="1 SECONDS" ]
06-23 13:34:29.299 12423 12454 I BugleConnectivity: 1 is not on satellite and no other subscriptions are on satellite [CONTEXT ratelimit_period="1 SECONDS" ]
06-23 13:34:29.304 12423 12475 I BugleSimStateTracker: Looking up Fi through package names.
06-23 13:34:29.312 12423 12483 I Bugle   : Has Samsung system feature: false
06-23 13:34:29.312 12423 12475 I RcsProvisioningFlow: All newly built SimSubscriptionInfos: [(simId: redacted-pii:sim_id[chars:19,last3:392],
06-23 13:34:29.312 12423 12475 I RcsProvisioningFlow: subId: 1,
06-23 13:34:29.312 12423 12475 I RcsProvisioningFlow: simSlot: 0,
06-23 13:34:29.312 12423 12475 I RcsProvisioningFlow: imsi: redacted-pii:imsi[chars:15],
06-23 13:34:29.312 12423 12475 I RcsProvisioningFlow: phoneNumber: redacted-pii:phone_number[chars:0,last2:],
06-23 13:34:29.312 12423 12475 I RcsProvisioningFlow: countryCode: ES,
06-23 13:34:29.312 12423 12475 I RcsProvisioningFlow: networkOperatorName: DIGI ES,
06-23 13:34:29.312 12423 12475 I RcsProvisioningFlow: subscriptionGroupUuid: ,
06-23 13:34:29.312 12423 12475 I RcsProvisioningFlow: mcc: 214,
06-23 13:34:29.312 12423 12475 I RcsProvisioningFlow: mnc: 22,
06-23 13:34:29.312 12423 12475 I RcsProvisioningFlow: simCarrierId: 2442,
06-23 13:34:29.312 12423 12475 I RcsProvisioningFlow: iccid: redacted-pii:sim_iccid[chars:19],
06-23 13:34:29.312 12423 12475 I RcsProvisioningFlow: isFi: false,
06-23 13:34:29.312 12423 12475 I RcsProvisioningFlow: loggableGuid: ba83e873-0147-44ee-b08a-bd01a528eb9b,
06-23 13:34:29.312 12423 12475 I RcsProvisioningFlow: formattedMsisdn: redacted-pii:phone_number[chars:0,last2:],
06-23 13:34:29.312 12423 12475 I RcsProvisioningFlow: simOperatorName: DIGI ES,
06-23 13:34:29.312 12423 12475 I RcsProvisioningFlow: simOperator: 21422,
06-23 13:34:29.312 12423 12475 I RcsProvisioningFlow: groupIdLevel1: 44474553,
06-23 13:34:29.312 12423 12475 I RcsProvisioningFlow: preferredSubscriptionName: DIGI ES)]
06-23 13:34:29.325 12423 12458 I RcsProvisioningFlow: Storing updated SimSubscriptionInfo list in PhoneSimsStateDataStore: [(redacted-pii:sim_id[chars:19,last3:392], ba83e873-0147-44ee-b08a-bd01a528eb9b)]
06-23 13:34:29.326 12423 12458 I RcsProvisioningFlow: Storing updated SimSubscriptionInfo list in SimStateStore: [(redacted-pii:sim_id[chars:19,last3:392], ba83e873-0147-44ee-b08a-bd01a528eb9b)]
06-23 13:34:29.326 12423 12458 I RcsProvisioningFlow: Sim subscription infos have not changed, skipping saving
06-23 13:34:29.327 12423 12458 I RcsProvisioningFlow: Phone defaults have not changed in SimStateStore, skipping saving
06-23 13:34:29.328 12423 12458 I RcsProvisioningFlow: Phone defaults have not changed in PhoneSimsStateDataStore, skipping saving
06-23 13:34:29.330 12423 12483 E BlockableFutures: Cannot block on non-blocking thread
06-23 13:34:29.330 12423 12483 E BlockableFutures: java.lang.IllegalStateException: Cannot block on non-blocking thread: BG Thread #5
06-23 13:34:29.330 12423 12483 E BlockableFutures: 	at emgr.d(PG:109)
06-23 13:34:29.330 12423 12483 E BlockableFutures: 	at emgr.a(PG:1)
06-23 13:34:29.330 12423 12483 E BlockableFutures: 	at cnnu.call(PG:2940)
06-23 13:34:29.330 12423 12483 E BlockableFutures: 	at android.content.ContentProvider.call(ContentProvider.java:2704)
06-23 13:34:29.330 12423 12483 E BlockableFutures: 	at ade$$ExternalSyntheticApiModelOutline0.m(D8$$SyntheticClass:38)
06-23 13:34:29.330 12423 12483 E BlockableFutures: 	at cnmg.call(PG:14)
06-23 13:34:29.330 12423 12483 E BlockableFutures: 	at android.content.ContentProvider$Transport.call(ContentProvider.java:633)
06-23 13:34:29.330 12423 12483 E BlockableFutures: 	at android.content.ContentResolver.call(ContentResolver.java:2466)
06-23 13:34:29.330 12423 12483 E BlockableFutures: 	at android.content.ContentResolver.call(ContentResolver.java:2446)
06-23 13:34:29.330 12423 12483 E BlockableFutures: 	at ecty.f(PG:53)
06-23 13:34:29.330 12423 12483 E BlockableFutures: 	at ecty.d(PG:7)
06-23 13:34:29.330 12423 12483 E BlockableFutures: 	at ectb.a(PG:3)
06-23 13:34:29.330 12423 12483 E BlockableFutures: 	at ecsx.a(PG:3)
06-23 13:34:29.330 12423 12483 E BlockableFutures: 	at cvol.i(PG:17)
06-23 13:34:29.330 12423 12483 E BlockableFutures: 	at cvol.g(PG:100)
06-23 13:34:29.330 12423 12483 E BlockableFutures: 	at cvol.c(PG:55)
06-23 13:34:29.330 12423 12483 E BlockableFutures: 	at dbhh.h(PG:348)
06-23 13:34:29.330 12423 12483 E BlockableFutures: 	at dbhg.b(PG:13)
06-23 13:34:29.330 12423 12483 E BlockableFutures: 	at gctn.w(PG:11)
06-23 13:34:29.330 12423 12483 E BlockableFutures: 	at gdgc.run(PG:112)
06-23 13:34:29.330 12423 12483 E BlockableFutures: 	at fcxg.run(PG:3)
06-23 13:34:29.330 12423 12483 E BlockableFutures: 	at fens.run(PG:17)
06-23 13:34:29.330 12423 12483 E BlockableFutures: 	at emgd.run(PG:7)
06-23 13:34:29.330 12423 12483 E BlockableFutures: 	at fhjc.run(PG:44)
06-23 13:34:29.330 12423 12483 E BlockableFutures: 	at emis.run(PG:18)
06-23 13:34:29.330 12423 12483 E BlockableFutures: 	at emfm.run(PG:89)
06-23 13:34:29.330 12423 12483 E BlockableFutures: 	at java.lang.Thread.run(Thread.java:1572)
06-23 13:34:29.330 12423 12483 E BlockableFutures: 	at emha.run(PG:62)
06-23 13:34:29.331 12423 12458 I RcsProvisioningFlow: Handling SIM loaded event for all SIMs on first update: [(redacted-pii[19-chars], ba83e873-0147-44ee-b08a-bd01a528eb9b)]
06-23 13:34:29.340 26104 26104 I adbd    : adbd service requested 'shell,v2:export ANDROID_LOG_TAGS=''; exec logcat '-d' '-t' '2000''
06-23 13:34:29.341 12423 12458 I RcsAvailability: RCS availability update triggered on SIM loaded for simId: ba83e873-0147-44ee-b08a-bd01a528eb9b
06-23 13:34:29.366 12423 12454 I RcsAvailability: isEnabledRcsConfigAvailable for simId redacted-pii:sim_id[chars:19,last3:392]: true
06-23 13:34:29.368 12423 12454 I BugleRcsEngine: getConfigServerUrl with simId: redacted-pii:sim_id[chars:19,last3:392] [CONTEXT log_prefix="ProvisioningServerUtil" thread_id=2466 ]
06-23 13:34:29.371 12423 12458 I BugleCME: MyIdentity onActiveSimsChanged: [(subId: 1, simType: SIM_TYPE_PSIM, simSlot: 0, simLoggableGuid: ba83e873-0147-44ee-b08a-bd01a528eb9b)]
06-23 13:34:29.371 12423 12438 I Bugle   : RcsAvailabilityUtilForProvisioningEngineV2: updateAvailabilityForAllSimsAsync, hint: NO_HINT
06-23 13:34:29.372 12423 12454 I BugleRcsEngine: Using MCC based URL [CONTEXT log_prefix="ProvisioningServerUtil" thread_id=2466 ]
06-23 13:34:29.372 12423 12438 I BugleRcsProvisioning: updateAvailabilityForAllSimsAsync: hint: NO_HINT
06-23 13:34:29.372 12423 12458 I Bugle   : Phone number for self is invalid! With country=ES and number=redacted-pii[0-chars] [CONTEXT sub_id=1 ]
06-23 13:34:29.374 12423 12476 I MobileConfigurationApi: registerParameters successfully stored 5 parameters
06-23 13:34:29.374 12423 12443 I BugleRcsProvisioning: updateRcsAvailabilityForMultipleSims: hint: NO_HINT
06-23 13:34:29.375 12423 12443 I RcsAvailabilityCache: Cached availability not found for simId: redacted-pii:sim_id[chars:19,last3:392]
06-23 13:34:29.376 12423 12454 I ProvisioningServerUtil: Getting mccmnc from SimSubscriptionInfo.
06-23 13:34:29.381 12423 12437 I RcsAvailability: isEnabledRcsConfigAvailable for simId redacted-pii:sim_id[chars:19,last3:392]: true
06-23 13:34:29.382 12423 12458 I BugleDataModel: SubscriptionsTracker#refreshSelfParticipantList([1]), with subIdToSimIdMap([1])
06-23 13:34:29.385 12423 12437 I BugleRcsEngine: getConfigServerUrl with simId: redacted-pii:sim_id[chars:19,last3:392] [CONTEXT log_prefix="ProvisioningServerUtil" thread_id=2448 ]
06-23 13:34:29.385 12423 12443 I BugleRcsEngine: [SR]: Single Registration is disabled. Skipping Single Registration capability check for subId: 1 [CONTEXT thread_id=2455 ]
06-23 13:34:29.388 12423 12437 I BugleRcsEngine: Using MCC based URL [CONTEXT log_prefix="ProvisioningServerUtil" thread_id=2448 ]
06-23 13:34:29.389 12423 12437 I ProvisioningServerUtil: Getting mccmnc from SimSubscriptionInfo.
06-23 13:34:29.390 12423 12443 I BugleRcsProvisioning: RcsAvailability configuration availability and enabled status: simId: redacted-pii:sim_id[chars:19,last3:392], SipConnectionType: DUAL_REG, isConfigurationAvailableAndEnabled: true
06-23 13:34:29.390 12423 12443 I BugleRcsProvisioning: Checking isConfigServerUrlAvailable with simId: redacted-pii:sim_id[chars:19,last3:392], 
06-23 13:34:29.391 12423 12443 I BugleRcsEngine: getConfigServerUrl with simId: redacted-pii:sim_id[chars:19,last3:392] [CONTEXT log_prefix="ProvisioningServerUtil" thread_id=2455 ]
06-23 13:34:29.392 12423 12443 I BugleRcsEngine: Using MCC based URL [CONTEXT log_prefix="ProvisioningServerUtil" thread_id=2455 ]
06-23 13:34:29.393 12423 12443 I ProvisioningServerUtil: Getting mccmnc from SimSubscriptionInfo.
06-23 13:34:29.397 12423 12479 I RcsProvisioningFlow: Clearing provisioning flow state for redacted-pii:sim_id[chars:72,last3:AGS]
06-23 13:34:29.400 12423 12476 I SyncScheduler: scheduling sync for 0 seconds later, policy = KEEP
06-23 13:34:29.402 12423 12454 I RcsAvailability: RcsAvailability for simId redacted-pii:sim_id[chars:19,last3:392]: AVAILABLE
06-23 13:34:29.402 12423 12443 I BugleRcsProvisioning: RcsAvailability: Subscription Id: 1, simId: redacted-pii:sim_id[chars:19,last3:392], sipConnectionType: DUAL_REG, isRcsAvailable: true
06-23 13:34:29.404 12423 12443 I BugleRcsProvisioning: updateAvailabilityForRcsProvisioningId. SimId: redacted-pii:sim_id[chars:19,last3:392], currentAvailability: 1, newAvailability: 7, hint: NO_HINT
06-23 13:34:29.405 12423 12443 I RcsProvisioningManager: Receive onRcsAvailabilityUpdate, SIM = redacted-pii:sim_id[chars:19,last3:392], availability = RcsAvailability{mAvailability=AVAILABLE (RCS is setup)}
06-23 13:34:29.411 12423 12448 I RcsProvisioningFlow: Clearing provisioning flow state for redacted-pii:sim_id[chars:54,last3:AGS]
06-23 13:34:29.413 12423 12443 I RcsProvisioningManager: Configuration is empty: false for simId: redacted-pii:sim_id[chars:34,last3:92)]
06-23 13:34:29.416 12423 12456 I RcsProvisioningFlow: Clearing provisioning flow state for redacted-pii:sim_id[chars:117,last3:ION]
06-23 13:34:29.417 12423 12458 I BugleSelfIdentity: empty phone number from override [CONTEXT sub_id=1 ]
06-23 13:34:29.418 12423 12443 I Bugle   : CountryCodeDetector: updateSmsNetworkCountry from default subscription network country. detected country: es
06-23 13:34:29.421 12423 12454 I RcsAvailability: RcsAvailability for simId redacted-pii:sim_id[chars:19,last3:392]: AVAILABLE
06-23 13:34:29.425 12423 12453 I RcsProvisioningFlow: Clearing provisioning flow state for redacted-pii:sim_id[chars:59,last3:AGS]
