06-23 13:34:01.271  1132  1132 I MTK_APPList: [notifyAPPstate] multi_resumed_app_info[0] com.motorola.launcher3/com.android.launcher3.CustomizationPanelLauncher, pid:20254, activityId:37399041, fps:-1, isMultiWindow:0
06-23 13:34:01.271  1132  1132 I MTK_APPList: [getForegroundAPPCount] 1
06-23 13:34:01.271  1132  1132 I MTK_APPList: [notifyAPPstate] pack:com.google.android.youtube, pid:12141, STATE_DEAD
06-23 13:34:01.271  1132  1132 I MTK_APPList: [notifyNetdUID] 10190
06-23 13:34:01.272  1132  1132 I MTK_APPList: [notifyPID] 20254
06-23 13:34:01.272  1135  1212 I libPowerHal: [perfSetSysInfo] pid type:24, 20254
06-23 13:34:01.274  1098  1589 I netd    : tetherGetStats() -> {[TetherStatsParcel{iface: ccmni0, rxBytes: 59734, rxPackets: 151, txBytes: 105349, txPackets: 265, ifIndex: 0}, TetherStatsParcel{iface: wlan0, rxBytes: 29749902495, rxPackets: 26844031, txBytes: 3362450651, txPackets: 6594949, ifIndex: 0}]} <2.76ms>
06-23 13:34:01.275  1799  1819 E ApplicationHelper: Fail to get PackageManager
06-23 13:34:01.303 11860 11860 I artd    : GetBestInfo: odex next to the dex file (/data/app/~~FFlBeX_pHdu9FKGM0Im0aA==/com.bbva.bbvacontigo-zjmtxEOAckiV8lYyud6jaQ==/oat/arm64/base.odex) is kOatUpToDate with filter 'speed-profile' executable 'false'
06-23 13:34:01.322 11860 11860 I artd    : GetBestInfo: odex next to the dex file (/data/app/~~6w9XnJMgtCf5GhgSKNeemg==/com.google.android.documentsui-qu4gdUtv7ul7U_1gOEvbBg==/oat/arm64/base.odex) is kOatUpToDate with filter 'speed-profile' executable 'false'
06-23 13:34:01.348 11860 11860 I artd    : GetBestInfo: odex next to the dex file (/data/app/~~pdYocWQOBSnANAmmifJlsA==/com.wbd.stream-mc1jgL4bvJ9sGaCFtfgD7g==/oat/arm64/base.odex) is kOatUpToDate with filter 'speed-profile' executable 'false'
06-23 13:34:01.380 11860 11860 I artd    : GetBestInfo: odex next to the dex file (/data/app/~~sM8utdVvh0Ib0CaXqc_BAA==/com.google.android.calculator-6lMAOr96jhrpssB_74anbA==/oat/arm64/base.odex) is kOatUpToDate with filter 'speed-profile' executable 'false'
06-23 13:34:01.400 11860 11862 I artd    : GetBestInfo: odex next to the dex file (/data/app/~~6tVeq73vb7ljraohNegw3A==/com.google.android.contactkeys-1xGRHq-KggH_zrMn3pLRmA==/oat/arm64/base.odex) is kOatUpToDate with filter 'speed-profile' executable 'false'
06-23 13:34:01.421 11063 11063 W Finsky  : [2] STU: Failed to get storage stats for package 'com.google.android.sdkext' (1601: Error getting stats: android.content.pm.PackageManager.NameNotFoundException)
06-23 13:34:01.455 11860 11862 I artd    : GetBestInfo: odex next to the dex file (/data/app/~~hAMduRyk_frwhL0XIsAFAQ==/com.instagram.android-Eu9X4oh58KRMTQmm3E2gVw==/oat/arm64/base.odex) is kOatUpToDate with filter 'speed-profile' executable 'false'
06-23 13:34:01.477 11860 11860 I artd    : GetBestInfo: odex next to the dex file (/data/app/~~DvkUyWKlD2sDMRckZLI33A==/com.motorola.securityhub-NaWJaSrFDM_Zw2Otni-4BA==/oat/arm64/base.odex) is kOatUpToDate with filter 'speed-profile' executable 'false'
06-23 13:34:01.484 11063 11063 W Finsky  : [2] STU: Failed to get storage stats for package 'com.google.android.adservices' (1601: Error getting stats: android.content.pm.PackageManager.NameNotFoundException)
06-23 13:34:01.498 11860 11860 I artd    : GetBestInfo: odex next to the dex file (/data/app/~~GOPRxstd0sFKxVVuhhjlKg==/com.motorola.ccc.notification-Da0o49pHe00uroh_74QjHg==/oat/arm64/base.odex) is kOatUpToDate with filter 'speed-profile' executable 'false'
06-23 13:34:01.505  2071  2075 I WifiHAL : feature_set=0x8488341a
06-23 13:34:01.506 11063 11063 W Finsky  : [2] STU: Failed to get storage stats for package 'com.google.android.tethering' (1601: Error getting stats: android.content.pm.PackageManager.NameNotFoundException)
06-23 13:34:01.514 11860 11862 I artd    : GetBestInfo: odex next to the dex file (/data/app/~~N-RZv1kid_FshSz-26sUyQ==/com.google.android.captiveportallogin-YpI4t2C7PA6LECj_78DNdw==/oat/arm64/base.odex) is kOatUpToDate with filter 'speed-profile' executable 'false'
06-23 13:34:01.547 11860 11862 I artd    : GetBestInfo: odex next to the dex file (/data/app/~~6N00Sp3TQDvXSZ9b2WnRDA==/com.github.android-S7DoGMjsb9S1UpVAD_6iNA==/oat/arm64/base.odex) is kOatUpToDate with filter 'speed-profile' executable 'false'
06-23 13:34:01.566 11860 11862 I artd    : GetBestInfo: odex next to the dex file (/data/app/~~tkopIsrhvH3z1qWptpH40Q==/com.android.chrome-8f405SXVAjg4zKZx0kc-Bg==/oat/arm64/base.odex) is kOatUpToDate with filter 'speed-profile' executable 'false'
06-23 13:34:01.573 11860 11862 I artd    : GetBestInfo: odex next to the dex file (/data/app/~~tkopIsrhvH3z1qWptpH40Q==/com.android.chrome-8f405SXVAjg4zKZx0kc-Bg==/oat/arm64/split_chrome.odex) is kOatUpToDate with filter 'speed-profile' executable 'false'
06-23 13:34:01.580 11860 11860 I artd    : GetBestInfo: dm (/data/app/~~tkopIsrhvH3z1qWptpH40Q==/com.android.chrome-8f405SXVAjg4zKZx0kc-Bg==/split_dev_ui.dm) is kOatUpToDate with filter 'verify' executable 'false'
06-23 13:34:01.580  1132  1181 I libPerfCtl: xgfGetFPS pid:2108 fps:-1
06-23 13:34:01.589 11860 11860 I artd    : GetBestInfo: odex next to the dex file (/data/app/~~tkopIsrhvH3z1qWptpH40Q==/com.android.chrome-8f405SXVAjg4zKZx0kc-Bg==/oat/arm64/split_on_demand.odex) is kOatUpToDate with filter 'speed-profile' executable 'false'
06-23 13:34:01.594 11860 11860 I artd    : GetBestInfo: dm (/data/app/~~tkopIsrhvH3z1qWptpH40Q==/com.android.chrome-8f405SXVAjg4zKZx0kc-Bg==/split_stack_unwinder.dm) is kOatUpToDate with filter 'verify' executable 'false'
06-23 13:34:01.645 11860 11860 I artd    : GetBestInfo: odex next to the dex file (/data/app/~~6BQ8gCv4qk26lDctuXIfVw==/com.supercell.brawlstars-AS6yVliGBKO2GtJCHuXouA==/oat/arm64/base.odex) is kOatUpToDate with filter 'speed-profile' executable 'false'
06-23 13:34:01.658 11860 11862 I artd    : GetBestInfo: odex next to the dex file (/data/app/~~Fx1l83-acX-CMQvsHRk3JQ==/com.facebook.services-K8SKsvHL0LYmfMIr5dW3rA==/oat/arm64/base.odex) is kOatUpToDate with filter 'verify' executable 'false'
06-23 13:34:01.678 11063 11063 W Finsky  : [2] STU: Failed to get storage stats for package 'com.android.runtime' (1601: Error getting stats: android.content.pm.PackageManager.NameNotFoundException)
06-23 13:34:01.694 11860 11860 I artd    : GetBestInfo: odex next to the dex file (/data/app/~~mKhkPQEIe8Z5k9p6HbZBsQ==/com.google.android.apps.subscriptions.red-XryYx-V6lgaghvyuIlSNdQ==/oat/arm64/base.odex) is kOatUpToDate with filter 'speed-profile' executable 'false'
06-23 13:34:01.722 11860 11860 I artd    : GetBestInfo: odex next to the dex file (/data/app/~~ms_gRLhK-pTakc_zbWFC0g==/com.netflix.mediaclient-gJcK8ZBUggumVZn3v_ihNQ==/oat/arm64/base.odex) is kOatUpToDate with filter 'speed-profile' executable 'false'
06-23 13:34:01.736 11860 11860 I artd    : GetBestInfo: odex next to the dex file (/data/app/~~ms_gRLhK-pTakc_zbWFC0g==/com.netflix.mediaclient-gJcK8ZBUggumVZn3v_ihNQ==/oat/arm64/split_twilio.odex) is kOatUpToDate with filter 'verify' executable 'false'
06-23 13:34:01.768 11860 11860 I artd    : GetBestInfo: odex next to the dex file (/data/app/~~RLL6PPyvBiRv211M2IP8ZA==/com.panasonic.ais_pfdc_tvremote3_gbl-jr-8tAEwFacLvWV4mWjDUw==/oat/arm64/base.odex) is kOatUpToDate with filter 'speed-profile' executable 'false'
06-23 13:34:01.803 11860 11860 I artd    : GetBestInfo: odex next to the dex file (/data/app/~~_TQp2I9aGYev0OE0Vp7ENw==/com.google.android.contacts-DxhZyQQaXJTH0GHqTZzTxw==/oat/arm64/base.odex) is kOatUpToDate with filter 'speed-profile' executable 'false'
06-23 13:34:01.812 11063 11063 W Finsky  : [2] STU: Failed to get storage stats for package 'com.google.android.cellbroadcast' (1601: Error getting stats: android.content.pm.PackageManager.NameNotFoundException)
06-23 13:34:01.826 11860 11860 I artd    : GetBestInfo: vdex next to the dex file (/data/app/~~CebORgFXykCnQURVa-0qhw==/com.documentreader.free.viewer.all-cHd7MfwXDvJboBQt-sNdTQ==/oat/arm64/base.vdex) is kOatUpToDate with filter 'verify' executable 'false'
06-23 13:34:01.863 11860 11860 I artd    : GetBestInfo: odex next to the dex file (/system/operator-app/priv-app/ApeFMRadio_MTK/oat/arm64/ApeFMRadio_MTK.odex) is kOatCannotOpen: In oat file '/system/operator-app/priv-app/ApeFMRadio_MTK/oat/arm64/ApeFMRadio_MTK.odex': invalid oat header: Invalid oat version, expected 0x32373500, got 0x32353100.
06-23 13:34:01.867 11860 11860 I artd    : GetBestInfo: vdex next to the dex file (/system/operator-app/priv-app/ApeFMRadio_MTK/oat/arm64/ApeFMRadio_MTK.vdex) is kOatUpToDate with filter 'verify' executable 'false'
06-23 13:34:01.924 11860 11860 I artd    : GetBestInfo: odex next to the dex file (/data/app/~~N7Lmo_TMckiRuI46yZZINA==/com.google.android.accessibility.switchaccess-UHdErzJKJB3ZJUm6mmmftQ==/oat/arm64/base.odex) is kOatUpToDate with filter 'speed-profile' executable 'false'
06-23 13:34:01.956 11860 11860 I artd    : GetBestInfo: odex next to the dex file (/data/app/~~qOe4Mo1lRJuC4yeo1C2y8A==/com.google.android.apps.carrier.carrierwifi-gMzLTcJhc-paxzsPM_V38Q==/oat/arm64/base.odex) is kOatUpToDate with filter 'speed-profile' executable 'false'
06-23 13:34:01.976 11860 11860 I artd    : GetBestInfo: odex next to the dex file (/data/app/~~SEGmM6_H5ZIRakP6k_IoAg==/rtve.tablet.android-TtvkdbhLZD7NFbVLb_AurQ==/oat/arm64/base.odex) is kOatUpToDate with filter 'speed-profile' executable 'false'
06-23 13:34:01.992 11860 11860 I artd    : GetBestInfo: odex next to the dex file (/data/app/~~2C2K5FecrBFM_PyqrkjGNQ==/com.google.android.apps.wellbeing-tev8TXz8iYBWdPsk9i73tw==/oat/arm64/base.odex) is kOatUpToDate with filter 'speed-profile' executable 'false'
06-23 13:34:02.019 11860 11862 I artd    : GetBestInfo: odex next to the dex file (/data/app/~~oXLkRke_u9QHS41jfUUafw==/org.videolan.vlc-0M-TN98Acz9ezXXC-LgAdQ==/oat/arm64/base.odex) is kOatUpToDate with filter 'speed-profile' executable 'false'
06-23 13:34:02.043 11860 11860 I artd    : GetBestInfo: odex next to the dex file (/data/app/~~n1OCyxD-yqQGNXnjx8oXaw==/com.google.android.apps.restore-l7SpAj9bdZWDcZCxfQwfBw==/oat/arm64/base.odex) is kOatUpToDate with filter 'speed-profile' executable 'false'
06-23 13:34:02.071 11860 11860 I artd    : GetBestInfo: odex in dalvik-cache (/data/dalvik-cache/arm64/data@app@~~bCfO7KMJG8-6NVpYUbwTWw==@com.goeuro.rosie-icCkj0owoQD85vc35hQg0w==@base.apk@classes.dex) is kOatUpToDate with filter 'speed-profile' executable 'false'
06-23 13:34:02.097 11860 11862 I artd    : GetBestInfo: odex next to the dex file (/data/app/~~KlknlaAXBRpwSxwQVpTTSg==/com.inmobi.weather-E9VTVlmcXK6YNOMMzw-fUA==/oat/arm64/base.odex) is kOatUpToDate with filter 'speed-profile' executable 'false'
06-23 13:34:02.104 11860 11860 I artd    : GetBestInfo: vdex next to the dex file (/data/user/0/com.inmobi.weather/app_pccache/5/C571D7DB2E7379E33F5626D87812BBADE73E9BAD/oat/arm64/pcam.vdex) is kOatUpToDate with filter 'verify' executable 'false'
06-23 13:34:02.112 11860 11860 I artd    : GetBestInfo: odex next to the dex file (/data/user/0/com.inmobi.weather/app_pccache/5/578BE08874FCCF1D5E008D1EAAD1410DCE35AB9C/oat/arm64/pcam.odex) is kOatUpToDate with filter 'verify' executable 'false'
06-23 13:34:02.123 11063 11063 W Finsky  : [2] STU: Failed to get storage stats for package 'com.motorola.enterprise' (1601: Error getting stats: android.content.pm.PackageManager.NameNotFoundException)
06-23 13:34:02.135 11860 11860 I artd    : GetBestInfo: odex next to the dex file (/data/app/~~WggLfgtsBZ10sMLEHo4m9w==/com.panasonic.avc.cng.imageapp-oP0pIaBL5l-PAsk0XFYA9Q==/oat/arm64/base.odex) is kOatUpToDate with filter 'speed-profile' executable 'false'
06-23 13:34:02.162 11860 11860 I artd    : GetBestInfo: odex next to the dex file (/data/app/~~E8wnmp2qZbHbLFb0qk6hjA==/com.pdfreader.editor.viewer.pdfviewer-sJQqoJ0vOAmWPHEoy_nOoA==/oat/arm64/base.odex) is kOatUpToDate with filter 'speed-profile' executable 'false'
06-23 13:34:02.169 11860 11862 I artd    : GetBestInfo: vdex next to the dex file (/data/user/0/com.pdfreader.editor.viewer.pdfviewer/app_pccache/5/C571D7DB2E7379E33F5626D87812BBADE73E9BAD/oat/arm64/pcam.vdex) is kOatUpToDate with filter 'verify' executable 'false'
06-23 13:34:02.176 11860 11862 I artd    : GetBestInfo: odex next to the dex file (/data/user/0/com.pdfreader.editor.viewer.pdfviewer/app_pccache/5/8EBCAAEC2B76C0A33B03137E81AA4B249A0F4C11/oat/arm64/pcam.odex) is kOatUpToDate with filter 'speed-profile' executable 'false'
06-23 13:34:02.199 11860 11860 I artd    : GetBestInfo: odex next to the dex file (/data/app/~~TR7S05Fp6gDgsokXQ7ukUQ==/com.motorola.genie-RaUTQ2Vs5WRl46CPAR94GA==/oat/arm64/base.odex) is kOatUpToDate with filter 'speed-profile' executable 'false'
06-23 13:34:02.228 11860 11860 I artd    : GetBestInfo: odex next to the dex file (/data/app/~~KdNjtUuGb39cDfFLnhNCXA==/com.google.android.apps.photos-E3Y8D-7dZkrIOe1LYU_Cuw==/oat/arm64/base.odex) is kOatUpToDate with filter 'speed-profile' executable 'false'
06-23 13:34:02.239 11063 11063 W Finsky  : [2] STU: Failed to get storage stats for package 'com.android.compos' (1601: Error getting stats: android.content.pm.PackageManager.NameNotFoundException)
06-23 13:34:02.269 11860 11860 I artd    : GetBestInfo: odex next to the dex file (/data/app/~~8BzZYfHkhpGYqeZq2kxlNA==/com.discord-wl5gkL9f90UIk51qa7xbkw==/oat/arm64/base.odex) is kOatUpToDate with filter 'speed-profile' executable 'false'
06-23 13:34:02.280 11063 11063 W Finsky  : [2] STU: Failed to get storage stats for package 'com.google.android.tzdata6' (1601: Error getting stats: android.content.pm.PackageManager.NameNotFoundException)
06-23 13:34:02.307 11860 11860 I artd    : GetBestInfo: odex next to the dex file (/data/app/~~-7imrg0OjoHb3gJx_q4QSw==/com.hoxxvpn.main-jWSxV_dTStKuHcK0RYXVhQ==/oat/arm64/base.odex) is kOatUpToDate with filter 'speed-profile' executable 'false'
06-23 13:34:02.313 11063 11063 W Finsky  : [2] STU: Failed to get storage stats for package 'com.google.android.permission' (1601: Error getting stats: android.content.pm.PackageManager.NameNotFoundException)
06-23 13:34:02.322 11860 11860 I artd    : GetBestInfo: odex next to the dex file (/data/app/~~64XkqIf3M0q_zeiplZw6mg==/ch.protonmail.android-NyXldCQfuw18K9Jl41-W-Q==/oat/arm64/base.odex) is kOatUpToDate with filter 'speed-profile' executable 'false'
06-23 13:34:02.334 11860 11862 I artd    : GetBestInfo: vdex next to the dex file (/data/app/~~5buve1tfX9AT8T93hj2QQg==/com.facebook.system-oWUemGFyXDEnZEfpGMRDRg==/oat/arm64/base.vdex) is kOatUpToDate with filter 'verify' executable 'false'
06-23 13:34:02.378 11860 11860 I artd    : GetBestInfo: odex next to the dex file (/data/app/~~PO8iNdb8Bcl3nMGkCgep8A==/com.marsvard.stickermakerforwhatsapp-MM8ECUHLvzs8vWeM_BcuJA==/oat/arm64/base.odex) is kOatUpToDate with filter 'speed-profile' executable 'false'
06-23 13:34:02.382 11860 11860 I artd    : GetBestInfo: vdex next to the dex file (/data/user/0/com.marsvard.stickermakerforwhatsapp/app_pccache/5/EEE20DEE2B9E8FD13D3BD7940C93E19263473270/oat/arm64/pcam.vdex) is kOatUpToDate with filter 'verify' executable 'false'
06-23 13:34:02.394 11063 11063 W Finsky  : [2] STU: Failed to get storage stats for package 'com.google.android.wifi' (1601: Error getting stats: android.content.pm.PackageManager.NameNotFoundException)
06-23 13:34:02.408 11860 11860 I artd    : GetBestInfo: odex next to the dex file (/data/app/~~6HAZ0UCFJU1B_K6rKpb3mg==/com.anandnet.harmonymusic-hUnhqDoYuH__KvctiEZmTA==/oat/arm64/base.odex) is kOatUpToDate with filter 'speed-profile' executable 'false'
06-23 13:34:02.433 11860 11862 I artd    : GetBestInfo: odex next to the dex file (/data/app/~~1rZ4SUp5hK8Wa9RguU1rmA==/com.google.android.apps.adm-VdxbioJNtF86XdIyTroGew==/oat/arm64/base.odex) is kOatUpToDate with filter 'speed-profile' executable 'false'
06-23 13:34:03.333 26104 26104 I adbd    : adbd_auth: loading keys from /data/misc/adb/adb_keys
06-23 13:34:03.743  1799  1799 W libc    : Access denied finding property "vendor.mbrain.battery"
06-23 13:34:03.747  1799  1799 W libc    : Access denied finding property "vendor.mbrain.battery"
06-23 13:34:03.758  1164  1164 I BufferQueueProducer: [StatusBar#94](this:0xb400006fd5916be0,id:-1,api:0,p:-1,c:1164) queueBuffer: fps=0.49 dur=4078.39 max=3726.95 min=351.44
06-23 13:34:03.760  1112  1127 I hwcomposer: [HWCDisplay] (0 updateFps():3644), (type:1, mode:2) fps:0.490376,dur:4078.50,max:3727.46,min:351.04  
06-23 13:34:03.893 11063 11063 W Finsky  : [2] STU: Failed to get storage stats for package 'com.google.android.media.swcodec' (1601: Error getting stats: android.content.pm.PackageManager.NameNotFoundException)
06-23 13:34:03.911 11860 11862 I artd    : GetBestInfo: odex next to the dex file (/data/app/~~Hueb9mKjd2lJ1WiKzuN4lQ==/com.sofascore.results-w80bH-3X-rA5Bzzi6ZWBdg==/oat/arm64/base.odex) is kOatUpToDate with filter 'speed-profile' executable 'false'
06-23 13:34:03.933 11860 11862 I artd    : GetBestInfo: odex next to the dex file (/data/app/~~VezKgzY1CPLa_38FXSFkWg==/com.google.android.projection.gearhead-mslt4v1Wc3eltOh427Po1g==/oat/arm64/base.odex) is kOatUpToDate with filter 'speed-profile' executable 'false'
06-23 13:34:03.939 11860 11862 I artd    : GetBestInfo: odex next to the dex file (/data/user/0/com.google.android.projection.gearhead/app_impl/oat/arm64/sdk_impl.odex) is kOatUpToDate with filter 'verify' executable 'false'
06-23 13:34:03.954 11063 11063 W Finsky  : [2] STU: Failed to get storage stats for package 'com.android.profiling' (1601: Error getting stats: android.content.pm.PackageManager.NameNotFoundException)
06-23 13:34:03.982 11860 11862 I artd    : GetBestInfo: odex next to the dex file (/data/app/~~f3wbsMv0ysnhb5YR1zfvyA==/com.google.ambient.streaming-priJObp8VQaiXxxdr2tEKA==/oat/arm64/base.odex) is kOatUpToDate with filter 'speed-profile' executable 'false'
06-23 13:34:04.053 11860 11862 I artd    : GetBestInfo: odex next to the dex file (/data/app/~~BdD6XK7p7i4MMCDRUNTAUw==/com.lemon.lvoverseas-jrnROcVMDUeLpujCubSA6Q==/oat/arm64/base.odex) is kOatUpToDate with filter 'speed-profile' executable 'false'
06-23 13:34:04.082 11860 11860 I artd    : GetBestInfo: odex next to the dex file (/data/app/~~21HY5nh-fldFeW9gtBo51g==/io.lonepalm.retro-xryAKQfjlH0B0nEXsD9cgQ==/oat/arm64/base.odex) is kOatUpToDate with filter 'speed-profile' executable 'false'
06-23 13:34:04.129 11860 11860 I artd    : GetBestInfo: odex next to the dex file (/data/app/~~mUbHI7tCxShSlWw42eY-cA==/com.google.android.apps.walletnfcrel-fMyfyeU4lXPFa4mYXclPoQ==/oat/arm64/base.odex) is kOatUpToDate with filter 'speed-profile' executable 'false'
06-23 13:34:04.161 11860 11860 I artd    : GetBestInfo: odex next to the dex file (/data/app/~~X0Iv7RIU29dmHqDUp5PPkQ==/com.twitter.android-wzGqKFiFEUOUKk8zZERs3g==/oat/arm64/base.odex) is kOatUpToDate with filter 'speed-profile' executable 'false'
06-23 13:34:04.169 11063 11063 W Finsky  : [2] STU: Failed to get storage stats for package 'com.google.android.adbd' (1601: Error getting stats: android.content.pm.PackageManager.NameNotFoundException)
06-23 13:34:04.191 11860 11862 I artd    : GetBestInfo: odex next to the dex file (/data/app/~~K6fzm1fqiUMfaQvULe6iuw==/com.wallapop-ssJU3B6QKD5Xv1dY_18DDA==/oat/arm64/base.odex) is kOatUpToDate with filter 'speed-profile' executable 'false'
06-23 13:34:04.196 11860 11862 I artd    : GetBestInfo: vdex next to the dex file (/data/user/0/com.wallapop/app_pccache/5/C571D7DB2E7379E33F5626D87812BBADE73E9BAD/oat/arm64/pcam.vdex) is kOatUpToDate with filter 'verify' executable 'false'
06-23 13:34:04.200 11860 11862 I artd    : GetBestInfo: vdex next to the dex file (/data/user/0/com.wallapop/app_pccache/5/578BE08874FCCF1D5E008D1EAAD1410DCE35AB9C/oat/arm64/pcam.vdex) is kOatUpToDate with filter 'verify' executable 'false'
06-23 13:34:04.217 11860 11862 I artd    : GetBestInfo: odex next to the dex file (/data/app/~~NBKWSDlfi8NKXSds7tQRqA==/com.google.android.deskclock-NmWry5xnOkOg913E0C02XA==/oat/arm64/base.odex) is kOatUpToDate with filter 'speed-profile' executable 'false'
06-23 13:34:04.233 11063 11063 W Finsky  : [2] STU: Failed to get storage stats for package 'com.android.i18n' (1601: Error getting stats: android.content.pm.PackageManager.NameNotFoundException)
06-23 13:34:04.243 11860 11860 I artd    : GetBestInfo: odex next to the dex file (/data/app/~~Q2O9Og9dA00kwy87oc6YVA==/com.google.android.apps.safetyhub-S4I4-9q2SXWikaMfWlZc6g==/oat/arm64/base.odex) is kOatUpToDate with filter 'speed-profile' executable 'false'
06-23 13:34:04.266 11860 11860 I artd    : GetBestInfo: odex next to the dex file (/data/app/~~pap7NULjG9z9hrpM3HXtlw==/fr.vinted-tOeOFxI4lthco7n203C0rg==/oat/arm64/base.odex) is kOatUpToDate with filter 'speed-profile' executable 'false'
06-23 13:34:04.271 11860 11860 I artd    : GetBestInfo: vdex next to the dex file (/data/user/0/fr.vinted/app_pccache/5/56714EC4B397821146ACB6EC79A53312EEB47CCA/oat/arm64/pcam.vdex) is kOatUpToDate with filter 'verify' executable 'false'
06-23 13:34:04.320 11860 11862 I artd    : GetBestInfo: odex next to the dex file (/data/app/~~xgIcpf0xAqstPKDPFRsPgg==/com.paypal.android.p2pmobile-6qd3hVnwcHg4C-cst3Gd1Q==/oat/arm64/base.odex) is kOatUpToDate with filter 'speed-profile' executable 'false'
06-23 13:34:04.338 11860 11862 I artd    : GetBestInfo: vdex next to the dex file (/data/app/~~xgIcpf0xAqstPKDPFRsPgg==/com.paypal.android.p2pmobile-6qd3hVnwcHg4C-cst3Gd1Q==/oat/arm64/split_facialcapture.vdex) is kOatUpToDate with filter 'verify' executable 'false'
06-23 13:34:04.359 11063 11063 W Finsky  : [2] STU: Failed to get storage stats for package 'com.google.android.conscrypt' (1601: Error getting stats: android.content.pm.PackageManager.NameNotFoundException)
06-23 13:34:04.375 11860 11862 I artd    : GetBestInfo: odex next to the dex file (/data/app/~~SC4Rv-ogstpEooSSfa2z2w==/com.google.android.apps.tachyon-xDDH_vxUhJNDaimMZNBziQ==/oat/arm64/base.odex) is kOatUpToDate with filter 'speed-profile' executable 'false'
06-23 13:34:04.392 11860 11862 I artd    : GetBestInfo: odex next to the dex file (/data/app/~~xZ_E9j-3bJ8vEwM_Kthgyw==/com.google.android.apps.photosgo-eBToFc_v7l12zlu5Kz5ipQ==/oat/arm64/base.odex) is kOatUpToDate with filter 'speed-profile' executable 'false'
06-23 13:34:04.399 11063 11063 W Finsky  : [2] STU: Failed to get storage stats for package 'com.android.hardware.cas' (1601: Error getting stats: android.content.pm.PackageManager.NameNotFoundException)
06-23 13:34:04.474 11860 11860 I artd    : GetBestInfo: odex next to the dex file (/data/app/~~LPAZn6_Oa9woEKG7wVa_WQ==/com.zhiliaoapp.musically-mfUOyDLhb5nwnrzRMeqkMA==/oat/arm64/base.odex) is kOatUpToDate with filter 'speed-profile' executable 'false'
06-23 13:34:04.507 11860 11862 I artd    : GetBestInfo: odex next to the dex file (/data/app/~~A-VXwMSd2y0Bceras3oE_A==/org.telegram.messenger-E4kX4CkXATPet6H-5_i0Pw==/oat/arm64/base.odex) is kOatUpToDate with filter 'speed-profile' executable 'false'
06-23 13:34:04.514 11063 11063 W Finsky  : [2] STU: Failed to get storage stats for package 'com.google.android.neuralnetworks' (1601: Error getting stats: android.content.pm.PackageManager.NameNotFoundException)
06-23 13:34:04.516  2071  2075 I WifiHAL : feature_set=0x8488341a
06-23 13:34:04.521 11063 11063 W Finsky  : [2] STU: Failed to get storage stats for package 'com.google.android.ipsec' (1601: Error getting stats: android.content.pm.PackageManager.NameNotFoundException)
06-23 13:34:04.536 11860 11862 I artd    : GetBestInfo: odex next to the dex file (/data/app/~~MQGXqtZwsyshZ86Ts1CYLQ==/com.motorola.help-tL2tKcHWDu2OG0qCOh1TJA==/oat/arm64/base.odex) is kOatUpToDate with filter 'speed-profile' executable 'false'
06-23 13:34:04.551 11860 11860 I artd    : GetBestInfo: odex next to the dex file (/data/app/~~XfL9W_JliCLR_u5nsZJOUA==/com.google.android.as.oss-YpppIFaLI7a2nEhF5M9lYw==/oat/arm64/base.odex) is kOatUpToDate with filter 'speed-profile' executable 'false'
06-23 13:34:04.567 11063 11063 W Finsky  : [2] STU: Failed to get storage stats for package 'com.google.android.ondevicepersonalization' (1601: Error getting stats: android.content.pm.PackageManager.NameNotFoundException)
06-23 13:34:04.573 11063 11063 W Finsky  : [2] STU: Failed to get storage stats for package 'com.google.android.healthfitness' (1601: Error getting stats: android.content.pm.PackageManager.NameNotFoundException)
06-23 13:34:04.599 11860 11860 I artd    : GetBestInfo: odex next to the dex file (/data/app/~~evZ5U4MHT60a_IvDMqdJmg==/com.facebook.appmanager-7Cf0XkBUqSMTu-L2ENDLnw==/oat/arm64/base.odex) is kOatUpToDate with filter 'speed-profile' executable 'false'
06-23 13:34:04.649 11860 11860 I artd    : GetBestInfo: odex next to the dex file (/data/app/~~erG96_5Qy3NHLZmgvGQQ4w==/com.mcdonalds.mobileapp--_yxUtZiQalxXG8kvyX-rg==/oat/arm64/base.odex) is kOatUpToDate with filter 'speed-profile' executable 'false'
06-23 13:34:04.657 11063 11063 W Finsky  : [2] STU: Failed to get storage stats for package 'com.android.uwb' (1601: Error getting stats: android.content.pm.PackageManager.NameNotFoundException)
06-23 13:34:04.657 11063 11063 W Finsky  : [2] STU: Failed to get storage stats for package 'com.google.android.extservices' (1601: Error getting stats: android.content.pm.PackageManager.NameNotFoundException)
06-23 13:34:04.669 11860 11862 I artd    : GetBestInfo: odex next to the dex file (/data/app/~~E0L1472SBFf05EXB8NglRg==/com.android.vending-Loyc-LznBjinvty4TqHgbA==/oat/arm64/base.odex) is kOatUpToDate with filter 'verify' executable 'false'
06-23 13:34:04.674 11860 11860 I artd    : GetBestInfo: vdex next to the dex file (/data/user/0/com.android.vending/app_dg_cache/5833371D1ACC412507A92815B074897510CCCEDD/oat/arm64/the.vdex) is kOatUpToDate with filter 'verify' executable 'false'
06-23 13:34:04.679 11860 11860 I artd    : GetBestInfo: vdex next to the dex file (/data/user/0/com.android.vending/app_dg_cache/10FF5D5C646CC9E2F04BD9D73A072BD012EF1A7A/oat/arm64/the.vdex) is kOatUpToDate with filter 'verify' executable 'false'
06-23 13:34:04.683 11860 11862 I artd    : GetBestInfo: vdex next to the dex file (/data/user/0/com.android.vending/app_dg_cache/729D45471C06B554246842057AC1D981DDFFE340/oat/arm64/the.vdex) is kOatUpToDate with filter 'verify' executable 'false'
06-23 13:34:04.716 11860 11862 I artd    : GetBestInfo: odex next to the dex file (/data/app/~~Qr-CfdQAAedfO718yCsFhg==/com.google.android.apps.nbu.files-n6YVDOre_5NPnCtHjvZ2uQ==/oat/arm64/base.odex) is kOatUpToDate with filter 'speed-profile' executable 'false'
06-23 13:34:04.752 11860 11860 I artd    : GetBestInfo: odex next to the dex file (/data/app/~~9DG9CcSgEve9sb1ROoBUaw==/com.microsoft.copilot-1oIyF75rf-AIn3tzKBoLqA==/oat/arm64/base.odex) is kOatUpToDate with filter 'speed-profile' executable 'false'
06-23 13:34:04.752  1132  1181 I libPerfCtl: xgfGetFPS pid:2108 fps:-1
06-23 13:34:04.777 11860 11860 I artd    : GetBestInfo: odex next to the dex file (/data/app/~~i7xUAXNUeeBxNYS13vexqQ==/com.google.android.youtube-Zup8X4y-r4w4fZXdXnwUpg==/oat/arm64/base.odex) is kOatUpToDate with filter 'speed-profile' executable 'false'
06-23 13:34:04.783 11860 11862 I artd    : GetBestInfo: vdex next to the dex file (/data/user/0/com.google.android.youtube/app_pccache2/5/578BE08874FCCF1D5E008D1EAAD1410DCE35AB9C/oat/arm64/pcam.vdex) is kOatUpToDate with filter 'verify' executable 'false'
06-23 13:34:04.787 11860 11860 I artd    : GetBestInfo: vdex next to the dex file (/data/user/0/com.google.android.youtube/app_dg_cache/729D45471C06B554246842057AC1D981DDFFE340/oat/arm64/the.vdex) is kOatUpToDate with filter 'verify' executable 'false'
06-23 13:34:04.791 11860 11860 I artd    : GetBestInfo: vdex next to the dex file (/data/user/0/com.google.android.youtube/app_pccache/5/31A608BBC774481EC4B6A2274A0729389E78E19D/oat/arm64/pcam.vdex) is kOatUpToDate with filter 'verify' executable 'false'
06-23 13:34:04.797 11860 11860 I artd    : GetBestInfo: vdex next to the dex file (/data/user/0/com.google.android.youtube/app_dg_cache/5833371D1ACC412507A92815B074897510CCCEDD/oat/arm64/the.vdex) is kOatUpToDate with filter 'verify' executable 'false'
06-23 13:34:04.801 11860 11862 I artd    : GetBestInfo: vdex next to the dex file (/data/user/0/com.google.android.youtube/app_yqzdkcache/drgd/v/oat/arm64/pcam.vdex) is kOatUpToDate with filter 'verify' executable 'false'
06-23 13:34:04.809 11860 11862 I artd    : GetBestInfo: vdex next to the dex file (/data/user/0/com.google.android.youtube/app_pccache2/5/C571D7DB2E7379E33F5626D87812BBADE73E9BAD/oat/arm64/pcam.vdex) is kOatUpToDate with filter 'verify' executable 'false'
06-23 13:34:04.813 11860 11860 I artd    : GetBestInfo: vdex next to the dex file (/data/user/0/com.google.android.youtube/app_dg_cache/9D5BCED7935D64431BF672B8BBD597199833CA19/oat/arm64/the.vdex) is kOatUpToDate with filter 'verify' executable 'false'
06-23 13:34:04.832 11860 11860 I artd    : GetBestInfo: odex next to the dex file (/data/app/~~6q7ItEL6pKU4ty9ir1zw-w==/com.google.android.apps.setupwizard.searchselector-IvbOHmSlY_n7egnE0eDI_g==/oat/arm64/base.odex) is kOatUpToDate with filter 'speed-profile' executable 'false'
06-23 13:34:04.848 11860 11860 I artd    : GetBestInfo: odex next to the dex file (/data/app/~~fUH6GGtz--cqcp3Ib9f9Mg==/com.dti.motorola-ShwXY4uyJeUpJdm95OLIqQ==/oat/arm64/base.odex) is kOatUpToDate with filter 'speed-profile' executable 'false'
06-23 13:34:04.853 11860 11860 I artd    : GetBestInfo: odex next to the dex file (/data/app/~~fUH6GGtz--cqcp3Ib9f9Mg==/com.dti.motorola-ShwXY4uyJeUpJdm95OLIqQ==/oat/arm64/split_attribution.odex) is kOatUpToDate with filter 'speed-profile' executable 'false'
06-23 13:34:04.857 11860 11862 I artd    : GetBestInfo: odex next to the dex file (/data/app/~~fUH6GGtz--cqcp3Ib9f9Mg==/com.dti.motorola-ShwXY4uyJeUpJdm95OLIqQ==/oat/arm64/split_contentMedia.odex) is kOatUpToDate with filter 'speed-profile' executable 'false'
06-23 13:34:04.862 11860 11862 I artd    : GetBestInfo: odex next to the dex file (/data/app/~~fUH6GGtz--cqcp3Ib9f9Mg==/com.dti.motorola-ShwXY4uyJeUpJdm95OLIqQ==/oat/arm64/split_dynamicInstalls.odex) is kOatUpToDate with filter 'speed-profile' executable 'false'
06-23 13:34:04.867 11860 11860 I artd    : GetBestInfo: odex next to the dex file (/data/app/~~fUH6GGtz--cqcp3Ib9f9Mg==/com.dti.motorola-ShwXY4uyJeUpJdm95OLIqQ==/oat/arm64/split_igniteCompat.odex) is kOatUpToDate with filter 'speed-profile' executable 'false'
06-23 13:34:04.873 11860 11860 I artd    : GetBestInfo: odex next to the dex file (/data/app/~~fUH6GGtz--cqcp3Ib9f9Mg==/com.dti.motorola-ShwXY4uyJeUpJdm95OLIqQ==/oat/arm64/split_motorola.odex) is kOatUpToDate with filter 'speed-profile' executable 'false'
06-23 13:34:04.877  1799  1819 E ApplicationHelper: Fail to get PackageManager
06-23 13:34:04.878 11860 11862 I artd    : GetBestInfo: odex next to the dex file (/data/app/~~fUH6GGtz--cqcp3Ib9f9Mg==/com.dti.motorola-ShwXY4uyJeUpJdm95OLIqQ==/oat/arm64/split_notification.odex) is kOatUpToDate with filter 'speed-profile' executable 'false'
06-23 13:34:04.882  1098  1589 I netd    : tetherGetStats() -> {[TetherStatsParcel{iface: ccmni0, rxBytes: 59734, rxPackets: 151, txBytes: 105349, txPackets: 265, ifIndex: 0}, TetherStatsParcel{iface: wlan0, rxBytes: 29750793642, rxPackets: 26844812, txBytes: 3362595344, txPackets: 6595171, ifIndex: 0}]} <2.85ms>
06-23 13:34:04.885 11860 11860 I artd    : GetBestInfo: odex next to the dex file (/data/app/~~fUH6GGtz--cqcp3Ib9f9Mg==/com.dti.motorola-ShwXY4uyJeUpJdm95OLIqQ==/oat/arm64/split_packageUsageStats.odex) is kOatUpToDate with filter 'speed-profile' executable 'false'
06-23 13:34:04.892 11860 11860 I artd    : GetBestInfo: odex next to the dex file (/data/app/~~fUH6GGtz--cqcp3Ib9f9Mg==/com.dti.motorola-ShwXY4uyJeUpJdm95OLIqQ==/oat/arm64/split_serviceLayer.odex) is kOatUpToDate with filter 'speed-profile' executable 'false'
06-23 13:34:04.899 11860 11860 I artd    : GetBestInfo: odex next to the dex file (/data/app/~~fUH6GGtz--cqcp3Ib9f9Mg==/com.dti.motorola-ShwXY4uyJeUpJdm95OLIqQ==/oat/arm64/split_singleTap.odex) is kOatUpToDate with filter 'speed-profile' executable 'false'
06-23 13:34:04.905  1799  1819 E ApplicationHelper: Fail to get PackageManager
06-23 13:34:04.906  1799  1819 E ApplicationHelper: Fail to get PackageManager
06-23 13:34:04.907 11860 11860 I artd    : GetBestInfo: vdex next to the dex file (/data/app/~~fUH6GGtz--cqcp3Ib9f9Mg==/com.dti.motorola-ShwXY4uyJeUpJdm95OLIqQ==/oat/arm64/split_ui.vdex) is kOatUpToDate with filter 'verify' executable 'false'
06-23 13:34:04.914 11860 11860 I artd    : GetBestInfo: vdex next to the dex file (/data/app/~~fUH6GGtz--cqcp3Ib9f9Mg==/com.dti.motorola-ShwXY4uyJeUpJdm95OLIqQ==/oat/arm64/split_webview.vdex) is kOatUpToDate with filter 'verify' executable 'false'
06-23 13:34:04.921 11860 11860 I artd    : GetBestInfo: odex next to the dex file (/data/app/~~fUH6GGtz--cqcp3Ib9f9Mg==/com.dti.motorola-ShwXY4uyJeUpJdm95OLIqQ==/oat/arm64/split_wizard.odex) is kOatUpToDate with filter 'speed-profile' executable 'false'
06-23 13:34:04.922 12258 12340 E msys    : E[ADNSUCTIMH WAJMNSDNSResolver]_MNSDNSResolutionSuccess(35)=>[LogLevel:I] DNS Resolution Successful with 4 IPs, Persistent Cache Hit: 1, secondary resolver used: 0
06-23 13:34:04.922 12258 12340 E msys    : E[ADNSUCTIMH WAJMNSDNSResolver]_MNSDNSResolutionSuccess(55)=>[LogLevel:I] Resolved IP Address: 185.134.42.7
06-23 13:34:04.922 12258 12340 E msys    : E[ADNSUCTIMH WAJMNSDNSResolver]_MNSDNSResolutionSuccess(55)=>[LogLevel:I] Resolved IP Address: 212.227.145.233
06-23 13:34:04.922 12258 12340 E msys    : E[ADNSUCTIMH WAJMNSDNSResolver]_MNSDNSResolutionSuccess(55)=>[LogLevel:I] Resolved IP Address: 92.113.12.78
06-23 13:34:04.922 12258 12340 E msys    : E[ADNSUCTIMH WAJMNSDNSResolver]_MNSDNSResolutionSuccess(55)=>[LogLevel:I] Resolved IP Address: 217.160.115.110
06-23 13:34:04.924  1098 12415 I resolv  : GetAddrInfoHandler::run: {135 262279 135 983175 10264 0}
06-23 13:34:04.925  1098 12416 I resolv  : res_nmkquery: (QUERY, IN, A)
06-23 13:34:04.940  1098 12416 I resolv  : res_nsend: used send_dg 104 terrno: 0
06-23 13:34:04.940  1098 12416 I resolv  : doQuery: rcode=0, ancount=4, return value=104
06-23 13:34:04.941 12258 12340 E msys    : E[N mns]_OnResolverSuccess(335)=>Cache refresh succeeded with system DNS resolver. IP count: 4
06-23 13:34:04.965 11063 11063 W Finsky  : [2] STU: Failed to get storage stats for package 'com.google.android.os.statsd' (1601: Error getting stats: android.content.pm.PackageManager.NameNotFoundException)
06-23 13:34:04.980  1799  1819 E ApplicationHelper: Fail to get PackageManager
06-23 13:34:04.981  1799  1819 E ApplicationHelper: Fail to get PackageManager
06-23 13:34:04.984 11860 11862 I artd    : GetBestInfo: odex next to the dex file (/data/app/~~jyW9ROXTgOAiRCoCXggJuQ==/com.clickworker.clickworkerapp-7VWClYkGBGQuy9vXmvRFhA==/oat/arm64/base.odex) is kOatUpToDate with filter 'speed-profile' executable 'false'
06-23 13:34:04.997 11860 11860 I artd    : GetBestInfo: vdex next to the dex file (/data/app/~~MXvKpLrM_HLJwRK0QgB27Q==/com.motorola.installer-fL1dqnUOa9nH7tuXo0ZQZQ==/oat/arm64/base.vdex) is kOatUpToDate with filter 'verify' executable 'false'
06-23 13:34:05.032 11860 11862 I artd    : GetBestInfo: odex next to the dex file (/data/app/~~usZZfcYrzeYsjZ5isjjDcQ==/com.saramart.android-1_j_a1WKIko6lFxr4k7c6A==/oat/arm64/base.odex) is kOatUpToDate with filter 'speed-profile' executable 'false'
06-23 13:34:05.039 11063 11063 W Finsky  : [2] STU: Failed to get storage stats for package 'com.android.rkpd' (1601: Error getting stats: android.content.pm.PackageManager.NameNotFoundException)
06-23 13:34:05.046 11063 11063 W Finsky  : [2] STU: Failed to get storage stats for package 'com.google.android.scheduling' (1601: Error getting stats: android.content.pm.PackageManager.NameNotFoundException)
06-23 13:34:05.058 11860 11860 I artd    : GetBestInfo: odex next to the dex file (/data/app/~~XDKI-MjfndYKQ1ltQcTYWA==/com.google.android.gm-pL-PkZz2ZvDP0UzV5D14Yg==/oat/arm64/base.odex) is kOatUpToDate with filter 'speed-profile' executable 'false'
06-23 13:34:05.083 11860 11862 I artd    : GetBestInfo: odex next to the dex file (/data/app/~~KBrtKkSU0P-A7zvVyRtjiA==/com.google.android.inputmethod.latin-HDw_75_5ZGjh-DFnOXIjyA==/oat/arm64/base.odex) is kOatUpToDate with filter 'speed-profile' executable 'false'
06-23 13:34:05.101 11860 11862 I artd    : GetBestInfo: odex next to the dex file (/data/app/~~sLzDB3WSYwkIOCgtmeiIHA==/com.google.android.calendar-rSTAwPqgHTpbA7negj9ylA==/oat/arm64/base.odex) is kOatUpToDate with filter 'speed-profile' executable 'false'
06-23 13:34:05.118 11063 11063 I Finsky  : [2] App states replicator found 42 unowned apps
06-23 13:34:05.139 11063 11099 I Finsky  : [2454] Completed 0 account content syncs with 0 successful.
06-23 13:34:05.140 11063 11063 I Finsky  : [2] [ContentSync] Installation state replication succeeded.
06-23 13:34:05.140 11063 11063 I Finsky  : [2] SCH: jobFinished: 12-1. TimeElapsed: 5927ms.
06-23 13:34:05.140 11063 11063 I Finsky  : [2] WM::SCH: Logging work end for 12-1
06-23 13:34:05.157 11063 11099 I Finsky  : [2454] SCH: Scheduling phonesky job Id: 1-1337, CT: 1782202397288, Constraints: [{ L: 42879528, D: 86079528, C: CHARGING_NONE, I: IDLE_NONE, N: NET_ANY, B: BATTERY_ANY }]
06-23 13:34:05.158 11063 11099 I Finsky  : [2454] SCH: Scheduling phonesky job Id: 34-589, CT: 1782202401061, Constraints: [{ L: 604800000, D: 2419529695, C: CHARGING_NONE, I: IDLE_NONE, N: NET_ANY, B: BATTERY_ANY }]
06-23 13:34:05.158 11063 11099 I Finsky  : [2454] SCH: Scheduling phonesky job Id: 34-593, CT: 1782202401061, Constraints: [{ L: 604800000, D: 2498731917, C: CHARGING_NONE, I: IDLE_NONE, N: NET_ANY, B: BATTERY_ANY }]
06-23 13:34:05.158 11063 11099 I Finsky  : [2454] SCH: Scheduling phonesky job Id: 34-597, CT: 1782202401066, Constraints: [{ L: 604800000, D: 2578218516, C: CHARGING_NONE, I: IDLE_NONE, N: NET_ANY, B: BATTERY_ANY }]
06-23 13:34:05.159 11063 11099 I Finsky  : [2454] SCH: Scheduling phonesky job Id: 34-600, CT: 1782202401072, Constraints: [{ L: 65417848, D: 1361417848, C: CHARGING_NONE, I: IDLE_NONE, N: NET_ANY, B: BATTERY_ANY }]
06-23 13:34:05.165 11063 11098 I Finsky  : [2453] SCH: Scheduling 1 system job(s)
06-23 13:34:05.166 11063 11098 I Finsky  : [2453] SCH: Scheduling system job Id: 9382, L: 30831651, D: 74031651, C: false, I: false, N: 1
06-23 13:34:05.173 11063 12402 I Finsky  : [2554] SCH: job service finished with id 9376.
06-23 13:34:05.177  1799  1819 E ApplicationHelper: Fail to get PackageManager
06-23 13:34:05.181 11063 11063 I Finsky  : [2] Memory trim requested to level 40
06-23 13:34:05.181 11063 11063 I Finsky  : [2] Flushing in-memory image cache
06-23 13:34:05.181  1799  1819 E ApplicationHelper: Fail to get PackageManager
06-23 13:34:05.753  1132  1181 I libPerfCtl: xgfGetFPS pid:2108 fps:-1
06-23 13:34:06.272  1799  1830 I ActivityManager: Test idle passed
06-23 13:34:06.328 26104 26104 I adbd    : adbd service requested 'shell,v2:export ANDROID_LOG_TAGS=''; exec logcat '-d''
06-23 13:34:06.753  1132  1181 I libPerfCtl: xgfGetFPS pid:2108 fps:-1
06-23 13:34:06.778  1799  1810 I system_server: Background concurrent mark compact GC freed 10MB AllocSpace bytes, 3(76KB) LOS objects, 23% free, 76MB/100MB, paused 1.838ms,12.603ms total 504.613ms
06-23 13:34:06.789  1799  1812 W System  : A resource failed to call HardwareBuffer.close. 
06-23 13:34:06.789  1799  1812 W System  : A resource failed to call close. 
06-23 13:34:06.790  1799  1812 W System  : A resource failed to call close. 
06-23 13:34:06.790  1799  1812 W System  : A resource failed to call close. 
06-23 13:34:06.790  1799  1812 W System  : A resource failed to call close. 
06-23 13:34:06.790  1799  1812 W system_server: ApkAssets: Deleting an ApkAssets object '<empty> and /data/app/~~ffLniGgn3_XLsRZxt2FInA==/com.whatsapp-fo8HBVJsgIt5cgYAizzCVA==/base.apk' with 1 weak references
06-23 13:34:06.791  1799  1812 W system_server: ApkAssets: Deleting an ApkAssets object '<empty> and /data/app/~~ffLniGgn3_XLsRZxt2FInA==/com.whatsapp-fo8HBVJsgIt5cgYAizzCVA==/split_config.arm64_v8a.apk' with 1 weak references
06-23 13:34:06.791  1799  1812 W system_server: ApkAssets: Deleting an ApkAssets object '<empty> and /data/app/~~ffLniGgn3_XLsRZxt2FInA==/com.whatsapp-fo8HBVJsgIt5cgYAizzCVA==/split_config.xhdpi.apk' with 1 weak references
06-23 13:34:06.791  1799  1812 W system_server: ApkAssets: Deleting an ApkAssets object '<empty> and /data/app/~~ffLniGgn3_XLsRZxt2FInA==/com.whatsapp-fo8HBVJsgIt5cgYAizzCVA==/split_i18n_ca.apk' with 1 weak references
06-23 13:34:06.791  1799  1812 W system_server: ApkAssets: Deleting an ApkAssets object '<empty> and /data/app/~~ffLniGgn3_XLsRZxt2FInA==/com.whatsapp-fo8HBVJsgIt5cgYAizzCVA==/split_i18n_es.apk' with 1 weak references
06-23 13:34:06.791  1799  1812 W System  : A resource failed to call close. 
06-23 13:34:06.791  1799  1812 W System  : A resource failed to call close. 
06-23 13:34:06.791  1799  1812 W System  : A resource failed to call close. 
06-23 13:34:06.791  1799  1812 W System  : A resource failed to call close. 
06-23 13:34:07.065  1098  1589 I netd    : tetherGetStats() -> {[TetherStatsParcel{iface: ccmni0, rxBytes: 59734, rxPackets: 151, txBytes: 105349, txPackets: 265, ifIndex: 0}, TetherStatsParcel{iface: wlan0, rxBytes: 29751496786, rxPackets: 26845456, txBytes: 3362749525, txPackets: 6595368, ifIndex: 0}]} <2.55ms>
06-23 13:34:07.081  1098  1589 I netd    : bandwidthSetGlobalAlert(2097152) <0.60ms>
06-23 13:34:07.526  2071  2075 I WifiHAL : feature_set=0x8488341a
06-23 13:34:07.801  1357  1357 I thermal_repeater: [recvMdThermalInfo] ret=29, strLen=127,  3, 44, -50, -28402, 32767, 0
06-23 13:34:07.837  1799  1799 W libc    : Access denied finding property "vendor.mbrain.battery"
06-23 13:34:07.842  1799  1799 W libc    : Access denied finding property "vendor.mbrain.battery"
06-23 13:34:07.846  1799  1799 W libc    : Access denied finding property "vendor.mbrain.battery"
06-23 13:34:07.854  1164  1164 I BufferQueueProducer: [StatusBar#94](this:0xb400006fd5916be0,id:-1,api:0,p:-1,c:1164) queueBuffer: fps=0.49 dur=4095.45 max=4078.74 min=16.72
06-23 13:34:07.856  1112  1127 I hwcomposer: [HWCDisplay] (0 updateFps():3644), (type:1, mode:2) fps:0.488320,dur:4095.67,max:4079.53,min:16.14  
06-23 13:34:08.259   577 12358 I keystore2: system/security/keystore2/watchdog/src/lib.rs:319 - Watchdog thread idle -> terminating. Have a great day.
06-23 13:34:08.847  1132  1181 I libPerfCtl: xgfGetFPS pid:2108 fps:-1
06-23 13:34:09.587   988 10573 I NearbyMediums: No BLE Fast/GATT advertisements found in the latest cycle.
06-23 13:34:09.587   988 10573 I NearbyMediums: Current Tracked Scanning Clients are : {NearbyConnections.EnvironmentMonitor, NearbySharing}
06-23 13:34:09.847  1132  1181 I libPerfCtl: xgfGetFPS pid:2108 fps:-1
06-23 13:34:10.537  2071  2071 I WifiHAL : feature_set=0x8488341a
06-23 13:34:10.847  1132  1181 I libPerfCtl: xgfGetFPS pid:2108 fps:-1
06-23 13:34:11.269  1799  1799 W libc    : Access denied finding property "vendor.mbrain.battery"
06-23 13:34:11.274  1799  1830 I ActivityManager: Test idle failed due to 1cd9c34 1799:system/1000 runnable at -2m0s2ms because PERSISTENT
06-23 13:34:11.274  1799  1799 W libc    : Access denied finding property "vendor.mbrain.battery"
06-23 13:34:11.287  1164  1164 I BufferQueueProducer: [StatusBar#94](this:0xb400006fd5916be0,id:-1,api:0,p:-1,c:1164) queueBuffer: fps=0.87 dur=3433.42 max=3383.61 min=16.43
06-23 13:34:11.289  1112  1127 I hwcomposer: [HWCDisplay] (0 updateFps():3644), (type:1, mode:2) fps:0.873882,dur:3432.96,max:3384.24,min:15.60  
06-23 13:34:11.848  1132  1181 I libPerfCtl: xgfGetFPS pid:2108 fps:-1
06-23 13:34:11.922  1799  1799 W libc    : Access denied finding property "vendor.mbrain.battery"
06-23 13:34:11.931  1799  1799 W libc    : Access denied finding property "vendor.mbrain.battery"
06-23 13:34:12.848  1132  1181 I libPerfCtl: xgfGetFPS pid:2108 fps:-1
06-23 13:34:13.117  1799  1854 I DisplayPowerController2[0]: BrightnessEvent: disp=0, physDisp=local:4627039422300187648, displayState=ON, displayPolicy=DIM, brt=0.070866145, initBrt=0.3957505, rcmdBrt=NaN, preBrt=NaN, lux=0.0, preLux=0.0, hbmMax=1.0, hbmMode=off, rbcStrength=50, thrmMax=1.0, powerFactor=1.0, wasShortTermModelActive=false, flags=, reason=manual [ dim ], autoBrightness=false, strategy=InvalidBrightnessStrategy, autoBrightnessMode=default
06-23 13:34:13.134  1164  1570 E SurfaceFlinger: MtkDuration override mode is disabled
06-23 13:34:13.134  1164  1570 I PowerHalWrapper: updateFps(): 90
06-23 13:34:13.136  1112  1127 I hwcomposer: [HWCDisplay] (0 setActiveConfigWithConstraints():4091), config:1  
06-23 13:34:13.136  1112  1127 I hwcomposer: [HWCDisplay] (0 setActiveConfigWithConstraints():4141), now 131654829010615, diff 314538, estimated_applied_time 16666667 queued_size:0  
06-23 13:34:13.141  1112  1127 I hwcomposer: [HWCDisplay] (0 updateFps():3644), (type:1, mode:2) fps:2.160026,dur:1851.83,max:1174.03,min:16.55  
06-23 13:34:13.152  1164  1164 I PowerHalWrapper: updateFps(): 90
06-23 13:34:13.152  1164  1164 I PowerHalWrapper: updateFps(): 90
06-23 13:34:13.153  1799  1821 I DisplayDeviceRepository: Display device changed render timings: "Pantalla integrada", renderFrameRate=90.0, presentationDeadlineNanos=17488889, appVsyncOffsetNanos=7955555
06-23 13:34:13.165  1112  1579 I hwcomposer: [HWCDisplay] (0 updateAppliedConfigState():4337), applied config complete[idx:131654845677282, config:1]  
06-23 13:34:13.558  2071  2075 I WifiHAL : feature_set=0x8488341a
06-23 13:34:13.559 12258 12258 W JobService: onNetworkChanged() not implemented in androidx.work.impl.background.systemjob.SystemJobService. Must override in a subclass.
06-23 13:34:13.572  3706  5658 I ModemStats: [DataStallDetectService] onCapabilitiesChanged networkCapabilities=[ Transports: WIFI Capabilities: NOT_METERED&INTERNET&NOT_RESTRICTED&TRUSTED&NOT_VPN&VALIDATED&NOT_ROAMING&FOREGROUND&NOT_CONGESTED&NOT_SUSPENDED&NOT_VCN_MANAGED&NOT_BANDWIDTH_CONSTRAINED LinkUpBandwidth>=12000Kbps LinkDnBandwidth>=60000Kbps TransportInfo: <SSID: <unknown ssid>, BSSID: 02:00:00:00:00:00, MAC: 02:00:00:00:00:00, IP: /192.168.1.134, Security type: 2, Supplicant state: COMPLETED, Wi-Fi standard: 11ac, RSSI: -55, Link speed: 390Mbps, Tx Link speed: 390Mbps, Max Supported Tx Link speed: 433Mbps, Calculated Tx : 0Mbps, Rx Link speed: 433Mbps, Max Supported Rx Link speed: 433Mbps, Calculated Rx : 0Mbps, Frequency: 5300MHz, Net ID: -1, Metered hint: false, score: 100, isUsable: true, CarrierMerged: false, SubscriptionId: -1, IsPrimary: -1, Trusted: true, Restricted: false, Ephemeral: false, OEM paid: false, OEM private: false, OSU AP: false, FQDN: <none>, Provider friendly name: <none>, Requesting package name: <none><none>MLO Information: , Is TID-To-Link negotiation supported by the AP: false, AP MLD Address: <none>, AP MLO Link Id: <none>, AP MLO Affiliated links: <none>, Vendor Data: <none>> SignalStrength: -55 UnderlyingNetworks: Null]
06-23 13:34:13.573  3706  5658 I ModemStats: [DataStallDetectService] onCapabilitiesChanged NET_CAPABILITY_VALIDATED=true
06-23 13:34:13.573  3706  5658 I ModemStats: [DataStallDetectService] onCapabilitiesChanged mDataStallManager.mDataStallInstance=null
06-23 13:34:13.573  3706  5658 I ModemStats: [DataStallDetectService] onCapabilitiesChanged mDataStallSmart5gManager.mDataStallInstance=null
06-23 13:34:13.588   988  8846 I NearbyMediums: Wifi changed new SSID: <unknown ssid>
06-23 13:34:13.588   988  8846 I NearbyMediums: WifiLanConnectivityInfo is not changed, skip notify.
06-23 13:34:13.597  1164  1164 I BufferQueueProducer: [StatusBar#94](this:0xb400006fd5916be0,id:-1,api:0,p:-1,c:1164) queueBuffer: fps=1.73 dur=2310.47 max=1632.23 min=16.66
06-23 13:34:13.603 13959 14189 I BugleRcsEngine: handleMessage processing message:[NOTIFY_UPTIME_IGNORE_STATE_CHANGED] with [non-null]:RcsEngineImpl reference [CONTEXT log_prefix="RcsEngineImpl[DUAL_REG]:[5059adf4-7b8d]>Handler" thread_id=2028 ]
06-23 13:34:13.607 13959 14099 I BugleRcsEngine: Connected state: [1], networkType: [WIFI] [CONTEXT thread_id=2025 ]
06-23 13:34:13.640  1799  1831 I ActivityManager: Start proc 12423:com.google.android.apps.messaging/u0a150 for content provider {com.google.android.apps.messaging/com.google.android.apps.messaging.shared.datamodel.provider.sharedstorage.SharedStorageProvider}
06-23 13:34:13.659 12423 12423 I .apps.messaging: Using generational CollectorTypeCMC GC.
06-23 13:34:13.676 26104 26109 I adbd    : jdwp connection from 12423
06-23 13:34:13.683  1799  1819 E ApplicationHelper: Fail to get PackageManager
06-23 13:34:13.684  1799  1819 E ApplicationHelper: Fail to get PackageManager
06-23 13:34:13.788 12423 12423 W .apps.messaging: Failed to find entry 'classes.dex': Entry not found
06-23 13:34:13.790 12423 12423 W .apps.messaging: Failed to find entry 'classes.dex': Entry not found
06-23 13:34:13.792 12423 12423 W .apps.messaging: Failed to find entry 'classes.dex': Entry not found
06-23 13:34:13.848  1132  1181 I libPerfCtl: xgfGetFPS pid:2108 fps:-1
06-23 13:34:14.054 12423 12423 I exzp    : SslGuard completed installation.
06-23 13:34:14.079   988  8846 I NearbySharing: Network state changed: NetworkState(isRestricted=false, isOnline=true, isCongested=false, isMetered=false, isWifiConnected=true)
06-23 13:34:14.099 12423 12423 I Bugle   : BugleApplicationBase: Bugle version: messages.android_20260605_00_rc00.phone_dynamic , Bugle version code: 311755063
06-23 13:34:14.105 12423 12423 I Bugle   : DarkModeManager: setDarkMode: -1
06-23 13:34:14.105 12423 12423 I Typeface: initOverlayFonts====family: RookeryNew-Regular
06-23 13:34:14.106 12423 12449 I stetho  : Listening on @stetho_com.google.android.apps.messaging_devtools_remote
06-23 13:34:14.107  1799  4536 I ActivityManager: Flag disabled. Ignoring finishAttachApplication from uid: 10150. pid: 12423
