06-23 13:41:09.012 13106 13106 E IbraStreamMedia: 	at android.os.Looper.loop(Looper.java:319)
06-23 13:41:09.012 13106 13106 E IbraStreamMedia: 	at android.os.HandlerThread.run(HandlerThread.java:85)
06-23 13:41:09.012 13106 13106 E IbraStreamMedia: Caused by: androidx.media3.exoplayer.source.UnrecognizedInputFormatException: None of the available extractors (FlvExtractor, FlacExtractor, WavExtractor, FragmentedMp4Extractor, Mp4Extractor, AmrExtractor, PsExtractor, OggExtractor, TsExtractor, MatroskaExtractor, AdtsExtractor, Ac3Extractor, Ac4Extractor, Mp3Extractor, AviExtractor, JpegExtractor, PngExtractor, WebpExtractor, BmpExtractor, HeifExtractor, AvifExtractor) could read the stream. {contentIsMalformed=false, dataType=1}
06-23 13:41:09.012 13106 13106 E IbraStreamMedia: 	at androidx.media3.exoplayer.source.BundledExtractorsAdapter.init(BundledExtractorsAdapter.java:108)
06-23 13:41:09.012 13106 13106 E IbraStreamMedia: 	at androidx.media3.exoplayer.source.ProgressiveMediaPeriod$ExtractingLoadable.load(ProgressiveMediaPeriod.java:1100)
06-23 13:41:09.012 13106 13106 E IbraStreamMedia: 	at androidx.media3.exoplayer.upstream.Loader$LoadTask.run(Loader.java:450)
06-23 13:41:09.012 13106 13106 E IbraStreamMedia: 	at java.util.concurrent.ThreadPoolExecutor.runWorker(ThreadPoolExecutor.java:1100)
06-23 13:41:09.012 13106 13106 E IbraStreamMedia: 	at java.util.concurrent.ThreadPoolExecutor$Worker.run(ThreadPoolExecutor.java:624)
06-23 13:41:09.012 13106 13106 E IbraStreamMedia: 	at java.lang.Thread.run(Thread.java:1572)
06-23 13:41:09.014  1799  3762 W ForegroundServiceTypeLoggerModule: Logger should be tracking FGS types correctly for UID 10320 in package com.ibrastream.app
06-23 13:41:09.017 13106 13106 E Capacitor/Console: File: https://localhost/assets/index-hMRD2WDx.js - Line 73 - Msg: Native playback error: Source error
06-23 13:41:09.018  1112  1127 I hwcomposer: [HWCDisplay] (0 setActiveConfigWithConstraints():4091), config:0  
06-23 13:41:09.018  1112  1127 I hwcomposer: [HWCDisplay] (0 setActiveConfigWithConstraints():4141), now 132070711024102, diff 309231, estimated_applied_time 11111111 queued_size:0  
06-23 13:41:09.028  1164  1164 I PowerHalWrapper: updateFps(): 60
06-23 13:41:09.028  1164  1164 I PowerHalWrapper: updateFps(): 60
06-23 13:41:09.032  2303  2480 I bluetooth: avrcp_service.cc:646 SendMediaUpdate: track_changed=false :  play_state=true :  queue=false
06-23 13:41:09.034  1112  1579 I hwcomposer: [HWCDisplay] (0 updateAppliedConfigState():4337), applied config complete[idx:132070722135213, config:0]  
06-23 13:41:09.034  2303  2480 W AudioMediaPlayerWrapper: onPlaybackStateChanged(): com.ibrastream.app tried to update with no new data
06-23 13:41:09.095 13106 13106 I Capacitor/Console: File:  - Line 333 - Msg: undefined
06-23 13:41:09.102  2108  2115 I ndroid.systemui: Background young concurrent mark compact GC freed 6352KB AllocSpace bytes, 15(1284KB) LOS objects, 22% free, 39MB/50MB, paused 443us,9.737ms total 68.750ms
06-23 13:41:09.119  1164  1571 E SurfaceFlinger: MtkDuration override mode is disabled
06-23 13:41:09.119  1164  1571 I PowerHalWrapper: updateFps(): 90
06-23 13:41:09.136  1112  1127 I hwcomposer: [HWCDisplay] (0 setActiveConfigWithConstraints():4091), config:1  
06-23 13:41:09.136  1112  1127 I hwcomposer: [HWCDisplay] (0 setActiveConfigWithConstraints():4141), now 132070829119563, diff 301000, estimated_applied_time 16666667 queued_size:0  
06-23 13:41:09.151  1164  1164 I PowerHalWrapper: updateFps(): 90
06-23 13:41:09.152  1164  1164 I PowerHalWrapper: updateFps(): 90
06-23 13:41:09.164  1112  1579 I hwcomposer: [HWCDisplay] (0 updateAppliedConfigState():4337), applied config complete[idx:132070845786230, config:1]  
06-23 13:41:09.183  1132  1181 I libPerfCtl: xgfGetFPS pid:2108 fps:-1
06-23 13:41:09.183  1132  1181 I libPerfCtl: xgfGetFPS pid:13106 fps:-1
06-23 13:41:09.184 13106 13106 I Capacitor/Console: File: https://localhost/assets/index-hMRD2WDx.js - Line 73 - Msg: [Pre-Resolve] Pre-resolving track: Eatin' Good
06-23 13:41:09.185 13106 13106 I Capacitor/Console: File: https://localhost/assets/index-hMRD2WDx.js - Line 50 - Msg: Searching video ID for "Woodcamp Eatin' Good" via Piped API: https://pipedapi.kavin.rocks...
06-23 13:41:09.192 13106 13158 I CapacitorCookies: Getting cookies at: 'https://lrclib.net/api/get?track_name=Eatin'%20Good&artist_name=Woodcamp&duration=222'
06-23 13:41:09.192 13106 14773 I CapacitorCookies: Getting cookies at: 'https://pipedapi.kavin.rocks/search?q=Woodcamp%20Eatin'%20Good&filter=music_songs'
06-23 13:41:09.195  1098 15129 I resolv  : GetAddrInfoHandler::run: {135 135 135 983175 10320 0}
06-23 13:41:09.196  1098 15130 I resolv  : res_nmkquery: (QUERY, IN, A)
06-23 13:41:09.196  1098 15130 I resolv  : resolv_cache_lookup: FOUND IN CACHE entry=0xb400006ec3ae8d70
06-23 13:41:09.196  1098 15130 I resolv  : doQuery: rcode=0, ancount=2, return value=70
06-23 13:41:09.288  2108  2108 W ConstraintSet: id unknown center_vertical_guideline
06-23 13:41:09.288  2108  2108 W ConstraintSet: id unknown action_button_guideline
06-23 13:41:09.288  2108  2108 W ConstraintSet: id unknown icon
06-23 13:41:09.288  2108  2108 W ConstraintSet: id unknown media_seamless
06-23 13:41:09.288  2108  2108 W ConstraintSet: id unknown media_action_barrier_start
06-23 13:41:09.288  2108  2108 W ConstraintSet: id unknown media_action_barrier_end
06-23 13:41:09.288  2108  2108 W ConstraintSet: id unknown media_action_barrier_top
06-23 13:41:09.288  2108  2108 W ConstraintSet: id unknown remove_text
06-23 13:41:09.288  2108  2108 W ConstraintSet: id unknown settings
06-23 13:41:09.288  2108  2108 W ConstraintSet: id unknown dismiss
06-23 13:41:09.288  2108  2108 W ConstraintSet: id unknown cancel
06-23 13:41:09.321  1112  1127 I hwcomposer: [HWCDisplay] (0 updateFps():3644), (type:1, mode:2) fps:40.903522,dur:1002.36,max:256.65,min:9.24  
06-23 13:41:09.474  1164  1164 I BufferQueueProducer: [com.ibrastream.app/com.ibrastream.app.MainActivity#39274](this:0xb400006fd598b7f0,id:-1,api:0,p:-1,c:1164) queueBuffer: fps=41.91 dur=1002.14 max=373.19 min=10.50
06-23 13:41:09.477 13106 13106 I Capacitor/Console: File: https://localhost/assets/index-hMRD2WDx.js - Line 50 - Msg: Searching video ID for "Woodcamp Eatin' Good" via Piped API: https://api.piped.private.coffee...
06-23 13:41:09.494 13106 14773 I CapacitorCookies: Getting cookies at: 'https://api.piped.private.coffee/search?q=Woodcamp%20Eatin'%20Good&filter=music_songs'
06-23 13:41:09.498  1098 15132 I resolv  : GetAddrInfoHandler::run: {135 135 135 983175 10320 0}
06-23 13:41:09.499  1098 15133 I resolv  : res_nmkquery: (QUERY, IN, A)
06-23 13:41:09.499  1098 15133 I resolv  : resolv_cache_lookup: FOUND IN CACHE entry=0xb400006da3adae90
06-23 13:41:09.499  1098 15133 I resolv  : doQuery: rcode=0, ancount=2, return value=89
06-23 13:41:09.694  1799  1819 E ApplicationHelper: Fail to get PackageManager
06-23 13:41:09.697  1799  1819 E ApplicationHelper: Fail to get PackageManager
06-23 13:41:09.700  1098  1589 I netd    : tetherGetStats() -> {[TetherStatsParcel{iface: ccmni0, rxBytes: 59734, rxPackets: 151, txBytes: 105349, txPackets: 265, ifIndex: 0}, TetherStatsParcel{iface: wlan0, rxBytes: 30200341166, rxPackets: 27209940, txBytes: 3393822966, txPackets: 6656791, ifIndex: 0}]} <4.53ms>
06-23 13:41:10.183  1132  1181 I libPerfCtl: xgfGetFPS pid:2108 fps:-1
06-23 13:41:10.183  1132  1181 I libPerfCtl: xgfGetFPS pid:13106 fps:-1
06-23 13:41:10.252 13106 13106 I Capacitor/Console: File: https://localhost/assets/index-hMRD2WDx.js - Line 50 - Msg: Resolved videoId via Piped API https://api.piped.private.coffee: Eatin' Good (HxthaCYPdCQ)
06-23 13:41:10.253 13106 13106 I Capacitor/Console: File: https://localhost/assets/index-hMRD2WDx.js - Line 73 - Msg: Trying primary deciphering via youtubei.js (Innertube) for Android...
06-23 13:41:10.253 13106 13106 I Capacitor/Console: File: https://localhost/assets/index-hMRD2WDx.js - Line 50 - Msg: Resolving direct YouTube stream URL via Innertube...
06-23 13:41:10.282 13106 14773 I CapacitorCookies: Getting cookies at: 'https://www.youtube.com/youtubei/v1/player?prettyPrint=false&alt=json'
06-23 13:41:10.285  1098 15136 I resolv  : GetAddrInfoHandler::run: {135 135 135 983175 10320 0}
06-23 13:41:10.286  1098 15137 I resolv  : res_nmkquery: (QUERY, IN, A)
06-23 13:41:10.286  1098 15137 I resolv  : resolv_cache_lookup: FOUND IN CACHE entry=0xb400006d33ae1e20
06-23 13:41:10.286  1098 15137 I resolv  : doQuery: rcode=0, ancount=17, return value=326
06-23 13:41:10.295 13106 14910 I CapacitorCookies: Getting cookies at: 'https://www.youtube.com/youtubei/v1/next?prettyPrint=false&alt=json'
06-23 13:41:10.321  1112  1127 I hwcomposer: [HWCDisplay] (0 updateFps():3644), (type:1, mode:2) fps:80.954292,dur:1000.56,max:23.32,min:9.70  
06-23 13:41:10.437 13106 13106 W Capacitor/Console: File: https://localhost/assets/index-hMRD2WDx.js - Line 50 - Msg: Direct Innertube resolution failed: Error: Request to https://www.youtube.com/youtubei/v1/player?prettyPrint=false&alt=json failed with status code 404
06-23 13:41:10.438 13106 13106 I Capacitor/Console: File: https://localhost/assets/index-hMRD2WDx.js - Line 50 - Msg: [Downloader] Attempting stream resolution via Cobalt: https://apicobalt.mgytr.top/...
06-23 13:41:10.455 13106 14773 I CapacitorCookies: Getting cookies at: 'https://apicobalt.mgytr.top/'
06-23 13:41:10.458  1098 15140 I resolv  : GetAddrInfoHandler::run: {135 135 135 983175 10320 0}
06-23 13:41:10.459  1098 15141 I resolv  : res_nmkquery: (QUERY, IN, A)
06-23 13:41:10.460  1098 15141 I resolv  : resolv_cache_lookup: FOUND IN CACHE entry=0xb400006e13ae3310
06-23 13:41:10.460  1098 15141 I resolv  : doQuery: rcode=0, ancount=1, return value=53
06-23 13:41:10.475  1164  1164 I BufferQueueProducer: [com.ibrastream.app/com.ibrastream.app.MainActivity#39274](this:0xb400006fd598b7f0,id:-1,api:0,p:-1,c:1164) queueBuffer: fps=81.89 dur=1001.32 max=22.61 min=10.42
06-23 13:41:10.553  2071  2071 I WifiHAL : feature_set=0x8488341a
06-23 13:41:10.601 13106 13111 I .ibrastream.app: Background young concurrent mark compact GC freed 3238KB AllocSpace bytes, 23(812KB) LOS objects, 17% free, 18MB/22MB, paused 893us,6.079ms total 31.303ms
06-23 13:41:10.702  1799  1819 E ApplicationHelper: Fail to get PackageManager
06-23 13:41:10.705  1799  1819 E ApplicationHelper: Fail to get PackageManager
06-23 13:41:10.710  1098  1589 I netd    : tetherGetStats() -> {[TetherStatsParcel{iface: ccmni0, rxBytes: 59734, rxPackets: 151, txBytes: 105349, txPackets: 265, ifIndex: 0}, TetherStatsParcel{iface: wlan0, rxBytes: 30200341597, rxPackets: 27209945, txBytes: 3393824172, txPackets: 6656795, ifIndex: 0}]} <2.82ms>
06-23 13:41:10.778 13106 13106 I Capacitor/Console: File: https://localhost/assets/index-hMRD2WDx.js - Line 50 - Msg: [Downloader] Attempting stream resolution via Cobalt: https://rue-cobalt.xenon.zone/...
06-23 13:41:10.794 13106 14773 I CapacitorCookies: Getting cookies at: 'https://rue-cobalt.xenon.zone/'
06-23 13:41:10.797  1098 15144 I resolv  : GetAddrInfoHandler::run: {135 135 135 983175 10320 0}
06-23 13:41:10.798  1098 15145 I resolv  : res_nmkquery: (QUERY, IN, A)
06-23 13:41:10.798  1098 15145 I resolv  : resolv_cache_lookup: FOUND IN CACHE entry=0xb400006ec3ae6c30
06-23 13:41:10.798  1098 15145 I resolv  : doQuery: rcode=0, ancount=2, return value=71
06-23 13:41:11.047 13106 13106 I Capacitor/Console: File: https://localhost/assets/index-hMRD2WDx.js - Line 50 - Msg: Searching video ID for "Woodcamp Eatin' Good" via Piped API: https://pipedapi.kavin.rocks...
06-23 13:41:11.052  1799  3762 I MediaFocusControl: abandonAudioFocus() from uid/pid 10320/13106 clientId=android.media.AudioManager@fa209b5androidx.media3.exoplayer.AudioFocusManager$AudioFocusListener@df1784a
06-23 13:41:11.058  2303  2480 W AudioMediaPlayerWrapper: onPlaybackStateChanged(): com.ibrastream.app tried to update with no new data
06-23 13:41:11.160 13106 13106 I Capacitor/Console: File:  - Line 333 - Msg: undefined
06-23 13:41:11.174 13106 13157 I CapacitorCookies: Getting cookies at: 'https://monochrome-api.samidy.com/search/?a=Woodcamp'
06-23 13:41:11.174 13106 13159 I CapacitorCookies: Getting cookies at: 'https://lrclib.net/api/get?track_name=Eatin'%20Good&artist_name=Woodcamp&duration=222'
06-23 13:41:11.179  1098 15147 I resolv  : GetAddrInfoHandler::run: {135 135 135 983175 10320 0}
06-23 13:41:11.181  1098 15148 I resolv  : res_nmkquery: (QUERY, IN, A)
06-23 13:41:11.181  1098 15148 I resolv  : resolv_cache_lookup: FOUND IN CACHE entry=0xb400006ec3ae82f0
06-23 13:41:11.181  1098 15148 I resolv  : doQuery: rcode=0, ancount=2, return value=75
06-23 13:41:11.183  1132  1181 I libPerfCtl: xgfGetFPS pid:2108 fps:-1
06-23 13:41:11.183  1132  1181 I libPerfCtl: xgfGetFPS pid:13106 fps:-1
06-23 13:41:11.185 13106 14910 I CapacitorCookies: Getting cookies at: 'https://pipedapi.kavin.rocks/search?q=Woodcamp%20Eatin'%20Good&filter=music_songs'
06-23 13:41:11.192 13106 13106 I Capacitor/Console: File:  - Line 333 - Msg: undefined
06-23 13:41:11.242 13106 13106 I Capacitor/Console: File: https://localhost/assets/index-hMRD2WDx.js - Line 50 - Msg: [Downloader] Cobalt successfully resolved stream: https://rue-cobalt.xenon.zone/tunnel?id=e2mdIGtsgQ-NI7vnekMrO&exp=1782214961169&sig=2NsqISK_feezxlXGEwHPdO6-YhBew13zRvz5difiGII&sec=lC4nFx-KurOtiuMn6xHEFtEpcfEYKRjf57Irf0ZgymU&iv=GGExah4gevx_mPhujzX3bw
06-23 13:41:11.243 13106 13106 I Capacitor/Console: File: https://localhost/assets/index-hMRD2WDx.js - Line 73 - Msg: Successfully got stream URL via youtubei.js on Android, validating accessibility natively...
06-23 13:41:11.243 13106 13106 I Capacitor/Console: File: https://localhost/assets/index-hMRD2WDx.js - Line 73 - Msg: Stream URL validated successfully
06-23 13:41:11.346  1112  1127 I hwcomposer: [HWCDisplay] (0 updateFps():3644), (type:1, mode:2) fps:69.274460,dur:1024.91,max:66.86,min:9.13  
06-23 13:41:11.437 13106 13106 I Capacitor/Console: File: https://localhost/assets/index-hMRD2WDx.js - Line 50 - Msg: Searching video ID for "Woodcamp Eatin' Good" via Piped API: https://api.piped.private.coffee...
06-23 13:41:11.463 13106 14910 I CapacitorCookies: Getting cookies at: 'https://api.piped.private.coffee/search?q=Woodcamp%20Eatin'%20Good&filter=music_songs'
06-23 13:41:11.500  1164  1164 I BufferQueueProducer: [com.ibrastream.app/com.ibrastream.app.MainActivity#39274](this:0xb400006fd598b7f0,id:-1,api:0,p:-1,c:1164) queueBuffer: fps=60.55 dur=1024.02 max=77.18 min=10.74
06-23 13:41:11.712  1799  1819 E ApplicationHelper: Fail to get PackageManager
06-23 13:41:11.716  1799  1819 E ApplicationHelper: Fail to get PackageManager
06-23 13:41:11.719  1098  1589 I netd    : tetherGetStats() -> {[TetherStatsParcel{iface: ccmni0, rxBytes: 59734, rxPackets: 151, txBytes: 105349, txPackets: 265, ifIndex: 0}, TetherStatsParcel{iface: wlan0, rxBytes: 30200341688, rxPackets: 27209947, txBytes: 3393824311, txPackets: 6656797, ifIndex: 0}]} <2.64ms>
06-23 13:41:11.837 13106 13106 I Capacitor/Console: File: https://localhost/assets/index-hMRD2WDx.js - Line 50 - Msg: Resolved videoId via Piped API https://api.piped.private.coffee: Eatin' Good (HxthaCYPdCQ)
06-23 13:41:11.837 13106 13106 I Capacitor/Console: File: https://localhost/assets/index-hMRD2WDx.js - Line 73 - Msg: Trying primary deciphering via youtubei.js (Innertube) for Android...
06-23 13:41:11.837 13106 13106 I Capacitor/Console: File: https://localhost/assets/index-hMRD2WDx.js - Line 50 - Msg: Resolving direct YouTube stream URL via Innertube...
06-23 13:41:11.867 13106 14910 I CapacitorCookies: Getting cookies at: 'https://www.youtube.com/youtubei/v1/player?prettyPrint=false&alt=json'
06-23 13:41:11.868 13106 14773 I CapacitorCookies: Getting cookies at: 'https://www.youtube.com/youtubei/v1/next?prettyPrint=false&alt=json'
06-23 13:41:11.907  1799  1830 I ActivityManager: Test idle failed due to e872fe4 13793:com.instagram.android/u0a269 not runnable because EMPTY
06-23 13:41:12.064 13106 13106 W Capacitor/Console: File: https://localhost/assets/index-hMRD2WDx.js - Line 50 - Msg: Direct Innertube resolution failed: Error: Request to https://www.youtube.com/youtubei/v1/player?prettyPrint=false&alt=json failed with status code 404
06-23 13:41:12.065 13106 13106 I Capacitor/Console: File: https://localhost/assets/index-hMRD2WDx.js - Line 50 - Msg: [Downloader] Attempting stream resolution via Cobalt: https://apicobalt.mgytr.top/...
06-23 13:41:12.108 13106 14773 I CapacitorCookies: Getting cookies at: 'https://apicobalt.mgytr.top/'
06-23 13:41:12.183  1132  1181 I libPerfCtl: xgfGetFPS pid:2108 fps:-1
06-23 13:41:12.183  1132  1181 I libPerfCtl: xgfGetFPS pid:13106 fps:-1
06-23 13:41:12.277 13106 13106 I Capacitor/Console: File:  - Line 333 - Msg: undefined
06-23 13:41:12.347  1112  1127 I hwcomposer: [HWCDisplay] (0 updateFps():3644), (type:1, mode:2) fps:33.983093,dur:1000.50,max:77.65,min:11.05  
06-23 13:41:12.396 13106 13106 I Capacitor/Console: File: https://localhost/assets/index-hMRD2WDx.js - Line 50 - Msg: [Downloader] Attempting stream resolution via Cobalt: https://rue-cobalt.xenon.zone/...
06-23 13:41:12.409 13106 14773 I CapacitorCookies: Getting cookies at: 'https://rue-cobalt.xenon.zone/'
06-23 13:41:12.501  1164  1164 I BufferQueueProducer: [com.ibrastream.app/com.ibrastream.app.MainActivity#39274](this:0xb400006fd598b7f0,id:-1,api:0,p:-1,c:1164) queueBuffer: fps=43.94 dur=1001.39 max=44.60 min=10.83
06-23 13:41:12.721  1799  1819 E ApplicationHelper: Fail to get PackageManager
06-23 13:41:12.724  1799  1819 E ApplicationHelper: Fail to get PackageManager
06-23 13:41:12.727  1098  1589 I netd    : tetherGetStats() -> {[TetherStatsParcel{iface: ccmni0, rxBytes: 59734, rxPackets: 151, txBytes: 105349, txPackets: 265, ifIndex: 0}, TetherStatsParcel{iface: wlan0, rxBytes: 30200349168, rxPackets: 27210134, txBytes: 3394322081, txPackets: 6657153, ifIndex: 0}]} <5.26ms>
06-23 13:41:12.893 13106 13106 I Capacitor/Console: File: https://localhost/assets/index-hMRD2WDx.js - Line 50 - Msg: [Downloader] Cobalt successfully resolved stream: https://rue-cobalt.xenon.zone/tunnel?id=V5RyqatMv4RfeUGDdEPWX&exp=1782214962855&sig=Wh-MsBAyjZcrYjizPzCc8GmXad9JjMhnNR5k_PAc73g&sec=gOn3U2O70FzqKNtEKh9-d5yJ67TC-VCAoLG4CUDc5BE&iv=VwnBR0dhpHjWp7DyTOyHjA
06-23 13:41:12.894 13106 13106 I Capacitor/Console: File: https://localhost/assets/index-hMRD2WDx.js - Line 73 - Msg: Successfully got stream URL via youtubei.js on Android, validating accessibility natively...
06-23 13:41:12.894 13106 13106 I Capacitor/Console: File: https://localhost/assets/index-hMRD2WDx.js - Line 73 - Msg: Stream URL validated successfully
06-23 13:41:12.902 13106 13106 E IbraStreamMedia: CustomPlayerWrapper: setMockDuration=222000
06-23 13:41:12.902 13106 13106 E IbraStreamMedia: CustomPlayerWrapper: setMockPosition=0
06-23 13:41:12.905 13106 13106 E IbraStreamMedia: onMediaItemTransition: reason=3, item=510437812
06-23 13:41:12.905 13106 13106 E IbraStreamMedia: CustomPlayerWrapper: setMockPosition=0
06-23 13:41:12.909 13106 13106 I Capacitor/Console: File: https://localhost/assets/index-hMRD2WDx.js - Line 73 - Msg: Native listener: onMediaItemTransition: 510437812
06-23 13:41:12.910 13106 13106 I Capacitor/Console: File:  - Line 333 - Msg: undefined
06-23 13:41:12.913 13106 14773 I CapacitorCookies: Getting cookies at: 'https://www.youtube.com/youtubei/v1/player?prettyPrint=false&alt=json'
06-23 13:41:12.918 13106 13529 I CapacitorCookies: Getting cookies at: 'https://resources.tidal.com/images/80241aca/d848/475e/80e3/7a47d1f1a468/640x640.jpg'
06-23 13:41:12.922  1098 15158 I resolv  : GetAddrInfoHandler::run: {135 135 135 983175 10320 0}
06-23 13:41:12.922  2303  2480 W Failed to fetch image at uri=https://resources.tidal.com/images/80241aca/d848/475e/80e3/7a47d1java.io.FileNotFoundException: No content provider: https://resources.tidal.com/images/80241aca/d848/475e/80e3/7a47d1f1a468/640x640.jpg
06-23 13:41:12.922  2303  2480 W Failed to fetch image at uri=https://resources.tidal.com/images/80241aca/d848/475e/80e3/7a47d1	at android.content.ContentResolver.openTypedAssetFileDescriptor(ContentResolver.java:2029)
06-23 13:41:12.922  2303  2480 W Failed to fetch image at uri=https://resources.tidal.com/images/80241aca/d848/475e/80e3/7a47d1	at android.content.ContentResolver.openAssetFileDescriptor(ContentResolver.java:1858)
06-23 13:41:12.922  2303  2480 W Failed to fetch image at uri=https://resources.tidal.com/images/80241aca/d848/475e/80e3/7a47d1	at android.content.ContentResolver.openInputStream(ContentResolver.java:1528)
06-23 13:41:12.922  2303  2480 W Failed to fetch image at uri=https://resources.tidal.com/images/80241aca/d848/475e/80e3/7a47d1	at com.android.bluetooth.audio_util.Image.getImageFromUri(Image.java:200)
06-23 13:41:12.922  2303  2480 W Failed to fetch image at uri=https://resources.tidal.com/images/80241aca/d848/475e/80e3/7a47d1	at com.android.bluetooth.audio_util.Image.setImage(Image.java:164)
06-23 13:41:12.922  2303  2480 W Failed to fetch image at uri=https://resources.tidal.com/images/80241aca/d848/475e/80e3/7a47d1	at com.android.bluetooth.audio_util.Image.<init>(Image.java:139)
06-23 13:41:12.922  2303  2480 W Failed to fetch image at uri=https://resources.tidal.com/images/80241aca/d848/475e/80e3/7a47d1	at com.android.bluetooth.audio_util.Metadata$Builder.fromMediaDescription(Metadata.java:261)
06-23 13:41:12.922  2303  2480 W Failed to fetch image at uri=https://resources.tidal.com/images/80241aca/d848/475e/80e3/7a47d1	at com.android.bluetooth.audio_util.Metadata$Builder.fromMediaMetadata(Metadata.java:182)
06-23 13:41:12.922  2303  2480 W Failed to fetch image at uri=https://resources.tidal.com/images/80241aca/d848/475e/80e3/7a47d1	at com.android.bluetooth.audio_util.Util.toMetadata(Util.java:108)
06-23 13:41:12.922  2303  2480 W Failed to fetch image at uri=https://resources.tidal.com/images/80241aca/d848/475e/80e3/7a47d1	at com.android.bluetooth.audio_util.MediaPlayerWrapper.isMetadataSynced(MediaPlayerWrapper.java:300)
06-23 13:41:12.922  2303  2480 W Failed to fetch image at uri=https://resources.tidal.com/images/80241aca/d848/475e/80e3/7a47d1	at com.android.bluetooth.audio_util.MediaPlayerWrapper$MediaControllerListener.trySendMediaUpdate(MediaPlayerWrapper.java:470)
06-23 13:41:12.922  2303  2480 W Failed to fetch image at uri=https://resources.tidal.com/images/80241aca/d848/475e/80e3/7a47d1	at com.android.bluetooth.audio_util.MediaPlayerWrapper$MediaControllerListener.onQueueChanged(MediaPlayerWrapper.java:583)
06-23 13:41:12.922  2303  2480 W Failed to fetch image at uri=https://resources.tidal.com/images/80241aca/d848/475e/80e3/7a47d1	at android.media.session.MediaController$MessageHandler.handleMessage(MediaController.java:1208)
06-23 13:41:12.922  2303  2480 W Failed to fetch image at uri=https://resources.tidal.com/images/80241aca/d848/475e/80e3/7a47d1	at android.os.Handler.dispatchMessage(Handler.java:107)
06-23 13:41:12.922  2303  2480 W Failed to fetch image at uri=https://resources.tidal.com/images/80241aca/d848/475e/80e3/7a47d1	at android.os.Looper.loopOnce(Looper.java:234)
06-23 13:41:12.922  2303  2480 W Failed to fetch image at uri=https://resources.tidal.com/images/80241aca/d848/475e/80e3/7a47d1	at android.os.Looper.loop(Looper.java:319)
06-23 13:41:12.922  2303  2480 W Failed to fetch image at uri=https://resources.tidal.com/images/80241aca/d848/475e/80e3/7a47d1	at android.os.HandlerThread.run(HandlerThread.java:85)
06-23 13:41:12.922  2303  2480 W Failed to fetch image at uri=https://resources.tidal.com/images/80241aca/d848/475e/80e3/7a47d1java.io.FileNotFoundException: No content provider: https://resources.tidal.com/images/80241aca/d848/475e/80e3/7a47d1f1a468/640x640.jpg
06-23 13:41:12.922  2303  2480 W Failed to fetch image at uri=https://resources.tidal.com/images/80241aca/d848/475e/80e3/7a47d1	at android.content.ContentResolver.openTypedAssetFileDescriptor(ContentResolver.java:2029)
06-23 13:41:12.922  2303  2480 W Failed to fetch image at uri=https://resources.tidal.com/images/80241aca/d848/475e/80e3/7a47d1	at android.content.ContentResolver.openAssetFileDescriptor(ContentResolver.java:1858)
06-23 13:41:12.922  2303  2480 W Failed to fetch image at uri=https://resources.tidal.com/images/80241aca/d848/475e/80e3/7a47d1	at android.content.ContentResolver.openInputStream(ContentResolver.java:1528)
06-23 13:41:12.922  2303  2480 W Failed to fetch image at uri=https://resources.tidal.com/images/80241aca/d848/475e/80e3/7a47d1	at com.android.bluetooth.audio_util.Image.getImageFromUri(Image.java:200)
06-23 13:41:12.922  2303  2480 W Failed to fetch image at uri=https://resources.tidal.com/images/80241aca/d848/475e/80e3/7a47d1	at com.android.bluetooth.audio_util.Image.setImage(Image.java:164)
06-23 13:41:12.922  2303  2480 W Failed to fetch image at uri=https://resources.tidal.com/images/80241aca/d848/475e/80e3/7a47d1	at com.android.bluetooth.audio_util.Image.setImage(Image.java:156)
06-23 13:41:12.922  2303  2480 W Failed to fetch image at uri=https://resources.tidal.com/images/80241aca/d848/475e/80e3/7a47d1	at com.android.bluetooth.audio_util.Image.<init>(Image.java:78)
06-23 13:41:12.922  2303  2480 W Failed to fetch image at uri=https://resources.tidal.com/images/80241aca/d848/475e/80e3/7a47d1	at com.android.bluetooth.audio_util.Metadata$Builder.fromMediaMetadata(Metadata.java:232)
06-23 13:41:12.922  2303  2480 W Failed to fetch image at uri=https://resources.tidal.com/images/80241aca/d848/475e/80e3/7a47d1	at com.android.bluetooth.audio_util.Util.toMetadata(Util.java:108)
06-23 13:41:12.922  2303  2480 W Failed to fetch image at uri=https://resources.tidal.com/images/80241aca/d848/475e/80e3/7a47d1	at com.android.bluetooth.audio_util.MediaPlayerWrapper.isMetadataSynced(MediaPlayerWrapper.java:300)
06-23 13:41:12.922  2303  2480 W Failed to fetch image at uri=https://resources.tidal.com/images/80241aca/d848/475e/80e3/7a47d1	at com.android.bluetooth.audio_util.MediaPlayerWrapper$MediaControllerListener.trySendMediaUpdate(MediaPlayerWrapper.java:470)
06-23 13:41:12.922  2303  2480 W Failed to fetch image at uri=https://resources.tidal.com/images/80241aca/d848/475e/80e3/7a47d1	at com.android.bluetooth.audio_util.MediaPlayerWrapper$MediaControllerListener.onQueueChanged(MediaPlayerWrapper.java:583)
06-23 13:41:12.922  2303  2480 W Failed to fetch image at uri=https://resources.tidal.com/images/80241aca/d848/475e/80e3/7a47d1	at android.media.session.MediaController$MessageHandler.handleMessage(MediaController.java:1208)
06-23 13:41:12.922  2303  2480 W Failed to fetch image at uri=https://resources.tidal.com/images/80241aca/d848/475e/80e3/7a47d1	at android.os.Handler.dispatchMessage(Handler.java:107)
06-23 13:41:12.922  2303  2480 W Failed to fetch image at uri=https://resources.tidal.com/images/80241aca/d848/475e/80e3/7a47d1	at android.os.Looper.loopOnce(Looper.java:234)
06-23 13:41:12.922  2303  2480 W Failed to fetch image at uri=https://resources.tidal.com/images/80241aca/d848/475e/80e3/7a47d1	at android.os.Looper.loop(Looper.java:319)
06-23 13:41:12.922  2303  2480 W Failed to fetch image at uri=https://resources.tidal.com/images/80241aca/d848/475e/80e3/7a47d1	at android.os.HandlerThread.run(HandlerThread.java:85)
06-23 13:41:12.923  1098 15159 I resolv  : res_nmkquery: (QUERY, IN, A)
06-23 13:41:12.924  1098 15159 I resolv  : resolv_cache_lookup: FOUND IN CACHE entry=0xb400006e13afc2d0
06-23 13:41:12.924  1098 15159 I resolv  : doQuery: rcode=0, ancount=1, return value=53
06-23 13:41:12.924  2303  2480 W Failed to fetch image at uri=https://resources.tidal.com/images/80241aca/d848/475e/80e3/7a47d1java.io.FileNotFoundException: No content provider: https://resources.tidal.com/images/80241aca/d848/475e/80e3/7a47d1f1a468/640x640.jpg
06-23 13:41:12.924  2303  2480 W Failed to fetch image at uri=https://resources.tidal.com/images/80241aca/d848/475e/80e3/7a47d1	at android.content.ContentResolver.openTypedAssetFileDescriptor(ContentResolver.java:2029)
06-23 13:41:12.924  2303  2480 W Failed to fetch image at uri=https://resources.tidal.com/images/80241aca/d848/475e/80e3/7a47d1	at android.content.ContentResolver.openAssetFileDescriptor(ContentResolver.java:1858)
06-23 13:41:12.924  2303  2480 W Failed to fetch image at uri=https://resources.tidal.com/images/80241aca/d848/475e/80e3/7a47d1	at android.content.ContentResolver.openInputStream(ContentResolver.java:1528)
06-23 13:41:12.924  2303  2480 W Failed to fetch image at uri=https://resources.tidal.com/images/80241aca/d848/475e/80e3/7a47d1	at com.android.bluetooth.audio_util.Image.getImageFromUri(Image.java:200)
06-23 13:41:12.924  2303  2480 W Failed to fetch image at uri=https://resources.tidal.com/images/80241aca/d848/475e/80e3/7a47d1	at com.android.bluetooth.audio_util.Image.setImage(Image.java:164)
06-23 13:41:12.924  2303  2480 W Failed to fetch image at uri=https://resources.tidal.com/images/80241aca/d848/475e/80e3/7a47d1	at com.android.bluetooth.audio_util.Image.<init>(Image.java:139)
06-23 13:41:12.924  2303  2480 W Failed to fetch image at uri=https://resources.tidal.com/images/80241aca/d848/475e/80e3/7a47d1	at com.android.bluetooth.audio_util.Metadata$Builder.fromMediaDescription(Metadata.java:261)
06-23 13:41:12.924  2303  2480 W Failed to fetch image at uri=https://resources.tidal.com/images/80241aca/d848/475e/80e3/7a47d1	at com.android.bluetooth.audio_util.Metadata$Builder.fromMediaMetadata(Metadata.java:182)
06-23 13:41:12.924  2303  2480 W Failed to fetch image at uri=https://resources.tidal.com/images/80241aca/d848/475e/80e3/7a47d1	at com.android.bluetooth.audio_util.Util.toMetadata(Util.java:108)
06-23 13:41:12.924  2303  2480 W Failed to fetch image at uri=https://resources.tidal.com/images/80241aca/d848/475e/80e3/7a47d1	at com.android.bluetooth.audio_util.MediaPlayerWrapper.sendMediaUpdate(MediaPlayerWrapper.java:384)
06-23 13:41:12.924  2303  2480 W Failed to fetch image at uri=https://resources.tidal.com/images/80241aca/d848/475e/80e3/7a47d1	at com.android.bluetooth.audio_util.MediaPlayerWrapper.-$$Nest$msendMediaUpdate(MediaPlayerWrapper.java:0)
06-23 13:41:12.924  2303  2480 W Failed to fetch image at uri=https://resources.tidal.com/images/80241aca/d848/475e/80e3/7a47d1	at com.android.bluetooth.audio_util.MediaPlayerWrapper$MediaControllerListener.trySendMediaUpdate(MediaPlayerWrapper.java:478)
06-23 13:41:12.924  2303  2480 W Failed to fetch image at uri=https://resources.tidal.com/images/80241aca/d848/475e/80e3/7a47d1	at com.android.bluetooth.audio_util.MediaPlayerWrapper$MediaControllerListener.onQueueChanged(MediaPlayerWrapper.java:583)
06-23 13:41:12.924  2303  2480 W Failed to fetch image at uri=https://resources.tidal.com/images/80241aca/d848/475e/80e3/7a47d1	at android.media.session.MediaController$MessageHandler.handleMessage(MediaController.java:1208)
06-23 13:41:12.924  2303  2480 W Failed to fetch image at uri=https://resources.tidal.com/images/80241aca/d848/475e/80e3/7a47d1	at android.os.Handler.dispatchMessage(Handler.java:107)
06-23 13:41:12.924  2303  2480 W Failed to fetch image at uri=https://resources.tidal.com/images/80241aca/d848/475e/80e3/7a47d1	at android.os.Looper.loopOnce(Looper.java:234)
06-23 13:41:12.924  2303  2480 W Failed to fetch image at uri=https://resources.tidal.com/images/80241aca/d848/475e/80e3/7a47d1	at android.os.Looper.loop(Looper.java:319)
06-23 13:41:12.924  2303  2480 W Failed to fetch image at uri=https://resources.tidal.com/images/80241aca/d848/475e/80e3/7a47d1	at android.os.HandlerThread.run(HandlerThread.java:85)
06-23 13:41:12.925  2303  2480 W Failed to fetch image at uri=https://resources.tidal.com/images/80241aca/d848/475e/80e3/7a47d1java.io.FileNotFoundException: No content provider: https://resources.tidal.com/images/80241aca/d848/475e/80e3/7a47d1f1a468/640x640.jpg
06-23 13:41:12.925  2303  2480 W Failed to fetch image at uri=https://resources.tidal.com/images/80241aca/d848/475e/80e3/7a47d1	at android.content.ContentResolver.openTypedAssetFileDescriptor(ContentResolver.java:2029)
06-23 13:41:12.925  2303  2480 W Failed to fetch image at uri=https://resources.tidal.com/images/80241aca/d848/475e/80e3/7a47d1	at android.content.ContentResolver.openAssetFileDescriptor(ContentResolver.java:1858)
06-23 13:41:12.925  2303  2480 W Failed to fetch image at uri=https://resources.tidal.com/images/80241aca/d848/475e/80e3/7a47d1	at android.content.ContentResolver.openInputStream(ContentResolver.java:1528)
06-23 13:41:12.925  2303  2480 W Failed to fetch image at uri=https://resources.tidal.com/images/80241aca/d848/475e/80e3/7a47d1	at com.android.bluetooth.audio_util.Image.getImageFromUri(Image.java:200)
06-23 13:41:12.925  2303  2480 W Failed to fetch image at uri=https://resources.tidal.com/images/80241aca/d848/475e/80e3/7a47d1	at com.android.bluetooth.audio_util.Image.setImage(Image.java:164)
06-23 13:41:12.925  2303  2480 W Failed to fetch image at uri=https://resources.tidal.com/images/80241aca/d848/475e/80e3/7a47d1	at com.android.bluetooth.audio_util.Image.setImage(Image.java:156)
06-23 13:41:12.925  2303  2480 W Failed to fetch image at uri=https://resources.tidal.com/images/80241aca/d848/475e/80e3/7a47d1	at com.android.bluetooth.audio_util.Image.<init>(Image.java:78)
06-23 13:41:12.925  2303  2480 W Failed to fetch image at uri=https://resources.tidal.com/images/80241aca/d848/475e/80e3/7a47d1	at com.android.bluetooth.audio_util.Metadata$Builder.fromMediaMetadata(Metadata.java:232)
06-23 13:41:12.925  2303  2480 W Failed to fetch image at uri=https://resources.tidal.com/images/80241aca/d848/475e/80e3/7a47d1	at com.android.bluetooth.audio_util.Util.toMetadata(Util.java:108)
06-23 13:41:12.925  2303  2480 W Failed to fetch image at uri=https://resources.tidal.com/images/80241aca/d848/475e/80e3/7a47d1	at com.android.bluetooth.audio_util.MediaPlayerWrapper.sendMediaUpdate(MediaPlayerWrapper.java:384)
06-23 13:41:12.925  2303  2480 W Failed to fetch image at uri=https://resources.tidal.com/images/80241aca/d848/475e/80e3/7a47d1	at com.android.bluetooth.audio_util.MediaPlayerWrapper.-$$Nest$msendMediaUpdate(MediaPlayerWrapper.java:0)
06-23 13:41:12.925  2303  2480 W Failed to fetch image at uri=https://resources.tidal.com/images/80241aca/d848/475e/80e3/7a47d1	at com.android.bluetooth.audio_util.MediaPlayerWrapper$MediaControllerListener.trySendMediaUpdate(MediaPlayerWrapper.java:478)
06-23 13:41:12.925  2303  2480 W Failed to fetch image at uri=https://resources.tidal.com/images/80241aca/d848/475e/80e3/7a47d1	at com.android.bluetooth.audio_util.MediaPlayerWrapper$MediaControllerListener.onQueueChanged(MediaPlayerWrapper.java:583)
06-23 13:41:12.925  2303  2480 W Failed to fetch image at uri=https://resources.tidal.com/images/80241aca/d848/475e/80e3/7a47d1	at android.media.session.MediaController$MessageHandler.handleMessage(MediaController.java:1208)
06-23 13:41:12.925  2303  2480 W Failed to fetch image at uri=https://resources.tidal.com/images/80241aca/d848/475e/80e3/7a47d1	at android.os.Handler.dispatchMessage(Handler.java:107)
06-23 13:41:12.925  2303  2480 W Failed to fetch image at uri=https://resources.tidal.com/images/80241aca/d848/475e/80e3/7a47d1	at android.os.Looper.loopOnce(Looper.java:234)
06-23 13:41:12.925  2303  2480 W Failed to fetch image at uri=https://resources.tidal.com/images/80241aca/d848/475e/80e3/7a47d1	at android.os.Looper.loop(Looper.java:319)
06-23 13:41:12.925  2303  2480 W Failed to fetch image at uri=https://resources.tidal.com/images/80241aca/d848/475e/80e3/7a47d1	at android.os.HandlerThread.run(HandlerThread.java:85)
06-23 13:41:12.926  2303  2480 I bluetooth: avrcp_service.cc:646 SendMediaUpdate: track_changed=true :  play_state=false :  queue=true
06-23 13:41:12.927  2303  2480 W Failed to fetch image at uri=https://resources.tidal.com/images/80241aca/d848/475e/80e3/7a47d1java.io.FileNotFoundException: No content provider: https://resources.tidal.com/images/80241aca/d848/475e/80e3/7a47d1f1a468/640x640.jpg
06-23 13:41:12.927  2303  2480 W Failed to fetch image at uri=https://resources.tidal.com/images/80241aca/d848/475e/80e3/7a47d1	at android.content.ContentResolver.openTypedAssetFileDescriptor(ContentResolver.java:2029)
06-23 13:41:12.927  2303  2480 W Failed to fetch image at uri=https://resources.tidal.com/images/80241aca/d848/475e/80e3/7a47d1	at android.content.ContentResolver.openAssetFileDescriptor(ContentResolver.java:1858)
06-23 13:41:12.927  2303  2480 W Failed to fetch image at uri=https://resources.tidal.com/images/80241aca/d848/475e/80e3/7a47d1	at android.content.ContentResolver.openInputStream(ContentResolver.java:1528)
06-23 13:41:12.927  2303  2480 W Failed to fetch image at uri=https://resources.tidal.com/images/80241aca/d848/475e/80e3/7a47d1	at com.android.bluetooth.audio_util.Image.getImageFromUri(Image.java:200)
06-23 13:41:12.927  2303  2480 W Failed to fetch image at uri=https://resources.tidal.com/images/80241aca/d848/475e/80e3/7a47d1	at com.android.bluetooth.audio_util.Image.setImage(Image.java:164)
06-23 13:41:12.927  2303  2480 W Failed to fetch image at uri=https://resources.tidal.com/images/80241aca/d848/475e/80e3/7a47d1	at com.android.bluetooth.audio_util.Image.<init>(Image.java:139)
06-23 13:41:12.927  2303  2480 W Failed to fetch image at uri=https://resources.tidal.com/images/80241aca/d848/475e/80e3/7a47d1	at com.android.bluetooth.audio_util.Metadata$Builder.fromMediaDescription(Metadata.java:261)
06-23 13:41:12.927  2303  2480 W Failed to fetch image at uri=https://resources.tidal.com/images/80241aca/d848/475e/80e3/7a47d1	at com.android.bluetooth.audio_util.Metadata$Builder.fromMediaMetadata(Metadata.java:182)
06-23 13:41:12.927  2303  2480 W Failed to fetch image at uri=https://resources.tidal.com/images/80241aca/d848/475e/80e3/7a47d1	at com.android.bluetooth.audio_util.Util.toMetadata(Util.java:108)
06-23 13:41:12.927  2303  2480 W Failed to fetch image at uri=https://resources.tidal.com/images/80241aca/d848/475e/80e3/7a47d1	at com.android.bluetooth.audio_util.MediaPlayerWrapper$MediaControllerListener.onMetadataChanged(MediaPlayerWrapper.java:493)
06-23 13:41:12.927  2303  2480 W Failed to fetch image at uri=https://resources.tidal.com/images/80241aca/d848/475e/80e3/7a47d1	at android.media.session.MediaController$MessageHandler.handleMessage(MediaController.java:1205)
06-23 13:41:12.927  2303  2480 W Failed to fetch image at uri=https://resources.tidal.com/images/80241aca/d848/475e/80e3/7a47d1	at android.os.Handler.dispatchMessage(Handler.java:107)
06-23 13:41:12.927  2303  2480 W Failed to fetch image at uri=https://resources.tidal.com/images/80241aca/d848/475e/80e3/7a47d1	at android.os.Looper.loopOnce(Looper.java:234)
06-23 13:41:12.927  2303  2480 W Failed to fetch image at uri=https://resources.tidal.com/images/80241aca/d848/475e/80e3/7a47d1	at android.os.Looper.loop(Looper.java:319)
06-23 13:41:12.927  2303  2480 W Failed to fetch image at uri=https://resources.tidal.com/images/80241aca/d848/475e/80e3/7a47d1	at android.os.HandlerThread.run(HandlerThread.java:85)
06-23 13:41:12.928  2303  2480 W Failed to fetch image at uri=https://resources.tidal.com/images/80241aca/d848/475e/80e3/7a47d1java.io.FileNotFoundException: No content provider: https://resources.tidal.com/images/80241aca/d848/475e/80e3/7a47d1f1a468/640x640.jpg
06-23 13:41:12.928  2303  2480 W Failed to fetch image at uri=https://resources.tidal.com/images/80241aca/d848/475e/80e3/7a47d1	at android.content.ContentResolver.openTypedAssetFileDescriptor(ContentResolver.java:2029)
06-23 13:41:12.928  2303  2480 W Failed to fetch image at uri=https://resources.tidal.com/images/80241aca/d848/475e/80e3/7a47d1	at android.content.ContentResolver.openAssetFileDescriptor(ContentResolver.java:1858)
06-23 13:41:12.928  2303  2480 W Failed to fetch image at uri=https://resources.tidal.com/images/80241aca/d848/475e/80e3/7a47d1	at android.content.ContentResolver.openInputStream(ContentResolver.java:1528)
06-23 13:41:12.928  2303  2480 W Failed to fetch image at uri=https://resources.tidal.com/images/80241aca/d848/475e/80e3/7a47d1	at com.android.bluetooth.audio_util.Image.getImageFromUri(Image.java:200)
06-23 13:41:12.928  2303  2480 W Failed to fetch image at uri=https://resources.tidal.com/images/80241aca/d848/475e/80e3/7a47d1	at com.android.bluetooth.audio_util.Image.setImage(Image.java:164)
06-23 13:41:12.928  2303  2480 W Failed to fetch image at uri=https://resources.tidal.com/images/80241aca/d848/475e/80e3/7a47d1	at com.android.bluetooth.audio_util.Image.setImage(Image.java:156)
06-23 13:41:12.928  2303  2480 W Failed to fetch image at uri=https://resources.tidal.com/images/80241aca/d848/475e/80e3/7a47d1	at com.android.bluetooth.audio_util.Image.<init>(Image.java:78)
06-23 13:41:12.928  2303  2480 W Failed to fetch image at uri=https://resources.tidal.com/images/80241aca/d848/475e/80e3/7a47d1	at com.android.bluetooth.audio_util.Metadata$Builder.fromMediaMetadata(Metadata.java:232)
06-23 13:41:12.928  2303  2480 W Failed to fetch image at uri=https://resources.tidal.com/images/80241aca/d848/475e/80e3/7a47d1	at com.android.bluetooth.audio_util.Util.toMetadata(Util.java:108)
06-23 13:41:12.928  2303  2480 W Failed to fetch image at uri=https://resources.tidal.com/images/80241aca/d848/475e/80e3/7a47d1	at com.android.bluetooth.audio_util.MediaPlayerWrapper$MediaControllerListener.onMetadataChanged(MediaPlayerWrapper.java:493)
06-23 13:41:12.928  2303  2480 W Failed to fetch image at uri=https://resources.tidal.com/images/80241aca/d848/475e/80e3/7a47d1	at android.media.session.MediaController$MessageHandler.handleMessage(MediaController.java:1205)
06-23 13:41:12.928  2303  2480 W Failed to fetch image at uri=https://resources.tidal.com/images/80241aca/d848/475e/80e3/7a47d1	at android.os.Handler.dispatchMessage(Handler.java:107)
06-23 13:41:12.928  2303  2480 W Failed to fetch image at uri=https://resources.tidal.com/images/80241aca/d848/475e/80e3/7a47d1	at android.os.Looper.loopOnce(Looper.java:234)
06-23 13:41:12.928  2303  2480 W Failed to fetch image at uri=https://resources.tidal.com/images/80241aca/d848/475e/80e3/7a47d1	at android.os.Looper.loop(Looper.java:319)
06-23 13:41:12.928  2303  2480 W Failed to fetch image at uri=https://resources.tidal.com/images/80241aca/d848/475e/80e3/7a47d1	at android.os.HandlerThread.run(HandlerThread.java:85)
06-23 13:41:12.929  2303  2480 W Failed to fetch image at uri=https://resources.tidal.com/images/80241aca/d848/475e/80e3/7a47d1java.io.FileNotFoundException: No content provider: https://resources.tidal.com/images/80241aca/d848/475e/80e3/7a47d1f1a468/640x640.jpg
06-23 13:41:12.929  2303  2480 W Failed to fetch image at uri=https://resources.tidal.com/images/80241aca/d848/475e/80e3/7a47d1	at android.content.ContentResolver.openTypedAssetFileDescriptor(ContentResolver.java:2029)
06-23 13:41:12.929  2303  2480 W Failed to fetch image at uri=https://resources.tidal.com/images/80241aca/d848/475e/80e3/7a47d1	at android.content.ContentResolver.openAssetFileDescriptor(ContentResolver.java:1858)
06-23 13:41:12.929  2303  2480 W Failed to fetch image at uri=https://resources.tidal.com/images/80241aca/d848/475e/80e3/7a47d1	at android.content.ContentResolver.openInputStream(ContentResolver.java:1528)
06-23 13:41:12.929  2303  2480 W Failed to fetch image at uri=https://resources.tidal.com/images/80241aca/d848/475e/80e3/7a47d1	at com.android.bluetooth.audio_util.Image.getImageFromUri(Image.java:200)
06-23 13:41:12.929  2303  2480 W Failed to fetch image at uri=https://resources.tidal.com/images/80241aca/d848/475e/80e3/7a47d1	at com.android.bluetooth.audio_util.Image.setImage(Image.java:164)
06-23 13:41:12.929  2303  2480 W Failed to fetch image at uri=https://resources.tidal.com/images/80241aca/d848/475e/80e3/7a47d1	at com.android.bluetooth.audio_util.Image.<init>(Image.java:139)
06-23 13:41:12.929  2303  2480 W Failed to fetch image at uri=https://resources.tidal.com/images/80241aca/d848/475e/80e3/7a47d1	at com.android.bluetooth.audio_util.Metadata$Builder.fromMediaDescription(Metadata.java:261)
06-23 13:41:12.929  2303  2480 W Failed to fetch image at uri=https://resources.tidal.com/images/80241aca/d848/475e/80e3/7a47d1	at com.android.bluetooth.audio_util.Metadata$Builder.fromMediaMetadata(Metadata.java:182)
06-23 13:41:12.929  2303  2480 W Failed to fetch image at uri=https://resources.tidal.com/images/80241aca/d848/475e/80e3/7a47d1	at com.android.bluetooth.audio_util.Util.toMetadata(Util.java:108)
06-23 13:41:12.929  2303  2480 W Failed to fetch image at uri=https://resources.tidal.com/images/80241aca/d848/475e/80e3/7a47d1	at com.android.bluetooth.audio_util.MediaPlayerWrapper$MediaControllerListener.onMetadataChanged(MediaPlayerWrapper.java:512)
06-23 13:41:12.929  2303  2480 W Failed to fetch image at uri=https://resources.tidal.com/images/80241aca/d848/475e/80e3/7a47d1	at android.media.session.MediaController$MessageHandler.handleMessage(MediaController.java:1205)
06-23 13:41:12.929  2303  2480 W Failed to fetch image at uri=https://resources.tidal.com/images/80241aca/d848/475e/80e3/7a47d1	at android.os.Handler.dispatchMessage(Handler.java:107)
06-23 13:41:12.929  2303  2480 W Failed to fetch image at uri=https://resources.tidal.com/images/80241aca/d848/475e/80e3/7a47d1	at android.os.Looper.loopOnce(Looper.java:234)
06-23 13:41:12.929  2303  2480 W Failed to fetch image at uri=https://resources.tidal.com/images/80241aca/d848/475e/80e3/7a47d1	at android.os.Looper.loop(Looper.java:319)
06-23 13:41:12.929  2303  2480 W Failed to fetch image at uri=https://resources.tidal.com/images/80241aca/d848/475e/80e3/7a47d1	at android.os.HandlerThread.run(HandlerThread.java:85)
06-23 13:41:12.929 13106 15160 E IbraStreamService: Using default Browser User-Agent for: https://rue-cobalt.xenon.zone/tunnel?id=V5RyqatMv4RfeUGDdEPWX&exp=1782214962855&sig=Wh-MsBAyjZcrYjizPzCc8GmXad9JjMhnNR5k_PAc73g&sec=gOn3U2O70FzqKNtEKh9-d5yJ67TC-VCAoLG4CUDc5BE&iv=VwnBR0dhpHjWp7DyTOyHjA
06-23 13:41:12.930  2303  2480 W Failed to fetch image at uri=https://resources.tidal.com/images/80241aca/d848/475e/80e3/7a47d1java.io.FileNotFoundException: No content provider: https://resources.tidal.com/images/80241aca/d848/475e/80e3/7a47d1f1a468/640x640.jpg
06-23 13:41:12.930  2303  2480 W Failed to fetch image at uri=https://resources.tidal.com/images/80241aca/d848/475e/80e3/7a47d1	at android.content.ContentResolver.openTypedAssetFileDescriptor(ContentResolver.java:2029)
06-23 13:41:12.930  2303  2480 W Failed to fetch image at uri=https://resources.tidal.com/images/80241aca/d848/475e/80e3/7a47d1	at android.content.ContentResolver.openAssetFileDescriptor(ContentResolver.java:1858)
06-23 13:41:12.930  2303  2480 W Failed to fetch image at uri=https://resources.tidal.com/images/80241aca/d848/475e/80e3/7a47d1	at android.content.ContentResolver.openInputStream(ContentResolver.java:1528)
06-23 13:41:12.930  2303  2480 W Failed to fetch image at uri=https://resources.tidal.com/images/80241aca/d848/475e/80e3/7a47d1	at com.android.bluetooth.audio_util.Image.getImageFromUri(Image.java:200)
06-23 13:41:12.930  2303  2480 W Failed to fetch image at uri=https://resources.tidal.com/images/80241aca/d848/475e/80e3/7a47d1	at com.android.bluetooth.audio_util.Image.setImage(Image.java:164)
06-23 13:41:12.930  2303  2480 W Failed to fetch image at uri=https://resources.tidal.com/images/80241aca/d848/475e/80e3/7a47d1	at com.android.bluetooth.audio_util.Image.setImage(Image.java:156)
06-23 13:41:12.930  2303  2480 W Failed to fetch image at uri=https://resources.tidal.com/images/80241aca/d848/475e/80e3/7a47d1	at com.android.bluetooth.audio_util.Image.<init>(Image.java:78)
06-23 13:41:12.930  2303  2480 W Failed to fetch image at uri=https://resources.tidal.com/images/80241aca/d848/475e/80e3/7a47d1	at com.android.bluetooth.audio_util.Metadata$Builder.fromMediaMetadata(Metadata.java:232)
06-23 13:41:12.930  2303  2480 W Failed to fetch image at uri=https://resources.tidal.com/images/80241aca/d848/475e/80e3/7a47d1	at com.android.bluetooth.audio_util.Util.toMetadata(Util.java:108)
06-23 13:41:12.930  2303  2480 W Failed to fetch image at uri=https://resources.tidal.com/images/80241aca/d848/475e/80e3/7a47d1	at com.android.bluetooth.audio_util.MediaPlayerWrapper$MediaControllerListener.onMetadataChanged(MediaPlayerWrapper.java:512)
06-23 13:41:12.930  2303  2480 W Failed to fetch image at uri=https://resources.tidal.com/images/80241aca/d848/475e/80e3/7a47d1	at android.media.session.MediaController$MessageHandler.handleMessage(MediaController.java:1205)
06-23 13:41:12.930  2303  2480 W Failed to fetch image at uri=https://resources.tidal.com/images/80241aca/d848/475e/80e3/7a47d1	at android.os.Handler.dispatchMessage(Handler.java:107)
06-23 13:41:12.930  2303  2480 W Failed to fetch image at uri=https://resources.tidal.com/images/80241aca/d848/475e/80e3/7a47d1	at android.os.Looper.loopOnce(Looper.java:234)
06-23 13:41:12.930  2303  2480 W Failed to fetch image at uri=https://resources.tidal.com/images/80241aca/d848/475e/80e3/7a47d1	at android.os.Looper.loop(Looper.java:319)
06-23 13:41:12.930  2303  2480 W Failed to fetch image at uri=https://resources.tidal.com/images/80241aca/d848/475e/80e3/7a47d1	at android.os.HandlerThread.run(HandlerThread.java:85)
06-23 13:41:12.930  2303  2480 W AudioMediaPlayerWrapper: onMetadataChanged(): com.ibrastream.app tried to update with no new data
06-23 13:41:12.932 13106 15160 I CapacitorCookies: Getting cookies at: 'https://rue-cobalt.xenon.zone/tunnel?id=V5RyqatMv4RfeUGDdEPWX&exp=1782214962855&sig=Wh-MsBAyjZcrYjizPzCc8GmXad9JjMhnNR5k_PAc73g&sec=gOn3U2O70FzqKNtEKh9-d5yJ67TC-VCAoLG4CUDc5BE&iv=VwnBR0dhpHjWp7DyTOyHjA'
06-23 13:41:12.932  2303  2480 W Failed to fetch image at uri=https://resources.tidal.com/images/80241aca/d848/475e/80e3/7a47d1java.io.FileNotFoundException: No content provider: https://resources.tidal.com/images/80241aca/d848/475e/80e3/7a47d1f1a468/640x640.jpg
