06-23 15:21:49.288  1799  1819 E ApplicationHelper: Fail to get PackageManager
06-23 15:21:49.388 17778 17905 I Finsky  : [2518] playLoggingServerUrl: https://play.googleapis.com/play/log
06-23 15:21:49.388 17778 17905 I Finsky  : [2518] playLoggingServerTimestampUrl: https://play.googleapis.com/play/log/timestamp
06-23 15:21:49.414  1135  1212 I libPowerHal: [perfLockAcq] idx:1 hdl:61070 hint:25 pid:1135 tid:1135 duration:10000 lock_user:vendor.mediatek => ret_hdl:61070
06-23 15:21:49.414  1135  1212 I libPowerHal: [PE] MTKPOWER_HINT_APP_TOUCH update cmd:410000, param:1, pr:3
06-23 15:21:49.414  1135  1212 I libPowerHal: [PE] MTKPOWER_HINT_APP_TOUCH update cmd:400000 param:3000000 pr:3
06-23 15:21:49.414  1135  1212 I libPowerHal: [PE] MTKPOWER_HINT_APP_TOUCH update cmd:400100 param:3000000 pr:3
06-23 15:21:49.414  1135  1212 I libPowerHal: value: 1
06-23 15:21:49.414  1135  1212 I libPowerHal: [PE] MTKPOWER_HINT_APP_TOUCH update cmd:410000 param:1 pr:3
06-23 15:21:49.415  1135  1212 I libPowerHal: [setDvfsrcDevFreqOpp] opp:0, freq:3600000000
06-23 15:21:49.415  1135  1212 I libPowerHal: [PE] MTKPOWER_HINT_APP_TOUCH update cmd:1000000 param:0 pr:3
06-23 15:21:49.415  1135  1212 I libPowerHal: [recordCPUFreqInfo] set cluster[0] min(MTKPOWER_HINT_APP_TOUCH): 1700000 max(-1): -1 cluster[1] min(MTKPOWER_HINT_APP_TOUCH): 2000000 max(-1): -1
06-23 15:21:49.415  1135  1212 I libPowerHal: [perfLockAcq] Done for hdl : 61070
06-23 15:21:49.415  1799  1819 I ThreeFingerPointerEventListener: onPointDown... pointIndex = 0, pointId = 0 currentX = 597.75, currentY = 1370.75 mTouchRegion:Rect(43, 96 - 676, 1507)
06-23 15:21:49.429  1799  3061 I mtkpower_client: perf_lock_acq, hdl:61069, dur:1000, num:4, pid:1799, tid:3061
06-23 15:21:49.430  1799  3061 I mtkpower_client: ret_hdl:61071
06-23 15:21:49.431  1135  1212 I libPowerHal: [perfLockAcq] idx:2 hdl:61071 hint:-1 pid:1799 tid:3061 duration:1000 lock_user:system_server => ret_hdl:61071
06-23 15:21:49.431  1135  1212 I libPowerHal: [PE] system_server update ONESHOT(set) cmd:1444200 param:11925 pr:3
06-23 15:21:49.431  1135  1212 I libPowerHal: [PE] system_server update ONESHOT(set) cmd:1444600 param:70 pr:3
06-23 15:21:49.431  1135  1212 I libPowerHal: [perfLockAcq] Done for hdl : 61071
06-23 15:21:49.440   377   377 I lowmemorykiller: Kill 'com.android.providers.calendar' (17708), uid 10085, oom_score_adj 905 to free 68956kB rss, 38480kB swap; reason: device is not responding
06-23 15:21:49.444   377   388 E lowmemorykiller: process_mrelease 17708 failed: No such process
06-23 15:21:49.446 17666 17769 I PlayCore: UID: [10158]  PID: [17666] AppUpdateService : Unbind from service.
06-23 15:21:49.446 17666 17674 I PlayCore: UID: [10158]  PID: [17666] OnRequestInstallCallback : onRequestInfo
06-23 15:21:49.450  1799  1819 E ApplicationHelper: Fail to get PackageManager
06-23 15:21:49.450  1799  1819 E ApplicationHelper: Fail to get PackageManager
06-23 15:21:49.460  1799  1819 E ApplicationHelper: Fail to get PackageManager
06-23 15:21:49.461 17778 17778 I Finsky  : [2] Memory trim requested to level 40
06-23 15:21:49.461  1799  1819 E ApplicationHelper: Fail to get PackageManager
06-23 15:21:49.462 17778 17778 I Finsky  : [2] Flushing in-memory image cache
06-23 15:21:49.466 17778 17778 I Finsky  : [2] Device is eligible for platform Cronet and will attempt to use it.
06-23 15:21:49.476  1488  1517 I .gms.persistent: Background young concurrent mark compact GC freed 22MB AllocSpace bytes, 19(636KB) LOS objects, 41% free, 28MB/48MB, paused 889us,8.995ms total 676.851ms
06-23 15:21:49.485  1799  3061 I ActivityManager: Process com.android.providers.calendar (pid 17708) has died: cch+5 CEM 
06-23 15:21:49.487  1099  1099 I Zygote  : Process 17708 exited due to signal 9 (Killed)
06-23 15:21:49.487  1799  3061 I mtkpower_client: [PowerHal_Wrap_notifyAppState] com.android.providers.calendar/com.android.providers.calendar pid=17708 activityId:17708 state:3
06-23 15:21:49.487  1132  1132 I vendor.mediatek.hardware.mtkpower_applist-service.mediatek: packName: com.android.providers.calendar actName: com.android.providers.calendar pid: 17708 activityId: 17708 uid: 10085 state: 3
06-23 15:21:49.487  1132  1132 I MTK_APPList: [notifyAPPstate] com.android.providers.calendar/com.android.providers.calendar, pid=17708, activityId=17708, uid=10085, state:DEAD, fps:-1, win:0
06-23 15:21:49.488  1132  1132 I MTK_APPList: [notifyAPPstate] multi_resumed_app_count: 1
06-23 15:21:49.488  1132  1132 I MTK_APPList: [notifyAPPstate] multi_resumed_app_info[0] com.ibrastream.app/com.ibrastream.app.MainActivity, pid:11925, activityId:249303850, fps:-1, isMultiWindow:0
06-23 15:21:49.488  1132  1132 I MTK_APPList: [getForegroundAPPCount] 1
06-23 15:21:49.488  1132  1132 I MTK_APPList: [notifyAPPstate] pack:com.android.providers.calendar, pid:17708, STATE_DEAD
06-23 15:21:49.488  1132  1132 I MTK_APPList: [notifyNetdUID] 10320
06-23 15:21:49.488  1132  1132 I MTK_APPList: [notifyPID] 11925
06-23 15:21:49.488  1135  1212 I libPowerHal: [perfSetSysInfo] pid type:24, 11925
06-23 15:21:49.490  1799  1832 I libprocessgroup: Removed cgroup /sys/fs/cgroup/uid_10085/pid_17708
06-23 15:21:49.490  1799  1832 W libprocessgroup: RemoveCgroup: /dev/memcg/apps/uid_10085/pid_17708 does not exist.
06-23 15:21:49.499 17778 17778 I cn_CronetLibraryLoader: Cronet version: 147.0.7727.45, arch: aarch64
06-23 15:21:49.510 17778 17778 I Finsky  : [2] CronetEngine is present. Using Cronet for the networking stack.
06-23 15:21:49.525  1135  1212 I libPowerHal: [perfLockRel] hdl:61070, idx:1
06-23 15:21:49.525  1135  1212 I libPowerHal: [PD] MTKPOWER_HINT_APP_TOUCH update cmd:410000 param:0, pr:6
06-23 15:21:49.525  1135  1212 I libPowerHal: [PD] MTKPOWER_HINT_APP_TOUCH update cmd:400000 param:-1 pr:6
06-23 15:21:49.525  1135  1212 I libPowerHal: [PD] MTKPOWER_HINT_APP_TOUCH update cmd:400100 param:-1 pr:6
06-23 15:21:49.525  1135  1212 I libPowerHal: value: 0
06-23 15:21:49.525  1135  1212 I libPowerHal: [PD] MTKPOWER_HINT_APP_TOUCH update cmd:410000 param:0 pr:6
06-23 15:21:49.525  1135  1212 I libPowerHal: [PD] MTKPOWER_HINT_APP_TOUCH update cmd:1000000 param:-1 pr:6
06-23 15:21:49.525  1135  1212 I libPowerHal: [recordCPUFreqInfo] set cluster[0] min(-1): -1 max(-1): -1 cluster[1] min(-1): -1 max(-1): -1
06-23 15:21:49.525  1135  1212 I libPowerHal: [perfLockRel] Done for hdl : 61070
06-23 15:21:49.635  1164  1164 I BufferQueueProducer: [com.ibrastream.app/com.ibrastream.app.MainActivity#39996](this:0xb400006fd59fa8e0,id:-1,api:0,p:-1,c:1164) queueBuffer: fps=45.42 dur=1012.77 max=33.53 min=11.10
06-23 15:21:49.637  1112  1127 I hwcomposer: [HWCDisplay] (0 updateFps():3644), (type:1, mode:2) fps:45.418987,dur:1012.79,max:33.72,min:10.99  
06-23 15:21:49.684  1488  1500 W .gms.persistent: Missing inline cache for bjcv bjdb.a(jktb, bjco, java.lang.String, java.lang.String, hijk)
06-23 15:21:49.684  1488  1500 W .gms.persistent: Missing inline cache for bjcv bjdb.a(jktb, bjco, java.lang.String, java.lang.String, hijk)
06-23 15:21:49.684  1488  1500 W .gms.persistent: Missing inline cache for bjcv bjdb.a(jktb, bjco, java.lang.String, java.lang.String, hijk)
06-23 15:21:49.693  1799  3734 I WifiService: releaseWifiLock uid=10320
06-23 15:21:49.701  1799  3762 I WifiService: releaseWifiLock uid=10320
06-23 15:21:49.708 11925 11925 I Capacitor/Console: File:  - Line 333 - Msg: undefined
06-23 15:21:49.715  2108  2108 W ConstraintSet: id unknown center_vertical_guideline
06-23 15:21:49.715  2108  2108 W ConstraintSet: id unknown action_button_guideline
06-23 15:21:49.715  2108  2108 W ConstraintSet: id unknown icon
06-23 15:21:49.715  2108  2108 W ConstraintSet: id unknown media_seamless
06-23 15:21:49.715  2108  2108 W ConstraintSet: id unknown media_action_barrier_start
06-23 15:21:49.715  2108  2108 W ConstraintSet: id unknown media_action_barrier_end
06-23 15:21:49.715  2108  2108 W ConstraintSet: id unknown media_action_barrier_top
06-23 15:21:49.715  2108  2108 W ConstraintSet: id unknown remove_text
06-23 15:21:49.715  2108  2108 W ConstraintSet: id unknown settings
06-23 15:21:49.715  2108  2108 W ConstraintSet: id unknown dismiss
06-23 15:21:49.715  2108  2108 W ConstraintSet: id unknown cancel
06-23 15:21:49.718  1107 10386 I AudioALSAStreamOut: updateSourceMetadata(), do nothing source_metadata = 0x7b5ac5dfe8
06-23 15:21:49.725  2303  2480 I bluetooth: avrcp_service.cc:646 SendMediaUpdate: track_changed=false :  play_state=true :  queue=false
06-23 15:21:49.727  2303  2480 W AudioMediaPlayerWrapper: onPlaybackStateChanged(): com.ibrastream.app tried to update with no new data
06-23 15:21:49.742  1799  1819 E ApplicationHelper: Fail to get PackageManager
06-23 15:21:49.744  1132  1181 I libPerfCtl: xgfGetFPS pid:2108 fps:-1
06-23 15:21:49.744  1132  1181 I libPerfCtl: xgfGetFPS pid:11925 fps:-1
06-23 15:21:49.748 11925 11925 I Capacitor/Console: File:  - Line 333 - Msg: undefined
06-23 15:21:49.843  1152  1557 I AudioEffect: disable 0xb4000072916ee650
06-23 15:21:49.844  1107 10386 I AudioALSAStreamOut: updateSourceMetadata(), do nothing source_metadata = 0x7b5ac5dfe8
06-23 15:21:49.845  1152  1557 I AudioEffect: Destructor 0xb4000072916ee650
06-23 15:21:49.847  1152  1557 I AudioFlinger_Threads: removeEffect_l(): 0xb400007414a0d7b0, effect = 0xb4000072116e99f0, name = Music Volume Listener
06-23 15:21:49.855  1107  3863 I AHAL_EffectImpl: command: line250 return with expr mState == State::IDLE
06-23 15:21:49.856  1107  3863 I AHAL_EffectImpl: Music Volume ListenerV2close
06-23 15:21:49.864  1107  3863 E AHAL_EffectImpl: command: line237 return with expr mState == State::INIT
06-23 15:21:49.864  1107  3863 I AHAL_EffectImpl: close: line91 return with expr mState == State::INIT
06-23 15:21:49.864  1152  1557 I EffectChain: removeEffect_l() effect 0xb4000072116e99f0, removed from chain 0xb4000073216ed4f0 at rank 1
06-23 15:21:49.865  1152  1557 I EffectModule: Destructor 0xb4000072116e99f0
06-23 15:21:49.866  1152  1557 W audioserver: Binder 0xb4000072316db860 destroyed after setInheritRt before being parceled.
06-23 15:21:49.866  1152  1557 W audioserver: Binder 0xb4000072316db860 destroyed after setMinSchedulerPolicy before being parceled.
06-23 15:21:49.872  1152  1557 W AudioPolicyManagerCustomImpl: [MTK_APM_Route]setOutputDevices() mIoHandle 21 mId 6 device (0x2)(0x1, 0x2, 0x4, 0x8, 0x10, 0x20, 0x40, 0x4000, 0x4000000) delayMs 170 force 0 size 4
06-23 15:21:49.883  1152  1557 I AudioFlinger_Threads: removeEffectChain_l() 0xb4000073216f98b0 from thread 0xb400007414a0d7b0 for session 0
06-23 15:21:49.883  1152  1557 I AudioFlinger_Threads: removeEffect_l(): 0xb400007414a0d7b0, effect = 0xb4000072116e5b70, name = DAP
06-23 15:21:49.883  1152  1557 I EffectChain: removeEffect_l() effect 0xb4000072116e5b70, removed from chain 0xb4000073216f98b0 at rank 0
06-23 15:21:49.884  1152  1557 I AudioFlinger_Threads: removeEffectChain_l() 0xb4000073216f98b0 from thread 0xb400007414a0d7b0 for session 0
06-23 15:21:49.884  1152  1557 I EffectChain: EffectChain(): new EffectChain = 0xb4000073216f9670
06-23 15:21:49.884  1152  1557 I AudioFlinger_Threads: addEffect_ll: 0xb40000741a8557b0 chain 0xb4000073216f9670 effect 0xb4000072116e5b70,name = DAP
06-23 15:21:49.884  1152  1557 I EffectChain: addEffect_l() effect 0xb4000072116e5b70, added in chain 0xb4000073216f9670 at rank 0
06-23 15:21:49.885  1107 10386 I DlbDap2Process: configure(sampleRate=48000, inChannels=0x3, outChannels=0x3)
06-23 15:21:49.889  1152  1557 I EffectChain: ~EffectChain(): delete EffectChain = 0xb4000073216f98b0
06-23 15:21:49.986  2108  2108 W ConstraintSet: id unknown center_vertical_guideline
06-23 15:21:49.986  2108  2108 W ConstraintSet: id unknown action_button_guideline
06-23 15:21:49.986  2108  2108 W ConstraintSet: id unknown icon
06-23 15:21:49.986  2108  2108 W ConstraintSet: id unknown media_seamless
06-23 15:21:49.987  2108  2108 W ConstraintSet: id unknown media_action_barrier_start
06-23 15:21:49.987  2108  2108 W ConstraintSet: id unknown media_action_barrier_end
06-23 15:21:49.987  2108  2108 W ConstraintSet: id unknown media_action_barrier_top
06-23 15:21:49.987  2108  2108 W ConstraintSet: id unknown remove_text
06-23 15:21:49.987  2108  2108 W ConstraintSet: id unknown settings
06-23 15:21:49.987  2108  2108 W ConstraintSet: id unknown dismiss
06-23 15:21:49.987  2108  2108 W ConstraintSet: id unknown cancel
06-23 15:21:50.053 11925 11925 I Capacitor/Console: File:  - Line 333 - Msg: undefined
06-23 15:21:50.102  2108  2108 W ConstraintSet: id unknown center_vertical_guideline
06-23 15:21:50.102  2108  2108 W ConstraintSet: id unknown action_button_guideline
06-23 15:21:50.102  2108  2108 W ConstraintSet: id unknown icon
06-23 15:21:50.102  2108  2108 W ConstraintSet: id unknown media_seamless
06-23 15:21:50.102  2108  2108 W ConstraintSet: id unknown media_action_barrier_start
06-23 15:21:50.102  2108  2108 W ConstraintSet: id unknown media_action_barrier_end
06-23 15:21:50.102  2108  2108 W ConstraintSet: id unknown media_action_barrier_top
06-23 15:21:50.102  2108  2108 W ConstraintSet: id unknown remove_text
06-23 15:21:50.102  2108  2108 W ConstraintSet: id unknown settings
06-23 15:21:50.102  2108  2108 W ConstraintSet: id unknown dismiss
06-23 15:21:50.102  2108  2108 W ConstraintSet: id unknown cancel
06-23 15:21:50.124  2108  2115 I ndroid.systemui: Background young concurrent mark compact GC freed 21MB AllocSpace bytes, 34(3152KB) LOS objects, 35% free, 34MB/53MB, paused 1.486ms,11.858ms total 133.103ms
06-23 15:21:50.140  2108  2117 W System  : A resource failed to call release. 
06-23 15:21:50.140  2108  2117 W System  : A resource failed to call release. 
06-23 15:21:50.140  2108  2117 W System  : A resource failed to call release. 
06-23 15:21:50.196  2108  2108 W ConstraintSet: id unknown center_vertical_guideline
06-23 15:21:50.196  2108  2108 W ConstraintSet: id unknown action_button_guideline
06-23 15:21:50.196  2108  2108 W ConstraintSet: id unknown icon
06-23 15:21:50.196  2108  2108 W ConstraintSet: id unknown media_seamless
06-23 15:21:50.196  2108  2108 W ConstraintSet: id unknown media_action_barrier_start
06-23 15:21:50.196  2108  2108 W ConstraintSet: id unknown media_action_barrier_end
06-23 15:21:50.196  2108  2108 W ConstraintSet: id unknown media_action_barrier_top
06-23 15:21:50.196  2108  2108 W ConstraintSet: id unknown remove_text
06-23 15:21:50.197  2108  2108 W ConstraintSet: id unknown settings
06-23 15:21:50.197  2108  2108 W ConstraintSet: id unknown dismiss
06-23 15:21:50.197  2108  2108 W ConstraintSet: id unknown cancel
06-23 15:21:50.237  1135  1212 I libPowerHal: [perfLockAcq] idx:1 hdl:61072 hint:25 pid:1135 tid:1135 duration:10000 lock_user:vendor.mediatek => ret_hdl:61072
06-23 15:21:50.238  1799  1819 I ThreeFingerPointerEventListener: onPointDown... pointIndex = 0, pointId = 0 currentX = 597.75, currentY = 1370.75 mTouchRegion:Rect(43, 96 - 676, 1507)
06-23 15:21:50.238  1135  1212 I libPowerHal: [PE] MTKPOWER_HINT_APP_TOUCH update cmd:410000, param:1, pr:3
06-23 15:21:50.238  1135  1212 I libPowerHal: [PE] MTKPOWER_HINT_APP_TOUCH update cmd:400000 param:3000000 pr:3
06-23 15:21:50.238  1135  1212 I libPowerHal: [PE] MTKPOWER_HINT_APP_TOUCH update cmd:400100 param:3000000 pr:3
06-23 15:21:50.238  1135  1212 I libPowerHal: value: 1
06-23 15:21:50.238  1135  1212 I libPowerHal: [PE] MTKPOWER_HINT_APP_TOUCH update cmd:410000 param:1 pr:3
06-23 15:21:50.238  1135  1212 I libPowerHal: [setDvfsrcDevFreqOpp] opp:0, freq:3600000000
06-23 15:21:50.238  1135  1212 I libPowerHal: [PE] MTKPOWER_HINT_APP_TOUCH update cmd:1000000 param:0 pr:3
06-23 15:21:50.239  1135  1212 I libPowerHal: [recordCPUFreqInfo] set cluster[0] min(MTKPOWER_HINT_APP_TOUCH): 1700000 max(-1): -1 cluster[1] min(MTKPOWER_HINT_APP_TOUCH): 2000000 max(-1): -1
06-23 15:21:50.239  1135  1212 W LibMBrainProxy: MBrain offline
06-23 15:21:50.239  1135  1212 I libPowerHal: [perfLockAcq] Done for hdl : 61072
06-23 15:21:50.271  1799  1819 E ApplicationHelper: Fail to get PackageManager
06-23 15:21:50.272  1799  1819 E ApplicationHelper: Fail to get PackageManager
06-23 15:21:50.273  1799  1819 E ApplicationHelper: Fail to get PackageManager
06-23 15:21:50.273  1799  1819 E ApplicationHelper: Fail to get PackageManager
06-23 15:21:50.275  1098  1589 I netd    : tetherGetStats() -> {[TetherStatsParcel{iface: ccmni0, rxBytes: 59734, rxPackets: 151, txBytes: 105349, txPackets: 265, ifIndex: 0}, TetherStatsParcel{iface: wlan0, rxBytes: 30218527197, rxPackets: 27263588, txBytes: 3455439578, txPackets: 6726314, ifIndex: 0}]} <2.31ms>
06-23 15:21:50.329  2071  2075 I WifiHAL : feature_set=0x8488341a
06-23 15:21:50.347  1135  1212 I libPowerHal: [perfLockRel] hdl:61072, idx:1
06-23 15:21:50.348  1135  1212 I libPowerHal: [PD] MTKPOWER_HINT_APP_TOUCH update cmd:410000 param:0, pr:6
06-23 15:21:50.348  1135  1212 I libPowerHal: [PD] MTKPOWER_HINT_APP_TOUCH update cmd:400000 param:-1 pr:6
06-23 15:21:50.348  1135  1212 I libPowerHal: [PD] MTKPOWER_HINT_APP_TOUCH update cmd:400100 param:-1 pr:6
06-23 15:21:50.348  1135  1212 I libPowerHal: value: 0
06-23 15:21:50.348  1135  1212 I libPowerHal: [PD] MTKPOWER_HINT_APP_TOUCH update cmd:410000 param:0 pr:6
06-23 15:21:50.349  1135  1212 I libPowerHal: [PD] MTKPOWER_HINT_APP_TOUCH update cmd:1000000 param:-1 pr:6
06-23 15:21:50.349  1135  1212 I libPowerHal: [recordCPUFreqInfo] set cluster[0] min(-1): -1 max(-1): -1 cluster[1] min(-1): -1 max(-1): -1
06-23 15:21:50.349  1135  1212 I libPowerHal: [perfLockRel] Done for hdl : 61072
06-23 15:21:50.374  1152 21330 I AudioEffect: set 0xb4000072916e8e70 uuid: 0x0 timeLow 00000000
06-23 15:21:50.376  1152 21330 W Permission: The package name(android) provided does not correspond to the uid 1041
06-23 15:21:50.376  1799  3734 I WifiService: acquireWifiLock uid=10320 lockMode=3 packageName=com.ibrastream.app
06-23 15:21:50.376  1152 21330 I AudioFlinger: createEffect pid 1152, effectClient 0xb4000071e16fe110, priority 0, sessionId 18089, io 21, factory 0xb4000073316e2f90
06-23 15:21:50.376  1152 21330 I AudioFlinger_Threads: createEffect_l() thread 0xb400007414a0d7b0 effect Music Volume Listener on session 18089
06-23 15:21:50.376  1152 21330 I AudioFlinger_Threads: createEffect_l() got effect 0x0 on chain 0xb4000073216ed4f0
06-23 15:21:50.377  1152 21330 I EffectHalAidl: createAidlConversion create UUID AudioUuid{timeLow: -92152866, timeMid: 22667, timeHiAndVersion: 4589, clockSeq: 39786, node: [2, 66, 172, 18, 0, 2]}
06-23 15:21:50.378  1152 21330 I EffectModule: EffectModule Constructor success name Music Volume Listener, Interface 0xb4000071816f0420
06-23 15:21:50.378  1152 21330 I EffectChain: addEffect_l() effect 0xb4000072116e9090, added in chain 0xb4000073216ed4f0 at rank 1
06-23 15:21:50.380  1107  3863 I AHAL_EffectImpl: Music Volume ListenerV2open
06-23 15:21:50.382  1799  3734 I MediaSessionStack: onPlaybackStateChanged - Pushing session to top | record: com.ibrastream.app/androidx.media3.session.id./94 (userId=0)
06-23 15:21:50.383  1152 21330 I AudioEffect: set() 0xb4000072916e8e70 OK effect: Music Volume Listener id: 14331 status 0 enabled 0 pid 1152
06-23 15:21:50.383  1152 21330 I AudioEffect: enable 0xb4000072916e8e70
06-23 15:21:50.384  1152 21330 I AudioFlinger_Threads: removeEffectChain_l() 0xb4000073216f9670 from thread 0xb40000741a8557b0 for session 0
06-23 15:21:50.384  1152 21330 I AudioFlinger_Threads: removeEffect_l(): 0xb40000741a8557b0, effect = 0xb4000072116e5b70, name = DAP
06-23 15:21:50.385  1152 21330 I EffectChain: removeEffect_l() effect 0xb4000072116e5b70, removed from chain 0xb4000073216f9670 at rank 0
06-23 15:21:50.385  1152 21330 I AudioFlinger_Threads: removeEffectChain_l() 0xb4000073216f9670 from thread 0xb40000741a8557b0 for session 0
06-23 15:21:50.385  1152 21330 I EffectChain: EffectChain(): new EffectChain = 0xb4000073216f0550
06-23 15:21:50.386  1152 21330 I AudioFlinger_Threads: addEffect_ll: 0xb400007414a0d7b0 chain 0xb4000073216f0550 effect 0xb4000072116e5b70,name = DAP
06-23 15:21:50.386  1152 21330 I EffectChain: addEffect_l() effect 0xb4000072116e5b70, added in chain 0xb4000073216f0550 at rank 0
06-23 15:21:50.387  1107  3863 I DlbDap2Process: configure(sampleRate=48000, inChannels=0x3, outChannels=0x3)
06-23 15:21:50.387  1799  3061 I WifiService: acquireWifiLock uid=10320 lockMode=3 packageName=com.ibrastream.app
06-23 15:21:50.391  1152 21330 I EffectChain: ~EffectChain(): delete EffectChain = 0xb4000073216f9670
06-23 15:21:50.410  2108  2108 W ConstraintSet: id unknown center_vertical_guideline
06-23 15:21:50.411  2108  2108 W ConstraintSet: id unknown action_button_guideline
06-23 15:21:50.411  2108  2108 W ConstraintSet: id unknown icon
06-23 15:21:50.411  2108  2108 W ConstraintSet: id unknown media_seamless
06-23 15:21:50.411  2108  2108 W ConstraintSet: id unknown media_action_barrier_start
06-23 15:21:50.411  2108  2108 W ConstraintSet: id unknown media_action_barrier_end
06-23 15:21:50.411  2108  2108 W ConstraintSet: id unknown media_action_barrier_top
06-23 15:21:50.411  2108  2108 W ConstraintSet: id unknown remove_text
06-23 15:21:50.411  2108  2108 W ConstraintSet: id unknown settings
06-23 15:21:50.411  2108  2108 W ConstraintSet: id unknown dismiss
06-23 15:21:50.411  2108  2108 W ConstraintSet: id unknown cancel
06-23 15:21:50.421  1799  3768 I ActivityManager: Background started FGS: Allowed [callingPackage: com.ibrastream.app; callingUid: 10320; uidState: TOP ; uidBFSL: [BFSL]; intent: Intent { cmp=com.ibrastream.app/.PlaybackService }; code:PROC_STATE_TOP; tempAllowListReason:<null>; targetSdkVersion:36; callerTargetSdkVersion:36; startForegroundCount:5; bindFromPackage:null: isBindService:false]
06-23 15:21:50.425  2303  2480 I bluetooth: avrcp_service.cc:646 SendMediaUpdate: track_changed=false :  play_state=true :  queue=false
06-23 15:21:50.426  2303  2480 W AudioMediaPlayerWrapper: onPlaybackStateChanged(): com.ibrastream.app tried to update with no new data
06-23 15:21:50.432  1135  1212 I mtkpower@impl: [powerd_req] TIMER_MSG_PERF_LOCK_TIMEOUT hdl:61071
06-23 15:21:50.432  1135  1212 I libPowerHal: [perfLockRel] hdl:61071, idx:2
06-23 15:21:50.432  1135  1212 I libPowerHal: [PD] system_server update ONESHOT(unset) cmd:1444200 param:11925 pr:3
06-23 15:21:50.433  1135  1212 I libPowerHal: [PD] system_server update ONESHOT(unset) cmd:1444600 param:70 pr:3
06-23 15:21:50.433  1135  1212 I libPowerHal: [perfLockRel] Done for hdl : 61071
06-23 15:21:50.433  1799  3768 I mtkpower_client: perf_lock_acq, hdl:61071, dur:808, num:4, pid:1799, tid:3768
06-23 15:21:50.434  1799  3768 I mtkpower_client: ret_hdl:61073
06-23 15:21:50.435  1135  1212 I libPowerHal: [perfLockAcq] idx:1 hdl:61073 hint:-1 pid:1799 tid:3768 duration:808 lock_user:system_server => ret_hdl:61073
06-23 15:21:50.435  1135  1212 I libPowerHal: [PE] system_server update ONESHOT(set) cmd:1444200 param:11925 pr:3
06-23 15:21:50.435  1135  1212 I libPowerHal: [PE] system_server update ONESHOT(set) cmd:1444600 param:70 pr:3
06-23 15:21:50.435  1135  1212 I libPowerHal: [perfLockAcq] Done for hdl : 61073
06-23 15:21:50.443  1107 10386 I AudioALSAStreamOut: updateSourceMetadata(), do nothing source_metadata = 0x7b5ac5dfe8
06-23 15:21:50.478 11925 11925 I Capacitor/Console: File:  - Line 333 - Msg: undefined
06-23 15:21:50.492 11925 11925 I Capacitor/Console: File:  - Line 333 - Msg: undefined
06-23 15:21:50.659  1164  1164 I BufferQueueProducer: [com.ibrastream.app/com.ibrastream.app.MainActivity#39996](this:0xb400006fd59fa8e0,id:-1,api:0,p:-1,c:1164) queueBuffer: fps=34.18 dur=1023.98 max=178.27 min=10.71
06-23 15:21:50.661  1112  1127 I hwcomposer: [HWCDisplay] (0 updateFps():3644), (type:1, mode:2) fps:34.177246,dur:1024.07,max:178.60,min:10.43  
06-23 15:21:50.745  1132  1181 I libPerfCtl: xgfGetFPS pid:2108 fps:-1
06-23 15:21:50.745  1132  1181 I libPerfCtl: xgfGetFPS pid:11925 fps:-1
06-23 15:21:50.875  2108  2108 W ConstraintSet: id unknown center_vertical_guideline
06-23 15:21:50.875  2108  2108 W ConstraintSet: id unknown action_button_guideline
06-23 15:21:50.875  2108  2108 W ConstraintSet: id unknown icon
06-23 15:21:50.875  2108  2108 W ConstraintSet: id unknown media_seamless
06-23 15:21:50.876  2108  2108 W ConstraintSet: id unknown media_action_barrier_start
06-23 15:21:50.876  2108  2108 W ConstraintSet: id unknown media_action_barrier_end
06-23 15:21:50.876  2108  2108 W ConstraintSet: id unknown media_action_barrier_top
06-23 15:21:50.876  2108  2108 W ConstraintSet: id unknown remove_text
06-23 15:21:50.876  2108  2108 W ConstraintSet: id unknown settings
06-23 15:21:50.876  2108  2108 W ConstraintSet: id unknown dismiss
06-23 15:21:50.876  2108  2108 W ConstraintSet: id unknown cancel
06-23 15:21:50.978  2108  2115 I ndroid.systemui: Background young concurrent mark compact GC freed 13MB AllocSpace bytes, 22(2944KB) LOS objects, 37% free, 33MB/53MB, paused 1.416ms,9.423ms total 94.903ms
06-23 15:21:50.989  1164  1251 I SurfaceFlinger: onHandleDestroyed: name=Surface(name=Task=1648)/@0x333b919_transition-leash#39995, layerId=39995, parentId=0
06-23 15:21:50.994  1164  1164 I BufferQueueDebug: [Surface(name=Task=1648)/@0x333b919_transition-leash#39995](this:0xb400006fd5774230,id:-1,api:0,p:-1,c:1164) onDestructor()
06-23 15:21:51.121 11925 11925 I Capacitor/Console: File:  - Line 333 - Msg: undefined
06-23 15:21:51.201  1799  1819 E ApplicationHelper: Fail to get PackageManager
06-23 15:21:51.244  1135  1212 I mtkpower@impl: [powerd_req] TIMER_MSG_PERF_LOCK_TIMEOUT hdl:61073
06-23 15:21:51.244  1135  1212 I libPowerHal: [perfLockRel] hdl:61073, idx:1
06-23 15:21:51.245  1799  2519 I mtkpower_client: perf_lock_acq, hdl:61073, dur:1, num:2, pid:1799, tid:2519
06-23 15:21:51.245  1135  1212 I libPowerHal: [PD] system_server update ONESHOT(unset) cmd:1444200 param:11925 pr:3
06-23 15:21:51.245  1135  1212 I libPowerHal: [PD] system_server update ONESHOT(unset) cmd:1444600 param:70 pr:3
06-23 15:21:51.245  1135  1212 I libPowerHal: [perfLockRel] Done for hdl : 61073
06-23 15:21:51.246  1799  2519 I mtkpower_client: ret_hdl:61074
06-23 15:21:51.246  1135  1212 I libPowerHal: [perfLockAcq] idx:1 hdl:61074 hint:-1 pid:1799 tid:2519 duration:1 lock_user:system_server => ret_hdl:61074
06-23 15:21:51.246  1135  1212 I libPowerHal: [PE] system_server update ONESHOT(set) cmd:1444300 param:11925 pr:3
06-23 15:21:51.246  1135  1212 I libPowerHal: [perfLockAcq] Done for hdl : 61074
06-23 15:21:51.247  1799  2519 I mtkpower_client: perf_lock_rel, hdl:61074, tid:2519
06-23 15:21:51.247  1135  1212 I mtkpower@impl: [powerd_req] TIMER_MSG_PERF_LOCK_TIMEOUT hdl:61074
06-23 15:21:51.247  1135  1212 I libPowerHal: [perfLockRel] hdl:61074, idx:1
06-23 15:21:51.248  1135  1212 I libPowerHal: [PD] system_server update ONESHOT(unset) cmd:1444300 param:11925 pr:3
06-23 15:21:51.248  1135  1212 I libPowerHal: [perfLockRel] Done for hdl : 61074
06-23 15:21:51.249  1135  1212 I libPowerHal: [perfLockRel] hdl:61074, idx:-1
06-23 15:21:51.254  1488  1500 W .gms.persistent: Missing inline cache for void bijp.s(bikc)
06-23 15:21:51.254  1488  1500 W .gms.persistent: Missing inline cache for void bijp.s(bikc)
06-23 15:21:51.275  1488 17610 I NetworkScheduler.Stats: (REDACTED) Task %s/%s finished executing. cause:%s result: %s elapsed_millis: %s uptime_millis: %s exec_start_elapsed_seconds: %s
06-23 15:21:51.279  1799  1819 E ApplicationHelper: Fail to get PackageManager
06-23 15:21:51.280  1799  1819 E ApplicationHelper: Fail to get PackageManager
06-23 15:21:51.282  1799  1819 E ApplicationHelper: Fail to get PackageManager
06-23 15:21:51.282  1799  1819 E ApplicationHelper: Fail to get PackageManager
06-23 15:21:51.283  1098  1589 I netd    : tetherGetStats() -> {[TetherStatsParcel{iface: ccmni0, rxBytes: 59734, rxPackets: 151, txBytes: 105349, txPackets: 265, ifIndex: 0}, TetherStatsParcel{iface: wlan0, rxBytes: 30218527249, rxPackets: 27263589, txBytes: 3455439619, txPackets: 6726315, ifIndex: 0}]} <2.68ms>
06-23 15:21:51.661  1164  1164 I BufferQueueProducer: [com.ibrastream.app/com.ibrastream.app.MainActivity#39996](this:0xb400006fd59fa8e0,id:-1,api:0,p:-1,c:1164) queueBuffer: fps=52.93 dur=1001.34 max=33.13 min=10.54
06-23 15:21:51.662  1112  1127 I hwcomposer: [HWCDisplay] (0 updateFps():3644), (type:1, mode:2) fps:52.945534,dur:1001.03,max:33.14,min:9.90  
06-23 15:21:51.745  1132  1181 I libPerfCtl: xgfGetFPS pid:2108 fps:-1
06-23 15:21:51.745  1132  1181 I libPerfCtl: xgfGetFPS pid:11925 fps:-1
06-23 15:21:51.992 17580 17640 I Bugle   : pSIM transferStatus is 0 [CONTEXT sub_id=1 ]
06-23 15:21:52.020 17580 17640 I RcsAvailabilityCache: Cached availability not found for simId: redacted-pii:sim_id[chars:19,last3:392]
06-23 15:21:52.139  1119  1175 I Proximity: distance = 1
06-23 15:21:52.142  1799  1902 W SensorService: Failed to write wake lock handled
06-23 15:21:52.147  1107 10430 W AudioALSAHardware: setParameters(),value 1, GET param keyPsensorState 
06-23 15:21:52.207  1135  1212 I libPowerHal: [perfLockAcq] idx:1 hdl:61075 hint:25 pid:1135 tid:1135 duration:10000 lock_user:vendor.mediatek => ret_hdl:61075
06-23 15:21:52.207  1135  1212 I libPowerHal: [PE] MTKPOWER_HINT_APP_TOUCH update cmd:410000, param:1, pr:3
06-23 15:21:52.208  1135  1212 I libPowerHal: [PE] MTKPOWER_HINT_APP_TOUCH update cmd:400000 param:3000000 pr:3
06-23 15:21:52.208  1135  1212 I libPowerHal: [PE] MTKPOWER_HINT_APP_TOUCH update cmd:400100 param:3000000 pr:3
06-23 15:21:52.208  1135  1212 I libPowerHal: value: 1
06-23 15:21:52.208  1135  1212 I libPowerHal: [PE] MTKPOWER_HINT_APP_TOUCH update cmd:410000 param:1 pr:3
06-23 15:21:52.208  1135  1212 I libPowerHal: [setDvfsrcDevFreqOpp] opp:0, freq:3600000000
06-23 15:21:52.208  1135  1212 I libPowerHal: [PE] MTKPOWER_HINT_APP_TOUCH update cmd:1000000 param:0 pr:3
06-23 15:21:52.208  1135  1212 I libPowerHal: [recordCPUFreqInfo] set cluster[0] min(MTKPOWER_HINT_APP_TOUCH): 1700000 max(-1): -1 cluster[1] min(MTKPOWER_HINT_APP_TOUCH): 2000000 max(-1): -1
06-23 15:21:52.208  1135  1212 I libPowerHal: [perfLockAcq] Done for hdl : 61075
06-23 15:21:52.208  1799  1819 I ThreeFingerPointerEventListener: suppress isInPocket:true isEnableDetected:true isKeyguardLocked:false isInCallState:false mCurrentFocusWindowName∩╝Ücom.ibrastream.app mBlackList∩╝Ü[android.accessibilityservice.cts, com.ape.setupwizard, com.google.android.setupwizard] mChooseBlackList∩╝Ü[]
06-23 15:21:52.273  1799  1819 E ApplicationHelper: Fail to get PackageManager
06-23 15:21:52.292  1799  1819 E ApplicationHelper: Fail to get PackageManager
06-23 15:21:52.292  1799  1819 E ApplicationHelper: Fail to get PackageManager
06-23 15:21:52.293  1799  1819 E ApplicationHelper: Fail to get PackageManager
06-23 15:21:52.293  1164  1251 I BufferQueueDebug: [NotificationShade#40005](this:0xb400006fd5774230,id:-1,api:0,p:-1,c:-1) BufferQueue core=(1164:/system/bin/surfaceflinger)
06-23 15:21:52.293  1799  1819 E ApplicationHelper: Fail to get PackageManager
06-23 15:21:52.296  1098  1589 I netd    : tetherGetStats() -> {[TetherStatsParcel{iface: ccmni0, rxBytes: 59734, rxPackets: 151, txBytes: 105349, txPackets: 265, ifIndex: 0}, TetherStatsParcel{iface: wlan0, rxBytes: 30218527858, rxPackets: 27263592, txBytes: 3455439741, txPackets: 6726318, ifIndex: 0}]} <4.88ms>
06-23 15:21:52.297  1799  2519 I WindowManager: Relayout Window{82bd2df u0 NotificationShade}: oldVis=4 newVis=0 focusMayChange = true requestedWidth = 720 requestedHeight = 1604 outFrames = ClientWindowFrames{frame=[0,0][720,1604] display=[0,0][720,1604] parentFrame=[0,0][0,0]} outSurfaceControl = Surface(name=NotificationShade)/@0xa94906e
06-23 15:21:52.316  2303  2598 I bt_stack: [INFO:le_scanning_manager.cc(178)] Scan in shim layer stopped
06-23 15:21:52.317  2303  2531 I bluetooth: le_address_manager.cc:204 unregister_client: Client unregistered
06-23 15:21:52.317  2303  2531 I bluetooth: le_address_manager.cc:208 unregister_client: Cancelled address rotation alarm
06-23 15:21:52.317  2303  2598 I bt_stack: [INFO:le_scanning_manager.cc(358)] SetScanParameters in shim layer
06-23 15:21:52.318  2303  2598 I bt_stack: [INFO:le_scanning_manager.cc(368)] SetScanParameters scan_phy 1 phy 1
06-23 15:21:52.318  2303  2598 I bt_stack: [INFO:le_scanning_manager.cc(178)] Scan in shim layer started
06-23 15:21:52.318  2303  2531 I bluetooth: le_scanning_manager.cc:646 stop_scan: Scanning already stopped, return!
06-23 15:21:52.318  2303  2531 I bluetooth: le_address_manager.cc:186 register_client: Scheduled address rotation for first client registered
06-23 15:21:52.318  2303  2531 I bluetooth: le_address_manager.cc:189 register_client: Client registered
06-23 15:21:52.373  1135  1212 I libPowerHal: [perfLockRel] hdl:61075, idx:1
06-23 15:21:52.373  1135  1212 I libPowerHal: [PD] MTKPOWER_HINT_APP_TOUCH update cmd:410000 param:0, pr:6
06-23 15:21:52.374  1135  1212 I libPowerHal: [PD] MTKPOWER_HINT_APP_TOUCH update cmd:400000 param:-1 pr:6
06-23 15:21:52.374  1135  1212 I libPowerHal: [PD] MTKPOWER_HINT_APP_TOUCH update cmd:400100 param:-1 pr:6
06-23 15:21:52.374  1135  1212 I libPowerHal: value: 0
06-23 15:21:52.374  1135  1212 I libPowerHal: [PD] MTKPOWER_HINT_APP_TOUCH update cmd:410000 param:0 pr:6
06-23 15:21:52.374  1135  1212 I libPowerHal: [PD] MTKPOWER_HINT_APP_TOUCH update cmd:1000000 param:-1 pr:6
06-23 15:21:52.374  1135  1212 I libPowerHal: [recordCPUFreqInfo] set cluster[0] min(-1): -1 max(-1): -1 cluster[1] min(-1): -1 max(-1): -1
06-23 15:21:52.374  1135  1212 I libPowerHal: [perfLockRel] Done for hdl : 61075
06-23 15:21:52.390  1164  1250 I BpBinder: onLastStrongRef automatically unlinking death recipients: 
06-23 15:21:52.401  1135  1171 I mtkpower@impl: [setMode] type:6, enabled:1
06-23 15:21:52.401  1135  1171 E mtkpower@impl: [setMode] unknown type
06-23 15:21:52.415  1164  1164 I BufferQueueProducer: [FramebufferSurface](this:0xb400007085754d00,id:-1,api:1,p:1164,c:1164) queueBuffer: fps=1.45 dur=6877.94 max=6778.37 min=9.20
06-23 15:21:52.419  1164  1164 I BpBinder: onLastStrongRef automatically unlinking death recipients: 
06-23 15:21:52.432  1164  1525 I BufferQueueDebug: [Surface(name=bdcf240 NavigationBar0)/@0xdbabe8 - animation-leash of insets_animation#40006](this:0xb400006fd5a03190,id:-1,api:0,p:-1,c:-1) BufferQueue core=(1164:/system/bin/surfaceflinger)
06-23 15:21:52.432  1164  1164 I BufferQueueProducer: [StatusBar#94](this:0xb400006fd5916be0,id:-1,api:0,p:-1,c:1164) queueBuffer: fps=0.23 dur=4366.16 max=4366.16 min=4366.16
06-23 15:21:52.450  1799  2519 W WindowManager: Changing focus from Window{2a1e6d9 u0 com.ibrastream.app/com.ibrastream.app.MainActivity} to Window{82bd2df u0 NotificationShade} displayId=0 Callers=com.android.server.wm.RootWindowContainer.updateFocusedWindowLocked:470 com.android.server.wm.WindowManagerService.updateFocusedWindowLocked:6674 com.android.server.wm.WindowManagerService.relayoutWindowInner:2692 com.android.server.wm.WindowManagerService.relayoutWindow:2362 
06-23 15:21:52.451  1164  1525 I BufferQueueDebug: [Surface(name=bdcf240 NavigationBar0)/@0xdbabe8 - animation-leash of insets_animation#40007](this:0xb400006fd59e0ed0,id:-1,api:0,p:-1,c:-1) BufferQueue core=(1164:/system/bin/surfaceflinger)
06-23 15:21:52.454  1164  1525 I BufferQueueDebug: [Surface(name=2f73ed7 StatusBar)/@0x4db12e7 - animation-leash of insets_animation#40008](this:0xb400006fd5955640,id:-1,api:0,p:-1,c:-1) BufferQueue core=(1164:/system/bin/surfaceflinger)
06-23 15:21:52.454 16957 17758 E FbnsAIDLClientManager: Max Try reached for binding to FbnsAIDLService, threadId 2826
06-23 15:21:52.455 16957 17758 E FbnsAIDLClientManager: Fbns AIDL request got RemoteException
06-23 15:21:52.455 16957 17758 E FbnsAIDLClientManager: android.os.RemoteException: AIDLService is not bound
06-23 15:21:52.455 16957 17758 E FbnsAIDLClientManager: 	at X.08zm.call(:383)
06-23 15:21:52.455 16957 17758 E FbnsAIDLClientManager: 	at java.util.concurrent.FutureTask.run(FutureTask.java:328)
06-23 15:21:52.455 16957 17758 E FbnsAIDLClientManager: 	at java.util.concurrent.ThreadPoolExecutor.runWorker(ThreadPoolExecutor.java:1100)
06-23 15:21:52.455 16957 17758 E FbnsAIDLClientManager: 	at java.util.concurrent.ThreadPoolExecutor$Worker.run(ThreadPoolExecutor.java:624)
06-23 15:21:52.455 16957 17758 E FbnsAIDLClientManager: 	at java.lang.Thread.run(Thread.java:1572)
06-23 15:21:52.457  1799  1819 E ApplicationHelper: Fail to get PackageManager
06-23 15:21:52.464  1164  1164 I SurfaceFlinger: onHandleDestroyed: name=Surface(name=bdcf240 NavigationBar0)/@0xdbabe8 - animation-leash of insets_animation#40006, layerId=40006, parentId=0
06-23 15:21:52.475  1164  1250 I SurfaceFlinger: onHandleDestroyed: name=Surface(name=bdcf240 NavigationBar0)/@0xdbabe8 - animation-leash of insets_animation#40003, layerId=40003, parentId=0
06-23 15:21:52.479  1164  1525 I SurfaceFlinger: onHandleDestroyed: name=Surface(name=2f73ed7 StatusBar)/@0x4db12e7 - animation-leash of insets_animation#40004, layerId=40004, parentId=0
06-23 15:21:52.480  1164  1164 I BufferQueueDebug: [Surface(name=bdcf240 NavigationBar0)/@0xdbabe8 - animation-leash of insets_animation#40003](this:0xb400006fd59b6360,id:-1,api:0,p:-1,c:1164) onDestructor()
06-23 15:21:52.480  1164  1164 I BufferQueueDebug: [Surface(name=bdcf240 NavigationBar0)/@0xdbabe8 - animation-leash of insets_animation#40006](this:0xb400006fd5a03190,id:-1,api:0,p:-1,c:1164) onDestructor()
06-23 15:21:52.498  1164  1164 I BufferQueueDebug: [Surface(name=2f73ed7 StatusBar)/@0x4db12e7 - animation-leash of insets_animation#40004](this:0xb400006fd5a0e7d0,id:-1,api:0,p:-1,c:1164) onDestructor()
06-23 15:21:52.538  1119  1175 I Proximity: distance = 6
06-23 15:21:52.539  1799  1902 W SensorService: Failed to write wake lock handled
06-23 15:21:52.546  1107 10430 W AudioALSAHardware: setParameters(),value 0, GET param keyPsensorState 
06-23 15:21:52.663  1112  1127 I hwcomposer: [HWCDisplay] (0 updateFps():3644), (type:1, mode:2) fps:56.975708,dur:1000.43,max:31.03,min:9.38  
06-23 15:21:52.674  1164  1164 I BufferQueueProducer: [com.ibrastream.app/com.ibrastream.app.MainActivity#39996](this:0xb400006fd59fa8e0,id:-1,api:0,p:-1,c:1164) queueBuffer: fps=51.33 dur=1013.15 max=37.72 min=10.62
06-23 15:21:52.694  2108  2252 I QAWController: Re-creating the QAW client to avoid stale.
06-23 15:21:52.705  2108  2225 E QuickAccessWalletKeyguardQuickAffordanceConfig: Wallet card retrieval error, message: "null"
06-23 15:21:52.708  2108  2225 E QuickAccessWalletKeyguardQuickAffordanceConfig: Wallet card retrieval error, message: "null"
06-23 15:21:52.722  2108  2225 E QuickAccessWalletKeyguardQuickAffordanceConfig: Wallet card retrieval error, message: "null"
06-23 15:21:52.746  1132  1181 I libPerfCtl: xgfGetFPS pid:1164 fps:-1
06-23 15:21:52.746  1132  1181 I libPerfCtl: xgfGetFPS pid:2108 fps:-1
06-23 15:21:52.746  1132  1181 I libPerfCtl: xgfGetFPS pid:11925 fps:-1
06-23 15:21:53.300  1799  1819 E ApplicationHelper: Fail to get PackageManager
06-23 15:21:53.303  1799  1819 E ApplicationHelper: Fail to get PackageManager
06-23 15:21:53.314  1098  1589 I netd    : tetherGetStats() -> {[TetherStatsParcel{iface: ccmni0, rxBytes: 59734, rxPackets: 151, txBytes: 105349, txPackets: 265, ifIndex: 0}, TetherStatsParcel{iface: wlan0, rxBytes: 30218528035, rxPackets: 27263593, txBytes: 3455439781, txPackets: 6726319, ifIndex: 0}]} <2.70ms>
06-23 15:21:53.325  1799  1819 E ApplicationHelper: Fail to get PackageManager
06-23 15:21:53.330  1799  1819 E ApplicationHelper: Fail to get PackageManager
06-23 15:21:53.347  2071  2075 I WifiHAL : feature_set=0x8488341a
06-23 15:21:53.394  1164  1164 I BufferQueueProducer: [NotificationShade#40005](this:0xb400006fd5774230,id:-1,api:0,p:-1,c:1164) queueBuffer: fps=53.50 dur=1009.42 max=110.26 min=11.01
06-23 15:21:53.419  2303  2480 W AudioMediaPlayerWrapper: onPlaybackStateChanged(): com.ibrastream.app tried to update with no new data
06-23 15:21:53.421  1164  1164 I BufferQueueProducer: [FramebufferSurface](this:0xb400007085754d00,id:-1,api:1,p:1164,c:1164) queueBuffer: fps=60.64 dur=1005.94 max=31.18 min=10.95
06-23 15:21:53.673  1112  1127 I hwcomposer: [HWCDisplay] (0 updateFps():3644), (type:1, mode:2) fps:64.340675,dur:1010.25,max:29.85,min:10.74  
06-23 15:21:53.689  1164  1164 I BufferQueueProducer: [com.ibrastream.app/com.ibrastream.app.MainActivity#39996](this:0xb400006fd59fa8e0,id:-1,api:0,p:-1,c:1164) queueBuffer: fps=40.39 dur=1015.14 max=38.93 min=12.88
06-23 15:21:53.746  1132  1181 I libPerfCtl: xgfGetFPS pid:1164 fps:-1
06-23 15:21:53.746  1132  1181 I libPerfCtl: xgfGetFPS pid:2108 fps:-1
06-23 15:21:53.746  1132  1181 I libPerfCtl: xgfGetFPS pid:11925 fps:-1
06-23 15:21:54.087  1799  1934 W InputDispatcher: Excessive delay in interceptKeyBeforeQueueing; took 62 ms
06-23 15:21:54.242  2108  2639 I vol.Events: writeEvent level_changed STREAM_MUSIC 9
06-23 15:21:54.243  2108  2639 I vol.Events: writeEvent active_stream_changed STREAM_MUSIC
06-23 15:21:54.266  1488 17711 I NearbyConnections: Invalidate cached hpkeKey for client 59700552
06-23 15:21:54.280  2108  2639 I vol.Events: writeEvent key STREAM_MUSIC 9
06-23 15:21:54.281  1107 10430 I AudioALSAStreamOut: updateSourceMetadata(), do nothing source_metadata = 0x7b5ab59fe8
06-23 15:21:54.315  1799  1819 E ApplicationHelper: Fail to get PackageManager
06-23 15:21:54.319  1799  1819 E ApplicationHelper: Fail to get PackageManager
06-23 15:21:54.323  1098  1589 I netd    : tetherGetStats() -> {[TetherStatsParcel{iface: ccmni0, rxBytes: 59734, rxPackets: 151, txBytes: 105349, txPackets: 265, ifIndex: 0}, TetherStatsParcel{iface: wlan0, rxBytes: 30218528035, rxPackets: 27263593, txBytes: 3455439781, txPackets: 6726319, ifIndex: 0}]} <4.68ms>
06-23 15:21:54.333  2108  2108 I vol.VolumeDialogImpl: showH r=volume_changed
06-23 15:21:54.342  2108  2108 I vol.VolumeDialogImpl: rescheduleTimeout 3000 com.android.systemui.volume.VolumeDialogImpl.-$$Nest$mshowH:44
06-23 15:21:54.361  1164  2537 I BufferQueueDebug: [WindowToken{6ddaa15 type=2020 android.os.BinderProxy@c3a07cc}#40009](this:0xb400006fd5a03190,id:-1,api:0,p:-1,c:-1) BufferQueue core=(1164:/system/bin/surfaceflinger)
06-23 15:21:54.374  1164  2537 I BufferQueueDebug: [772012a VolumeDialogImpl#40010](this:0xb400006fd59b6360,id:-1,api:0,p:-1,c:-1) BufferQueue core=(1164:/system/bin/surfaceflinger)
06-23 15:21:54.380  2108  2108 I vol.Events: writeEvent show_dialog volume_changed keyguard=false
06-23 15:21:54.388  1488 17711 I NearbyPresence: (REDACTED) %s verified [==] new request %s equals to the old request
06-23 15:21:54.388  2108  2108 W WindowOnBackDispatcher: sendCancelIfRunning: isInProgress=false callback=android.app.Dialog$$ExternalSyntheticLambda2@dc47ff3
06-23 15:21:54.394  1164  2537 I BufferQueueDebug: [VolumeDialogImpl#40011](this:0xb400006fd593bc30,id:-1,api:0,p:-1,c:-1) BufferQueue core=(1164:/system/bin/surfaceflinger)
06-23 15:21:54.410  1164  1164 I BufferQueueProducer: [NotificationShade#40005](this:0xb400006fd5774230,id:-1,api:0,p:-1,c:1164) queueBuffer: fps=64.02 dur=1015.29 max=82.89 min=9.66
06-23 15:21:54.421  1164  1164 I BufferQueueProducer: [FramebufferSurface](this:0xb400007085754d00,id:-1,api:1,p:1164,c:1164) queueBuffer: fps=67.99 dur=1000.09 max=20.40 min=9.53
06-23 15:21:54.468  2108  2639 I vol.Events: writeEvent level_changed STREAM_MUSIC 8
06-23 15:21:54.469  2108  2639 I vol.Events: writeEvent key STREAM_MUSIC 8
06-23 15:21:54.494  1107  3863 I AudioALSAStreamOut: updateSourceMetadata(), do nothing source_metadata = 0x7b5b18cfe8
06-23 15:21:54.517  2108  2639 I vol.Events: writeEvent level_changed STREAM_MUSIC 7
06-23 15:21:54.520  2108  2639 I vol.Events: writeEvent key STREAM_MUSIC 7
06-23 15:21:54.528  2108  2108 I vol.VolumeDialogImpl: showH r=volume_changed
06-23 15:21:54.528  2108  2108 I vol.VolumeDialogImpl: rescheduleTimeout 3000 com.android.systemui.volume.VolumeDialogImpl.-$$Nest$mshowH:44
06-23 15:21:54.529  2108  2108 I vol.Events: writeEvent show_dialog volume_changed keyguard=false
06-23 15:21:54.537  1107 10386 I AudioALSAStreamOut: updateSourceMetadata(), do nothing source_metadata = 0x7b5ac5dfe8
06-23 15:21:54.561  2108  2639 I vol.Events: writeEvent level_changed STREAM_MUSIC 6
06-23 15:21:54.564  2108  2639 I vol.Events: writeEvent key STREAM_MUSIC 6
06-23 15:21:54.580  1107  1213 I AudioALSAStreamOut: updateSourceMetadata(), do nothing source_metadata = 0x7b67929fe8
06-23 15:21:54.603  2108  2639 I vol.Events: writeEvent level_changed STREAM_MUSIC 5
06-23 15:21:54.605  2108  2639 I vol.Events: writeEvent key STREAM_MUSIC 5
06-23 15:21:54.615  2108  2108 I vol.VolumeDialogImpl: showH r=volume_changed
06-23 15:21:54.616  2108  2108 I vol.VolumeDialogImpl: rescheduleTimeout 3000 com.android.systemui.volume.VolumeDialogImpl.-$$Nest$mshowH:44
06-23 15:21:54.619  2108  2108 I vol.Events: writeEvent show_dialog volume_changed keyguard=false
06-23 15:21:54.621  1107 10386 I AudioALSAStreamOut: updateSourceMetadata(), do nothing source_metadata = 0x7b5ac5dfe8
06-23 15:21:54.649  2108  2108 I vol.VolumeDialogImpl: showH r=volume_changed
06-23 15:21:54.650  2108  2108 I vol.VolumeDialogImpl: rescheduleTimeout 3000 com.android.systemui.volume.VolumeDialogImpl.-$$Nest$mshowH:44
06-23 15:21:54.650  2108  2108 I vol.Events: writeEvent show_dialog volume_changed keyguard=false
06-23 15:21:54.680  1112  1127 I hwcomposer: [HWCDisplay] (0 updateFps():3644), (type:1, mode:2) fps:64.568840,dur:1006.68,max:24.03,min:9.49  
06-23 15:21:54.692  2108  2108 I vol.VolumeDialogImpl: showH r=volume_changed
06-23 15:21:54.693  2108  2108 I vol.VolumeDialogImpl: rescheduleTimeout 3000 com.android.systemui.volume.VolumeDialogImpl.-$$Nest$mshowH:44
06-23 15:21:54.693  2108  2108 I vol.Events: writeEvent show_dialog volume_changed keyguard=false
06-23 15:21:54.710  1164  1164 I BufferQueueProducer: [com.ibrastream.app/com.ibrastream.app.MainActivity#39996](this:0xb400006fd59fa8e0,id:-1,api:0,p:-1,c:1164) queueBuffer: fps=39.16 dur=1021.41 max=47.57 min=13.24
06-23 15:21:54.719  1488 17711 I GetConfigSnapshotOp: (REDACTED) Succeeded but not registered: %s
06-23 15:21:54.746  1132  1181 I libPerfCtl: xgfGetFPS pid:1164 fps:-1
06-23 15:21:54.746  1132  1181 I libPerfCtl: xgfGetFPS pid:2108 fps:-1
06-23 15:21:54.746  1132  1181 I libPerfCtl: xgfGetFPS pid:11925 fps:-1
06-23 15:21:54.819  2108  2108 W FrameTracker: Missed App frame:JANK_APP_DEADLINE_MISSED, 41336091, 0, CUJ=J<VOLUME_CONTROL::update>
06-23 15:21:54.819  2108  2108 W FrameTracker: Missing HWUI jank callback for vsyncId: 41336091, CUJ=J<VOLUME_CONTROL::update>
06-23 15:21:54.820  2108  2108 W FrameTracker: Missing HWUI jank callback for vsyncId: 41336127, CUJ=J<VOLUME_CONTROL::update>
06-23 15:21:55.337  1799  1819 E ApplicationHelper: Fail to get PackageManager
06-23 15:21:55.338  1799  1819 E ApplicationHelper: Fail to get PackageManager
06-23 15:21:55.347  1098  1589 I netd    : tetherGetStats() -> {[TetherStatsParcel{iface: ccmni0, rxBytes: 59734, rxPackets: 151, txBytes: 105349, txPackets: 265, ifIndex: 0}, TetherStatsParcel{iface: wlan0, rxBytes: 30218528035, rxPackets: 27263593, txBytes: 3455439781, txPackets: 6726319, ifIndex: 0}]} <11.38ms>
06-23 15:21:55.413  1164  1164 I BufferQueueProducer: [NotificationShade#40005](this:0xb400006fd5774230,id:-1,api:0,p:-1,c:1164) queueBuffer: fps=52.82 dur=1003.34 max=96.46 min=12.06
06-23 15:21:55.422  1164  1164 I BufferQueueProducer: [FramebufferSurface](this:0xb400007085754d00,id:-1,api:1,p:1164,c:1164) queueBuffer: fps=62.92 dur=1001.23 max=26.95 min=11.39
06-23 15:21:55.587   577 17663 I keystore2: system/security/keystore2/watchdog/src/lib.rs:319 - Watchdog thread idle -> terminating. Have a great day.
06-23 15:21:55.684  1112  1127 I hwcomposer: [HWCDisplay] (0 updateFps():3644), (type:1, mode:2) fps:65.698051,dur:1004.60,max:27.05,min:11.64  
06-23 15:21:55.731  1164  1164 I BufferQueueProducer: [com.ibrastream.app/com.ibrastream.app.MainActivity#39996](this:0xb400006fd59fa8e0,id:-1,api:0,p:-1,c:1164) queueBuffer: fps=43.11 dur=1020.76 max=35.53 min=12.67
06-23 15:21:55.746  1132  1181 I libPerfCtl: xgfGetFPS pid:1164 fps:-1
06-23 15:21:55.747  1132  1181 I libPerfCtl: xgfGetFPS pid:2108 fps:-1
06-23 15:21:55.747  1132  1181 I libPerfCtl: xgfGetFPS pid:11925 fps:-1
06-23 15:21:56.313  1488 17711 I NearbyMediums: No BLE Fast/GATT advertisements found in the latest cycle.
06-23 15:21:56.314  1488 17711 I NearbyMediums: Current Tracked Scanning Clients are : {NearbyConnections.EnvironmentMonitor, NearbySharing}
06-23 15:21:56.344  1799  1819 E ApplicationHelper: Fail to get PackageManager
06-23 15:21:56.349  1799  1819 E ApplicationHelper: Fail to get PackageManager
06-23 15:21:56.352  1098  1589 I netd    : tetherGetStats() -> {[TetherStatsParcel{iface: ccmni0, rxBytes: 59734, rxPackets: 151, txBytes: 105349, txPackets: 265, ifIndex: 0}, TetherStatsParcel{iface: wlan0, rxBytes: 30218528155, rxPackets: 27263595, txBytes: 3455439904, txPackets: 6726321, ifIndex: 0}]} <4.06ms>
06-23 15:21:56.365  2071  2076 I WifiHAL : feature_set=0x8488341a
06-23 15:21:56.414  1164  1164 I BufferQueueProducer: [NotificationShade#40005](this:0xb400006fd5774230,id:-1,api:0,p:-1,c:1164) queueBuffer: fps=65.92 dur=1001.25 max=18.13 min=12.45
06-23 15:21:56.427  1164  1164 I BufferQueueProducer: [FramebufferSurface](this:0xb400007085754d00,id:-1,api:1,p:1164,c:1164) queueBuffer: fps=65.69 dur=1004.65 max=18.31 min=12.46
06-23 15:21:56.461  2303  2480 W AudioMediaPlayerWrapper: onPlaybackStateChanged(): com.ibrastream.app tried to update with no new data
06-23 15:21:56.530  1098 17958 I resolv  : GetAddrInfoHandler::run: {135 135 135 983175 10158 0}
06-23 15:21:56.530  1098 17958 I resolv  : GetAddrInfoHandler::run: network access blocked
06-23 15:21:56.569  1098 17959 I resolv  : GetAddrInfoHandler::run: {135 135 135 983175 10158 0}
06-23 15:21:56.569  1098 17959 I resolv  : GetAddrInfoHandler::run: network access blocked
