06-23 15:21:56.687  1112  1127 I hwcomposer: [HWCDisplay] (0 updateFps():3644), (type:1, mode:2) fps:65.822113,dur:1002.70,max:18.09,min:12.69  
06-23 15:21:56.747  1132  1181 I libPerfCtl: xgfGetFPS pid:1164 fps:-1
06-23 15:21:56.748  1132  1181 I libPerfCtl: xgfGetFPS pid:2108 fps:-1
06-23 15:21:56.748  1132  1181 I libPerfCtl: xgfGetFPS pid:11925 fps:-1
06-23 15:21:56.755  1164  1164 I BufferQueueProducer: [com.ibrastream.app/com.ibrastream.app.MainActivity#39996](this:0xb400006fd59fa8e0,id:-1,api:0,p:-1,c:1164) queueBuffer: fps=43.97 dur=1023.46 max=33.36 min=12.53
06-23 15:21:56.946 17666 17671 I BpBinder: onLastStrongRef automatically unlinking death recipients: 
06-23 15:21:56.951 17666 17672 W System  : A resource failed to call close. 
06-23 15:21:56.953 17666 17672 W System  : A resource failed to call close. 
06-23 15:21:57.422  1164  1164 I BufferQueueProducer: [NotificationShade#40005](this:0xb400006fd5774230,id:-1,api:0,p:-1,c:1164) queueBuffer: fps=64.51 dur=1007.65 max=17.88 min=12.82
06-23 15:21:57.436  1164  1164 I BufferQueueProducer: [FramebufferSurface](this:0xb400007085754d00,id:-1,api:1,p:1164,c:1164) queueBuffer: fps=64.45 dur=1008.52 max=18.99 min=13.00
06-23 15:21:57.650  1135  1212 I libPowerHal: [perfLockAcq] idx:1 hdl:61076 hint:25 pid:1135 tid:1135 duration:10000 lock_user:vendor.mediatek => ret_hdl:61076
06-23 15:21:57.650  1135  1212 I libPowerHal: [PE] MTKPOWER_HINT_APP_TOUCH update cmd:410000, param:1, pr:3
06-23 15:21:57.650  1135  1212 I libPowerHal: [PE] MTKPOWER_HINT_APP_TOUCH update cmd:400000 param:3000000 pr:3
06-23 15:21:57.650  1135  1212 I libPowerHal: [PE] MTKPOWER_HINT_APP_TOUCH update cmd:400100 param:3000000 pr:3
06-23 15:21:57.650  1135  1212 I libPowerHal: value: 1
06-23 15:21:57.650  1135  1212 I libPowerHal: [PE] MTKPOWER_HINT_APP_TOUCH update cmd:410000 param:1 pr:3
06-23 15:21:57.650  1135  1212 I libPowerHal: [setDvfsrcDevFreqOpp] opp:0, freq:3600000000
06-23 15:21:57.650  1135  1212 I libPowerHal: [PE] MTKPOWER_HINT_APP_TOUCH update cmd:1000000 param:0 pr:3
06-23 15:21:57.650  1135  1212 I libPowerHal: [recordCPUFreqInfo] set cluster[0] min(MTKPOWER_HINT_APP_TOUCH): 1700000 max(-1): -1 cluster[1] min(MTKPOWER_HINT_APP_TOUCH): 2000000 max(-1): -1
06-23 15:21:57.650  1135  1212 I libPowerHal: [perfLockAcq] Done for hdl : 61076
06-23 15:21:57.652  1799  1819 I ThreeFingerPointerEventListener: onPointDown... pointIndex = 0, pointId = 0 currentX = 193.0, currentY = 587.25 mTouchRegion:Rect(43, 96 - 676, 1507)
06-23 15:21:57.674  2108  2108 I vol.VolumeDialogImpl: rescheduleTimeout 3000 com.android.systemui.volume.VolumeDialogImpl$CustomDialog.dispatchTouchEvent:3
06-23 15:21:57.676  2108  2108 I vol.VolumeDialogImpl: mDialog.dismiss() reason: touch_outside from: com.android.systemui.volume.VolumeDialogImpl$CustomDialog.onTouchEvent:17
06-23 15:21:57.676  2108  2108 I vol.Events: writeEvent dismiss_dialog touch_outside
06-23 15:21:57.689  1112  1127 I hwcomposer: [HWCDisplay] (0 updateFps():3644), (type:1, mode:2) fps:64.853630,dur:1002.26,max:18.83,min:12.90  
06-23 15:21:57.706  1164  1164 I BufferQueueProducer: [VolumeDialogImpl#40011](this:0xb400006fd593bc30,id:-1,api:0,p:-1,c:1164) queueBuffer: fps=3.97 dur=3273.25 max=2865.23 min=13.75
06-23 15:21:57.738  1135  1212 I libPowerHal: [perfLockRel] hdl:61076, idx:1
06-23 15:21:57.738  1135  1212 I libPowerHal: [PD] MTKPOWER_HINT_APP_TOUCH update cmd:410000 param:0, pr:6
06-23 15:21:57.738  1135  1212 I libPowerHal: [PD] MTKPOWER_HINT_APP_TOUCH update cmd:400000 param:-1 pr:6
06-23 15:21:57.738  1135  1212 I libPowerHal: [PD] MTKPOWER_HINT_APP_TOUCH update cmd:400100 param:-1 pr:6
06-23 15:21:57.738  1135  1212 I libPowerHal: value: 0
06-23 15:21:57.738  1135  1212 I libPowerHal: [PD] MTKPOWER_HINT_APP_TOUCH update cmd:410000 param:0 pr:6
06-23 15:21:57.739  1135  1212 I libPowerHal: [PD] MTKPOWER_HINT_APP_TOUCH update cmd:1000000 param:-1 pr:6
06-23 15:21:57.739  1135  1212 I libPowerHal: [recordCPUFreqInfo] set cluster[0] min(-1): -1 max(-1): -1 cluster[1] min(-1): -1 max(-1): -1
06-23 15:21:57.739  1135  1212 I libPowerHal: [perfLockRel] Done for hdl : 61076
06-23 15:21:57.746  1132  1181 I libPerfCtl: xgfGetFPS pid:1164 fps:-1
06-23 15:21:57.746  1132  1181 I libPerfCtl: xgfGetFPS pid:2108 fps:-1
06-23 15:21:57.747  1132  1181 I libPerfCtl: xgfGetFPS pid:11925 fps:-1
06-23 15:21:57.756  1799  3762 I MediaSessionService: tempAllowlistTargetPkgIfPossible callingPackage:com.android.systemui targetPackage:com.ibrastream.app reason:MediaSessionRecord:seekTo [WIU] [FGS]
06-23 15:21:57.762  1098 17962 I resolv  : GetAddrInfoHandler::run: {135 262279 135 983175 10152 0}
06-23 15:21:57.762  1164  1164 I BufferQueueProducer: [com.ibrastream.app/com.ibrastream.app.MainActivity#39996](this:0xb400006fd59fa8e0,id:-1,api:0,p:-1,c:1164) queueBuffer: fps=42.68 dur=1007.61 max=45.84 min=14.07
06-23 15:21:57.763  1098 17963 I resolv  : res_nmkquery: (QUERY, IN, A)
06-23 15:21:57.769  2108  2108 W ConstraintSet: id unknown center_vertical_guideline
06-23 15:21:57.770  2108  2108 W ConstraintSet: id unknown action_button_guideline
06-23 15:21:57.770  2108  2108 W ConstraintSet: id unknown icon
06-23 15:21:57.770  2108  2108 W ConstraintSet: id unknown media_seamless
06-23 15:21:57.770  2108  2108 W ConstraintSet: id unknown media_action_barrier_start
06-23 15:21:57.771  2108  2108 W ConstraintSet: id unknown media_action_barrier_end
06-23 15:21:57.771  2108  2108 W ConstraintSet: id unknown media_action_barrier_top
06-23 15:21:57.771  2108  2108 W ConstraintSet: id unknown remove_text
06-23 15:21:57.772  2108  2108 W ConstraintSet: id unknown settings
06-23 15:21:57.772  2108  2108 W ConstraintSet: id unknown dismiss
06-23 15:21:57.772  2108  2108 W ConstraintSet: id unknown cancel
06-23 15:21:57.780  1098 17963 I resolv  : res_nsend: used send_dg 324 terrno: 0
06-23 15:21:57.780  1098 17963 I resolv  : doQuery: rcode=0, ancount=17, return value=324
06-23 15:21:57.788  1098 17964 I resolv  : GetAddrInfoHandler::run: {135 262279 135 983175 10152 0}
06-23 15:21:57.789  1098 17965 I resolv  : res_nmkquery: (QUERY, IN, A)
06-23 15:21:57.807  1488 15299 I GetConfigSnapshotOp: (REDACTED) Succeeded but not registered: %s
06-23 15:21:57.813  1098 17965 I resolv  : res_nsend: used send_dg 56 terrno: 0
06-23 15:21:57.816  1098 17965 I resolv  : doQuery: rcode=0, ancount=1, return value=56
06-23 15:21:57.820  1107 10430 I AudioALSAStreamOut: updateSourceMetadata(), do nothing source_metadata = 0x7b5ab59fe8
06-23 15:21:57.822 11925 16547 I CCodecConfig: query failed after returning 8 values (BAD_INDEX)
06-23 15:21:57.828  1799  3768 I WifiService: releaseWifiLock uid=10320
06-23 15:21:57.831  1098 17968 I resolv  : GetAddrInfoHandler::run: {135 262279 135 983175 10152 0}
06-23 15:21:57.833  1098 17969 I resolv  : res_nmkquery: (QUERY, IN, A)
06-23 15:21:57.833  1098 17969 I resolv  : resolv_cache_lookup: FOUND IN CACHE entry=0xb400006da3ae92f0
06-23 15:21:57.833  1098 17969 I resolv  : doQuery: rcode=0, ancount=4, return value=101
06-23 15:21:57.841  1098 17970 I resolv  : GetAddrInfoHandler::run: {135 262279 135 983175 10152 0}
06-23 15:21:57.843  2108  2108 W ConstraintSet: id unknown center_vertical_guideline
06-23 15:21:57.843  2108  2108 W ConstraintSet: id unknown action_button_guideline
06-23 15:21:57.843  2108  2108 W ConstraintSet: id unknown icon
06-23 15:21:57.843  2108  2108 W ConstraintSet: id unknown media_seamless
06-23 15:21:57.843  2108  2108 W ConstraintSet: id unknown media_action_barrier_start
06-23 15:21:57.843  2108  2108 W ConstraintSet: id unknown media_action_barrier_end
06-23 15:21:57.843  2108  2108 W ConstraintSet: id unknown media_action_barrier_top
06-23 15:21:57.844  2108  2108 W ConstraintSet: id unknown remove_text
06-23 15:21:57.844  2108  2108 W ConstraintSet: id unknown settings
06-23 15:21:57.844  2108  2108 W ConstraintSet: id unknown dismiss
06-23 15:21:57.844  2108  2108 W ConstraintSet: id unknown cancel
06-23 15:21:57.844  1098 17971 I resolv  : res_nmkquery: (QUERY, IN, A)
06-23 15:21:57.849  2303  2480 I bluetooth: avrcp_service.cc:646 SendMediaUpdate: track_changed=false :  play_state=true :  queue=false
06-23 15:21:57.849 17778 17906 I Finsky  : [2519] ApplicationRestrictions: {}
06-23 15:21:57.850  2303  2480 W AudioMediaPlayerWrapper: onPlaybackStateChanged(): com.ibrastream.app tried to update with no new data
06-23 15:21:57.852  2303  2480 W AudioMediaPlayerWrapper: onPlaybackStateChanged(): com.ibrastream.app tried to update with no new data
06-23 15:21:57.863  1098 17971 I resolv  : res_nsend: used send_dg 123 terrno: 0
06-23 15:21:57.864  1098 17971 I resolv  : doQuery: rcode=0, ancount=4, return value=123
06-23 15:21:57.870  1098 17974 I resolv  : GetAddrInfoHandler::run: {135 262279 135 983175 10152 0}
06-23 15:21:57.873  1098 17975 I resolv  : res_nmkquery: (QUERY, IN, A)
06-23 15:21:57.877 17778 17898 I Finsky  : [2513] CronetEngine is present. Using Cronet for the networking stack.
06-23 15:21:57.892  1098 17975 I resolv  : res_nsend: used send_dg 131 terrno: 0
06-23 15:21:57.893  1098 17975 I resolv  : doQuery: rcode=0, ancount=4, return value=131
06-23 15:21:57.912  2108  2108 W ConstraintSet: id unknown center_vertical_guideline
06-23 15:21:57.912  2108  2108 W ConstraintSet: id unknown action_button_guideline
06-23 15:21:57.912  2108  2108 W ConstraintSet: id unknown icon
06-23 15:21:57.912  2108  2108 W ConstraintSet: id unknown media_seamless
06-23 15:21:57.912  2108  2108 W ConstraintSet: id unknown media_action_barrier_start
06-23 15:21:57.912  2108  2108 W ConstraintSet: id unknown media_action_barrier_end
06-23 15:21:57.912  2108  2108 W ConstraintSet: id unknown media_action_barrier_top
06-23 15:21:57.912  2108  2108 W ConstraintSet: id unknown remove_text
06-23 15:21:57.912  2108  2108 W ConstraintSet: id unknown settings
06-23 15:21:57.912  2108  2108 W ConstraintSet: id unknown dismiss
06-23 15:21:57.912  2108  2108 W ConstraintSet: id unknown cancel
06-23 15:21:57.916  1098 17981 I resolv  : GetAddrInfoHandler::run: {135 262279 135 983175 10152 0}
06-23 15:21:57.921  1098 17982 I resolv  : res_nmkquery: (QUERY, IN, A)
06-23 15:21:57.936  2303  2480 I bluetooth: avrcp_service.cc:646 SendMediaUpdate: track_changed=false :  play_state=true :  queue=false
06-23 15:21:57.942  1098 17982 I resolv  : res_nsend: used send_dg 63 terrno: 0
06-23 15:21:57.942  1098 17982 I resolv  : doQuery: rcode=0, ancount=1, return value=63
06-23 15:21:57.949  1152  1557 I AudioEffect: disable 0xb4000072916e8e70
06-23 15:21:57.949  1098 17983 I resolv  : GetAddrInfoHandler::run: {135 262279 135 983175 10152 0}
06-23 15:21:57.950  1098 17984 I resolv  : res_nmkquery: (QUERY, IN, A)
06-23 15:21:57.951  1098 17984 I resolv  : resolv_cache_lookup: FOUND IN CACHE entry=0xb400006f33b1c030
06-23 15:21:57.951  1098 17984 I resolv  : doQuery: rcode=0, ancount=11, return value=205
06-23 15:21:57.951  1107 10386 I AudioALSAStreamOut: updateSourceMetadata(), do nothing source_metadata = 0x7b5ac5dfe8
06-23 15:21:57.953  1152  1557 I AudioEffect: Destructor 0xb4000072916e8e70
06-23 15:21:57.953  1152  1557 I AudioFlinger_Threads: removeEffect_l(): 0xb400007414a0d7b0, effect = 0xb4000072116e9090, name = Music Volume Listener
06-23 15:21:57.955  1107 10386 I AHAL_EffectImpl: command: line250 return with expr mState == State::IDLE
06-23 15:21:57.959  1107 10386 I AHAL_EffectImpl: Music Volume ListenerV2close
06-23 15:21:57.959  1107 10386 E AHAL_EffectImpl: command: line237 return with expr mState == State::INIT
06-23 15:21:57.959  1107 10386 I AHAL_EffectImpl: close: line91 return with expr mState == State::INIT
06-23 15:21:57.960  1152  1557 I EffectChain: removeEffect_l() effect 0xb4000072116e9090, removed from chain 0xb4000073216ed4f0 at rank 1
06-23 15:21:57.962  1152  1557 I EffectModule: Destructor 0xb4000072116e9090
06-23 15:21:57.962  1152  1557 W audioserver: Binder 0xb4000072316db9e0 destroyed after setInheritRt before being parceled.
06-23 15:21:57.962  1152  1557 W audioserver: Binder 0xb4000072316db9e0 destroyed after setMinSchedulerPolicy before being parceled.
06-23 15:21:57.963  1152  1557 W AudioPolicyManagerCustomImpl: [MTK_APM_Route]setOutputDevices() mIoHandle 21 mId 6 device (0x2)(0x1, 0x2, 0x4, 0x8, 0x10, 0x20, 0x40, 0x4000, 0x4000000) delayMs 170 force 0 size 4
06-23 15:21:57.969  1152  1557 I AudioFlinger_Threads: removeEffectChain_l() 0xb4000073216f0550 from thread 0xb400007414a0d7b0 for session 0
06-23 15:21:57.969  1152  1557 I AudioFlinger_Threads: removeEffect_l(): 0xb400007414a0d7b0, effect = 0xb4000072116e5b70, name = DAP
06-23 15:21:57.969  1152  1557 I EffectChain: removeEffect_l() effect 0xb4000072116e5b70, removed from chain 0xb4000073216f0550 at rank 0
06-23 15:21:57.969  1152  1557 I AudioFlinger_Threads: removeEffectChain_l() 0xb4000073216f0550 from thread 0xb400007414a0d7b0 for session 0
06-23 15:21:57.969  1152  1557 I EffectChain: EffectChain(): new EffectChain = 0xb4000073216f35b0
06-23 15:21:57.970  1152  1557 I AudioFlinger_Threads: addEffect_ll: 0xb40000741a8557b0 chain 0xb4000073216f35b0 effect 0xb4000072116e5b70,name = DAP
06-23 15:21:57.970  1152  1557 I EffectChain: addEffect_l() effect 0xb4000072116e5b70, added in chain 0xb4000073216f35b0 at rank 0
06-23 15:21:57.971  1107  1213 I DlbDap2Process: configure(sampleRate=48000, inChannels=0x3, outChannels=0x3)
06-23 15:21:57.975  1152  1557 D APM_AudioPolicyManager: [MTK_APM_Output]releaseOutput() 21 portId 2548
06-23 15:21:57.990  1152  1626 I EffectChain: ~EffectChain(): delete EffectChain = 0xb4000073216f0550
06-23 15:21:57.990  1357  1357 I thermal_repeater: [recvMdThermalInfo] ret=29, strLen=127,  3, 39, -50, -28402, 32767, 0
06-23 15:21:58.008 11925 16540 E IbraStreamService: Using default Browser User-Agent for: https://api.cobalt.blackcat.sweeux.org/tunnel?id=s9JuEVQInZDXFE6tT_JO9&exp=1782220547274&sig=ZS1sUrc4Iz702QXY9iye2rDAtzrOl-8r3b8iTI1hCWc&sec=6RM79Eg5JRCr66Xn-rf1iLGURnMTQPdUvDcTBbfv3oY&iv=S5SJvc0FId0ICnOhRqdVKw
06-23 15:21:58.040  2108  2108 W WindowOnBackDispatcher: sendCancelIfRunning: isInProgress=false callback=android.app.Dialog$$ExternalSyntheticLambda2@dc47ff3
06-23 15:21:58.049  2108  2639 I vol.Events: writeEvent active_stream_changed UNKNOWN_STREAM_-1
06-23 15:21:58.069  1098 17986 I resolv  : GetAddrInfoHandler::run: {135 262279 135 983175 10152 0}
06-23 15:21:58.070  1098 17987 I resolv  : res_nmkquery: (QUERY, IN, A)
06-23 15:21:58.070  1098 17987 I resolv  : resolv_cache_lookup: FOUND IN CACHE entry=0xb400006e13aeb410
06-23 15:21:58.070  1098 17987 I resolv  : doQuery: rcode=0, ancount=1, return value=56
06-23 15:21:58.081  1799  3061 W InputManager-JNI: Input channel object '772012a VolumeDialogImpl (client)' was disposed without first being removed with the input manager!
06-23 15:21:58.090 11925 16540 I CapacitorCookies: Getting cookies at: 'https://api.cobalt.blackcat.sweeux.org/tunnel?id=s9JuEVQInZDXFE6tT_JO9&exp=1782220547274&sig=ZS1sUrc4Iz702QXY9iye2rDAtzrOl-8r3b8iTI1hCWc&sec=6RM79Eg5JRCr66Xn-rf1iLGURnMTQPdUvDcTBbfv3oY&iv=S5SJvc0FId0ICnOhRqdVKw'
06-23 15:21:58.099  1164  1164 I SurfaceFlinger: onHandleDestroyed: name=WindowToken{6ddaa15 type=2020 android.os.BinderProxy@c3a07cc}#40009, layerId=40009, parentId=0
06-23 15:21:58.100  1164  1164 I SurfaceFlinger: onHandleDestroyed: name=772012a VolumeDialogImpl#40010, layerId=40010, parentId=0
06-23 15:21:58.100  1164  1164 I SurfaceFlinger: onHandleDestroyed: name=VolumeDialogImpl#40011, layerId=40011, parentId=0
06-23 15:21:58.110 17778 17867 I Finsky  : [2501] registerListener
06-23 15:21:58.117  1164  1164 I BufferQueueDebug: [VolumeDialogImpl#40011](this:0xb400006fd593bc30,id:-1,api:0,p:-1,c:1164) onDestructor()
06-23 15:21:58.118  1164  1164 I BufferQueueDebug: [772012a VolumeDialogImpl#40010](this:0xb400006fd59b6360,id:-1,api:0,p:-1,c:1164) onDestructor()
06-23 15:21:58.118  1164  1164 I BufferQueueDebug: [WindowToken{6ddaa15 type=2020 android.os.BinderProxy@c3a07cc}#40009](this:0xb400006fd5a03190,id:-1,api:0,p:-1,c:1164) onDestructor()
06-23 15:21:58.125 17778 17867 I Finsky  : [2501] DFS: Listener added for tac@86a55ee
06-23 15:21:58.126 17778 17867 I Finsky  : [2501] registerListener
06-23 15:21:58.133  1098 17991 I resolv  : GetAddrInfoHandler::run: {135 135 135 983175 10320 0}
06-23 15:21:58.138  1098 17992 I resolv  : res_nmkquery: (QUERY, IN, A)
06-23 15:21:58.171  1098 17992 I resolv  : res_nsend: used send_dg 78 terrno: 0
06-23 15:21:58.173  1098 17992 I resolv  : doQuery: rcode=0, ancount=2, return value=78
06-23 15:21:58.179  2303  2311 I droid.bluetooth: NativeAlloc concurrent mark compact GC freed 512KB AllocSpace bytes, 0(0B) LOS objects, 66% free, 2869KB/8609KB, paused 4.355ms,3.894ms total 334.714ms
06-23 15:21:58.263 11925 11925 I Capacitor/Console: File:  - Line 333 - Msg: undefined
06-23 15:21:58.327 17778 17898 I Finsky  : [2513] Component class com.google.android.finsky.wearsupport.WearSupportService disabled via PackageManager.
06-23 15:21:58.329 17778 17898 I Finsky  : [2513] Component class com.google.android.finsky.wearsupport.WearChangeListenerService disabled via PackageManager.
06-23 15:21:58.370  1799  1819 E ApplicationHelper: Fail to get PackageManager
06-23 15:21:58.375  1799  1819 E ApplicationHelper: Fail to get PackageManager
06-23 15:21:58.380 17778 17906 I Finsky  : [2519] Triggered update for experiment package com.google.android.finsky.stable.
06-23 15:21:58.384  1098  1589 I netd    : tetherGetStats() -> {[TetherStatsParcel{iface: ccmni0, rxBytes: 59734, rxPackets: 151, txBytes: 105349, txPackets: 265, ifIndex: 0}, TetherStatsParcel{iface: wlan0, rxBytes: 30218529221, rxPackets: 27263601, txBytes: 3455440266, txPackets: 6726327, ifIndex: 0}]} <2.72ms>
06-23 15:21:58.386  2108  2108 W ConstraintSet: id unknown center_vertical_guideline
06-23 15:21:58.386  2108  2108 W ConstraintSet: id unknown action_button_guideline
06-23 15:21:58.386  2108  2108 W ConstraintSet: id unknown icon
06-23 15:21:58.386  2108  2108 W ConstraintSet: id unknown media_seamless
06-23 15:21:58.386  2108  2108 W ConstraintSet: id unknown media_action_barrier_start
06-23 15:21:58.386  2108  2108 W ConstraintSet: id unknown media_action_barrier_end
06-23 15:21:58.386  2108  2108 W ConstraintSet: id unknown media_action_barrier_top
06-23 15:21:58.386  2108  2108 W ConstraintSet: id unknown remove_text
06-23 15:21:58.386  2108  2108 W ConstraintSet: id unknown settings
06-23 15:21:58.386  2108  2108 W ConstraintSet: id unknown dismiss
06-23 15:21:58.386  2108  2108 W ConstraintSet: id unknown cancel
06-23 15:21:58.425  1799  1819 E ApplicationHelper: Fail to get PackageManager
06-23 15:21:58.428  1799  1819 E ApplicationHelper: Fail to get PackageManager
06-23 15:21:58.430  1164  1164 I BufferQueueProducer: [NotificationShade#40005](this:0xb400006fd5774230,id:-1,api:0,p:-1,c:1164) queueBuffer: fps=58.51 dur=1008.35 max=68.18 min=11.61
06-23 15:21:58.440  1164  1164 I BufferQueueProducer: [FramebufferSurface](this:0xb400007085754d00,id:-1,api:1,p:1164,c:1164) queueBuffer: fps=61.72 dur=1004.51 max=52.62 min=11.77
06-23 15:21:58.473  1799  2519 W ParceledListSlice: Element #77 is 21136 bytes.
06-23 15:21:58.528 17778 17934 I cn_CronetUrlRequestContext: destroyNativeStreamLocked android.net.http.internal.org.chromium.net.impl.CronetBidirectionalStream@6d9ba46
06-23 15:21:58.637 17778 17906 I Finsky  : [2519] Already at the latest configurations for experiment package com.google.android.finsky.stable.
06-23 15:21:58.638 17778 17997 I Finsky  : [2556] Triggered update for experiment package com.google.android.finsky.stable_new.
06-23 15:21:58.695  1112  1127 I hwcomposer: [HWCDisplay] (0 updateFps():3644), (type:1, mode:2) fps:65.653610,dur:1005.28,max:52.37,min:10.37  
06-23 15:21:58.747  1132  1181 I libPerfCtl: xgfGetFPS pid:1164 fps:-1
06-23 15:21:58.747  1132  1181 I libPerfCtl: xgfGetFPS pid:2108 fps:-1
06-23 15:21:58.747  1132  1181 I libPerfCtl: xgfGetFPS pid:11925 fps:-1
06-23 15:21:58.755 17778 17788 W android.vending: ApkAssets: Deleting an ApkAssets object '<empty> and /data/app/~~y9K8iLNi5FaHbyNOM2PmPA==/com.spotify.music-XF0oNSZCf4RLfKUyHZERiQ==/base.apk' with 1 weak references
06-23 15:21:58.763 17778 17788 W android.vending: ApkAssets: Deleting an ApkAssets object '<empty> and /data/app/~~y9K8iLNi5FaHbyNOM2PmPA==/com.spotify.music-XF0oNSZCf4RLfKUyHZERiQ==/split_config.arm64_v8a.apk' with 1 weak references
06-23 15:21:58.764 17778 17788 W android.vending: ApkAssets: Deleting an ApkAssets object '<empty> and /data/app/~~y9K8iLNi5FaHbyNOM2PmPA==/com.spotify.music-XF0oNSZCf4RLfKUyHZERiQ==/split_config.es.apk' with 1 weak references
06-23 15:21:58.764 17778 17788 W android.vending: ApkAssets: Deleting an ApkAssets object '<empty> and /data/app/~~y9K8iLNi5FaHbyNOM2PmPA==/com.spotify.music-XF0oNSZCf4RLfKUyHZERiQ==/split_config.xhdpi.apk' with 1 weak references
06-23 15:21:58.769 17778 18001 I Finsky  : [2559] Initializing pausers from value store.
06-23 15:21:58.788 17778 18001 I Finsky  : [2559] IQ::HLD: Callers (Pausers) in PauseUpdatesCallersValueStore: []
06-23 15:21:58.802  1099  1099 I Zygote  : Entering forkRepeatedly native zygote loop
06-23 15:21:58.828  1799  1831 I ActivityManager: Start proc 18004:com.android.vending:background/u0a152 for service {com.android.vending/com.google.frameworks.client.data.android.server.play.BackgroundProcessEndpointService}
06-23 15:21:58.835  3581  3585 I FuseDaemon: Background young concurrent mark compact GC freed 6764KB AllocSpace bytes, 0(0B) LOS objects, 60% free, 4274KB/10MB, paused 833us,4.277ms total 293.338ms
06-23 15:21:58.847  1107  1625 I AHAL_Stream: pause()
06-23 15:21:58.848  1107  1625 I AHAL_Stream: flush()
06-23 15:21:58.848 18004 18004 I ding:background: Using generational CollectorTypeCMC GC.
06-23 15:21:58.873  1799  1819 E ApplicationHelper: Fail to get PackageManager
06-23 15:21:58.872 17778 17997 I Finsky  : [2556] Already at the latest configurations for experiment package com.google.android.finsky.stable_new.
06-23 15:21:58.873 17778 17906 I Finsky  : [2519] Triggered update for experiment package com.google.android.finsky.regular.
06-23 15:21:58.874  1107  1625 W AudioALSAHardwareResourceManager: CloseSpeakerPath advance_close_audio_fs1815_pa 0
06-23 15:21:58.929 17778 17906 I Finsky  : [2519] Already at the latest configurations for experiment package com.google.android.finsky.regular.
06-23 15:21:58.930 17778 17906 I Finsky  : [2519] Triggered update for experiment package com.google.android.finsky.regular.
06-23 15:21:58.984 17778 17906 I Finsky  : [2519] Already at the latest configurations for experiment package com.google.android.finsky.regular.
06-23 15:21:58.984 17778 17906 I Finsky  : [2519] Triggered update for experiment package com.google.android.finsky.regular.
06-23 15:21:59.070 18004 18004 W ding:background: Failed to find entry 'classes.dex': Entry not found
06-23 15:21:59.078 18004 18004 W ding:background: Failed to find entry 'classes.dex': Entry not found
06-23 15:21:59.082 18004 18004 W ding:background: Failed to find entry 'classes.dex': Entry not found
06-23 15:21:59.086 18004 18004 W ding:background: Failed to find entry 'classes.dex': Entry not found
06-23 15:21:59.090 18004 18004 W ding:background: Failed to find entry 'classes.dex': Entry not found
06-23 15:21:59.092 17778 17906 I Finsky  : [2519] Already at the latest configurations for experiment package com.google.android.finsky.regular.
06-23 15:21:59.094 17778 17906 I Finsky  : [2519] Triggered update for experiment package com.google.android.finsky.regular.
06-23 15:21:59.095 18004 18004 W ding:background: Failed to find entry 'classes.dex': Entry not found
06-23 15:21:59.135 11925 16540 E IbraStreamService: Using default Browser User-Agent for: https://api.cobalt.blackcat.sweeux.org/tunnel?id=s9JuEVQInZDXFE6tT_JO9&exp=1782220547274&sig=ZS1sUrc4Iz702QXY9iye2rDAtzrOl-8r3b8iTI1hCWc&sec=6RM79Eg5JRCr66Xn-rf1iLGURnMTQPdUvDcTBbfv3oY&iv=S5SJvc0FId0ICnOhRqdVKw
06-23 15:21:59.138 11925 16540 I CapacitorCookies: Getting cookies at: 'https://api.cobalt.blackcat.sweeux.org/tunnel?id=s9JuEVQInZDXFE6tT_JO9&exp=1782220547274&sig=ZS1sUrc4Iz702QXY9iye2rDAtzrOl-8r3b8iTI1hCWc&sec=6RM79Eg5JRCr66Xn-rf1iLGURnMTQPdUvDcTBbfv3oY&iv=S5SJvc0FId0ICnOhRqdVKw'
06-23 15:21:59.145 17778 17906 I Finsky  : [2519] Already at the latest configurations for experiment package com.google.android.finsky.regular.
06-23 15:21:59.146 17778 17906 I Finsky  : [2519] Triggered update for experiment package com.google.android.finsky.regular.
06-23 15:21:59.177 18004 18004 I Finsky:background: [2] Process created at version: 51.9.17-31 [0] [PR] 931367114
06-23 15:21:59.190 18004 18004 I Finsky:background: [2] [BGP] Initializing early flags...
06-23 15:21:59.191 18004 18004 I Finsky:background: [2] [BGP] Initializing Gservices...
06-23 15:21:59.195 18004 18004 I Finsky:background: [2] [BGP] Initializing flags...
06-23 15:21:59.206 17778 17906 I Finsky  : [2519] Already at the latest configurations for experiment package com.google.android.finsky.regular.
06-23 15:21:59.207 17778 17906 I Finsky  : [2519] Triggered update for experiment package com.google.android.finsky.regular.
06-23 15:21:59.217 18004 18004 I Finsky:background: [2] Finished reading experiment flags from file [0tGUNCGIkbk4o6-fQ335kUYSKwVj4lusnHT-A5Dsy08] numFlags=2415.
06-23 15:21:59.274 17778 17906 I Finsky  : [2519] Already at the latest configurations for experiment package com.google.android.finsky.regular.
06-23 15:21:59.297 18004 18004 I Finsky:background: [2] Finished reading experiment flags from file [pqVQ-_tzGO9x8AvHKwHvbcIR9Lww_078Y0LX_yBcKek] numFlags=2040.
06-23 15:21:59.304 18004 18004 I Finsky:background: [2] Finished reading experiment flags from file [8svu7g3rw1YIcvdzG21ARuFC8-MFfrClctVIegxbYzU] numFlags=2039.
06-23 15:21:59.311 18004 18004 I Finsky:background: [2] Finished reading experiment flags from file [GslxE7VnozFdEAQCxnd_4py_jU1aWFjk7vhmeTyHE8Q] numFlags=2039.
06-23 15:21:59.318 18004 18004 I Finsky:background: [2] Finished reading experiment flags from file [6zo_MYJxvhh4eW6q9zGFYLTu7u6pJdrCFLklAfQRsQc] numFlags=2039.
06-23 15:21:59.329 18004 18004 I Finsky:background: [2] Finished reading experiment flags from file [sGFWwBxWcQTOvjCXcoIvjZMYecfkgOrKA6TyY1K4H6c] numFlags=2039.
06-23 15:21:59.332 18004 18004 I Finsky:background: [2] [BGP] Initializing crash detector...
06-23 15:21:59.339 18004 18004 I Finsky:background: [2] aknz - Registering in memory receiver for android.intent.action.PACKAGE_ADDED and android.intent.action.PACKAGE_REMOVED
06-23 15:21:59.351 18004 18004 I Typeface: initOverlayFonts====family: RookeryNew-Regular
06-23 15:21:59.353  1799  2519 I ActivityManager: Flag disabled. Ignoring finishAttachApplication from uid: 10152. pid: 18004
06-23 15:21:59.376  2071  2076 I WifiHAL : feature_set=0x8488341a
06-23 15:21:59.381  1799  1819 E ApplicationHelper: Fail to get PackageManager
06-23 15:21:59.385 18004 18004 I Finsky:background: [2] This process start was not selected for Play memory metrics collection.
06-23 15:21:59.388  1098  1589 I netd    : tetherGetStats() -> {[TetherStatsParcel{iface: ccmni0, rxBytes: 59734, rxPackets: 151, txBytes: 105349, txPackets: 265, ifIndex: 0}, TetherStatsParcel{iface: wlan0, rxBytes: 30218532458, rxPackets: 27263605, txBytes: 3455440386, txPackets: 6726330, ifIndex: 0}]} <3.12ms>
06-23 15:21:59.390  1799  1819 E ApplicationHelper: Fail to get PackageManager
06-23 15:21:59.395 18004 18004 I Finsky:background: [2] Memory trim requested to level 40
06-23 15:21:59.401 18004 18029 W Settings: Setting download_manager_max_bytes_over_mobile has moved from android.provider.Settings.Secure to android.provider.Settings.Global.
06-23 15:21:59.404 18004 18029 I Finsky:background: [2519] SettingNotFoundException, fall through to G.downloadBytesOverMobileMaximum
06-23 15:21:59.404 18004 18029 W Settings: Setting download_manager_recommended_max_bytes_over_mobile has moved from android.provider.Settings.Secure to android.provider.Settings.Global.
06-23 15:21:59.406 18004 18029 I Finsky:background: [2519] SettingNotFoundException, fall through to G.downloadBytesOverMobileRecommended
06-23 15:21:59.407 18004 18029 I Finsky:background: [2519] registerListener
06-23 15:21:59.410 18004 18029 I Finsky:background: [2519] DFS: Listener added for tac@67f003a
06-23 15:21:59.410 18004 18029 I Finsky:background: [2519] registerListener
06-23 15:21:59.412 18004 18029 I Finsky:background: [2519] registerListener
06-23 15:21:59.413 18004 18029 I Finsky:background: [2519] DFS: Listener added for apba@88fcc51
06-23 15:21:59.440  1164  1164 I BufferQueueProducer: [NotificationShade#40005](this:0xb400006fd5774230,id:-1,api:0,p:-1,c:1164) queueBuffer: fps=85.16 dur=1009.81 max=14.68 min=8.78
06-23 15:21:59.448  1164  1164 I BufferQueueProducer: [FramebufferSurface](this:0xb400007085754d00,id:-1,api:1,p:1164,c:1164) queueBuffer: fps=85.30 dur=1008.21 max=14.58 min=8.86
06-23 15:21:59.458 18004 18029 I Finsky:background: [2519] IV2: IQv2 is disabled. Recovering all active installs: []
06-23 15:21:59.481 18004 18028 I Finsky:background: [2518] IQ: start evaluating install requests.
06-23 15:21:59.482 18004 18028 I Finsky:background: [2518] IQ: no jobs active. Skipping
06-23 15:21:59.488 18004 18026 I Finsky:background: [2516] Device is eligible for platform Cronet and will attempt to use it.
06-23 15:21:59.514 18004 18026 I cn_CronetLibraryLoader: Cronet version: 147.0.7727.45, arch: aarch64
06-23 15:21:59.525 18004 18026 I Finsky:background: [2516] CronetEngine is present. Using Cronet for the networking stack.
06-23 15:21:59.543 18004 18038 I Finsky:background: [2527] IQ: Pruning inactive install requests
06-23 15:21:59.551 18004 18028 I Finsky:background: [2518] IQ: 0 scheduled install statuses found to proceed. 
06-23 15:21:59.557 18004 18026 I Finsky:background: [2516] Finished reading experiment flags from file [Se-xCc4LzNyh3UrKMIU2sUf-PUKz4oQEbpKZDMuaFno] numFlags=2028.
06-23 15:21:59.562  1799  1819 E ApplicationHelper: Fail to get PackageManager
06-23 15:21:59.564  1799  1819 E ApplicationHelper: Fail to get PackageManager
06-23 15:21:59.568 17778 18059 I Finsky  : [2564] SM: There are no stale sessions to be pruned
06-23 15:21:59.568 18004 18038 I Finsky:background: [2527] Resetting scheduler db
06-23 15:21:59.570 11925 16540 E IbraStreamService: Using default Browser User-Agent for: https://api.cobalt.blackcat.sweeux.org/tunnel?id=s9JuEVQInZDXFE6tT_JO9&exp=1782220547274&sig=ZS1sUrc4Iz702QXY9iye2rDAtzrOl-8r3b8iTI1hCWc&sec=6RM79Eg5JRCr66Xn-rf1iLGURnMTQPdUvDcTBbfv3oY&iv=S5SJvc0FId0ICnOhRqdVKw
06-23 15:21:59.574 11925 16540 I CapacitorCookies: Getting cookies at: 'https://api.cobalt.blackcat.sweeux.org/tunnel?id=s9JuEVQInZDXFE6tT_JO9&exp=1782220547274&sig=ZS1sUrc4Iz702QXY9iye2rDAtzrOl-8r3b8iTI1hCWc&sec=6RM79Eg5JRCr66Xn-rf1iLGURnMTQPdUvDcTBbfv3oY&iv=S5SJvc0FId0ICnOhRqdVKw'
06-23 15:21:59.577 17778 17778 I Finsky  : [2] Connecting InstallListener to SplitInstallService broadcaster...
06-23 15:21:59.588 18004 18026 I Finsky:background: [2516] Subscription detail: DataSubscriptionInfo{groupIdLevel1=44474553, serviceProviderName=[3XLF4lvMIylE1O7ly_w6ACvdBeBh18YI-yhoWTZXf2Q], simCarrierId=2442}
06-23 15:21:59.595 18004 18004 I Finsky:background: [2] onSubscriptionsChanged
06-23 15:21:59.605 18004 18035 I Finsky:background: [2524] SCH: Scheduling phonesky job Id: 47-15, CT: 1782217114186, Constraints: [{ L: 6562651, D: 28162651, C: CHARGING_NONE, I: IDLE_REQUIRED, N: NET_NONE, B: BATTERY_ANY }]
06-23 15:21:59.605 18004 18035 I Finsky:background: [2524] SCH: Scheduling phonesky job Id: 59-1, CT: 1782218897276, Constraints: [{ L: 10119551, D: 20259538, C: CHARGING_NONE, I: IDLE_NONE, N: NET_ANY, B: BATTERY_ANY }]
06-23 15:21:59.619 18004 18026 I Finsky:background: [2516] SCH: Scheduling 0 system job(s)
06-23 15:21:59.626 18004 18025 I Finsky:background: [2515] IQ: start evaluating install requests.
06-23 15:21:59.627 18004 18035 I Finsky:background: [2524] SSM: Start staged session task with 0 tracked staged sessions
06-23 15:21:59.628 18004 18025 I Finsky:background: [2515] IQ: no jobs active. Skipping
06-23 15:21:59.632 18004 18025 I Finsky:background: [2515] IQ: 0 scheduled install statuses found to proceed. 
06-23 15:21:59.686  1799  1819 I ThreeFingerPointerEventListener: onPointDown... pointIndex = 0, pointId = 0 currentX = 394.75, currentY = 1220.0 mTouchRegion:Rect(43, 96 - 676, 1507)
06-23 15:21:59.687  1135  1212 I libPowerHal: [perfLockAcq] idx:1 hdl:61077 hint:25 pid:1135 tid:1135 duration:10000 lock_user:vendor.mediatek => ret_hdl:61077
06-23 15:21:59.687  1135  1212 I libPowerHal: [PE] MTKPOWER_HINT_APP_TOUCH update cmd:410000, param:1, pr:3
06-23 15:21:59.687  1135  1212 I libPowerHal: [PE] MTKPOWER_HINT_APP_TOUCH update cmd:400000 param:3000000 pr:3
06-23 15:21:59.687  1135  1212 I libPowerHal: [PE] MTKPOWER_HINT_APP_TOUCH update cmd:400100 param:3000000 pr:3
06-23 15:21:59.687  1135  1212 I libPowerHal: value: 1
06-23 15:21:59.687  1135  1212 I libPowerHal: [PE] MTKPOWER_HINT_APP_TOUCH update cmd:410000 param:1 pr:3
06-23 15:21:59.688  1135  1212 I libPowerHal: [setDvfsrcDevFreqOpp] opp:0, freq:3600000000
06-23 15:21:59.688  1135  1212 I libPowerHal: [PE] MTKPOWER_HINT_APP_TOUCH update cmd:1000000 param:0 pr:3
06-23 15:21:59.688  1135  1212 I libPowerHal: [recordCPUFreqInfo] set cluster[0] min(MTKPOWER_HINT_APP_TOUCH): 1700000 max(-1): -1 cluster[1] min(MTKPOWER_HINT_APP_TOUCH): 2000000 max(-1): -1
06-23 15:21:59.688  1135  1212 I libPowerHal: [perfLockAcq] Done for hdl : 61077
06-23 15:21:59.701  1112  1127 I hwcomposer: [HWCDisplay] (0 updateFps():3644), (type:1, mode:2) fps:87.420288,dur:1006.63,max:14.63,min:8.87  
06-23 15:21:59.747  1132  1181 I libPerfCtl: xgfGetFPS pid:1164 fps:-1
06-23 15:21:59.747  1132  1181 I libPerfCtl: xgfGetFPS pid:2108 fps:-1
06-23 15:21:59.747  1132  1181 I libPerfCtl: xgfGetFPS pid:11925 fps:-1
06-23 15:22:00.034 17580 17664 I Bugle   : BugleStartup: Updating app config...
06-23 15:22:00.049 17580 17664 I Bugle   : BugleStartup: Done with app config.
06-23 15:22:00.050 17580 17664 I Bugle   : BugleStartup: Handling shared prefs upgrade & Load MMS Configuration...
06-23 15:22:00.080 17580 17662 I BugleDataModel: Scheduling country code detector action, because a subscription changed its state.
06-23 15:22:00.085 17580 17693 I RcsProvisioningFlow: Received intent action: android.intent.action.SIM_STATE_CHANGED with extra SIM_STATE: ABSENT
06-23 15:22:00.086 17580 17693 I RcsProvisioningFlow: Sending sim removal verification work request to scheduler due to ABSENT.
06-23 15:22:00.092 17580 17692 I Bugle   : BugleStartup: Done initializing with enabled individual init failures.
06-23 15:22:00.095  1799  1819 E ApplicationHelper: Fail to get PackageManager
06-23 15:22:00.100 17580 17664 I BugleDataModel: ActionExecutorImpl: ACTION_EXECUTE_QUEUED_CountryCodeDetectorAction
06-23 15:22:00.104 17580 17651 I BugleDataModel: running action CountryCodeDetectorAction
06-23 15:22:00.105  1799  1819 E ApplicationHelper: Fail to get PackageManager
06-23 15:22:00.119 17580 17662 I BugleDataModel: Scheduling self participants refresh action, because a subscription changed its state.
06-23 15:22:00.121 17580 17653 I RcsProvisioningFlow: Beginning update task for phone SIMs state scheduledAt: 2026-06-23T13:22:00.086Z
06-23 15:22:00.125 17580 17690 I Bugle   : CountryCodeDetector: updateSmsNetworkCountry from default subscription network country. detected country: es
06-23 15:22:00.126 17580 17690 I BugleDataModel: ActionExecutorImpl: ACTION_RESPONSE_QUEUED_CountryCodeDetectorAction
06-23 15:22:00.129 17580 17651 I BugleDataModel: ActionExecutorImpl: ACTION_BACKGROUND_QUEUED_CountryCodeDetectorAction
06-23 15:22:00.130 17580 17693 I RcsProvisioningFlow: Scheduling 2 using PWQ with updateTrigger: 7, scheduledAt: 2026-06-23T13:22:00.086Z, initialDelaySeconds: 90.
06-23 15:22:00.131 17580 17653 I RcsProvisioningFlow: Lock acquired for updating phone SIMs state with update trigger: 1.
06-23 15:22:00.132 17580 17653 I RcsProvisioningFlow: subscriptionUtilsList subIds: [1]
06-23 15:22:00.137 17580 17651 I BugleDataModel: finished running action CountryCodeDetectorAction in 27 ms
06-23 15:22:00.142  1135  1212 I libPowerHal: [perfLockRel] hdl:61077, idx:1
06-23 15:22:00.142  1135  1212 I libPowerHal: [PD] MTKPOWER_HINT_APP_TOUCH update cmd:410000 param:0, pr:6
06-23 15:22:00.142  1135  1212 I libPowerHal: [PD] MTKPOWER_HINT_APP_TOUCH update cmd:400000 param:-1 pr:6
06-23 15:22:00.142  1135  1212 I libPowerHal: [PD] MTKPOWER_HINT_APP_TOUCH update cmd:400100 param:-1 pr:6
06-23 15:22:00.142  1135  1212 I libPowerHal: value: 0
06-23 15:22:00.142  1135  1212 I libPowerHal: [PD] MTKPOWER_HINT_APP_TOUCH update cmd:410000 param:0 pr:6
06-23 15:22:00.143  1135  1212 I libPowerHal: [PD] MTKPOWER_HINT_APP_TOUCH update cmd:1000000 param:-1 pr:6
06-23 15:22:00.143  1135  1212 I libPowerHal: [recordCPUFreqInfo] set cluster[0] min(-1): -1 max(-1): -1 cluster[1] min(-1): -1 max(-1): -1
06-23 15:22:00.143  1135  1212 I libPowerHal: [perfLockRel] Done for hdl : 61077
06-23 15:22:00.153  1799  1819 E ApplicationHelper: Fail to get PackageManager
06-23 15:22:00.156  1799  1819 E ApplicationHelper: Fail to get PackageManager
06-23 15:22:00.192 17580 17664 W Bugle   : BuglePhoneNumberUtils: canonicalizeMccMnc: invalid mccmnc. mcc: null, mnc: null
06-23 15:22:00.201 17580 17664 W Bugle   : BuglePhoneNumberUtils: canonicalizeMccMnc: invalid mccmnc. mcc: null, mnc: null
06-23 15:22:00.207 17580 17693 I Bugle   : BroadcastReceiverAsyncWorkTracker: Acknowledging broadcast of dghz@c6289dd
06-23 15:22:00.222 17580 17652 I BugleSimStateTracker: Looking up Fi through package names.
06-23 15:22:00.294 17580 17652 I BugleSimStateTracker: default call SIM: redacted-pii:sim_id[chars:19,last3:392], default sms SIM redacted-pii:sim_id[chars:19,last3:392]. default data SIM redacted-pii:sim_id[chars:19,last3:392].
06-23 15:22:00.298 17580 17652 I BugleSimStateTracker: default call SIM: redacted-pii:sim_id[chars:19,last3:392], default sms SIM redacted-pii:sim_id[chars:19,last3:392]. default data SIM redacted-pii:sim_id[chars:19,last3:392].
06-23 15:22:00.330 17580 17587 I .apps.messaging: Background concurrent mark compact GC freed 25MB AllocSpace bytes, 39(1684KB) LOS objects, 66% free, 6392KB/18MB, paused 9.090ms,11.140ms total 294.986ms
06-23 15:22:00.360 17580 17693 I BugleSimStateTracker: Subscription is carrier config identified: true [CONTEXT sub_id=1 ]
06-23 15:22:00.364 17580 17747 I RcsAvailability: Rcs availability updater triggered on app start for all active identities.
06-23 15:22:00.378 17580 17656 I BugleConnectivity: isOnSatellite(1): false [CONTEXT ratelimit_period="1 SECONDS" ]
06-23 15:22:00.385 17580 17656 I BugleConnectivity: 1 is not on satellite and no other subscriptions are on satellite [CONTEXT ratelimit_period="1 SECONDS" ]
06-23 15:22:00.391  1799  3762 W NotificationHistory: Attempted to add notif for locked/gone/disabled user 0
06-23 15:22:00.402 17580 17640 I Bugle   : getRawTelephonyPhoneNumber redacted-pii[0-chars] [CONTEXT sub_id=1 ]
06-23 15:22:00.420  1135  1212 I libPowerHal: [perfLockAcq] idx:1 hdl:61078 hint:25 pid:1135 tid:1135 duration:10000 lock_user:vendor.mediatek => ret_hdl:61078
06-23 15:22:00.420  1135  1212 I libPowerHal: [PE] MTKPOWER_HINT_APP_TOUCH update cmd:410000, param:1, pr:3
06-23 15:22:00.420  1799  1819 I ThreeFingerPointerEventListener: onPointDown... pointIndex = 0, pointId = 0 currentX = 367.5, currentY = 1099.0 mTouchRegion:Rect(43, 96 - 676, 1507)
06-23 15:22:00.420  1135  1212 I libPowerHal: [PE] MTKPOWER_HINT_APP_TOUCH update cmd:400000 param:3000000 pr:3
06-23 15:22:00.420  1135  1212 I libPowerHal: [PE] MTKPOWER_HINT_APP_TOUCH update cmd:400100 param:3000000 pr:3
06-23 15:22:00.420  1135  1212 I libPowerHal: value: 1
06-23 15:22:00.420  1135  1212 I libPowerHal: [PE] MTKPOWER_HINT_APP_TOUCH update cmd:410000 param:1 pr:3
06-23 15:22:00.420 17580 17640 I BugleSelfIdentity: Phone number for MyIdentity 84045a0d-3606-443b-88de-9e500910f363 does not change [CONTEXT sub_id=1 icc_id="redacted-pii[19-chars]" rcs_provisioning_id="redacted-pii[0-chars]" ]
06-23 15:22:00.420  1135  1212 I libPowerHal: [setDvfsrcDevFreqOpp] opp:0, freq:3600000000
06-23 15:22:00.420  1135  1212 I libPowerHal: [PE] MTKPOWER_HINT_APP_TOUCH update cmd:1000000 param:0 pr:3
06-23 15:22:00.420  1135  1212 I libPowerHal: [recordCPUFreqInfo] set cluster[0] min(MTKPOWER_HINT_APP_TOUCH): 1700000 max(-1): -1 cluster[1] min(MTKPOWER_HINT_APP_TOUCH): 2000000 max(-1): -1
06-23 15:22:00.420  1135  1212 I libPowerHal: [perfLockAcq] Done for hdl : 61078
06-23 15:22:00.429 17580 17693 I BugleSimStateTracker: Looking up Fi through package names.
06-23 15:22:00.441  1164  1164 I BufferQueueProducer: [NotificationShade#40005](this:0xb400006fd5774230,id:-1,api:0,p:-1,c:1164) queueBuffer: fps=87.90 dur=1001.14 max=13.62 min=10.10
06-23 15:22:00.447 17580 17693 I RcsProvisioningFlow: All newly built SimSubscriptionInfos: [(simId: redacted-pii:sim_id[chars:19,last3:392],
06-23 15:22:00.447 17580 17693 I RcsProvisioningFlow: subId: 1,
06-23 15:22:00.447 17580 17693 I RcsProvisioningFlow: simSlot: 0,
06-23 15:22:00.447 17580 17693 I RcsProvisioningFlow: imsi: redacted-pii:imsi[chars:15],
06-23 15:22:00.447 17580 17693 I RcsProvisioningFlow: phoneNumber: redacted-pii:phone_number[chars:0,last2:],
06-23 15:22:00.447 17580 17693 I RcsProvisioningFlow: countryCode: ES,
06-23 15:22:00.447 17580 17693 I RcsProvisioningFlow: networkOperatorName: DIGI ES,
06-23 15:22:00.447 17580 17693 I RcsProvisioningFlow: subscriptionGroupUuid: ,
06-23 15:22:00.447 17580 17693 I RcsProvisioningFlow: mcc: 214,
06-23 15:22:00.447 17580 17693 I RcsProvisioningFlow: mnc: 22,
06-23 15:22:00.447 17580 17693 I RcsProvisioningFlow: simCarrierId: 2442,
06-23 15:22:00.447 17580 17693 I RcsProvisioningFlow: iccid: redacted-pii:sim_iccid[chars:19],
06-23 15:22:00.447 17580 17693 I RcsProvisioningFlow: isFi: false,
06-23 15:22:00.447 17580 17693 I RcsProvisioningFlow: loggableGuid: ba83e873-0147-44ee-b08a-bd01a528eb9b,
06-23 15:22:00.447 17580 17693 I RcsProvisioningFlow: formattedMsisdn: redacted-pii:phone_number[chars:0,last2:],
06-23 15:22:00.447 17580 17693 I RcsProvisioningFlow: simOperatorName: DIGI ES,
06-23 15:22:00.447 17580 17693 I RcsProvisioningFlow: simOperator: 21422,
06-23 15:22:00.447 17580 17693 I RcsProvisioningFlow: groupIdLevel1: 44474553,
06-23 15:22:00.447 17580 17693 I RcsProvisioningFlow: preferredSubscriptionName: DIGI ES)]
06-23 15:22:00.448 17580 17640 I Bugle   : Has Samsung system feature: false
06-23 15:22:00.449  1164  1164 I BufferQueueProducer: [FramebufferSurface](this:0xb400007085754d00,id:-1,api:1,p:1164,c:1164) queueBuffer: fps=87.93 dur=1000.80 max=14.18 min=8.75
06-23 15:22:00.462 17580 17693 I RcsProvisioningFlow: Storing updated SimSubscriptionInfo list in PhoneSimsStateDataStore: [(redacted-pii:sim_id[chars:19,last3:392], ba83e873-0147-44ee-b08a-bd01a528eb9b)]
06-23 15:22:00.463 17580 17693 I RcsProvisioningFlow: Storing updated SimSubscriptionInfo list in SimStateStore: [(redacted-pii:sim_id[chars:19,last3:392], ba83e873-0147-44ee-b08a-bd01a528eb9b)]
06-23 15:22:00.466 17580 17693 I RcsProvisioningFlow: Sim subscription infos have not changed, skipping saving
06-23 15:22:00.467 17580 17693 I RcsProvisioningFlow: Phone defaults have not changed in SimStateStore, skipping saving
06-23 15:22:00.467 17580 17746 E BlockableFutures: Cannot block on non-blocking thread
06-23 15:22:00.467 17580 17746 E BlockableFutures: java.lang.IllegalStateException: Cannot block on non-blocking thread: BG Thread #3
06-23 15:22:00.467 17580 17746 E BlockableFutures: 	at emgr.d(PG:109)
06-23 15:22:00.467 17580 17746 E BlockableFutures: 	at emgr.a(PG:1)
06-23 15:22:00.467 17580 17746 E BlockableFutures: 	at cnnu.call(PG:2940)
06-23 15:22:00.467 17580 17746 E BlockableFutures: 	at android.content.ContentProvider.call(ContentProvider.java:2704)
06-23 15:22:00.467 17580 17746 E BlockableFutures: 	at ade$$ExternalSyntheticApiModelOutline0.m(D8$$SyntheticClass:38)
06-23 15:22:00.467 17580 17746 E BlockableFutures: 	at cnmg.call(PG:14)
06-23 15:22:00.467 17580 17746 E BlockableFutures: 	at android.content.ContentProvider$Transport.call(ContentProvider.java:633)
06-23 15:22:00.467 17580 17746 E BlockableFutures: 	at android.content.ContentResolver.call(ContentResolver.java:2466)
06-23 15:22:00.467 17580 17746 E BlockableFutures: 	at android.content.ContentResolver.call(ContentResolver.java:2446)
06-23 15:22:00.467 17580 17746 E BlockableFutures: 	at ecty.f(PG:53)
06-23 15:22:00.467 17580 17746 E BlockableFutures: 	at ecty.d(PG:7)
06-23 15:22:00.467 17580 17746 E BlockableFutures: 	at ectb.a(PG:3)
06-23 15:22:00.467 17580 17746 E BlockableFutures: 	at ecsx.a(PG:3)
06-23 15:22:00.467 17580 17746 E BlockableFutures: 	at cvol.i(PG:17)
06-23 15:22:00.467 17580 17746 E BlockableFutures: 	at cvol.g(PG:100)
06-23 15:22:00.467 17580 17746 E BlockableFutures: 	at cvol.c(PG:55)
06-23 15:22:00.467 17580 17746 E BlockableFutures: 	at dbhh.h(PG:348)
06-23 15:22:00.467 17580 17746 E BlockableFutures: 	at dbhg.b(PG:13)
06-23 15:22:00.467 17580 17746 E BlockableFutures: 	at gctn.w(PG:11)
06-23 15:22:00.467 17580 17746 E BlockableFutures: 	at gdgc.run(PG:112)
06-23 15:22:00.467 17580 17746 E BlockableFutures: 	at fcxg.run(PG:3)
06-23 15:22:00.467 17580 17746 E BlockableFutures: 	at fens.run(PG:17)
06-23 15:22:00.467 17580 17746 E BlockableFutures: 	at emgd.run(PG:7)
06-23 15:22:00.467 17580 17746 E BlockableFutures: 	at fhjc.run(PG:44)
06-23 15:22:00.467 17580 17746 E BlockableFutures: 	at emis.run(PG:18)
06-23 15:22:00.467 17580 17746 E BlockableFutures: 	at emfm.run(PG:89)
06-23 15:22:00.467 17580 17746 E BlockableFutures: 	at java.lang.Thread.run(Thread.java:1572)
06-23 15:22:00.467 17580 17746 E BlockableFutures: 	at emha.run(PG:62)
06-23 15:22:00.468 17580 17693 I RcsProvisioningFlow: Phone defaults have not changed in PhoneSimsStateDataStore, skipping saving
06-23 15:22:00.476 17580 17693 I RcsProvisioningFlow: Handling SIM loaded event for all SIMs on first update: [(redacted-pii[19-chars], ba83e873-0147-44ee-b08a-bd01a528eb9b)]
06-23 15:22:00.490 17580 17693 I RcsAvailability: RCS availability update triggered on SIM loaded for simId: ba83e873-0147-44ee-b08a-bd01a528eb9b
06-23 15:22:00.503 17580 17640 I RcsAvailability: isEnabledRcsConfigAvailable for simId redacted-pii:sim_id[chars:19,last3:392]: true
06-23 15:22:00.510 17580 17640 I BugleRcsEngine: getConfigServerUrl with simId: redacted-pii:sim_id[chars:19,last3:392] [CONTEXT log_prefix="ProvisioningServerUtil" thread_id=2498 ]
06-23 15:22:00.511 17580 17640 I BugleRcsEngine: Using MCC based URL [CONTEXT log_prefix="ProvisioningServerUtil" thread_id=2498 ]
06-23 15:22:00.513 17580 17640 I ProvisioningServerUtil: Getting mccmnc from SimSubscriptionInfo.
06-23 15:22:00.532 17580 17746 I RcsAvailability: RcsAvailability for simId redacted-pii:sim_id[chars:19,last3:392]: AVAILABLE
06-23 15:22:00.539 17580 18065 I Bugle   : RcsAvailabilityUtilForProvisioningEngineV2: updateAvailabilityForAllSimsAsync, hint: NO_HINT
06-23 15:22:00.540 17580 18065 I BugleRcsProvisioning: updateAvailabilityForAllSimsAsync: hint: NO_HINT
06-23 15:22:00.542 17580 17653 I BugleRcsProvisioning: updateRcsAvailabilityForMultipleSims: hint: NO_HINT
06-23 15:22:00.542 17580 17693 I BugleCME: MyIdentity onActiveSimsChanged: [(subId: 1, simType: SIM_TYPE_PSIM, simSlot: 0, simLoggableGuid: ba83e873-0147-44ee-b08a-bd01a528eb9b)]
06-23 15:22:00.544 17580 17640 I RcsAvailability: isEnabledRcsConfigAvailable for simId redacted-pii:sim_id[chars:19,last3:392]: true
06-23 15:22:00.545 17580 17653 I RcsAvailabilityCache: Cached availability not found for simId: redacted-pii:sim_id[chars:19,last3:392]
06-23 15:22:00.545 17580 17693 I Bugle   : Phone number for self is invalid! With country=ES and number=redacted-pii[0-chars] [CONTEXT sub_id=1 ]
06-23 15:22:00.546 17580 17640 I BugleRcsEngine: getConfigServerUrl with simId: redacted-pii:sim_id[chars:19,last3:392] [CONTEXT log_prefix="ProvisioningServerUtil" thread_id=2498 ]
06-23 15:22:00.549 17580 17640 I BugleRcsEngine: Using MCC based URL [CONTEXT log_prefix="ProvisioningServerUtil" thread_id=2498 ]
06-23 15:22:00.555 17580 17640 I ProvisioningServerUtil: Getting mccmnc from SimSubscriptionInfo.
06-23 15:22:00.558 17580 17693 I BugleDataModel: SubscriptionsTracker#refreshSelfParticipantList([1]), with subIdToSimIdMap([1])
06-23 15:22:00.566 17580 18063 I MobileConfigurationApi: registerParameters successfully stored 5 parameters
06-23 15:22:00.570 17580 17640 I RcsAvailability: RcsAvailability for simId redacted-pii:sim_id[chars:19,last3:392]: AVAILABLE
06-23 15:22:00.575  1135  1212 I libPowerHal: [perfLockRel] hdl:61078, idx:1
06-23 15:22:00.575  1135  1212 I libPowerHal: [PD] MTKPOWER_HINT_APP_TOUCH update cmd:410000 param:0, pr:6
06-23 15:22:00.576  1135  1212 I libPowerHal: [PD] MTKPOWER_HINT_APP_TOUCH update cmd:400000 param:-1 pr:6
06-23 15:22:00.576  1135  1212 I libPowerHal: [PD] MTKPOWER_HINT_APP_TOUCH update cmd:400100 param:-1 pr:6
06-23 15:22:00.576  1135  1212 I libPowerHal: value: 0
06-23 15:22:00.576  1135  1212 I libPowerHal: [PD] MTKPOWER_HINT_APP_TOUCH update cmd:410000 param:0 pr:6
06-23 15:22:00.577  1135  1212 I libPowerHal: [PD] MTKPOWER_HINT_APP_TOUCH update cmd:1000000 param:-1 pr:6
06-23 15:22:00.577  1135  1212 I libPowerHal: [recordCPUFreqInfo] set cluster[0] min(-1): -1 max(-1): -1 cluster[1] min(-1): -1 max(-1): -1
06-23 15:22:00.577  1135  1212 I libPowerHal: [perfLockRel] Done for hdl : 61078
06-23 15:22:00.577  2108  2108 I CarrierGeographicController: mPanelClosing: true
06-23 15:22:00.578 17580 17653 I BugleRcsEngine: [SR]: Single Registration is disabled. Skipping Single Registration capability check for subId: 1 [CONTEXT thread_id=2505 ]
06-23 15:22:00.585 17580 17664 I BugleJobs: Starts to observe table change.
