06-23 14:54:59.624  2303  2480 W Failed to fetch image at uri=https://resources.tidal.com/images/84428fc7/40ea/4ceb/8b8f/a968b9	at android.os.Looper.loopOnce(Looper.java:234)
06-23 14:54:59.624  2303  2480 W Failed to fetch image at uri=https://resources.tidal.com/images/84428fc7/40ea/4ceb/8b8f/a968b9	at android.os.Looper.loop(Looper.java:319)
06-23 14:54:59.624  2303  2480 W Failed to fetch image at uri=https://resources.tidal.com/images/84428fc7/40ea/4ceb/8b8f/a968b9	at android.os.HandlerThread.run(HandlerThread.java:85)
06-23 14:54:59.625  2303  2480 W Failed to fetch image at uri=https://resources.tidal.com/images/84428fc7/40ea/4ceb/8b8f/a968b9java.io.FileNotFoundException: No content provider: https://resources.tidal.com/images/84428fc7/40ea/4ceb/8b8f/a968b95994c9/640x640.jpg
06-23 14:54:59.625  2303  2480 W Failed to fetch image at uri=https://resources.tidal.com/images/84428fc7/40ea/4ceb/8b8f/a968b9	at android.content.ContentResolver.openTypedAssetFileDescriptor(ContentResolver.java:2029)
06-23 14:54:59.625  2303  2480 W Failed to fetch image at uri=https://resources.tidal.com/images/84428fc7/40ea/4ceb/8b8f/a968b9	at android.content.ContentResolver.openAssetFileDescriptor(ContentResolver.java:1858)
06-23 14:54:59.625  2303  2480 W Failed to fetch image at uri=https://resources.tidal.com/images/84428fc7/40ea/4ceb/8b8f/a968b9	at android.content.ContentResolver.openInputStream(ContentResolver.java:1528)
06-23 14:54:59.625  2303  2480 W Failed to fetch image at uri=https://resources.tidal.com/images/84428fc7/40ea/4ceb/8b8f/a968b9	at com.android.bluetooth.audio_util.Image.getImageFromUri(Image.java:200)
06-23 14:54:59.625  2303  2480 W Failed to fetch image at uri=https://resources.tidal.com/images/84428fc7/40ea/4ceb/8b8f/a968b9	at com.android.bluetooth.audio_util.Image.setImage(Image.java:164)
06-23 14:54:59.625  2303  2480 W Failed to fetch image at uri=https://resources.tidal.com/images/84428fc7/40ea/4ceb/8b8f/a968b9	at com.android.bluetooth.audio_util.Image.<init>(Image.java:139)
06-23 14:54:59.625  2303  2480 W Failed to fetch image at uri=https://resources.tidal.com/images/84428fc7/40ea/4ceb/8b8f/a968b9	at com.android.bluetooth.audio_util.Metadata$Builder.fromMediaDescription(Metadata.java:261)
06-23 14:54:59.625  2303  2480 W Failed to fetch image at uri=https://resources.tidal.com/images/84428fc7/40ea/4ceb/8b8f/a968b9	at com.android.bluetooth.audio_util.Metadata$Builder.fromMediaMetadata(Metadata.java:182)
06-23 14:54:59.625  2303  2480 W Failed to fetch image at uri=https://resources.tidal.com/images/84428fc7/40ea/4ceb/8b8f/a968b9	at com.android.bluetooth.audio_util.Util.toMetadata(Util.java:108)
06-23 14:54:59.625  2303  2480 W Failed to fetch image at uri=https://resources.tidal.com/images/84428fc7/40ea/4ceb/8b8f/a968b9	at com.android.bluetooth.audio_util.MediaPlayerWrapper.sendMediaUpdate(MediaPlayerWrapper.java:384)
06-23 14:54:59.625  2303  2480 W Failed to fetch image at uri=https://resources.tidal.com/images/84428fc7/40ea/4ceb/8b8f/a968b9	at com.android.bluetooth.audio_util.MediaPlayerWrapper.-$$Nest$msendMediaUpdate(MediaPlayerWrapper.java:0)
06-23 14:54:59.625  2303  2480 W Failed to fetch image at uri=https://resources.tidal.com/images/84428fc7/40ea/4ceb/8b8f/a968b9	at com.android.bluetooth.audio_util.MediaPlayerWrapper$MediaControllerListener.trySendMediaUpdate(MediaPlayerWrapper.java:478)
06-23 14:54:59.625  2303  2480 W Failed to fetch image at uri=https://resources.tidal.com/images/84428fc7/40ea/4ceb/8b8f/a968b9	at com.android.bluetooth.audio_util.MediaPlayerWrapper$MediaControllerListener.onQueueChanged(MediaPlayerWrapper.java:583)
06-23 14:54:59.625  2303  2480 W Failed to fetch image at uri=https://resources.tidal.com/images/84428fc7/40ea/4ceb/8b8f/a968b9	at android.media.session.MediaController$MessageHandler.handleMessage(MediaController.java:1208)
06-23 14:54:59.625  2303  2480 W Failed to fetch image at uri=https://resources.tidal.com/images/84428fc7/40ea/4ceb/8b8f/a968b9	at android.os.Handler.dispatchMessage(Handler.java:107)
06-23 14:54:59.625  2303  2480 W Failed to fetch image at uri=https://resources.tidal.com/images/84428fc7/40ea/4ceb/8b8f/a968b9	at android.os.Looper.loopOnce(Looper.java:234)
06-23 14:54:59.625  2303  2480 W Failed to fetch image at uri=https://resources.tidal.com/images/84428fc7/40ea/4ceb/8b8f/a968b9	at android.os.Looper.loop(Looper.java:319)
06-23 14:54:59.625  2303  2480 W Failed to fetch image at uri=https://resources.tidal.com/images/84428fc7/40ea/4ceb/8b8f/a968b9	at android.os.HandlerThread.run(HandlerThread.java:85)
06-23 14:54:59.625  2303  2480 W Failed to fetch image at uri=https://resources.tidal.com/images/84428fc7/40ea/4ceb/8b8f/a968b9java.io.FileNotFoundException: No content provider: https://resources.tidal.com/images/84428fc7/40ea/4ceb/8b8f/a968b95994c9/640x640.jpg
06-23 14:54:59.625  2303  2480 W Failed to fetch image at uri=https://resources.tidal.com/images/84428fc7/40ea/4ceb/8b8f/a968b9	at android.content.ContentResolver.openTypedAssetFileDescriptor(ContentResolver.java:2029)
06-23 14:54:59.625  2303  2480 W Failed to fetch image at uri=https://resources.tidal.com/images/84428fc7/40ea/4ceb/8b8f/a968b9	at android.content.ContentResolver.openAssetFileDescriptor(ContentResolver.java:1858)
06-23 14:54:59.625  2303  2480 W Failed to fetch image at uri=https://resources.tidal.com/images/84428fc7/40ea/4ceb/8b8f/a968b9	at android.content.ContentResolver.openInputStream(ContentResolver.java:1528)
06-23 14:54:59.625  2303  2480 W Failed to fetch image at uri=https://resources.tidal.com/images/84428fc7/40ea/4ceb/8b8f/a968b9	at com.android.bluetooth.audio_util.Image.getImageFromUri(Image.java:200)
06-23 14:54:59.625  2303  2480 W Failed to fetch image at uri=https://resources.tidal.com/images/84428fc7/40ea/4ceb/8b8f/a968b9	at com.android.bluetooth.audio_util.Image.setImage(Image.java:164)
06-23 14:54:59.625  2303  2480 W Failed to fetch image at uri=https://resources.tidal.com/images/84428fc7/40ea/4ceb/8b8f/a968b9	at com.android.bluetooth.audio_util.Image.setImage(Image.java:156)
06-23 14:54:59.625  2303  2480 W Failed to fetch image at uri=https://resources.tidal.com/images/84428fc7/40ea/4ceb/8b8f/a968b9	at com.android.bluetooth.audio_util.Image.<init>(Image.java:78)
06-23 14:54:59.625  2303  2480 W Failed to fetch image at uri=https://resources.tidal.com/images/84428fc7/40ea/4ceb/8b8f/a968b9	at com.android.bluetooth.audio_util.Metadata$Builder.fromMediaMetadata(Metadata.java:232)
06-23 14:54:59.625  2303  2480 W Failed to fetch image at uri=https://resources.tidal.com/images/84428fc7/40ea/4ceb/8b8f/a968b9	at com.android.bluetooth.audio_util.Util.toMetadata(Util.java:108)
06-23 14:54:59.625  2303  2480 W Failed to fetch image at uri=https://resources.tidal.com/images/84428fc7/40ea/4ceb/8b8f/a968b9	at com.android.bluetooth.audio_util.MediaPlayerWrapper.sendMediaUpdate(MediaPlayerWrapper.java:384)
06-23 14:54:59.625  2303  2480 W Failed to fetch image at uri=https://resources.tidal.com/images/84428fc7/40ea/4ceb/8b8f/a968b9	at com.android.bluetooth.audio_util.MediaPlayerWrapper.-$$Nest$msendMediaUpdate(MediaPlayerWrapper.java:0)
06-23 14:54:59.625  2303  2480 W Failed to fetch image at uri=https://resources.tidal.com/images/84428fc7/40ea/4ceb/8b8f/a968b9	at com.android.bluetooth.audio_util.MediaPlayerWrapper$MediaControllerListener.trySendMediaUpdate(MediaPlayerWrapper.java:478)
06-23 14:54:59.625  2303  2480 W Failed to fetch image at uri=https://resources.tidal.com/images/84428fc7/40ea/4ceb/8b8f/a968b9	at com.android.bluetooth.audio_util.MediaPlayerWrapper$MediaControllerListener.onQueueChanged(MediaPlayerWrapper.java:583)
06-23 14:54:59.625  2303  2480 W Failed to fetch image at uri=https://resources.tidal.com/images/84428fc7/40ea/4ceb/8b8f/a968b9	at android.media.session.MediaController$MessageHandler.handleMessage(MediaController.java:1208)
06-23 14:54:59.625  2303  2480 W Failed to fetch image at uri=https://resources.tidal.com/images/84428fc7/40ea/4ceb/8b8f/a968b9	at android.os.Handler.dispatchMessage(Handler.java:107)
06-23 14:54:59.625  2303  2480 W Failed to fetch image at uri=https://resources.tidal.com/images/84428fc7/40ea/4ceb/8b8f/a968b9	at android.os.Looper.loopOnce(Looper.java:234)
06-23 14:54:59.625  2303  2480 W Failed to fetch image at uri=https://resources.tidal.com/images/84428fc7/40ea/4ceb/8b8f/a968b9	at android.os.Looper.loop(Looper.java:319)
06-23 14:54:59.625  2303  2480 W Failed to fetch image at uri=https://resources.tidal.com/images/84428fc7/40ea/4ceb/8b8f/a968b9	at android.os.HandlerThread.run(HandlerThread.java:85)
06-23 14:54:59.626  2303  2480 I bluetooth: avrcp_service.cc:646 SendMediaUpdate: track_changed=false :  play_state=false :  queue=true
06-23 14:54:59.627  2303  2480 W AudioMediaPlayerWrapper: onPlaybackStateChanged(): com.ibrastream.app tried to update with no new data
06-23 14:54:59.638 16442 16442 W Capacitor/Console: File: https://localhost/assets/index-DifW-20a.js - Line 73 - Msg: Failed to fetch YouTube views: Error: Request to https://www.youtube.com/youtubei/v1/player?prettyPrint=false&alt=json failed with status code 404
06-23 14:54:59.658  1799  1815 W ParceledListSlice: Element #9 is 20992 bytes.
06-23 14:54:59.659  1799  1815 W ParceledListSlice: Element #10 is 21008 bytes.
06-23 14:54:59.700 16442 16447 I .ibrastream.app: Background young concurrent mark compact GC freed 7883KB AllocSpace bytes, 51(1152KB) LOS objects, 36% free, 15MB/24MB, paused 1.145ms,10.075ms total 52.638ms
06-23 14:54:59.710  2108  2108 W ConstraintSet: id unknown center_vertical_guideline
06-23 14:54:59.710  2108  2108 W ConstraintSet: id unknown action_button_guideline
06-23 14:54:59.710  2108  2108 W ConstraintSet: id unknown icon
06-23 14:54:59.710  2108  2108 W ConstraintSet: id unknown media_seamless
06-23 14:54:59.710  2108  2108 W ConstraintSet: id unknown media_action_barrier_start
06-23 14:54:59.710  2108  2108 W ConstraintSet: id unknown media_action_barrier_end
06-23 14:54:59.710  2108  2108 W ConstraintSet: id unknown media_action_barrier_top
06-23 14:54:59.710  2108  2108 W ConstraintSet: id unknown remove_text
06-23 14:54:59.710  2108  2108 W ConstraintSet: id unknown settings
06-23 14:54:59.710  2108  2108 W ConstraintSet: id unknown dismiss
06-23 14:54:59.710  2108  2108 W ConstraintSet: id unknown cancel
06-23 14:54:59.722  2108  2108 W ConstraintSet: id unknown center_vertical_guideline
06-23 14:54:59.722  2108  2108 W ConstraintSet: id unknown action_button_guideline
06-23 14:54:59.722  2108  2108 W ConstraintSet: id unknown icon
06-23 14:54:59.722  2108  2108 W ConstraintSet: id unknown media_seamless
06-23 14:54:59.722  2108  2108 W ConstraintSet: id unknown media_action_barrier_start
06-23 14:54:59.722  2108  2108 W ConstraintSet: id unknown media_action_barrier_end
06-23 14:54:59.722  2108  2108 W ConstraintSet: id unknown media_action_barrier_top
06-23 14:54:59.722  2108  2108 W ConstraintSet: id unknown remove_text
06-23 14:54:59.722  2108  2108 W ConstraintSet: id unknown settings
06-23 14:54:59.722  2108  2108 W ConstraintSet: id unknown dismiss
06-23 14:54:59.722  2108  2108 W ConstraintSet: id unknown cancel
06-23 14:54:59.726  2108  2108 W ConstraintSet: id unknown center_vertical_guideline
06-23 14:54:59.726  2108  2108 W ConstraintSet: id unknown action_button_guideline
06-23 14:54:59.726  2108  2108 W ConstraintSet: id unknown icon
06-23 14:54:59.726  2108  2108 W ConstraintSet: id unknown media_seamless
06-23 14:54:59.726  2108  2108 W ConstraintSet: id unknown media_action_barrier_start
06-23 14:54:59.726  2108  2108 W ConstraintSet: id unknown media_action_barrier_end
06-23 14:54:59.726  2108  2108 W ConstraintSet: id unknown media_action_barrier_top
06-23 14:54:59.726  2108  2108 W ConstraintSet: id unknown remove_text
06-23 14:54:59.726  2108  2108 W ConstraintSet: id unknown settings
06-23 14:54:59.726  2108  2108 W ConstraintSet: id unknown dismiss
06-23 14:54:59.726  2108  2108 W ConstraintSet: id unknown cancel
06-23 14:54:59.792  2108  2115 I ndroid.systemui: Background young concurrent mark compact GC freed 12MB AllocSpace bytes, 36(4872KB) LOS objects, 30% free, 38MB/54MB, paused 1.030ms,7.535ms total 77.633ms
06-23 14:54:59.880  1135  1212 I libPowerHal: [perfLockAcq] idx:1 hdl:60760 hint:25 pid:1135 tid:1135 duration:10000 lock_user:vendor.mediatek => ret_hdl:60760
06-23 14:54:59.880  1135  1212 I libPowerHal: [PE] MTKPOWER_HINT_APP_TOUCH update cmd:410000, param:1, pr:3
06-23 14:54:59.880  1135  1212 I libPowerHal: [PE] MTKPOWER_HINT_APP_TOUCH update cmd:400000 param:3000000 pr:3
06-23 14:54:59.881  1135  1212 I libPowerHal: [PE] MTKPOWER_HINT_APP_TOUCH update cmd:400100 param:3000000 pr:3
06-23 14:54:59.881  1135  1212 I libPowerHal: value: 1
06-23 14:54:59.881  1135  1212 I libPowerHal: [PE] MTKPOWER_HINT_APP_TOUCH update cmd:410000 param:1 pr:3
06-23 14:54:59.881  1135  1212 I libPowerHal: [setDvfsrcDevFreqOpp] opp:0, freq:3600000000
06-23 14:54:59.881  1135  1212 I libPowerHal: [PE] MTKPOWER_HINT_APP_TOUCH update cmd:1000000 param:0 pr:3
06-23 14:54:59.881  1135  1212 I libPowerHal: [recordCPUFreqInfo] set cluster[0] min(MTKPOWER_HINT_APP_TOUCH): 1700000 max(-1): -1 cluster[1] min(MTKPOWER_HINT_APP_TOUCH): 2000000 max(-1): -1
06-23 14:54:59.881  1135  1212 I libPowerHal: [perfLockAcq] Done for hdl : 60760
06-23 14:54:59.881  1799  1819 I ThreeFingerPointerEventListener: onPointDown... pointIndex = 0, pointId = 0 currentX = 516.75, currentY = 961.0 mTouchRegion:Rect(43, 96 - 676, 1507)
06-23 14:54:59.894  2108  2108 W ConstraintSet: id unknown center_vertical_guideline
06-23 14:54:59.894  2108  2108 W ConstraintSet: id unknown action_button_guideline
06-23 14:54:59.894  2108  2108 W ConstraintSet: id unknown icon
06-23 14:54:59.894  2108  2108 W ConstraintSet: id unknown media_seamless
06-23 14:54:59.894  2108  2108 W ConstraintSet: id unknown media_action_barrier_start
06-23 14:54:59.894  2108  2108 W ConstraintSet: id unknown media_action_barrier_end
06-23 14:54:59.894  2108  2108 W ConstraintSet: id unknown media_action_barrier_top
06-23 14:54:59.894  2108  2108 W ConstraintSet: id unknown remove_text
06-23 14:54:59.894  2108  2108 W ConstraintSet: id unknown settings
06-23 14:54:59.894  2108  2108 W ConstraintSet: id unknown dismiss
06-23 14:54:59.894  2108  2108 W ConstraintSet: id unknown cancel
06-23 14:54:59.907  2071  2075 I WifiHAL : feature_set=0x8488341a
06-23 14:54:59.914  3706  5658 I ModemStats: [DataStallDetectService] onCapabilitiesChanged networkCapabilities=[ Transports: WIFI Capabilities: NOT_METERED&INTERNET&NOT_RESTRICTED&TRUSTED&NOT_VPN&VALIDATED&NOT_ROAMING&FOREGROUND&NOT_CONGESTED&NOT_SUSPENDED&NOT_VCN_MANAGED&NOT_BANDWIDTH_CONSTRAINED LinkUpBandwidth>=12000Kbps LinkDnBandwidth>=60000Kbps TransportInfo: <SSID: <unknown ssid>, BSSID: 02:00:00:00:00:00, MAC: 02:00:00:00:00:00, IP: /192.168.1.134, Security type: 2, Supplicant state: COMPLETED, Wi-Fi standard: 11ac, RSSI: -60, Link speed: 390Mbps, Tx Link speed: 390Mbps, Max Supported Tx Link speed: 433Mbps, Calculated Tx : 0Mbps, Rx Link speed: 433Mbps, Max Supported Rx Link speed: 433Mbps, Calculated Rx : 0Mbps, Frequency: 5300MHz, Net ID: -1, Metered hint: false, score: 100, isUsable: true, CarrierMerged: false, SubscriptionId: -1, IsPrimary: -1, Trusted: true, Restricted: false, Ephemeral: false, OEM paid: false, OEM private: false, OSU AP: false, FQDN: <none>, Provider friendly name: <none>, Requesting package name: <none><none>MLO Information: , Is TID-To-Link negotiation supported by the AP: false, AP MLD Address: <none>, AP MLO Link Id: <none>, AP MLO Affiliated links: <none>, Vendor Data: <none>> SignalStrength: -60 UnderlyingNetworks: Null]
06-23 14:54:59.914  3706  5658 I ModemStats: [DataStallDetectService] onCapabilitiesChanged NET_CAPABILITY_VALIDATED=true
06-23 14:54:59.914  3706  5658 I ModemStats: [DataStallDetectService] onCapabilitiesChanged mDataStallManager.mDataStallInstance=null
06-23 14:54:59.914  3706  5658 I ModemStats: [DataStallDetectService] onCapabilitiesChanged mDataStallSmart5gManager.mDataStallInstance=null
06-23 14:54:59.921 13959 14189 I BugleRcsEngine: handleMessage processing message:[NOTIFY_UPTIME_IGNORE_STATE_CHANGED] with [non-null]:RcsEngineImpl reference [CONTEXT log_prefix="RcsEngineImpl[DUAL_REG]:[5059adf4-7b8d]>Handler" thread_id=2028 ]
06-23 14:54:59.922 13959 14099 I BugleRcsEngine: Connected state: [1], networkType: [WIFI] [CONTEXT thread_id=2025 ]
06-23 14:54:59.929  1799  1819 E ApplicationHelper: Fail to get PackageManager
06-23 14:54:59.932  1488  9423 I NearbyMediums: Wifi changed new SSID: <unknown ssid>
06-23 14:54:59.932  1488  9423 I NearbyMediums: WifiLanConnectivityInfo is not changed, skip notify.
06-23 14:54:59.935  2303  2480 I bluetooth: avrcp_service.cc:646 SendMediaUpdate: track_changed=true :  play_state=false :  queue=false
06-23 14:54:59.935  1164  1164 I BufferQueueProducer: [StatusBar#94](this:0xb400006fd5916be0,id:-1,api:0,p:-1,c:1164) queueBuffer: fps=0.32 dur=3138.52 max=3138.52 min=3138.52
06-23 14:54:59.970  1799  1815 I mtkpower_client: perf_lock_acq, hdl:60759, dur:3000, num:2, pid:1799, tid:1815
06-23 14:54:59.971  1135  1212 I libPowerHal: [perfLockAcq] idx:2 hdl:60761 hint:49 pid:1135 tid:1135 duration:3000 lock_user:vendor.mediatek => ret_hdl:60761
06-23 14:54:59.971  1135  1212 I libPowerHal: [PE] MTKPOWER_HINT_UX_SCROLLING_COMMON update cmd:1468000 param:0 pr:3
06-23 14:54:59.971  1135  1212 I libPowerHal: [perfLockAcq] Done for hdl : 60761
06-23 14:54:59.972  1799  1815 I mtkpower_client: ret_hdl:60762
06-23 14:54:59.972  1135  1212 I libPowerHal: [perfLockAcq] idx:5 hdl:60762 hint:-1 pid:1799 tid:1815 duration:3000 lock_user:system_server => ret_hdl:60762
06-23 14:54:59.972  1135  1212 I libPowerHal: [fpsgo_ctrl_render_thread] 10993, 0xb40000743b84d310
06-23 14:54:59.972  1135  1212 I libPowerHal: [PE] system_server update ONESHOT(set) cmd:2000300 param:10993 pr:3
06-23 14:54:59.972  1135  1212 I libPowerHal: [perfLockAcq] Done for hdl : 60762
06-23 14:54:59.975  1799  1815 I mtkpower_client: perf_lock_rel, hdl:60762, tid:1815
06-23 14:54:59.975  1799  3743 I mtkpower_client: perf_lock_acq, hdl:60762, dur:3000, num:2, pid:1799, tid:3743
06-23 14:54:59.975  1799  3743 I mtkpower_client: ret_hdl:60762
06-23 14:54:59.976  1135  1212 I libPowerHal: [perfLockAcq] idx:5 hdl:60762 hint:-1 pid:1799 tid:3743 duration:3000 lock_user:system_server => ret_hdl:60762
06-23 14:54:59.976  1135  1212 I libPowerHal: [PU] system_server update cmd:3408500 param:0, pr:3
06-23 14:54:59.977  1135  1212 I libPowerHal: [touch_boost_enabled] value:0
06-23 14:54:59.977  1135  1212 I libPowerHal: [PU] system_server update cmd:3408500 param:0 pr:3
06-23 14:54:59.977  1135  1190 I libPowerHal: [force_stop_touch_boost] force stop touch boost,
06-23 14:54:59.978  1135  1212 I libPowerHal: [fpsgo_ctrl_render_thread] 10993, 0xb40000743b84d310
06-23 14:54:59.978  1135  1212 I libPowerHal: [perfLockAcq] Done for hdl : 60762
06-23 14:54:59.978  1135  1212 I libPowerHal: [perfLockRel] hdl:60762, idx:5
06-23 14:54:59.978  1135  1212 I libPowerHal: [PD] system_server update cmd:3408500 param:1, pr:6
06-23 14:54:59.979  1799  1815 I mtkpower_client: perf_lock_rel, hdl:60762, tid:1815
06-23 14:54:59.979  1135  1212 I libPowerHal: [touch_boost_enabled] value:-1
06-23 14:54:59.979  1135  1212 I libPowerHal: [PD] system_server update cmd:3408500 param:-1 pr:6
06-23 14:54:59.980  1135  1212 I libPowerHal: [perfLockRel] Done for hdl : 60762
06-23 14:54:59.980  1135  1212 I libPowerHal: [perfLockRel] hdl:60762, idx:-1
06-23 14:55:00.052 16442 16442 I Capacitor/Console: File:  - Line 333 - Msg: undefined
06-23 14:55:00.055  1799  1819 E ApplicationHelper: Fail to get PackageManager
06-23 14:55:00.057  1799  1819 E ApplicationHelper: Fail to get PackageManager
06-23 14:55:00.071  1799  1810 I system_server: Background young concurrent mark compact GC freed 13MB AllocSpace bytes, 15(244KB) LOS objects, 13% free, 87MB/100MB, paused 1.458ms,8.596ms total 140.682ms
06-23 14:55:00.084  1799  1812 W System  : A resource failed to call close. 
06-23 14:55:00.084  1799  1812 W System  : A resource failed to call close. 
06-23 14:55:00.086  1799  1812 W System  : A resource failed to call close. 
06-23 14:55:00.086  1799  1812 W System  : A resource failed to call close. 
06-23 14:55:00.087  1799  1812 W System  : A resource failed to call close. 
06-23 14:55:00.087  1799  1812 W System  : A resource failed to call close. 
06-23 14:55:00.087  1799  1812 W System  : A resource failed to call close. 
06-23 14:55:00.087  1799  1812 W System  : A resource failed to call close. 
06-23 14:55:00.102  1135  1212 I libPowerHal: [perfLockRel] hdl:60760, idx:1
06-23 14:55:00.102  1135  1212 I libPowerHal: [PD] MTKPOWER_HINT_APP_TOUCH update cmd:410000 param:0, pr:6
06-23 14:55:00.103 10934 10934 I ScrollIdentify: on fling
06-23 14:55:00.103  1135  1212 I libPowerHal: [PD] MTKPOWER_HINT_APP_TOUCH update cmd:400000 param:-1 pr:6
06-23 14:55:00.103  1135  1212 I libPowerHal: [PD] MTKPOWER_HINT_APP_TOUCH update cmd:400100 param:-1 pr:6
06-23 14:55:00.103  1135  1212 I libPowerHal: value: 0
06-23 14:55:00.103  1135  1212 I libPowerHal: [PD] MTKPOWER_HINT_APP_TOUCH update cmd:410000 param:0 pr:6
06-23 14:55:00.103  1135  1212 I libPowerHal: [setDvfsrcDevFreqOpp] opp:1, freq:2400000000
06-23 14:55:00.103  1135  1212 I libPowerHal: [PD] MTKPOWER_HINT_APP_TOUCH update cmd:1000000 param:1 pr:3
06-23 14:55:00.104  1135  1212 I libPowerHal: [recordCPUFreqInfo] set cluster[0] min(-1): -1 max(-1): -1 cluster[1] min(-1): -1 max(-1): -1
06-23 14:55:00.104  1135  1212 I libPowerHal: [perfLockRel] Done for hdl : 60760
06-23 14:55:00.105  1799  1815 I mtkpower_client: perf_lock_acq, hdl:60762, dur:3000, num:4, pid:1799, tid:1815
06-23 14:55:00.106  1135  1212 I libPowerHal: [perfLockAcq] idx:1 hdl:60763 hint:43 pid:1135 tid:1135 duration:3000 lock_user:vendor.mediatek => ret_hdl:60763
06-23 14:55:00.107  1135  1212 I libPowerHal: [PE] MTKPOWER_HINT_UX_SCROLLING update cmd:1408300, param:60, pr:3
06-23 14:55:00.107  1135  1212 I libPowerHal: [PE] MTKPOWER_HINT_UX_SCROLLING update cmd:400000 param:1075000 pr:3
06-23 14:55:00.107  1135  1212 I libPowerHal: [PE] MTKPOWER_HINT_UX_SCROLLING update cmd:404000 param:3000000 pr:3
06-23 14:55:00.107  1135  1212 I libPowerHal: [PE] MTKPOWER_HINT_UX_SCROLLING update cmd:400100 param:1162000 pr:3
06-23 14:55:00.108  1135  1212 I libPowerHal: [PE] MTKPOWER_HINT_UX_SCROLLING update cmd:404100 param:3000000 pr:3
06-23 14:55:00.108  1135  1212 I libPowerHal: [recordCPUFreqInfo] set cluster[0] min(MTKPOWER_HINT_UX_SCROLLING): 1075000 max(MTKPOWER_HINT_UX_SCROLLING): -1 cluster[1] min(MTKPOWER_HINT_UX_SCROLLING): 1162000 max(MTKPOWER_HINT_UX_SCROLLING): -1
06-23 14:55:00.108  1135  1212 I libPowerHal: [perfLockAcq] Done for hdl : 60763
06-23 14:55:00.108  1799  1815 I mtkpower_client: ret_hdl:60764
06-23 14:55:00.109  1135  1212 I libPowerHal: cmdSetting - unknown cmd:2000400, scmd:(null) ,param_1:-10993
06-23 14:55:00.109  1135  1212 I libPowerHal: [perfLockAcq] idx:5 hdl:60764 hint:-1 pid:1799 tid:1815 duration:3000 lock_user:system_server => ret_hdl:60764
06-23 14:55:00.109  1135  1212 I libPowerHal: [fpsgo_ctrl_render_thread] 10993, 0xb40000743b84d310
06-23 14:55:00.109  1799  1815 I mtkpower_client: perf_lock_rel, hdl:60764, tid:1815
06-23 14:55:00.109  1135  1212 I libPowerHal: [PE] system_server update ONESHOT(set) cmd:2000300 param:10993 pr:3
06-23 14:55:00.109  1135  1212 I libPowerHal: [perfLockAcq] Done for hdl : 60764
06-23 14:55:00.109  1799  2522 I mtkpower_client: perf_lock_acq, hdl:60764, dur:3000, num:2, pid:1799, tid:2522
06-23 14:55:00.110  1135  1212 I libPowerHal: [perfLockRel] hdl:60764, idx:5
06-23 14:55:00.110  1135  1212 I libPowerHal: [fpsgo_ctrl_render_thread] 10993, 0xb40000743b84d310
06-23 14:55:00.111  1135  1212 I libPowerHal: [PD] system_server update ONESHOT(unset) cmd:2000300 param:10993 pr:3
06-23 14:55:00.111  1135  1212 I libPowerHal: [perfLockRel] Done for hdl : 60764
06-23 14:55:00.112 16442 16442 E chromium: [ERROR:components/page_load_metrics/browser/page_load_metrics_update_dispatcher.cc:179] Invalid first_paint 3276.22 s for first_image_paint 3275.28 s
06-23 14:55:00.112  1799  2522 I mtkpower_client: ret_hdl:60765
06-23 14:55:00.112  1799  2522 I mtkpower_client: perf_lock_rel, hdl:60765, tid:2522
06-23 14:55:00.112  1135  1212 I libPowerHal: [perfLockAcq] idx:5 hdl:60765 hint:-1 pid:1799 tid:2522 duration:3000 lock_user:system_server => ret_hdl:60765
06-23 14:55:00.112  1799  1815 I mtkpower_client: perf_lock_acq, hdl:60765, dur:3000, num:4, pid:1799, tid:1815
06-23 14:55:00.112  1135  1212 I libPowerHal: [perfLockAcq] Done for hdl : 60765
06-23 14:55:00.113  1135  1212 I libPowerHal: [perfLockRel] hdl:60763, idx:1
06-23 14:55:00.113  1135  1212 I libPowerHal: [PD] MTKPOWER_HINT_UX_SCROLLING update cmd:1408300 param:40, pr:3
06-23 14:55:00.114  1135  1212 I libPowerHal: [PD] MTKPOWER_HINT_UX_SCROLLING update cmd:400000 param:-1 pr:6
06-23 14:55:00.114  1135  1212 I libPowerHal: [PD] MTKPOWER_HINT_UX_SCROLLING update cmd:404000 param:-1 pr:6
06-23 14:55:00.114  1135  1212 I libPowerHal: [PD] MTKPOWER_HINT_UX_SCROLLING update cmd:400100 param:-1 pr:6
06-23 14:55:00.114  1135  1212 I libPowerHal: [PD] MTKPOWER_HINT_UX_SCROLLING update cmd:404100 param:-1 pr:6
06-23 14:55:00.115  1135  1212 I libPowerHal: [recordCPUFreqInfo] set cluster[0] min(-1): -1 max(-1): -1 cluster[1] min(-1): -1 max(-1): -1
06-23 14:55:00.115  1135  1212 I libPowerHal: [perfLockRel] Done for hdl : 60763
06-23 14:55:00.115  1135  1212 I libPowerHal: [perfLockRel] hdl:60765, idx:5
06-23 14:55:00.115  1135  1212 I libPowerHal: [perfLockRel] Done for hdl : 60765
06-23 14:55:00.116  1799  1815 I mtkpower_client: ret_hdl:60766
06-23 14:55:00.116  1135  1212 I libPowerHal: [perfLockAcq] idx:1 hdl:60766 hint:-1 pid:1799 tid:1815 duration:3000 lock_user:system_server => ret_hdl:60766
06-23 14:55:00.116  1135  1212 I libPowerHal: [notify_targetFPS_pid] 10993, 0xb40000743b8403d0
06-23 14:55:00.117  1135  1212 I libPowerHal: [PE] system_server update ONESHOT(set) cmd:2000200 param:10993 pr:3
06-23 14:55:00.117  1135  1212 I libPowerHal: [perfLockAcq] Done for hdl : 60766
06-23 14:55:00.117  1799  1815 I mtkpower_client: perf_lock_rel, hdl:60766, tid:1815
06-23 14:55:00.117  1135  1212 I libPowerHal: [perfLockRel] hdl:60766, idx:1
06-23 14:55:00.118  1135  1212 I libPowerHal: [notify_targetFPS_pid] 10993, 0xb40000743b8403d0
06-23 14:55:00.118  1135  1212 I libPowerHal: [PD] system_server update ONESHOT(unset) cmd:2000200 param:10993 pr:3
06-23 14:55:00.118  1135  1212 I libPowerHal: [perfLockRel] Done for hdl : 60766
06-23 14:55:00.181  1132  1181 I libPerfCtl: xgfGetFPS pid:2108 fps:-1
06-23 14:55:00.181  1132  1181 I libPerfCtl: xgfGetFPS pid:10934 fps:90
06-23 14:55:00.181  1132  1181 I MTK_APPList: [updateFPS] pid(10934) : -1 => 90
06-23 14:55:00.181  1132  1181 I MTK_APPList: [notifyAPPstate] com.adif.elcanomovil/com.adif.elcanomovil.main.MainActivity, pid=10934, activityId=72257797, uid=10272, state:FPS_UPDATED, fps:90, win:0
06-23 14:55:00.181  1132  1181 I MTK_APPList: [notifyAPPstate] multi_resumed_app_count: 1
06-23 14:55:00.181  1132  1181 I MTK_APPList: [notifyAPPstate] multi_resumed_app_info[0] com.adif.elcanomovil/com.adif.elcanomovil.main.MainActivity, pid:10934, activityId:72257797, fps:90, isMultiWindow:0
06-23 14:55:00.181  1132  1181 I MTK_APPList: [getForegroundAPPCount] 1
06-23 14:55:00.181  1132  1181 I MTK_APPList: [notifyNetdUID] 10272
06-23 14:55:00.183  1132  1181 I MTK_APPList: [notifyPID] 10934
06-23 14:55:00.183  1135  1212 I libPowerHal: [perfSetSysInfo] pid type:24, 10934
06-23 14:55:00.206  1799  2522 I mtkpower_client: perf_lock_acq, hdl:60766, dur:3000, num:6, pid:1799, tid:2522
06-23 14:55:00.206  1135  1212 I libPowerHal: [perfLockRel] hdl:60761, idx:2
06-23 14:55:00.207  1135  1212 I libPowerHal: [PD] MTKPOWER_HINT_UX_SCROLLING_COMMON update cmd:1468000 param:1 pr:6
06-23 14:55:00.207  1135  1212 I libPowerHal: [perfLockRel] Done for hdl : 60761
06-23 14:55:00.208  1799  2522 I mtkpower_client: ret_hdl:60767
06-23 14:55:00.208  1135  1212 I libPowerHal: cmdSetting - unknown cmd:2000400, scmd:(null) ,param_1:10993
06-23 14:55:00.208  1135  1212 I libPowerHal: [perfLockAcq] idx:1 hdl:60767 hint:-1 pid:1799 tid:2522 duration:3000 lock_user:system_server => ret_hdl:60767
06-23 14:55:00.209  1135  1212 I libPowerHal: [notify_targetFPS_pid] -10993, 0xb40000743b8403d0
06-23 14:55:00.209  1799  2522 I mtkpower_client: perf_lock_rel, hdl:60767, tid:2522
06-23 14:55:00.209  1135  1212 I libPowerHal: [PE] system_server update ONESHOT(set) cmd:2000200 param:-10993 pr:3
06-23 14:55:00.209  1135  1212 I libPowerHal: [fpsgo_ctrl_render_thread] -10993, 0xb40000743b8403d0
06-23 14:55:00.209  1135  1212 I libPowerHal: [PE] system_server update ONESHOT(set) cmd:2000300 param:-10993 pr:3
06-23 14:55:00.209  1135  1212 I libPowerHal: [perfLockAcq] Done for hdl : 60767
06-23 14:55:00.209  1135  1212 I libPowerHal: [perfLockRel] hdl:60767, idx:1
06-23 14:55:00.209  1135  1212 I libPowerHal: [notify_targetFPS_pid] -10993, 0xb40000743b8403d0
06-23 14:55:00.210  1135  1212 I libPowerHal: [PD] system_server update ONESHOT(unset) cmd:2000200 param:-10993 pr:3
06-23 14:55:00.210  1135  1212 I libPowerHal: [fpsgo_ctrl_render_thread] -10993, 0xb40000743b8403d0
06-23 14:55:00.210  1135  1212 I libPowerHal: [PD] system_server update ONESHOT(unset) cmd:2000300 param:-10993 pr:3
06-23 14:55:00.210  1135  1212 I libPowerHal: [perfLockRel] Done for hdl : 60767
06-23 14:55:00.269  1135  1212 I libPowerHal: [perfLockAcq] idx:1 hdl:60768 hint:25 pid:1135 tid:1135 duration:10000 lock_user:vendor.mediatek => ret_hdl:60768
06-23 14:55:00.269  1135  1212 I libPowerHal: [PE] MTKPOWER_HINT_APP_TOUCH update cmd:410000, param:1, pr:3
06-23 14:55:00.269  1135  1212 I libPowerHal: [PE] MTKPOWER_HINT_APP_TOUCH update cmd:400000 param:3000000 pr:3
06-23 14:55:00.269  1135  1212 I libPowerHal: [PE] MTKPOWER_HINT_APP_TOUCH update cmd:400100 param:3000000 pr:3
06-23 14:55:00.270  1135  1212 I libPowerHal: value: 1
06-23 14:55:00.270  1135  1212 I libPowerHal: [PE] MTKPOWER_HINT_APP_TOUCH update cmd:410000 param:1 pr:3
06-23 14:55:00.270  1135  1212 I libPowerHal: [setDvfsrcDevFreqOpp] opp:0, freq:3600000000
06-23 14:55:00.270  1135  1212 I libPowerHal: [PE] MTKPOWER_HINT_APP_TOUCH update cmd:1000000 param:0 pr:3
06-23 14:55:00.270  1135  1212 I libPowerHal: [recordCPUFreqInfo] set cluster[0] min(MTKPOWER_HINT_APP_TOUCH): 1700000 max(-1): -1 cluster[1] min(MTKPOWER_HINT_APP_TOUCH): 2000000 max(-1): -1
06-23 14:55:00.270  1135  1212 I libPowerHal: [perfLockAcq] Done for hdl : 60768
06-23 14:55:00.270  1799  1819 I ThreeFingerPointerEventListener: onPointDown... pointIndex = 0, pointId = 0 currentX = 530.5, currentY = 915.0 mTouchRegion:Rect(43, 96 - 676, 1507)
06-23 14:55:00.279 16442 16589 E ExoPlayerImplInternal: Playback error
06-23 14:55:00.279 16442 16589 E ExoPlayerImplInternal:   androidx.media3.exoplayer.ExoPlaybackException: Source error
06-23 14:55:00.279 16442 16589 E ExoPlayerImplInternal:       at androidx.media3.exoplayer.ExoPlayerImplInternal.handleIoException(ExoPlayerImplInternal.java:737)
06-23 14:55:00.279 16442 16589 E ExoPlayerImplInternal:       at androidx.media3.exoplayer.ExoPlayerImplInternal.handleMessage(ExoPlayerImplInternal.java:707)
06-23 14:55:00.279 16442 16589 E ExoPlayerImplInternal:       at android.os.Handler.dispatchMessage(Handler.java:103)
06-23 14:55:00.279 16442 16589 E ExoPlayerImplInternal:       at android.os.Looper.loopOnce(Looper.java:234)
06-23 14:55:00.279 16442 16589 E ExoPlayerImplInternal:       at android.os.Looper.loop(Looper.java:319)
06-23 14:55:00.279 16442 16589 E ExoPlayerImplInternal:       at android.os.HandlerThread.run(HandlerThread.java:85)
06-23 14:55:00.279 16442 16589 E ExoPlayerImplInternal:   Caused by: androidx.media3.exoplayer.source.UnrecognizedInputFormatException: None of the available extractors (FlvExtractor, FlacExtractor, WavExtractor, FragmentedMp4Extractor, Mp4Extractor, AmrExtractor, PsExtractor, OggExtractor, TsExtractor, MatroskaExtractor, AdtsExtractor, Ac3Extractor, Ac4Extractor, Mp3Extractor, AviExtractor, JpegExtractor, PngExtractor, WebpExtractor, BmpExtractor, HeifExtractor, AvifExtractor) could read the stream. {contentIsMalformed=false, dataType=1}
06-23 14:55:00.279 16442 16589 E ExoPlayerImplInternal:       at androidx.media3.exoplayer.source.BundledExtractorsAdapter.init(BundledExtractorsAdapter.java:108)
06-23 14:55:00.279 16442 16589 E ExoPlayerImplInternal:       at androidx.media3.exoplayer.source.ProgressiveMediaPeriod$ExtractingLoadable.load(ProgressiveMediaPeriod.java:1100)
06-23 14:55:00.279 16442 16589 E ExoPlayerImplInternal:       at androidx.media3.exoplayer.upstream.Loader$LoadTask.run(Loader.java:450)
06-23 14:55:00.279 16442 16589 E ExoPlayerImplInternal:       at java.util.concurrent.ThreadPoolExecutor.runWorker(ThreadPoolExecutor.java:1100)
06-23 14:55:00.279 16442 16589 E ExoPlayerImplInternal:       at java.util.concurrent.ThreadPoolExecutor$Worker.run(ThreadPoolExecutor.java:624)
06-23 14:55:00.279 16442 16589 E ExoPlayerImplInternal:       at java.lang.Thread.run(Thread.java:1572)
06-23 14:55:00.296 16442 16442 E IbraStreamMedia: Player Error: Source error
06-23 14:55:00.296 16442 16442 E IbraStreamMedia: androidx.media3.exoplayer.ExoPlaybackException: Source error
06-23 14:55:00.296 16442 16442 E IbraStreamMedia: 	at androidx.media3.exoplayer.ExoPlayerImplInternal.handleIoException(ExoPlayerImplInternal.java:737)
06-23 14:55:00.296 16442 16442 E IbraStreamMedia: 	at androidx.media3.exoplayer.ExoPlayerImplInternal.handleMessage(ExoPlayerImplInternal.java:707)
06-23 14:55:00.296 16442 16442 E IbraStreamMedia: 	at android.os.Handler.dispatchMessage(Handler.java:103)
06-23 14:55:00.296 16442 16442 E IbraStreamMedia: 	at android.os.Looper.loopOnce(Looper.java:234)
06-23 14:55:00.296 16442 16442 E IbraStreamMedia: 	at android.os.Looper.loop(Looper.java:319)
06-23 14:55:00.296 16442 16442 E IbraStreamMedia: 	at android.os.HandlerThread.run(HandlerThread.java:85)
06-23 14:55:00.296 16442 16442 E IbraStreamMedia: Caused by: androidx.media3.exoplayer.source.UnrecognizedInputFormatException: None of the available extractors (FlvExtractor, FlacExtractor, WavExtractor, FragmentedMp4Extractor, Mp4Extractor, AmrExtractor, PsExtractor, OggExtractor, TsExtractor, MatroskaExtractor, AdtsExtractor, Ac3Extractor, Ac4Extractor, Mp3Extractor, AviExtractor, JpegExtractor, PngExtractor, WebpExtractor, BmpExtractor, HeifExtractor, AvifExtractor) could read the stream. {contentIsMalformed=false, dataType=1}
06-23 14:55:00.296 16442 16442 E IbraStreamMedia: 	at androidx.media3.exoplayer.source.BundledExtractorsAdapter.init(BundledExtractorsAdapter.java:108)
06-23 14:55:00.296 16442 16442 E IbraStreamMedia: 	at androidx.media3.exoplayer.source.ProgressiveMediaPeriod$ExtractingLoadable.load(ProgressiveMediaPeriod.java:1100)
06-23 14:55:00.296 16442 16442 E IbraStreamMedia: 	at androidx.media3.exoplayer.upstream.Loader$LoadTask.run(Loader.java:450)
06-23 14:55:00.296 16442 16442 E IbraStreamMedia: 	at java.util.concurrent.ThreadPoolExecutor.runWorker(ThreadPoolExecutor.java:1100)
06-23 14:55:00.296 16442 16442 E IbraStreamMedia: 	at java.util.concurrent.ThreadPoolExecutor$Worker.run(ThreadPoolExecutor.java:624)
06-23 14:55:00.296 16442 16442 E IbraStreamMedia: 	at java.lang.Thread.run(Thread.java:1572)
06-23 14:55:00.300 16442 16442 E Capacitor/Console: File: https://localhost/assets/index-DifW-20a.js - Line 73 - Msg: Native playback error: Source error
06-23 14:55:00.306  2303  2480 I bluetooth: avrcp_service.cc:646 SendMediaUpdate: track_changed=false :  play_state=true :  queue=false
06-23 14:55:00.307  2303  2480 W AudioMediaPlayerWrapper: onPlaybackStateChanged(): com.ibrastream.app tried to update with no new data
06-23 14:55:00.383  1799  3743 I mtkpower_client: perf_lock_acq, hdl:60767, dur:3000, num:2, pid:1799, tid:3743
06-23 14:55:00.384  1135  1212 I libPowerHal: [perfLockAcq] idx:2 hdl:60769 hint:49 pid:1135 tid:1135 duration:3000 lock_user:vendor.mediatek => ret_hdl:60769
06-23 14:55:00.384  1135  1212 I libPowerHal: [PE] MTKPOWER_HINT_UX_SCROLLING_COMMON update cmd:1468000 param:0 pr:3
06-23 14:55:00.384  1135  1212 I libPowerHal: [perfLockAcq] Done for hdl : 60769
06-23 14:55:00.385  1799  3743 I mtkpower_client: ret_hdl:60770
06-23 14:55:00.385  1135  1212 I libPowerHal: [perfLockAcq] idx:5 hdl:60770 hint:-1 pid:1799 tid:3743 duration:3000 lock_user:system_server => ret_hdl:60770
06-23 14:55:00.385  1135  1212 I libPowerHal: [fpsgo_ctrl_render_thread] 10993, 0xb40000743b84d310
06-23 14:55:00.385  1135  1212 I libPowerHal: [PE] system_server update ONESHOT(set) cmd:2000300 param:10993 pr:3
06-23 14:55:00.385  1135  1212 I libPowerHal: [perfLockAcq] Done for hdl : 60770
06-23 14:55:00.386  1799  3743 I mtkpower_client: perf_lock_rel, hdl:60770, tid:3743
06-23 14:55:00.386  1799  2522 I mtkpower_client: perf_lock_acq, hdl:60770, dur:3000, num:2, pid:1799, tid:2522
06-23 14:55:00.386  1135  1212 I libPowerHal: [perfLockRel] hdl:60770, idx:5
06-23 14:55:00.387  1135  1212 I libPowerHal: [fpsgo_ctrl_render_thread] 10993, 0xb40000743b84d310
06-23 14:55:00.387  1135  1212 I libPowerHal: [PD] system_server update ONESHOT(unset) cmd:2000300 param:10993 pr:3
06-23 14:55:00.387  1135  1212 I libPowerHal: [perfLockRel] Done for hdl : 60770
06-23 14:55:00.388  1799  2522 I mtkpower_client: ret_hdl:60771
06-23 14:55:00.388  1135  1212 I libPowerHal: [perfLockAcq] idx:5 hdl:60771 hint:-1 pid:1799 tid:2522 duration:3000 lock_user:system_server => ret_hdl:60771
06-23 14:55:00.388  1135  1212 I libPowerHal: [PE] system_server update cmd:3408500, param:0, pr:3
06-23 14:55:00.388  1135  1212 I libPowerHal: [touch_boost_enabled] value:0
06-23 14:55:00.388  1135  1212 I libPowerHal: [PE] system_server update cmd:3408500 param:0 pr:3
06-23 14:55:00.388  1135  1212 I libPowerHal: [perfLockAcq] Done for hdl : 60771
06-23 14:55:00.388  1135  1190 I libPowerHal: [force_stop_touch_boost] force stop touch boost,
06-23 14:55:00.388  1799  2522 I mtkpower_client: perf_lock_rel, hdl:60771, tid:2522
06-23 14:55:00.389  1135  1212 I libPowerHal: [perfLockRel] hdl:60771, idx:5
06-23 14:55:00.389  1135  1212 I libPowerHal: [PD] system_server update cmd:3408500 param:1, pr:6
06-23 14:55:00.389  1135  1212 I libPowerHal: [touch_boost_enabled] value:-1
06-23 14:55:00.389  1135  1212 I libPowerHal: [PD] system_server update cmd:3408500 param:-1 pr:6
06-23 14:55:00.389  1135  1212 I libPowerHal: [perfLockRel] Done for hdl : 60771
06-23 14:55:00.431  1488  9423 I NearbySharing: Network state changed: NetworkState(isRestricted=false, isOnline=true, isCongested=false, isMetered=false, isWifiConnected=true)
06-23 14:55:00.436  1164  1164 I BufferQueueProducer: [com.adif.elcanomovil/com.adif.elcanomovil.main.MainActivity#39670](this:0xb400006fd5774230,id:-1,api:0,p:-1,c:1164) queueBuffer: fps=47.92 dur=1001.67 max=333.70 min=10.90
06-23 14:55:00.437  1112  1127 I hwcomposer: [HWCDisplay] (0 updateFps():3644), (type:1, mode:2) fps:48.928143,dur:1001.47,max:300.28,min:10.24  
06-23 14:55:00.500 16442 16442 I Capacitor/Console: File:  - Line 333 - Msg: undefined
06-23 14:55:00.505  2108  2108 W ConstraintSet: id unknown center_vertical_guideline
06-23 14:55:00.505  2108  2108 W ConstraintSet: id unknown action_button_guideline
06-23 14:55:00.505  2108  2108 W ConstraintSet: id unknown icon
06-23 14:55:00.505  2108  2108 W ConstraintSet: id unknown media_seamless
06-23 14:55:00.505  2108  2108 W ConstraintSet: id unknown media_action_barrier_start
06-23 14:55:00.505  2108  2108 W ConstraintSet: id unknown media_action_barrier_end
06-23 14:55:00.505  2108  2108 W ConstraintSet: id unknown media_action_barrier_top
06-23 14:55:00.506  2108  2108 W ConstraintSet: id unknown remove_text
06-23 14:55:00.506  2108  2108 W ConstraintSet: id unknown settings
06-23 14:55:00.506  2108  2108 W ConstraintSet: id unknown dismiss
06-23 14:55:00.506  2108  2108 W ConstraintSet: id unknown cancel
06-23 14:55:00.665  1799  1819 E ApplicationHelper: Fail to get PackageManager
06-23 14:55:00.668  1799  1819 E ApplicationHelper: Fail to get PackageManager
06-23 14:55:00.734 16442 16442 E chromium: [ERROR:components/page_load_metrics/browser/page_load_metrics_update_dispatcher.cc:179] Invalid first_paint 3276.22 s for first_image_paint 3275.28 s
06-23 14:55:00.742 16442 16442 I Capacitor/Console: File:  - Line 333 - Msg: undefined
06-23 14:55:00.914  1135  1212 I libPowerHal: [perfLockRel] hdl:60768, idx:1
06-23 14:55:00.914  1135  1212 I libPowerHal: [PD] MTKPOWER_HINT_APP_TOUCH update cmd:410000 param:0, pr:6
06-23 14:55:00.914  1135  1212 I libPowerHal: [PD] MTKPOWER_HINT_APP_TOUCH update cmd:400000 param:-1 pr:6
06-23 14:55:00.914  1135  1212 I libPowerHal: [PD] MTKPOWER_HINT_APP_TOUCH update cmd:400100 param:-1 pr:6
06-23 14:55:00.914  1135  1212 I libPowerHal: value: 0
06-23 14:55:00.915  1135  1212 I libPowerHal: [PD] MTKPOWER_HINT_APP_TOUCH update cmd:410000 param:0 pr:6
06-23 14:55:00.915  1135  1212 I libPowerHal: [setDvfsrcDevFreqOpp] opp:1, freq:2400000000
06-23 14:55:00.915  1135  1212 I libPowerHal: [PD] MTKPOWER_HINT_APP_TOUCH update cmd:1000000 param:1 pr:3
06-23 14:55:00.915  1135  1212 I libPowerHal: [recordCPUFreqInfo] set cluster[0] min(-1): -1 max(-1): -1 cluster[1] min(-1): -1 max(-1): -1
06-23 14:55:00.915  1135  1212 I libPowerHal: [perfLockRel] Done for hdl : 60768
06-23 14:55:00.965  1799  2522 I mtkpower_client: perf_lock_acq, hdl:60771, dur:3000, num:2, pid:1799, tid:2522
06-23 14:55:00.965  1135  1212 I libPowerHal: [perfLockRel] hdl:60769, idx:2
06-23 14:55:00.966  1135  1212 I libPowerHal: [PD] MTKPOWER_HINT_UX_SCROLLING_COMMON update cmd:1468000 param:1 pr:6
06-23 14:55:00.966  1135  1212 I libPowerHal: [perfLockRel] Done for hdl : 60769
06-23 14:55:00.966  1799  2522 I mtkpower_client: ret_hdl:60772
06-23 14:55:00.967  1135  1212 I libPowerHal: [perfLockAcq] idx:1 hdl:60772 hint:-1 pid:1799 tid:2522 duration:3000 lock_user:system_server => ret_hdl:60772
06-23 14:55:00.967  1135  1212 I libPowerHal: [fpsgo_ctrl_render_thread] -10993, 0xb40000743b8403d0
06-23 14:55:00.967  1799  2522 I mtkpower_client: perf_lock_rel, hdl:60772, tid:2522
06-23 14:55:00.967  1135  1212 I libPowerHal: [PE] system_server update ONESHOT(set) cmd:2000300 param:-10993 pr:3
06-23 14:55:00.967  1135  1212 I libPowerHal: [perfLockAcq] Done for hdl : 60772
06-23 14:55:00.967  1135  1212 I libPowerHal: [perfLockRel] hdl:60772, idx:1
06-23 14:55:00.968  1135  1212 I libPowerHal: [fpsgo_ctrl_render_thread] -10993, 0xb40000743b8403d0
06-23 14:55:00.968  1135  1212 I libPowerHal: [PD] system_server update ONESHOT(unset) cmd:2000300 param:-10993 pr:3
06-23 14:55:00.968  1135  1212 I libPowerHal: [perfLockRel] Done for hdl : 60772
06-23 14:55:01.181  1132  1181 I libPerfCtl: xgfGetFPS pid:2108 fps:-1
06-23 14:55:01.181  1132  1181 I libPerfCtl: xgfGetFPS pid:10934 fps:-1
06-23 14:55:01.181  1132  1181 I MTK_APPList: [updateFPS] pid(10934) : 90 => -1
06-23 14:55:01.181  1132  1181 I MTK_APPList: [notifyAPPstate] com.adif.elcanomovil/com.adif.elcanomovil.main.MainActivity, pid=10934, activityId=72257797, uid=10272, state:FPS_UPDATED, fps:-1, win:0
06-23 14:55:01.181  1132  1181 I MTK_APPList: [notifyAPPstate] multi_resumed_app_count: 1
06-23 14:55:01.181  1132  1181 I MTK_APPList: [notifyAPPstate] multi_resumed_app_info[0] com.adif.elcanomovil/com.adif.elcanomovil.main.MainActivity, pid:10934, activityId:72257797, fps:-1, isMultiWindow:0
06-23 14:55:01.181  1132  1181 I MTK_APPList: [getForegroundAPPCount] 1
06-23 14:55:01.181  1132  1181 I MTK_APPList: [notifyNetdUID] 10272
06-23 14:55:01.182  1132  1181 I MTK_APPList: [notifyPID] 10934
06-23 14:55:01.183  1135  1212 I libPowerHal: [perfSetSysInfo] pid type:24, 10934
06-23 14:55:01.308 16442 16442 I Capacitor/Console: File: https://localhost/assets/index-DifW-20a.js - Line 73 - Msg: [Pre-Resolve] Pre-resolving track: STAR SIGN
06-23 14:55:01.309 16442 16442 I Capacitor/Console: File: https://localhost/assets/index-DifW-20a.js - Line 50 - Msg: Searching video ID for "Nemzzz STAR SIGN" via Piped API: https://pipedapi.kavin.rocks...
06-23 14:55:01.316 16442 16500 I CapacitorCookies: Getting cookies at: 'https://lrclib.net/api/get?track_name=STAR%20SIGN&artist_name=Nemzzz&duration=150'
06-23 14:55:01.319 16442 10064 I CapacitorCookies: Getting cookies at: 'https://pipedapi.kavin.rocks/search?q=Nemzzz%20STAR%20SIGN&filter=music_songs'
06-23 14:55:01.319  1098 11333 I resolv  : GetAddrInfoHandler::run: {135 135 135 983175 10320 0}
06-23 14:55:01.320  1098 11334 I resolv  : res_nmkquery: (QUERY, IN, A)
06-23 14:55:01.320  1098 11334 I resolv  : resolv_cache_lookup: FOUND IN CACHE entry=0xb400006db3ad4220
06-23 14:55:01.320  1098 11334 I resolv  : doQuery: rcode=0, ancount=1, return value=44
06-23 14:55:01.321  1098 11335 I resolv  : GetAddrInfoHandler::run: {135 135 135 983175 10320 0}
06-23 14:55:01.321  1098 11336 I resolv  : res_nmkquery: (QUERY, IN, A)
06-23 14:55:01.322  1098 11336 I resolv  : resolv_cache_lookup: FOUND IN CACHE entry=0xb400006ec3ae8d70
06-23 14:55:01.322  1098 11336 I resolv  : doQuery: rcode=0, ancount=2, return value=70
06-23 14:55:01.564 16442 16442 I Capacitor/Console: File: https://localhost/assets/index-DifW-20a.js - Line 50 - Msg: Searching video ID for "Nemzzz STAR SIGN" via Piped API: https://api.piped.private.coffee...
06-23 14:55:01.571 16442 10064 I CapacitorCookies: Getting cookies at: 'https://api.piped.private.coffee/search?q=Nemzzz%20STAR%20SIGN&filter=music_songs'
06-23 14:55:01.574  1098 11339 I resolv  : GetAddrInfoHandler::run: {135 135 135 983175 10320 0}
06-23 14:55:01.574  1098 11340 I resolv  : res_nmkquery: (QUERY, IN, A)
06-23 14:55:01.574  1098 11340 I resolv  : resolv_cache_lookup: FOUND IN CACHE entry=0xb400006da3adae90
06-23 14:55:01.574  1098 11340 I resolv  : doQuery: rcode=0, ancount=2, return value=89
06-23 14:55:02.128  1799  1819 I ThreeFingerPointerEventListener: onPointDown... pointIndex = 0, pointId = 0 currentX = 719.75, currentY = 526.5 mTouchRegion:Rect(43, 96 - 676, 1507)
06-23 14:55:02.129  1135  1212 I libPowerHal: [perfLockAcq] idx:1 hdl:60773 hint:25 pid:1135 tid:1135 duration:10000 lock_user:vendor.mediatek => ret_hdl:60773
06-23 14:55:02.129  1135  1212 I libPowerHal: [PE] MTKPOWER_HINT_APP_TOUCH update cmd:410000, param:1, pr:3
06-23 14:55:02.129  1135  1212 I libPowerHal: [PE] MTKPOWER_HINT_APP_TOUCH update cmd:400000 param:3000000 pr:3
06-23 14:55:02.129  1135  1212 I libPowerHal: [PE] MTKPOWER_HINT_APP_TOUCH update cmd:400100 param:3000000 pr:3
06-23 14:55:02.129  1135  1212 I libPowerHal: value: 1
06-23 14:55:02.129  1135  1212 I libPowerHal: [PE] MTKPOWER_HINT_APP_TOUCH update cmd:410000 param:1 pr:3
06-23 14:55:02.129  1135  1212 I libPowerHal: [setDvfsrcDevFreqOpp] opp:0, freq:3600000000
06-23 14:55:02.129  1135  1212 I libPowerHal: [PE] MTKPOWER_HINT_APP_TOUCH update cmd:1000000 param:0 pr:3
06-23 14:55:02.129  1135  1212 I libPowerHal: [recordCPUFreqInfo] set cluster[0] min(MTKPOWER_HINT_APP_TOUCH): 1700000 max(-1): -1 cluster[1] min(MTKPOWER_HINT_APP_TOUCH): 2000000 max(-1): -1
06-23 14:55:02.129  1135  1212 I libPowerHal: [perfLockAcq] Done for hdl : 60773
06-23 14:55:02.176  1164  1930 I BufferQueueDebug: [EdgeBackGestureHandler0#39675](this:0xb400006fd598b7f0,id:-1,api:0,p:-1,c:-1) BufferQueue core=(1164:/system/bin/surfaceflinger)
06-23 14:55:02.179  1799  3743 I WindowManager: Relayout Window{9648459 u0 EdgeBackGestureHandler0}: oldVis=8 newVis=0 focusMayChange = true requestedWidth = 184 requestedHeight = 469 outFrames = ClientWindowFrames{frame=[536,180][720,649] display=[0,70][720,1604] parentFrame=[0,0][0,0]} outSurfaceControl = Surface(name=EdgeBackGestureHandler0)/@0xcfe5313
06-23 14:55:02.181  1132  1181 I libPerfCtl: xgfGetFPS pid:2108 fps:-1
06-23 14:55:02.181  1132  1181 I libPerfCtl: xgfGetFPS pid:10934 fps:-1
06-23 14:55:02.183  1135  1212 I libPowerHal: [perfLockRel] hdl:60773, idx:1
06-23 14:55:02.183  1135  1212 I libPowerHal: [PD] MTKPOWER_HINT_APP_TOUCH update cmd:410000 param:0, pr:6
06-23 14:55:02.184  1135  1212 I libPowerHal: [PD] MTKPOWER_HINT_APP_TOUCH update cmd:400000 param:-1 pr:6
06-23 14:55:02.184  1135  1212 I libPowerHal: [PD] MTKPOWER_HINT_APP_TOUCH update cmd:400100 param:-1 pr:6
06-23 14:55:02.184  1135  1212 I libPowerHal: value: 0
06-23 14:55:02.184  1135  1212 I libPowerHal: [PD] MTKPOWER_HINT_APP_TOUCH update cmd:410000 param:0 pr:6
06-23 14:55:02.184 10934 10934 I ScrollIdentify: on fling
06-23 14:55:02.184  1135  1212 I libPowerHal: [setDvfsrcDevFreqOpp] opp:1, freq:2400000000
06-23 14:55:02.184  1135  1212 I libPowerHal: [PD] MTKPOWER_HINT_APP_TOUCH update cmd:1000000 param:1 pr:3
06-23 14:55:02.184  1135  1212 I libPowerHal: [recordCPUFreqInfo] set cluster[0] min(-1): -1 max(-1): -1 cluster[1] min(-1): -1 max(-1): -1
06-23 14:55:02.184  1135  1212 I libPowerHal: [perfLockRel] Done for hdl : 60773
06-23 14:55:02.185  1799  2522 I mtkpower_client: perf_lock_acq, hdl:60772, dur:3000, num:4, pid:1799, tid:2522
06-23 14:55:02.185  1135  1212 I libPowerHal: [perfLockAcq] idx:1 hdl:60774 hint:43 pid:1135 tid:1135 duration:500 lock_user:vendor.mediatek => ret_hdl:60774
06-23 14:55:02.185  1112  1127 I hwcomposer: [HWCDisplay] (0 updateFps():3644), (type:1, mode:2) fps:21.739697,dur:1747.95,max:1256.97,min:8.86  
06-23 14:55:02.185  1135  1212 I libPowerHal: [PE] MTKPOWER_HINT_UX_SCROLLING update cmd:1408300, param:60, pr:3
06-23 14:55:02.185  1135  1212 I libPowerHal: [PE] MTKPOWER_HINT_UX_SCROLLING update cmd:400000 param:1075000 pr:3
06-23 14:55:02.185  1135  1212 I libPowerHal: [PE] MTKPOWER_HINT_UX_SCROLLING update cmd:404000 param:3000000 pr:3
06-23 14:55:02.185  1135  1212 I libPowerHal: [PE] MTKPOWER_HINT_UX_SCROLLING update cmd:400100 param:1162000 pr:3
