06-23 14:55:14.964  3706  5658 I ModemStats: [DataStallDetectService] onCapabilitiesChanged networkCapabilities=[ Transports: WIFI Capabilities: NOT_METERED&INTERNET&NOT_RESTRICTED&TRUSTED&NOT_VPN&VALIDATED&NOT_ROAMING&FOREGROUND&NOT_CONGESTED&NOT_SUSPENDED&NOT_VCN_MANAGED&NOT_BANDWIDTH_CONSTRAINED LinkUpBandwidth>=12000Kbps LinkDnBandwidth>=60000Kbps TransportInfo: <SSID: <unknown ssid>, BSSID: 02:00:00:00:00:00, MAC: 02:00:00:00:00:00, IP: /192.168.1.134, Security type: 2, Supplicant state: COMPLETED, Wi-Fi standard: 11ac, RSSI: -63, Link speed: 351Mbps, Tx Link speed: 351Mbps, Max Supported Tx Link speed: 433Mbps, Calculated Tx : 0Mbps, Rx Link speed: 433Mbps, Max Supported Rx Link speed: 433Mbps, Calculated Rx : 0Mbps, Frequency: 5300MHz, Net ID: -1, Metered hint: false, score: 100, isUsable: true, CarrierMerged: false, SubscriptionId: -1, IsPrimary: -1, Trusted: true, Restricted: false, Ephemeral: false, OEM paid: false, OEM private: false, OSU AP: false, FQDN: <none>, Provider friendly name: <none>, Requesting package name: <none><none>MLO Information: , Is TID-To-Link negotiation supported by the AP: false, AP MLD Address: <none>, AP MLO Link Id: <none>, AP MLO Affiliated links: <none>, Vendor Data: <none>> SignalStrength: -63 UnderlyingNetworks: Null]
06-23 14:55:14.964  3706  5658 I ModemStats: [DataStallDetectService] onCapabilitiesChanged NET_CAPABILITY_VALIDATED=true
06-23 14:55:14.964  3706  5658 I ModemStats: [DataStallDetectService] onCapabilitiesChanged mDataStallManager.mDataStallInstance=null
06-23 14:55:14.964  3706  5658 I ModemStats: [DataStallDetectService] onCapabilitiesChanged mDataStallSmart5gManager.mDataStallInstance=null
06-23 14:55:14.968 13959 14099 I BugleRcsEngine: Connected state: [1], networkType: [WIFI] [CONTEXT thread_id=2025 ]
06-23 14:55:14.972 13959 14189 I BugleRcsEngine: handleMessage processing message:[NOTIFY_UPTIME_IGNORE_STATE_CHANGED] with [non-null]:RcsEngineImpl reference [CONTEXT log_prefix="RcsEngineImpl[DUAL_REG]:[5059adf4-7b8d]>Handler" thread_id=2028 ]
06-23 14:55:14.980  1488  9423 I NearbyMediums: Wifi changed new SSID: <unknown ssid>
06-23 14:55:14.980  1488  9423 I NearbyMediums: WifiLanConnectivityInfo is not changed, skip notify.
06-23 14:55:15.041  1098 11442 I resolv  : GetAddrInfoHandler::run: {135 135 135 983175 10320 0}
06-23 14:55:15.041  1098 11443 I resolv  : res_nmkquery: (QUERY, IN, A)
06-23 14:55:15.041  1098 11443 I resolv  : resolv_cache_lookup: FOUND IN CACHE entry=0xb400006e13afc2d0
06-23 14:55:15.041  1098 11443 I resolv  : doQuery: rcode=0, ancount=1, return value=53
06-23 14:55:15.063 16442 16442 I Capacitor/Console: File: https://localhost/assets/index-DifW-20a.js - Line 50 - Msg: Resolved videoId via Piped API https://api.piped.private.coffee: NEW LINEN µû░πüùπüäπâ¬πâìπâ│ (oqq8aEODaqo)
06-23 14:55:15.064 16442 16442 I Capacitor/Console: File: https://localhost/assets/index-DifW-20a.js - Line 73 - Msg: Trying primary deciphering via youtubei.js (Innertube) for Android...
06-23 14:55:15.064 16442 16442 I Capacitor/Console: File: https://localhost/assets/index-DifW-20a.js - Line 50 - Msg: Resolving direct YouTube stream URL via Innertube...
06-23 14:55:15.070 16442 16442 I Capacitor/Console: File: https://localhost/assets/index-DifW-20a.js - Line 50 - Msg: Resolved videoId via Piped API https://api.piped.private.coffee: NEW LINEN µû░πüùπüäπâ¬πâìπâ│ (oqq8aEODaqo)
06-23 14:55:15.070 16442 16442 I Capacitor/Console: File: https://localhost/assets/index-DifW-20a.js - Line 73 - Msg: Trying primary deciphering via youtubei.js (Innertube) for Android...
06-23 14:55:15.071 16442 16442 I Capacitor/Console: File: https://localhost/assets/index-DifW-20a.js - Line 50 - Msg: Resolving direct YouTube stream URL via Innertube...
06-23 14:55:15.096 16442  9809 I CapacitorCookies: Getting cookies at: 'https://www.youtube.com/youtubei/v1/player?prettyPrint=false&alt=json'
06-23 14:55:15.097 16442 10064 I CapacitorCookies: Getting cookies at: 'https://www.youtube.com/youtubei/v1/next?prettyPrint=false&alt=json'
06-23 14:55:15.101 16442 10927 I CapacitorCookies: Getting cookies at: 'https://www.youtube.com/youtubei/v1/player?prettyPrint=false&alt=json'
06-23 14:55:15.104 16442 11444 I CapacitorCookies: Getting cookies at: 'https://www.youtube.com/youtubei/v1/next?prettyPrint=false&alt=json'
06-23 14:55:15.127 16442 16442 E chromium: [ERROR:components/page_load_metrics/browser/page_load_metrics_update_dispatcher.cc:179] Invalid first_paint 3276.22 s for first_image_paint 3275.28 s
06-23 14:55:15.148 16442 16442 I Capacitor/Console: File: https://localhost/assets/index-DifW-20a.js - Line 50 - Msg: [Downloader] Cobalt stream validated successfully.
06-23 14:55:15.148 16442 16442 I Capacitor/Console: File: https://localhost/assets/index-DifW-20a.js - Line 73 - Msg: Successfully got stream URL via youtubei.js on Android, validating accessibility natively...
06-23 14:55:15.148 16442 16442 I Capacitor/Console: File: https://localhost/assets/index-DifW-20a.js - Line 73 - Msg: Stream URL validated successfully
06-23 14:55:15.159  1132  1181 I libPerfCtl: xgfGetFPS pid:2108 fps:-1
06-23 14:55:15.192 16442 16447 I .ibrastream.app: Background young concurrent mark compact GC freed 4568KB AllocSpace bytes, 35(820KB) LOS objects, 19% free, 19MB/24MB, paused 1.205ms,9.862ms total 49.916ms
06-23 14:55:15.472  1488  9423 I NearbySharing: Network state changed: NetworkState(isRestricted=false, isOnline=true, isCongested=false, isMetered=false, isWifiConnected=true)
06-23 14:55:15.493 16442 16442 W Capacitor/Console: File: https://localhost/assets/index-DifW-20a.js - Line 50 - Msg: Direct Innertube resolution failed: Error: Request to https://www.youtube.com/youtubei/v1/next?prettyPrint=false&alt=json failed with status code 404
06-23 14:55:15.494 16442 16442 I Capacitor/Console: File: https://localhost/assets/index-DifW-20a.js - Line 50 - Msg: [Downloader] Attempting stream resolution via Cobalt: https://api.qwkuns.me/...
06-23 14:55:15.497 16442 16442 W Capacitor/Console: File: https://localhost/assets/index-DifW-20a.js - Line 50 - Msg: Direct Innertube resolution failed: Error: Request to https://www.youtube.com/youtubei/v1/next?prettyPrint=false&alt=json failed with status code 404
06-23 14:55:15.498 16442 16442 I Capacitor/Console: File: https://localhost/assets/index-DifW-20a.js - Line 50 - Msg: [Downloader] Attempting stream resolution via Cobalt: https://api.qwkuns.me/...
06-23 14:55:15.505 16442  9809 I CapacitorCookies: Getting cookies at: 'https://api.qwkuns.me/'
06-23 14:55:15.506 16442 10064 I CapacitorCookies: Getting cookies at: 'https://api.qwkuns.me/'
06-23 14:55:15.510  1357  1357 I thermal_repeater: [recvMdThermalInfo] ret=29, strLen=127,  3, 42, -50, -28402, 32767, 0
06-23 14:55:15.523 16442 16442 I Capacitor/Console: File:  - Line 333 - Msg: undefined
06-23 14:55:15.585 16442 16442 E chromium: [ERROR:components/page_load_metrics/browser/page_load_metrics_update_dispatcher.cc:179] Invalid first_paint 3276.22 s for first_image_paint 3275.28 s
06-23 14:55:15.698 16442 16442 I Capacitor/Console: File: https://localhost/assets/index-DifW-20a.js - Line 50 - Msg: [Downloader] Attempting stream resolution via Cobalt: https://rue-cobalt.xenon.zone/...
06-23 14:55:15.705 16442  9809 I CapacitorCookies: Getting cookies at: 'https://rue-cobalt.xenon.zone/'
06-23 14:55:15.779 16442 16442 I Capacitor/Console: File: https://localhost/assets/index-DifW-20a.js - Line 50 - Msg: [Downloader] Attempting stream resolution via Cobalt: https://rue-cobalt.xenon.zone/...
06-23 14:55:15.786 16442 10064 I CapacitorCookies: Getting cookies at: 'https://rue-cobalt.xenon.zone/'
06-23 14:55:15.789  1098 11451 I resolv  : GetAddrInfoHandler::run: {135 135 135 983175 10320 0}
06-23 14:55:15.790  1098 11452 I resolv  : res_nmkquery: (QUERY, IN, A)
06-23 14:55:15.790  1098 11452 I resolv  : resolv_cache_lookup: FOUND IN CACHE entry=0xb400006ec3ae6c30
06-23 14:55:15.790  1098 11452 I resolv  : doQuery: rcode=0, ancount=2, return value=71
06-23 14:55:15.991 16442 16442 I Capacitor/Console: File: https://localhost/assets/index-DifW-20a.js - Line 50 - Msg: [Downloader] Attempting stream resolution via Cobalt: https://apicobalt.mgytr.top/...
06-23 14:55:15.998 16442 10064 I CapacitorCookies: Getting cookies at: 'https://apicobalt.mgytr.top/'
06-23 14:55:16.001  1098 11455 I resolv  : GetAddrInfoHandler::run: {135 135 135 983175 10320 0}
06-23 14:55:16.002  1098 11456 I resolv  : res_nmkquery: (QUERY, IN, A)
06-23 14:55:16.063  1098 11456 I resolv  : res_nsend: used send_dg 53 terrno: 0
06-23 14:55:16.063  1098 11456 I resolv  : doQuery: rcode=0, ancount=1, return value=53
06-23 14:55:16.159  1132  1181 I libPerfCtl: xgfGetFPS pid:2108 fps:-1
06-23 14:55:16.169 16442 16442 I Capacitor/Console: File: https://localhost/assets/index-DifW-20a.js - Line 50 - Msg: [Downloader] Cobalt resolved stream: https://rue-cobalt.xenon.zone/tunnel?id=A8c_z6mNby__DkyAD5uAV&exp=1782219406134&sig=UZCpRxI3tD8i0uehUz5bOTnmx8auIEYa6x_uTQZxOFA&sec=_GjyDuhey604sspsa12zkVKiYWWq0WCGnKvgsSc43D0&iv=kiy0lSGtC4xDOvrF6A7lJw. Validating accessibility...
06-23 14:55:16.172 16442 16442 E chromium: [ERROR:components/page_load_metrics/browser/page_load_metrics_update_dispatcher.cc:179] Invalid first_paint 3276.22 s for first_image_paint 3275.28 s
06-23 14:55:16.177 16442  9809 I CapacitorCookies: Getting cookies at: 'https://rue-cobalt.xenon.zone/tunnel?id=A8c_z6mNby__DkyAD5uAV&exp=1782219406134&sig=UZCpRxI3tD8i0uehUz5bOTnmx8auIEYa6x_uTQZxOFA&sec=_GjyDuhey604sspsa12zkVKiYWWq0WCGnKvgsSc43D0&iv=kiy0lSGtC4xDOvrF6A7lJw'
06-23 14:55:16.311 16442 16442 I Capacitor/Console: File: https://localhost/assets/index-DifW-20a.js - Line 50 - Msg: [Downloader] Attempting stream resolution via Cobalt: https://api.cobalt.blackcat.sweeux.org/...
06-23 14:55:16.318 16442 10064 I CapacitorCookies: Getting cookies at: 'https://api.cobalt.blackcat.sweeux.org/'
06-23 14:55:16.321  1098 11458 I resolv  : GetAddrInfoHandler::run: {135 135 135 983175 10320 0}
06-23 14:55:16.322  1098 11459 I resolv  : res_nmkquery: (QUERY, IN, A)
06-23 14:55:16.363  1098 11459 I resolv  : res_nsend: used send_dg 78 terrno: 0
06-23 14:55:16.364  1098 11459 I resolv  : doQuery: rcode=0, ancount=2, return value=78
06-23 14:55:16.879 16442 16442 I Capacitor/Console: File: https://localhost/assets/index-DifW-20a.js - Line 50 - Msg: [Downloader] Cobalt stream validated successfully.
06-23 14:55:16.880 16442 16442 I Capacitor/Console: File: https://localhost/assets/index-DifW-20a.js - Line 73 - Msg: Successfully got stream URL via youtubei.js on Android, validating accessibility natively...
06-23 14:55:16.880 16442 16442 I Capacitor/Console: File: https://localhost/assets/index-DifW-20a.js - Line 73 - Msg: Stream URL validated successfully
06-23 14:55:16.881 16442 16442 I Capacitor/Console: File: https://localhost/assets/index-DifW-20a.js - Line 73 - Msg: [Pre-Resolve] Pre-resolved track: NEW LINEN µû░πüùπüäπâ¬πâìπâ│
06-23 14:55:16.886 16442 16442 E IbraStreamMedia: Native: added next media item. mediaId=478713740, count=2
06-23 14:55:16.900 16442 16442 I Capacitor/Console: File:  - Line 333 - Msg: undefined
06-23 14:55:16.927  2303  2480 I bluetooth: avrcp_service.cc:646 SendMediaUpdate: track_changed=false :  play_state=false :  queue=true
06-23 14:55:16.928  2303  2480 W AudioMediaPlayerWrapper: onPlaybackStateChanged(): com.ibrastream.app tried to update with no new data
06-23 14:55:17.097 16442 16442 I Capacitor/Console: File: https://localhost/assets/index-DifW-20a.js - Line 50 - Msg: [Downloader] Attempting stream resolution via Cobalt: https://nuko-c.meowing.de/...
06-23 14:55:17.104 16442 10064 I CapacitorCookies: Getting cookies at: 'https://nuko-c.meowing.de/'
06-23 14:55:17.107  1098 11461 I resolv  : GetAddrInfoHandler::run: {135 135 135 983175 10320 0}
06-23 14:55:17.107  1098 11462 I resolv  : res_nmkquery: (QUERY, IN, A)
06-23 14:55:17.126  1098 11462 I resolv  : res_nsend: used send_dg 67 terrno: 0
06-23 14:55:17.126  1098 11462 I resolv  : doQuery: rcode=0, ancount=2, return value=67
06-23 14:55:17.159  1132  1181 I libPerfCtl: xgfGetFPS pid:2108 fps:-1
06-23 14:55:17.345 16442 16442 I Capacitor/Console: File: https://localhost/assets/index-DifW-20a.js - Line 50 - Msg: [Downloader] Attempting stream resolution via Cobalt: https://cobaltapi.squair.xyz/...
06-23 14:55:17.353 16442 10064 I CapacitorCookies: Getting cookies at: 'https://cobaltapi.squair.xyz/'
06-23 14:55:17.356  1098 11464 I resolv  : GetAddrInfoHandler::run: {135 135 135 983175 10320 0}
06-23 14:55:17.357  1098 11465 I resolv  : res_nmkquery: (QUERY, IN, A)
06-23 14:55:17.404  1098 11465 I resolv  : res_nsend: used send_dg 70 terrno: 0
06-23 14:55:17.405  1098 11465 I resolv  : doQuery: rcode=0, ancount=2, return value=70
06-23 14:55:17.503 16442 16447 I .ibrastream.app: Background young concurrent mark compact GC freed 4098KB AllocSpace bytes, 12(240KB) LOS objects, 18% free, 20MB/24MB, paused 1.595ms,12.810ms total 55.394ms
06-23 14:55:17.912 16442 16442 I Capacitor/Console: File: https://localhost/assets/index-DifW-20a.js - Line 50 - Msg: [Downloader] Attempting stream resolution via Cobalt: https://cobalt.alpha.wolfy.love/...
06-23 14:55:17.919 16442 10064 I CapacitorCookies: Getting cookies at: 'https://cobalt.alpha.wolfy.love/'
06-23 14:55:17.922  1098 11467 I resolv  : GetAddrInfoHandler::run: {135 135 135 983175 10320 0}
06-23 14:55:17.922  1098 11468 I resolv  : res_nmkquery: (QUERY, IN, A)
06-23 14:55:17.945  1098 11468 I resolv  : res_nsend: used send_dg 57 terrno: 0
06-23 14:55:17.945  1098 11468 I resolv  : doQuery: rcode=0, ancount=1, return value=57
06-23 14:55:17.970  2071  2076 I WifiHAL : feature_set=0x8488341a
06-23 14:55:17.993  1799  1819 E ApplicationHelper: Fail to get PackageManager
06-23 14:55:18.162  1488  9423 I NearbyMediums: No BLE Fast/GATT advertisements found in the latest cycle.
06-23 14:55:18.163  1488  9423 I NearbyMediums: Current Tracked Scanning Clients are : {NearbyConnections.EnvironmentMonitor, NearbySharing}
06-23 14:55:18.310 16442 16442 I Capacitor/Console: File: https://localhost/assets/index-DifW-20a.js - Line 73 - Msg: [Pre-Resolve] Pre-resolving track: Invisible Fence
06-23 14:55:18.310 16442 16442 I Capacitor/Console: File: https://localhost/assets/index-DifW-20a.js - Line 50 - Msg: Searching video ID for "binki Invisible Fence" via Piped API: https://pipedapi.kavin.rocks...
06-23 14:55:18.317 16442 16493 I CapacitorCookies: Getting cookies at: 'https://lrclib.net/api/get?track_name=Invisible%20Fence&artist_name=binki&duration=155'
06-23 14:55:18.318 16442  9809 I CapacitorCookies: Getting cookies at: 'https://pipedapi.kavin.rocks/search?q=binki%20Invisible%20Fence&filter=music_songs'
06-23 14:55:18.319  1098 11470 I resolv  : GetAddrInfoHandler::run: {135 135 135 983175 10320 0}
06-23 14:55:18.320  1098 11471 I resolv  : GetAddrInfoHandler::run: {135 135 135 983175 10320 0}
06-23 14:55:18.320  1098 11472 I resolv  : res_nmkquery: (QUERY, IN, A)
06-23 14:55:18.320  1098 11472 I resolv  : resolv_cache_lookup: FOUND IN CACHE entry=0xb400006db3ad4220
06-23 14:55:18.320  1098 11472 I resolv  : doQuery: rcode=0, ancount=1, return value=44
06-23 14:55:18.321  1098 11473 I resolv  : res_nmkquery: (QUERY, IN, A)
06-23 14:55:18.321  1098 11473 I resolv  : resolv_cache_lookup: FOUND IN CACHE entry=0xb400006ec3ae8d70
06-23 14:55:18.321  1098 11473 I resolv  : doQuery: rcode=0, ancount=2, return value=70
06-23 14:55:18.471 16442 16442 I Capacitor/Console: File: https://localhost/assets/index-DifW-20a.js - Line 50 - Msg: [Downloader] Attempting stream resolution via Cobalt: https://cobaltapi.kittycat.boo/...
06-23 14:55:18.478 16442 10064 I CapacitorCookies: Getting cookies at: 'https://cobaltapi.kittycat.boo/'
06-23 14:55:18.480  1098 11475 I resolv  : GetAddrInfoHandler::run: {135 135 135 983175 10320 0}
06-23 14:55:18.481  1098 11476 I resolv  : res_nmkquery: (QUERY, IN, A)
06-23 14:55:18.614 16442 16442 I Capacitor/Console: File: https://localhost/assets/index-DifW-20a.js - Line 50 - Msg: Searching video ID for "binki Invisible Fence" via Piped API: https://api.piped.private.coffee...
06-23 14:55:18.617  1098 11476 I resolv  : res_nsend: used send_dg 72 terrno: 0
06-23 14:55:18.618  1098 11476 I resolv  : doQuery: rcode=0, ancount=2, return value=72
06-23 14:55:18.621 16442  9809 I CapacitorCookies: Getting cookies at: 'https://api.piped.private.coffee/search?q=binki%20Invisible%20Fence&filter=music_songs'
06-23 14:55:18.624  1098 11478 I resolv  : GetAddrInfoHandler::run: {135 135 135 983175 10320 0}
06-23 14:55:18.625  1098 11479 I resolv  : res_nmkquery: (QUERY, IN, A)
06-23 14:55:18.625  1098 11479 I resolv  : resolv_cache_lookup: FOUND IN CACHE entry=0xb400006da3adae90
06-23 14:55:18.625  1098 11479 I resolv  : doQuery: rcode=0, ancount=2, return value=89
06-23 14:55:19.028 16442 16498 I CapacitorCookies: Getting cookies at: 'https://lrclib.net/api/get?track_name=NEW%20LINEN%20%E6%96%B0%E3%81%97%E3%81%84%E3%83%AA%E3%83%8D%E3%83%B3&artist_name=SamRecks'
06-23 14:55:19.124 16442 16442 E chromium: [ERROR:components/page_load_metrics/browser/page_load_metrics_update_dispatcher.cc:179] Invalid first_paint 3276.22 s for first_image_paint 3275.28 s
06-23 14:55:19.385 16442 16442 I Capacitor/Console: File: https://localhost/assets/index-DifW-20a.js - Line 50 - Msg: Resolved videoId via Piped API https://api.piped.private.coffee: Invisible Fence (cpds7893LfA)
06-23 14:55:19.385 16442 16442 I Capacitor/Console: File: https://localhost/assets/index-DifW-20a.js - Line 73 - Msg: Trying primary deciphering via youtubei.js (Innertube) for Android...
06-23 14:55:19.386 16442 16442 I Capacitor/Console: File: https://localhost/assets/index-DifW-20a.js - Line 50 - Msg: Resolving direct YouTube stream URL via Innertube...
06-23 14:55:19.403 16442  9809 I CapacitorCookies: Getting cookies at: 'https://www.youtube.com/youtubei/v1/player?prettyPrint=false&alt=json'
06-23 14:55:19.406  1098 11482 I resolv  : GetAddrInfoHandler::run: {135 135 135 983175 10320 0}
06-23 14:55:19.407 16442 11444 I CapacitorCookies: Getting cookies at: 'https://www.youtube.com/youtubei/v1/next?prettyPrint=false&alt=json'
06-23 14:55:19.407  1098 11483 I resolv  : res_nmkquery: (QUERY, IN, A)
06-23 14:55:19.407  1098 11483 I resolv  : resolv_cache_lookup: FOUND IN CACHE entry=0xb400006d33ae1e20
06-23 14:55:19.407  1098 11483 I resolv  : doQuery: rcode=0, ancount=17, return value=323
06-23 14:55:19.410  1098 11484 I resolv  : GetAddrInfoHandler::run: {135 135 135 983175 10320 0}
06-23 14:55:19.410  1098 11485 I resolv  : res_nmkquery: (QUERY, IN, A)
06-23 14:55:19.411  1098 11485 I resolv  : resolv_cache_lookup: FOUND IN CACHE entry=0xb400006d33ae1e20
06-23 14:55:19.411  1098 11485 I resolv  : doQuery: rcode=0, ancount=17, return value=323
06-23 14:55:19.569  1799  1799 W libc    : Access denied finding property "vendor.mbrain.battery"
06-23 14:55:19.595  1164  1164 I BufferQueueProducer: [StatusBar#94](this:0xb400006fd5916be0,id:-1,api:0,p:-1,c:1164) queueBuffer: fps=0.37 dur=5415.72 max=4596.70 min=819.02
06-23 14:55:19.596  1112  1127 I hwcomposer: [HWCDisplay] (0 updateFps():3644), (type:1, mode:2) fps:0.369326,dur:5415.26,max:4596.44,min:818.83  
06-23 14:55:19.603 16442 16442 W Capacitor/Console: File: https://localhost/assets/index-DifW-20a.js - Line 50 - Msg: Direct Innertube resolution failed: Error: Request to https://www.youtube.com/youtubei/v1/next?prettyPrint=false&alt=json failed with status code 404
06-23 14:55:19.603 16442 16442 I Capacitor/Console: File: https://localhost/assets/index-DifW-20a.js - Line 50 - Msg: [Downloader] Attempting stream resolution via Cobalt: https://api.qwkuns.me/...
06-23 14:55:19.610 16442  9809 I CapacitorCookies: Getting cookies at: 'https://api.qwkuns.me/'
06-23 14:55:19.613  1098 11488 I resolv  : GetAddrInfoHandler::run: {135 135 135 983175 10320 0}
06-23 14:55:19.613  1098 11489 I resolv  : res_nmkquery: (QUERY, IN, A)
06-23 14:55:19.613  1098 11489 I resolv  : resolv_cache_lookup: FOUND IN CACHE entry=0xb400006e13aecd90
06-23 14:55:19.613  1098 11489 I resolv  : doQuery: rcode=0, ancount=2, return value=63
06-23 14:55:19.804 16442 16442 I Capacitor/Console: File: https://localhost/assets/index-DifW-20a.js - Line 50 - Msg: [Downloader] Attempting stream resolution via Cobalt: https://rue-cobalt.xenon.zone/...
06-23 14:55:19.810 16442  9809 I CapacitorCookies: Getting cookies at: 'https://rue-cobalt.xenon.zone/'
06-23 14:55:19.813  1098 11491 I resolv  : GetAddrInfoHandler::run: {135 135 135 983175 10320 0}
06-23 14:55:19.814  1098 11492 I resolv  : res_nmkquery: (QUERY, IN, A)
06-23 14:55:19.815  1098 11492 I resolv  : resolv_cache_lookup: FOUND IN CACHE entry=0xb400006ec3ae6c30
06-23 14:55:19.815  1098 11492 I resolv  : doQuery: rcode=0, ancount=2, return value=71
06-23 14:55:19.958 16442 16447 I .ibrastream.app: Background concurrent mark compact GC freed 3719KB AllocSpace bytes, 648(12MB) LOS objects, 66% free, 7918KB/23MB, paused 1.323ms,9.700ms total 93ms
06-23 14:55:20.220 16442 16442 I Capacitor/Console: File: https://localhost/assets/index-DifW-20a.js - Line 50 - Msg: [Downloader] Cobalt resolved stream: https://rue-cobalt.xenon.zone/tunnel?id=b4hfW66DgzxQ6uCQAhPl8&exp=1782219410184&sig=FBdOUqmHm8Et1VeH3KojwZpiBY6022f2O14dapcXZPY&sec=E58iL2rKZcLoSh3G8zSJX124wgDGkuQl-zMTMYTqwfA&iv=KPSRrzBQWa4X72D8db9ZYA. Validating accessibility...
06-23 14:55:20.228 16442  9809 I CapacitorCookies: Getting cookies at: 'https://rue-cobalt.xenon.zone/tunnel?id=b4hfW66DgzxQ6uCQAhPl8&exp=1782219410184&sig=FBdOUqmHm8Et1VeH3KojwZpiBY6022f2O14dapcXZPY&sec=E58iL2rKZcLoSh3G8zSJX124wgDGkuQl-zMTMYTqwfA&iv=KPSRrzBQWa4X72D8db9ZYA'
06-23 14:55:20.330 16442 16442 I Capacitor/Console: File: https://localhost/assets/index-DifW-20a.js - Line 50 - Msg: [Downloader] Cobalt resolved stream: https://cobaltapi.kittycat.boo/tunnel?id=uSpezbWihrRpkKU1wwp5Y&exp=1782219410245&sig=xliQeNBLfflJ1RYYYOSWbxbjvA9SiPRNfeXP91lIChM&sec=u0X9_lJ0zpIZW2sIWIEBDyqIpAxtEpSr3-YLXw-cC9U&iv=_e8MmnT2hV62C0NTBzYtaw. Validating accessibility...
06-23 14:55:20.339 16442 10064 I CapacitorCookies: Getting cookies at: 'https://cobaltapi.kittycat.boo/tunnel?id=uSpezbWihrRpkKU1wwp5Y&exp=1782219410245&sig=xliQeNBLfflJ1RYYYOSWbxbjvA9SiPRNfeXP91lIChM&sec=u0X9_lJ0zpIZW2sIWIEBDyqIpAxtEpSr3-YLXw-cC9U&iv=_e8MmnT2hV62C0NTBzYtaw'
06-23 14:55:20.586  1132  1181 I libPerfCtl: xgfGetFPS pid:2108 fps:-1
06-23 14:55:20.748 16442 16497 I CapacitorCookies: Getting cookies at: 'https://lrclib.net/api/get?track_name=NEW%20LINEN%20%E6%96%B0%E3%81%97%E3%81%84%E3%83%AA%E3%83%8D%E3%83%B3&artist_name=SamRecks'
06-23 14:55:20.843 16442 16442 E chromium: [ERROR:components/page_load_metrics/browser/page_load_metrics_update_dispatcher.cc:179] Invalid first_paint 3276.22 s for first_image_paint 3275.28 s
06-23 14:55:20.981  2071  2075 I WifiHAL : feature_set=0x8488341a
06-23 14:55:20.988 16442 16442 I Capacitor/Console: File: https://localhost/assets/index-DifW-20a.js - Line 50 - Msg: [Downloader] Cobalt stream validated successfully.
06-23 14:55:20.988 16442 16442 I Capacitor/Console: File: https://localhost/assets/index-DifW-20a.js - Line 73 - Msg: Successfully got stream URL via youtubei.js on Android, validating accessibility natively...
06-23 14:55:20.989 16442 16442 I Capacitor/Console: File: https://localhost/assets/index-DifW-20a.js - Line 73 - Msg: Stream URL validated successfully
06-23 14:55:20.989 16442 16442 I Capacitor/Console: File: https://localhost/assets/index-DifW-20a.js - Line 73 - Msg: [Pre-Resolve] Pre-resolved track: Invisible Fence
06-23 14:55:20.994 16442 16442 E IbraStreamMedia: Native: added next media item. mediaId=442370820, count=2
06-23 14:55:21.018 16442 16442 I Capacitor/Console: File:  - Line 333 - Msg: undefined
06-23 14:55:21.029  2303  2480 I bluetooth: avrcp_service.cc:646 SendMediaUpdate: track_changed=false :  play_state=false :  queue=true
06-23 14:55:21.030  2303  2480 W AudioMediaPlayerWrapper: onPlaybackStateChanged(): com.ibrastream.app tried to update with no new data
06-23 14:55:21.039  2303  2480 W AudioMediaPlayerWrapper: onQueueChanged(): com.ibrastream.app tried to update with no new data
06-23 14:55:21.039  2303  2480 W AudioMediaPlayerWrapper: onPlaybackStateChanged(): com.ibrastream.app tried to update with no new data
06-23 14:55:21.586  1132  1181 I libPerfCtl: xgfGetFPS pid:2108 fps:-1
06-23 14:55:22.204  1119  1175 I Proximity: distance = 1
06-23 14:55:22.206  1799  1902 W SensorService: Failed to write wake lock handled
06-23 14:55:22.208  1107 10430 W AudioALSAHardware: setParameters(),value 1, GET param keyPsensorState 
06-23 14:55:22.208  1107 10430 W aurisys_controller: lib_name fsm_audio, scene 0, no active handler!!
06-23 14:55:22.208  1107 10430 W aurisys_controller: lib_name fsm_audio, scene 1, no active handler!!
06-23 14:55:22.208  1107 10430 W aurisys_controller: lib_name fsm_audio, scene 6, no active handler!!
06-23 14:55:22.208  1107 10430 W aurisys_controller: lib_name fsm_audio, scene 9, no active handler!!
06-23 14:55:22.208  1107 10430 W AudioALSAHardware: setParameters(), fs1815_skt_aurisys: enable left channel 40DB attenuatation
06-23 14:55:22.586  1132  1181 I libPerfCtl: xgfGetFPS pid:2108 fps:-1
06-23 14:55:22.804  1119  1175 I Proximity: distance = 6
06-23 14:55:22.805  1799  1902 W SensorService: Failed to write wake lock handled
06-23 14:55:22.807  1107 10430 W AudioALSAHardware: setParameters(),value 0, GET param keyPsensorState 
06-23 14:55:22.807  1107 10430 W AudioALSAHardware: setParameters(), skt_aurisys: nothing to do 
06-23 14:55:22.852 16442 10064 E Capacitor/Plugin: timeout
06-23 14:55:22.852 16442 10064 E Capacitor/Plugin: java.net.SocketTimeoutException: timeout
06-23 14:55:22.852 16442 10064 E Capacitor/Plugin: 	at com.android.okhttp.okio.Okio$3.newTimeoutException(Okio.java:214)
06-23 14:55:22.852 16442 10064 E Capacitor/Plugin: 	at com.android.okhttp.okio.AsyncTimeout.exit(AsyncTimeout.java:263)
06-23 14:55:22.852 16442 10064 E Capacitor/Plugin: 	at com.android.okhttp.okio.AsyncTimeout$2.read(AsyncTimeout.java:217)
06-23 14:55:22.852 16442 10064 E Capacitor/Plugin: 	at com.android.okhttp.okio.RealBufferedSource.indexOf(RealBufferedSource.java:307)
06-23 14:55:22.852 16442 10064 E Capacitor/Plugin: 	at com.android.okhttp.okio.RealBufferedSource.indexOf(RealBufferedSource.java:301)
06-23 14:55:22.852 16442 10064 E Capacitor/Plugin: 	at com.android.okhttp.okio.RealBufferedSource.readUtf8LineStrict(RealBufferedSource.java:197)
06-23 14:55:22.852 16442 10064 E Capacitor/Plugin: 	at com.android.okhttp.internal.http.Http1xStream.readResponse(Http1xStream.java:188)
06-23 14:55:22.852 16442 10064 E Capacitor/Plugin: 	at com.android.okhttp.internal.http.Http1xStream.readResponseHeaders(Http1xStream.java:129)
06-23 14:55:22.852 16442 10064 E Capacitor/Plugin: 	at com.android.okhttp.internal.http.HttpEngine.readNetworkResponse(HttpEngine.java:750)
06-23 14:55:22.852 16442 10064 E Capacitor/Plugin: 	at com.android.okhttp.internal.http.HttpEngine.readResponse(HttpEngine.java:622)
06-23 14:55:22.852 16442 10064 E Capacitor/Plugin: 	at com.android.okhttp.internal.huc.HttpURLConnectionImpl.execute(HttpURLConnectionImpl.java:475)
06-23 14:55:22.852 16442 10064 E Capacitor/Plugin: 	at com.android.okhttp.internal.huc.HttpURLConnectionImpl.getResponse(HttpURLConnectionImpl.java:411)
06-23 14:55:22.852 16442 10064 E Capacitor/Plugin: 	at com.android.okhttp.internal.huc.HttpURLConnectionImpl.getResponseCode(HttpURLConnectionImpl.java:542)
06-23 14:55:22.852 16442 10064 E Capacitor/Plugin: 	at com.android.okhttp.internal.huc.DelegatingHttpsURLConnection.getResponseCode(DelegatingHttpsURLConnection.java:106)
06-23 14:55:22.852 16442 10064 E Capacitor/Plugin: 	at com.android.okhttp.internal.huc.HttpsURLConnectionImpl.getResponseCode(HttpsURLConnectionImpl.java:30)
06-23 14:55:22.852 16442 10064 E Capacitor/Plugin: 	at com.getcapacitor.plugin.util.CapacitorHttpUrlConnection.getResponseCode(CapacitorHttpUrlConnection.java:387)
06-23 14:55:22.852 16442 10064 E Capacitor/Plugin: 	at com.getcapacitor.plugin.util.HttpRequestHandler.buildResponse(HttpRequestHandler.java:216)
06-23 14:55:22.852 16442 10064 E Capacitor/Plugin: 	at com.getcapacitor.plugin.util.HttpRequestHandler.request(HttpRequestHandler.java:443)
06-23 14:55:22.852 16442 10064 E Capacitor/Plugin: 	at com.getcapacitor.plugin.CapacitorHttp$1.run(CapacitorHttp.java:66)
06-23 14:55:22.852 16442 10064 E Capacitor/Plugin: 	at java.util.concurrent.Executors$RunnableAdapter.call(Executors.java:520)
06-23 14:55:22.852 16442 10064 E Capacitor/Plugin: 	at java.util.concurrent.FutureTask.run(FutureTask.java:328)
06-23 14:55:22.852 16442 10064 E Capacitor/Plugin: 	at java.util.concurrent.ThreadPoolExecutor.runWorker(ThreadPoolExecutor.java:1100)
06-23 14:55:22.852 16442 10064 E Capacitor/Plugin: 	at java.util.concurrent.ThreadPoolExecutor$Worker.run(ThreadPoolExecutor.java:624)
06-23 14:55:22.852 16442 10064 E Capacitor/Plugin: 	at java.lang.Thread.run(Thread.java:1572)
06-23 14:55:22.852 16442 10064 E Capacitor/Plugin: Caused by: java.net.SocketTimeoutException: Read timed out
06-23 14:55:22.852 16442 10064 E Capacitor/Plugin: 	at java.net.SocketInputStream.socketRead0(Native Method)
06-23 14:55:22.852 16442 10064 E Capacitor/Plugin: 	at java.net.SocketInputStream.socketRead(SocketInputStream.java:118)
06-23 14:55:22.852 16442 10064 E Capacitor/Plugin: 	at java.net.SocketInputStream.read(SocketInputStream.java:173)
06-23 14:55:22.852 16442 10064 E Capacitor/Plugin: 	at java.net.SocketInputStream.read(SocketInputStream.java:143)
06-23 14:55:22.852 16442 10064 E Capacitor/Plugin: 	at com.android.org.conscrypt.ConscryptEngineSocket$SSLInputStream.readFromSocket(ConscryptEngineSocket.java:1015)
06-23 14:55:22.852 16442 10064 E Capacitor/Plugin: 	at com.android.org.conscrypt.ConscryptEngineSocket$SSLInputStream.processDataFromSocket(ConscryptEngineSocket.java:979)
06-23 14:55:22.852 16442 10064 E Capacitor/Plugin: 	at com.android.org.conscrypt.ConscryptEngineSocket$SSLInputStream.readUntilDataAvailable(ConscryptEngineSocket.java:894)
06-23 14:55:22.852 16442 10064 E Capacitor/Plugin: 	at com.android.org.conscrypt.ConscryptEngineSocket$SSLInputStream.read(ConscryptEngineSocket.java:867)
06-23 14:55:22.852 16442 10064 E Capacitor/Plugin: 	at com.android.okhttp.okio.Okio$2.read(Okio.java:138)
06-23 14:55:22.852 16442 10064 E Capacitor/Plugin: 	at com.android.okhttp.okio.AsyncTimeout$2.read(AsyncTimeout.java:213)
06-23 14:55:22.852 16442 10064 E Capacitor/Plugin: 	... 21 more
06-23 14:55:22.857 16442 16442 W Capacitor/Console: File: https://localhost/assets/index-DifW-20a.js - Line 50 - Msg: [Downloader] Cobalt stream validation failed: Error: timeout
06-23 14:55:22.859 16442 16442 I Capacitor/Console: File: https://localhost/assets/index-DifW-20a.js - Line 50 - Msg: [Downloader] Attempting stream resolution via Cobalt: https://cobalt.omega.wolfy.love/...
06-23 14:55:22.865 16442 10064 I CapacitorCookies: Getting cookies at: 'https://cobalt.omega.wolfy.love/'
06-23 14:55:22.867  1098 11494 I resolv  : GetAddrInfoHandler::run: {135 135 135 983175 10320 0}
06-23 14:55:22.868  1098 11495 I resolv  : res_nmkquery: (QUERY, IN, A)
06-23 14:55:22.885  1098 11495 I resolv  : res_nsend: used send_dg 57 terrno: 0
06-23 14:55:22.886  1098 11495 I resolv  : doQuery: rcode=0, ancount=1, return value=57
06-23 14:55:23.516 16442 16442 I Capacitor/Console: File: https://localhost/assets/index-DifW-20a.js - Line 50 - Msg: [Downloader] Attempting stream resolution via Cobalt: https://dog.kittycat.boo/...
06-23 14:55:23.523 16442 10064 I CapacitorCookies: Getting cookies at: 'https://dog.kittycat.boo/'
06-23 14:55:23.526  1098 11497 I resolv  : GetAddrInfoHandler::run: {135 135 135 983175 10320 0}
06-23 14:55:23.527  1098 11498 I resolv  : res_nmkquery: (QUERY, IN, A)
06-23 14:55:23.620  1098 11498 I resolv  : res_nsend: used send_dg 66 terrno: 0
06-23 14:55:23.621  1098 11498 I resolv  : doQuery: rcode=0, ancount=2, return value=66
06-23 14:55:23.991  2071  2076 I WifiHAL : feature_set=0x8488341a
06-23 14:55:24.204  1119  1175 I Proximity: distance = 1
06-23 14:55:24.206  1799  1902 W SensorService: Failed to write wake lock handled
06-23 14:55:24.207  1107 10430 W AudioALSAHardware: setParameters(),value 1, GET param keyPsensorState 
06-23 14:55:24.207  1107 10430 W aurisys_controller: lib_name fsm_audio, scene 0, no active handler!!
06-23 14:55:24.207  1107 10430 W aurisys_controller: lib_name fsm_audio, scene 1, no active handler!!
06-23 14:55:24.207  1107 10430 W aurisys_controller: lib_name fsm_audio, scene 6, no active handler!!
06-23 14:55:24.207  1107 10430 W aurisys_controller: lib_name fsm_audio, scene 9, no active handler!!
06-23 14:55:24.207  1107 10430 W AudioALSAHardware: setParameters(), fs1815_skt_aurisys: enable left channel 40DB attenuatation
06-23 14:55:24.427 16442 16442 E chromium: [ERROR:components/page_load_metrics/browser/page_load_metrics_update_dispatcher.cc:179] Invalid first_paint 3276.22 s for first_image_paint 3275.28 s
06-23 14:55:24.804  1119  1175 I Proximity: distance = 6
06-23 14:55:24.805  1799  1902 W SensorService: Failed to write wake lock handled
06-23 14:55:24.807  1107 10430 W AudioALSAHardware: setParameters(),value 0, GET param keyPsensorState 
06-23 14:55:24.807  1107 10430 W AudioALSAHardware: setParameters(), skt_aurisys: nothing to do 
06-23 14:55:24.877 16442 16442 I Capacitor/Console: File: https://localhost/assets/index-DifW-20a.js - Line 50 - Msg: [Downloader] Cobalt resolved stream: https://dog.kittycat.boo/tunnel?id=lm1VbcNtUGnkQZQTYWoJ0&exp=1782219414782&sig=cvxE7ScshPJP6b5erRYw8DVU8iDu8C1aG11N1wQWwig&sec=NT2aV-qjJPb1OUL_tZ_0J4ookrwffWPLQimeeQ-5lhc&iv=AusFCpuexTaVD-dx-QbrHg. Validating accessibility...
06-23 14:55:24.884 16442 10064 I CapacitorCookies: Getting cookies at: 'https://dog.kittycat.boo/tunnel?id=lm1VbcNtUGnkQZQTYWoJ0&exp=1782219414782&sig=cvxE7ScshPJP6b5erRYw8DVU8iDu8C1aG11N1wQWwig&sec=NT2aV-qjJPb1OUL_tZ_0J4ookrwffWPLQimeeQ-5lhc&iv=AusFCpuexTaVD-dx-QbrHg'
06-23 14:55:25.521  1357  1357 I thermal_repeater: [recvMdThermalInfo] ret=29, strLen=127,  3, 41, -50, -28402, 32767, 0
06-23 14:55:25.781  1098  3292 I netd    : tetherGetStats() -> {[TetherStatsParcel{iface: ccmni0, rxBytes: 59734, rxPackets: 151, txBytes: 105349, txPackets: 265, ifIndex: 0}, TetherStatsParcel{iface: wlan0, rxBytes: 30213544850, rxPackets: 27245174, txBytes: 3424886692, txPackets: 6697119, ifIndex: 0}]} <2.42ms>
06-23 14:55:25.796  1098  3292 I netd    : bandwidthSetGlobalAlert(2097152) <0.59ms>
06-23 14:55:25.867 16442 16493 I CapacitorCookies: Getting cookies at: 'https://lrclib.net/api/search?q=SamRecks%20NEW%20LINEN%20%E6%96%B0%E3%81%97%E3%81%84%E3%83%AA%E3%83%8D%E3%83%B3'
06-23 14:55:25.912 16442 16497 I CapacitorCookies: Getting cookies at: 'https://lrclib.net/api/search?q=SamRecks%20NEW%20LINEN%20%E6%96%B0%E3%81%97%E3%81%84%E3%83%AA%E3%83%8D%E3%83%B3'
06-23 14:55:25.963 16442 16442 E chromium: [ERROR:components/page_load_metrics/browser/page_load_metrics_update_dispatcher.cc:179] Invalid first_paint 3276.22 s for first_image_paint 3275.28 s
06-23 14:55:27.002  2071  2075 I WifiHAL : feature_set=0x8488341a
06-23 14:55:27.005  3706  5658 I ModemStats: [DataStallDetectService] onCapabilitiesChanged networkCapabilities=[ Transports: WIFI Capabilities: NOT_METERED&INTERNET&NOT_RESTRICTED&TRUSTED&NOT_VPN&VALIDATED&NOT_ROAMING&FOREGROUND&NOT_CONGESTED&NOT_SUSPENDED&NOT_VCN_MANAGED&NOT_BANDWIDTH_CONSTRAINED LinkUpBandwidth>=12000Kbps LinkDnBandwidth>=60000Kbps TransportInfo: <SSID: <unknown ssid>, BSSID: 02:00:00:00:00:00, MAC: 02:00:00:00:00:00, IP: /192.168.1.134, Security type: 2, Supplicant state: COMPLETED, Wi-Fi standard: 11ac, RSSI: -56, Link speed: 351Mbps, Tx Link speed: 351Mbps, Max Supported Tx Link speed: 433Mbps, Calculated Tx : 0Mbps, Rx Link speed: 292Mbps, Max Supported Rx Link speed: 433Mbps, Calculated Rx : 0Mbps, Frequency: 5300MHz, Net ID: -1, Metered hint: false, score: 100, isUsable: true, CarrierMerged: false, SubscriptionId: -1, IsPrimary: -1, Trusted: true, Restricted: false, Ephemeral: false, OEM paid: false, OEM private: false, OSU AP: false, FQDN: <none>, Provider friendly name: <none>, Requesting package name: <none><none>MLO Information: , Is TID-To-Link negotiation supported by the AP: false, AP MLD Address: <none>, AP MLO Link Id: <none>, AP MLO Affiliated links: <none>, Vendor Data: <none>> SignalStrength: -56 UnderlyingNetworks: Null]
06-23 14:55:27.005  3706  5658 I ModemStats: [DataStallDetectService] onCapabilitiesChanged NET_CAPABILITY_VALIDATED=true
06-23 14:55:27.005  3706  5658 I ModemStats: [DataStallDetectService] onCapabilitiesChanged mDataStallManager.mDataStallInstance=null
06-23 14:55:27.005  3706  5658 I ModemStats: [DataStallDetectService] onCapabilitiesChanged mDataStallSmart5gManager.mDataStallInstance=null
06-23 14:55:27.011 13959 14099 I BugleRcsEngine: Connected state: [1], networkType: [WIFI] [CONTEXT thread_id=2025 ]
06-23 14:55:27.015 13959 14189 I BugleRcsEngine: handleMessage processing message:[NOTIFY_UPTIME_IGNORE_STATE_CHANGED] with [non-null]:RcsEngineImpl reference [CONTEXT log_prefix="RcsEngineImpl[DUAL_REG]:[5059adf4-7b8d]>Handler" thread_id=2028 ]
06-23 14:55:27.017  1488  9423 I NearbyMediums: Wifi changed new SSID: <unknown ssid>
06-23 14:55:27.017  1488  9423 I NearbyMediums: WifiLanConnectivityInfo is not changed, skip notify.
06-23 14:55:27.018  1799  1819 E ApplicationHelper: Fail to get PackageManager
06-23 14:55:27.120 16442 16492 I CapacitorCookies: Getting cookies at: 'https://lrclib.net/api/get?track_name=NEW%20LINEN%20%E6%96%B0%E3%81%97%E3%81%84%E3%83%AA%E3%83%8D%E3%83%B3&artist_name=SamRecks'
06-23 14:55:27.216 16442 16442 E chromium: [ERROR:components/page_load_metrics/browser/page_load_metrics_update_dispatcher.cc:179] Invalid first_paint 3276.22 s for first_image_paint 3275.28 s
06-23 14:55:27.276 16442 16442 I Capacitor/Console: File: https://localhost/assets/index-DifW-20a.js - Line 50 - Msg: [Downloader] Cobalt stream validated successfully.
06-23 14:55:27.276 16442 16442 I Capacitor/Console: File: https://localhost/assets/index-DifW-20a.js - Line 73 - Msg: Successfully got stream URL via youtubei.js on Android, validating accessibility natively...
06-23 14:55:27.276 16442 16442 I Capacitor/Console: File: https://localhost/assets/index-DifW-20a.js - Line 73 - Msg: Stream URL validated successfully
06-23 14:55:27.279 16442 16442 E IbraStreamMedia: CustomPlayerWrapper: setMockDuration=116000
06-23 14:55:27.280 16442 16442 E IbraStreamMedia: CustomPlayerWrapper: setMockPosition=0
06-23 14:55:27.282 16442 16442 E IbraStreamMedia: onMediaItemTransition: reason=3, item=478713740
06-23 14:55:27.282 16442 16442 E IbraStreamMedia: CustomPlayerWrapper: setMockPosition=0
06-23 14:55:27.286 16442 16442 I Capacitor/Console: File: https://localhost/assets/index-DifW-20a.js - Line 73 - Msg: Native listener: onMediaItemTransition: 478713740
06-23 14:55:27.295 16442 16694 I CapacitorCookies: Getting cookies at: 'https://resources.tidal.com/images/8991779d/c7ad/44ce/a5dc/ea25b0d8792a/640x640.jpg'
06-23 14:55:27.298  1098 11500 I resolv  : GetAddrInfoHandler::run: {135 135 135 983175 10320 0}
06-23 14:55:27.299  1098 11501 I resolv  : res_nmkquery: (QUERY, IN, A)
06-23 14:55:27.299  1098 11501 I resolv  : resolv_cache_lookup: FOUND IN CACHE entry=0xb400006e13afc2d0
06-23 14:55:27.299  1098 11501 I resolv  : doQuery: rcode=0, ancount=1, return value=53
06-23 14:55:27.301  2303  2480 W Failed to fetch image at uri=https://resources.tidal.com/images/8991779d/c7ad/44ce/a5dc/ea25b0java.io.FileNotFoundException: No content provider: https://resources.tidal.com/images/8991779d/c7ad/44ce/a5dc/ea25b0d8792a/640x640.jpg
06-23 14:55:27.301  2303  2480 W Failed to fetch image at uri=https://resources.tidal.com/images/8991779d/c7ad/44ce/a5dc/ea25b0	at android.content.ContentResolver.openTypedAssetFileDescriptor(ContentResolver.java:2029)
06-23 14:55:27.301  2303  2480 W Failed to fetch image at uri=https://resources.tidal.com/images/8991779d/c7ad/44ce/a5dc/ea25b0	at android.content.ContentResolver.openAssetFileDescriptor(ContentResolver.java:1858)
06-23 14:55:27.301  2303  2480 W Failed to fetch image at uri=https://resources.tidal.com/images/8991779d/c7ad/44ce/a5dc/ea25b0	at android.content.ContentResolver.openInputStream(ContentResolver.java:1528)
06-23 14:55:27.301  2303  2480 W Failed to fetch image at uri=https://resources.tidal.com/images/8991779d/c7ad/44ce/a5dc/ea25b0	at com.android.bluetooth.audio_util.Image.getImageFromUri(Image.java:200)
06-23 14:55:27.301  2303  2480 W Failed to fetch image at uri=https://resources.tidal.com/images/8991779d/c7ad/44ce/a5dc/ea25b0	at com.android.bluetooth.audio_util.Image.setImage(Image.java:164)
06-23 14:55:27.301  2303  2480 W Failed to fetch image at uri=https://resources.tidal.com/images/8991779d/c7ad/44ce/a5dc/ea25b0	at com.android.bluetooth.audio_util.Image.<init>(Image.java:139)
06-23 14:55:27.301  2303  2480 W Failed to fetch image at uri=https://resources.tidal.com/images/8991779d/c7ad/44ce/a5dc/ea25b0	at com.android.bluetooth.audio_util.Metadata$Builder.fromMediaDescription(Metadata.java:261)
06-23 14:55:27.301  2303  2480 W Failed to fetch image at uri=https://resources.tidal.com/images/8991779d/c7ad/44ce/a5dc/ea25b0	at com.android.bluetooth.audio_util.Metadata$Builder.fromMediaMetadata(Metadata.java:182)
06-23 14:55:27.301  2303  2480 W Failed to fetch image at uri=https://resources.tidal.com/images/8991779d/c7ad/44ce/a5dc/ea25b0	at com.android.bluetooth.audio_util.Util.toMetadata(Util.java:108)
06-23 14:55:27.301  2303  2480 W Failed to fetch image at uri=https://resources.tidal.com/images/8991779d/c7ad/44ce/a5dc/ea25b0	at com.android.bluetooth.audio_util.MediaPlayerWrapper.isMetadataSynced(MediaPlayerWrapper.java:300)
06-23 14:55:27.301  2303  2480 W Failed to fetch image at uri=https://resources.tidal.com/images/8991779d/c7ad/44ce/a5dc/ea25b0	at com.android.bluetooth.audio_util.MediaPlayerWrapper$MediaControllerListener.trySendMediaUpdate(MediaPlayerWrapper.java:470)
06-23 14:55:27.301  2303  2480 W Failed to fetch image at uri=https://resources.tidal.com/images/8991779d/c7ad/44ce/a5dc/ea25b0	at com.android.bluetooth.audio_util.MediaPlayerWrapper$MediaControllerListener.onQueueChanged(MediaPlayerWrapper.java:583)
06-23 14:55:27.301  2303  2480 W Failed to fetch image at uri=https://resources.tidal.com/images/8991779d/c7ad/44ce/a5dc/ea25b0	at android.media.session.MediaController$MessageHandler.handleMessage(MediaController.java:1208)
06-23 14:55:27.301  2303  2480 W Failed to fetch image at uri=https://resources.tidal.com/images/8991779d/c7ad/44ce/a5dc/ea25b0	at android.os.Handler.dispatchMessage(Handler.java:107)
06-23 14:55:27.301  2303  2480 W Failed to fetch image at uri=https://resources.tidal.com/images/8991779d/c7ad/44ce/a5dc/ea25b0	at android.os.Looper.loopOnce(Looper.java:234)
06-23 14:55:27.301  2303  2480 W Failed to fetch image at uri=https://resources.tidal.com/images/8991779d/c7ad/44ce/a5dc/ea25b0	at android.os.Looper.loop(Looper.java:319)
06-23 14:55:27.301  2303  2480 W Failed to fetch image at uri=https://resources.tidal.com/images/8991779d/c7ad/44ce/a5dc/ea25b0	at android.os.HandlerThread.run(HandlerThread.java:85)
06-23 14:55:27.301  2303  2480 W Failed to fetch image at uri=https://resources.tidal.com/images/8991779d/c7ad/44ce/a5dc/ea25b0java.io.FileNotFoundException: No content provider: https://resources.tidal.com/images/8991779d/c7ad/44ce/a5dc/ea25b0d8792a/640x640.jpg
06-23 14:55:27.301  2303  2480 W Failed to fetch image at uri=https://resources.tidal.com/images/8991779d/c7ad/44ce/a5dc/ea25b0	at android.content.ContentResolver.openTypedAssetFileDescriptor(ContentResolver.java:2029)
06-23 14:55:27.301  2303  2480 W Failed to fetch image at uri=https://resources.tidal.com/images/8991779d/c7ad/44ce/a5dc/ea25b0	at android.content.ContentResolver.openAssetFileDescriptor(ContentResolver.java:1858)
06-23 14:55:27.301  2303  2480 W Failed to fetch image at uri=https://resources.tidal.com/images/8991779d/c7ad/44ce/a5dc/ea25b0	at android.content.ContentResolver.openInputStream(ContentResolver.java:1528)
06-23 14:55:27.301  2303  2480 W Failed to fetch image at uri=https://resources.tidal.com/images/8991779d/c7ad/44ce/a5dc/ea25b0	at com.android.bluetooth.audio_util.Image.getImageFromUri(Image.java:200)
06-23 14:55:27.301  2303  2480 W Failed to fetch image at uri=https://resources.tidal.com/images/8991779d/c7ad/44ce/a5dc/ea25b0	at com.android.bluetooth.audio_util.Image.setImage(Image.java:164)
06-23 14:55:27.301  2303  2480 W Failed to fetch image at uri=https://resources.tidal.com/images/8991779d/c7ad/44ce/a5dc/ea25b0	at com.android.bluetooth.audio_util.Image.setImage(Image.java:156)
06-23 14:55:27.301  2303  2480 W Failed to fetch image at uri=https://resources.tidal.com/images/8991779d/c7ad/44ce/a5dc/ea25b0	at com.android.bluetooth.audio_util.Image.<init>(Image.java:78)
06-23 14:55:27.301  2303  2480 W Failed to fetch image at uri=https://resources.tidal.com/images/8991779d/c7ad/44ce/a5dc/ea25b0	at com.android.bluetooth.audio_util.Metadata$Builder.fromMediaMetadata(Metadata.java:232)
06-23 14:55:27.301  2303  2480 W Failed to fetch image at uri=https://resources.tidal.com/images/8991779d/c7ad/44ce/a5dc/ea25b0	at com.android.bluetooth.audio_util.Util.toMetadata(Util.java:108)
06-23 14:55:27.301  2303  2480 W Failed to fetch image at uri=https://resources.tidal.com/images/8991779d/c7ad/44ce/a5dc/ea25b0	at com.android.bluetooth.audio_util.MediaPlayerWrapper.isMetadataSynced(MediaPlayerWrapper.java:300)
06-23 14:55:27.301  2303  2480 W Failed to fetch image at uri=https://resources.tidal.com/images/8991779d/c7ad/44ce/a5dc/ea25b0	at com.android.bluetooth.audio_util.MediaPlayerWrapper$MediaControllerListener.trySendMediaUpdate(MediaPlayerWrapper.java:470)
06-23 14:55:27.301  2303  2480 W Failed to fetch image at uri=https://resources.tidal.com/images/8991779d/c7ad/44ce/a5dc/ea25b0	at com.android.bluetooth.audio_util.MediaPlayerWrapper$MediaControllerListener.onQueueChanged(MediaPlayerWrapper.java:583)
06-23 14:55:27.301  2303  2480 W Failed to fetch image at uri=https://resources.tidal.com/images/8991779d/c7ad/44ce/a5dc/ea25b0	at android.media.session.MediaController$MessageHandler.handleMessage(MediaController.java:1208)
06-23 14:55:27.301  2303  2480 W Failed to fetch image at uri=https://resources.tidal.com/images/8991779d/c7ad/44ce/a5dc/ea25b0	at android.os.Handler.dispatchMessage(Handler.java:107)
06-23 14:55:27.301  2303  2480 W Failed to fetch image at uri=https://resources.tidal.com/images/8991779d/c7ad/44ce/a5dc/ea25b0	at android.os.Looper.loopOnce(Looper.java:234)
06-23 14:55:27.301  2303  2480 W Failed to fetch image at uri=https://resources.tidal.com/images/8991779d/c7ad/44ce/a5dc/ea25b0	at android.os.Looper.loop(Looper.java:319)
06-23 14:55:27.301  2303  2480 W Failed to fetch image at uri=https://resources.tidal.com/images/8991779d/c7ad/44ce/a5dc/ea25b0	at android.os.HandlerThread.run(HandlerThread.java:85)
06-23 14:55:27.302  2303  2480 W Failed to fetch image at uri=https://resources.tidal.com/images/8991779d/c7ad/44ce/a5dc/ea25b0java.io.FileNotFoundException: No content provider: https://resources.tidal.com/images/8991779d/c7ad/44ce/a5dc/ea25b0d8792a/640x640.jpg
06-23 14:55:27.302  2303  2480 W Failed to fetch image at uri=https://resources.tidal.com/images/8991779d/c7ad/44ce/a5dc/ea25b0	at android.content.ContentResolver.openTypedAssetFileDescriptor(ContentResolver.java:2029)
06-23 14:55:27.302  2303  2480 W Failed to fetch image at uri=https://resources.tidal.com/images/8991779d/c7ad/44ce/a5dc/ea25b0	at android.content.ContentResolver.openAssetFileDescriptor(ContentResolver.java:1858)
06-23 14:55:27.302  2303  2480 W Failed to fetch image at uri=https://resources.tidal.com/images/8991779d/c7ad/44ce/a5dc/ea25b0	at android.content.ContentResolver.openInputStream(ContentResolver.java:1528)
06-23 14:55:27.302  2303  2480 W Failed to fetch image at uri=https://resources.tidal.com/images/8991779d/c7ad/44ce/a5dc/ea25b0	at com.android.bluetooth.audio_util.Image.getImageFromUri(Image.java:200)
06-23 14:55:27.302  2303  2480 W Failed to fetch image at uri=https://resources.tidal.com/images/8991779d/c7ad/44ce/a5dc/ea25b0	at com.android.bluetooth.audio_util.Image.setImage(Image.java:164)
06-23 14:55:27.302  2303  2480 W Failed to fetch image at uri=https://resources.tidal.com/images/8991779d/c7ad/44ce/a5dc/ea25b0	at com.android.bluetooth.audio_util.Image.<init>(Image.java:139)
06-23 14:55:27.302  2303  2480 W Failed to fetch image at uri=https://resources.tidal.com/images/8991779d/c7ad/44ce/a5dc/ea25b0	at com.android.bluetooth.audio_util.Metadata$Builder.fromMediaDescription(Metadata.java:261)
06-23 14:55:27.302  2303  2480 W Failed to fetch image at uri=https://resources.tidal.com/images/8991779d/c7ad/44ce/a5dc/ea25b0	at com.android.bluetooth.audio_util.Metadata$Builder.fromMediaMetadata(Metadata.java:182)
06-23 14:55:27.302  2303  2480 W Failed to fetch image at uri=https://resources.tidal.com/images/8991779d/c7ad/44ce/a5dc/ea25b0	at com.android.bluetooth.audio_util.Util.toMetadata(Util.java:108)
06-23 14:55:27.302  2303  2480 W Failed to fetch image at uri=https://resources.tidal.com/images/8991779d/c7ad/44ce/a5dc/ea25b0	at com.android.bluetooth.audio_util.MediaPlayerWrapper.sendMediaUpdate(MediaPlayerWrapper.java:384)
06-23 14:55:27.302  2303  2480 W Failed to fetch image at uri=https://resources.tidal.com/images/8991779d/c7ad/44ce/a5dc/ea25b0	at com.android.bluetooth.audio_util.MediaPlayerWrapper.-$$Nest$msendMediaUpdate(MediaPlayerWrapper.java:0)
06-23 14:55:27.302  2303  2480 W Failed to fetch image at uri=https://resources.tidal.com/images/8991779d/c7ad/44ce/a5dc/ea25b0	at com.android.bluetooth.audio_util.MediaPlayerWrapper$MediaControllerListener.trySendMediaUpdate(MediaPlayerWrapper.java:478)
