06-23 13:33:57.614 12258 12301 I PlayCore: UID: [10264]  PID: [12258] SplitInstallListenerRegistry : registerListener
06-23 13:33:57.624  1164  1164 I BufferQueueProducer: [StatusBar#94](this:0xb400006fd5916be0,id:-1,api:0,p:-1,c:1164) queueBuffer: fps=0.49 dur=2039.15 max=2039.15 min=2039.15
06-23 13:33:57.626  1112  1127 I hwcomposer: [HWCDisplay] (0 updateFps():3644), (type:1, mode:2) fps:0.490375,dur:2039.25,max:2039.25,min:2039.25  
06-23 13:33:57.643 12258 12313 E com.whatsapp: hiddenapi: Accessing hidden method Lcom/android/org/conscrypt/OpenSSLSocketImpl;->setUseSessionTickets(Z)V (runtime_flags=CorePlatformApi, domain=core-platform, api=max-target-q,core-platform-api) from LX/GIa; (domain=app, TargetSdkVersion=36) using reflection: denied
06-23 13:33:57.643 12258 12313 E com.whatsapp: hiddenapi: Accessing hidden method Lcom/android/org/conscrypt/AbstractConscryptSocket;->setUseSessionTickets(Z)V (runtime_flags=0, domain=core-platform, api=max-target-q) from LX/GIa; (domain=app, TargetSdkVersion=36) using reflection: denied
06-23 13:33:57.648 12258 12321 E msys    : E[ADNSUCTIMH WAJMNSRuntime]WAJContextInitMNSRuntime(446)=>[LogLevel:I] Secondary DNS resolver enabled
06-23 13:33:57.650 12258 12321 E msys    : E[N WA]_WAJMNSStreamImplMNSTCPStreamCreate(361)=>[LogLevel:I] WAJMNSStream/impl/tcpStreamCreate/MNSStreamRaw/p=0xb4000076f6cde680
06-23 13:33:57.650 12258 12321 E msys    : E[N WA]WAJMNSStreamImplCreate(421)=>[LogLevel:I] WAJMNSStream/impl/create/p=0xb4000076f6cde680 (mnsConn=0xb4000075d6c8be90)
06-23 13:33:57.651 12258 12321 E msys    : E[N WA]_WAJMNSStreamCreateMnsIpsFromIpAddressStrings(87)=>[LogLevel:I] no ip addresses provided, using DNS resolution
06-23 13:33:57.651 12258 12321 E msys    : E[N WA]WAJMNSStreamImplConnect(450)=>[LogLevel:I] WAJMNSStream/impl/connect/p=0xb4000076f6cde680 (endpoint=g.whatsapp.net:443)(ipAddressCount=0)
06-23 13:33:57.652 12258 12321 E msys    : E[N WA]_WAJMNSStreamImplUpdateStreamState(230)=>[LogLevel:I] WAJMNSStream/impl/state-changed/p=0xb4000076f6cde680 (initial=>connecting)
06-23 13:33:57.652  1098 12342 I resolv  : GetAddrInfoHandler::run: {135 262279 135 983175 10264 0}
06-23 13:33:57.653  1098 12343 I resolv  : res_nmkquery: (QUERY, IN, A)
06-23 13:33:57.654  1098 12343 I resolv  : resolv_cache_lookup: FOUND IN CACHE entry=0xb400006ec3ae2a90
06-23 13:33:57.654  1098 12343 I resolv  : doQuery: rcode=0, ancount=1, return value=63
06-23 13:33:57.656  1098 12346 I resolv  : GetAddrInfoHandler::run: {135 262279 135 983175 10264 0}
06-23 13:33:57.657  1098 12347 I resolv  : res_nmkquery: (QUERY, IN, A)
06-23 13:33:57.675 12258 12340 E msys    : E[N WA]_WAJMNSStreamImplOnMNSReady(259)=>[LogLevel:I] WAJMNSStream/impl/callback/onMNSReady/p=0xb4000076f6cde680
06-23 13:33:57.676  1098 12347 I resolv  : res_nsend: used send_dg 71 terrno: 0
06-23 13:33:57.676  1098 12347 I resolv  : doQuery: rcode=0, ancount=2, return value=71
06-23 13:33:57.677 12258 12340 E msys    : E[N WA]_WAJMNSStreamImplCreateConnectionReport(194)=>[LogLevel:I] WAJMNSStream/impl/report port=443, connectedIPVersion=4, resolvedIPAddressCount=1, dnsResolutionStartTimeMS=131639345, dnsResolutionEndTimeMS=131639346, dnsCacheHit=Yes, connectStartTimeMS=131639346, connectEndTimeMS=131639368, proxyConnectStartTimeMS=0, proxyConnectEndTimeMS=0
06-23 13:33:57.677 12258 12340 E msys    : E[N WA]_WAJMNSStreamImplUpdateStreamState(230)=>[LogLevel:I] WAJMNSStream/impl/state-changed/p=0xb4000076f6cde680 (connecting=>connected)
06-23 13:33:57.678 12258 12340 E msys    : E[N mns]_OnResolverSuccess(335)=>Cache refresh succeeded with system DNS resolver. IP count: 1
06-23 13:33:57.689 12258 12308 W SoLoader: SoLoader already initialized
06-23 13:33:57.691 12258 12313 E FeatureFlagsImplExport: android.os.flagging.AconfigStorageReadException: ERROR_PACKAGE_NOT_FOUND: package com.android.libcore cannot be found on the device
06-23 13:33:57.758   580   580 E TlcKM   : lookup_operation: op 0xf8f52ce4c57b58f1 not found
06-23 13:33:57.758   580   580 E TlcKM   : lookup_operation(session, operation_handle, &op) == -28
06-23 13:33:57.777 12258 12311 I WM-WorkerWrapper: Worker result SUCCESS for Work [ id=fbc577f8-93b4-4b0a-aad0-b8d8d629d4a8, tags={ com.whatsapp.stickers.stickerpack.FetchDownloadableStickerPackWorker } ]
06-23 13:33:57.785  1357  1357 I thermal_repeater: [recvMdThermalInfo] ret=29, strLen=127,  3, 44, -50, -28402, 32767, 0
06-23 13:33:57.942  1098 12365 I resolv  : GetAddrInfoHandler::run: {135 262279 135 983175 10264 0}
06-23 13:33:57.943  1098 12366 I resolv  : res_nmkquery: (QUERY, IN, A)
06-23 13:33:57.958  1098 12366 I resolv  : res_nsend: used send_dg 75 terrno: 0
06-23 13:33:57.958  1098 12366 I resolv  : doQuery: rcode=0, ancount=2, return value=75
06-23 13:33:57.959 12258 12355 E msys    : E[N mns:TigonMNS]_OnResolverSuccess(335)=>Cache refresh succeeded with system DNS resolver. IP count: 1
06-23 13:33:58.038  1799  1893 W ActivityManager: Background start not allowed: service Intent { act=com.whatsapp.messageservice.messaging.MessageService.START cmp=com.whatsapp/.messageservice.messaging.MessageService } to com.whatsapp/.messageservice.messaging.MessageService from pid=12258 uid=10264 pkg=com.whatsapp startFg?=false
06-23 13:33:58.225 12258 12325 W JobInfo : Job 'com.whatsapp/.infra.push.RegistrationIntentService#4' has a deadline with no functional constraints. The deadline won't improve job execution latency. Consider removing the deadline.
06-23 13:33:58.226  1799  2519 W JobInfo : Job 'com.whatsapp/.infra.push.RegistrationIntentService#4' has a deadline with no functional constraints. The deadline won't improve job execution latency. Consider removing the deadline.
06-23 13:33:58.233  1799  1819 E ApplicationHelper: Fail to get PackageManager
06-23 13:33:58.236  1799  1819 E ApplicationHelper: Fail to get PackageManager
06-23 13:33:58.238  1098  1589 I netd    : tetherGetStats() -> {[TetherStatsParcel{iface: ccmni0, rxBytes: 59734, rxPackets: 151, txBytes: 105349, txPackets: 265, ifIndex: 0}, TetherStatsParcel{iface: wlan0, rxBytes: 29749898250, rxPackets: 26844017, txBytes: 3362445745, txPackets: 6594936, ifIndex: 0}]} <2.78ms>
06-23 13:33:58.241  1799  1819 E ApplicationHelper: Fail to get PackageManager
06-23 13:33:58.256  1799  1819 E ApplicationHelper: Fail to get PackageManager
06-23 13:33:58.260  1799  1819 E ApplicationHelper: Fail to get PackageManager
06-23 13:33:58.352  1799  1819 E ApplicationHelper: Fail to get PackageManager
06-23 13:33:58.378  1799  1810 I system_server: Background young concurrent mark compact GC freed 24MB AllocSpace bytes, 21(440KB) LOS objects, 23% free, 76MB/100MB, paused 3.139ms,10.360ms total 144.638ms
06-23 13:33:58.379  1799  1819 E ApplicationHelper: Fail to get PackageManager
06-23 13:33:58.384 12258 12258 E WakeLockMetricsCollector: Unknown wakelock modified
06-23 13:33:58.385  1799  1812 W System  : A resource failed to call close. 
06-23 13:33:58.385  1799  1812 W System  : A resource failed to call close. 
06-23 13:33:58.385  1799  1812 W System  : A resource failed to call close. 
06-23 13:33:58.385  1799  1812 W System  : A resource failed to call close. 
06-23 13:33:58.385  1799  1812 W System  : A resource failed to call close. 
06-23 13:33:58.385  1799  1812 W System  : A resource failed to call close. 
06-23 13:33:58.386  1799  1812 W System  : A resource failed to call close. 
06-23 13:33:58.387  1799  1812 W System  : A resource failed to call close. 
06-23 13:33:58.387  1799  1819 E ApplicationHelper: Fail to get PackageManager
06-23 13:33:58.387  1799  1812 W System  : A resource failed to call close. 
06-23 13:33:58.387  1799  1812 W System  : A resource failed to call close. 
06-23 13:33:58.387  1799  1812 W System  : A resource failed to call close. 
06-23 13:33:58.387  1799  1812 W System  : A resource failed to call close. 
06-23 13:33:58.387  1799  1812 W System  : A resource failed to call close. 
06-23 13:33:58.387  1799  1812 W System  : A resource failed to call close. 
06-23 13:33:58.392 12258 12379 E WakeLockMetricsCollector: Unknown wakelock modified
06-23 13:33:58.395  1799  1819 E ApplicationHelper: Fail to get PackageManager
06-23 13:33:58.396  1799  1819 E ApplicationHelper: Fail to get PackageManager
06-23 13:33:58.396  3597  3614 I emkh    : (REDACTED) HDM. appOpsListener %s %s
06-23 13:33:58.397  3597  3614 I emkh    : (REDACTED) HDM. Ignoring irrelevant audio permission changes for package %s
06-23 13:33:58.398  1799  1819 E ApplicationHelper: Fail to get PackageManager
06-23 13:33:58.405  1799  1830 I ActivityManager: Waited long enough for: ServiceRecord{54093dc u0 com.google.android.gms/.statementservice.OperationService c:com.google.android.gms}
06-23 13:33:58.496  2071  2071 I WifiHAL : feature_set=0x8488341a
06-23 13:33:58.514  1799  2269 I ActivityManager: com.android.providers.contacts is exempt from freezer
06-23 13:33:58.528  1799  1831 I ActivityManager: Start proc 12384:android.process.acore/u0a64 for content provider {com.android.providers.contacts/com.android.providers.contacts.ContactsProvider2}
06-23 13:33:58.555 12384 12384 I d.process.acore: Using generational CollectorTypeCMC GC.
06-23 13:33:58.579  1799  1819 E ApplicationHelper: Fail to get PackageManager
06-23 13:33:58.580  1799  1819 E ApplicationHelper: Fail to get PackageManager
06-23 13:33:58.580  1132  1181 I libPerfCtl: xgfGetFPS pid:2108 fps:-1
06-23 13:33:58.653 12384 12384 I ContactsPerf: VoicemailContentProvider.onCreate start
06-23 13:33:58.664 12384 12384 I ContactsPerf: VoicemailContentProvider.onCreate finish
06-23 13:33:58.681 12384 12398 I PhoneAccountHandleMigrationUtils_CallLogDatabaseHelper: updatePhoneAccountHandleMigrationPendingStatus false
06-23 13:33:58.689 12384 12400 I PhoneAccountHandleMigrationUtils_CallLogDatabaseHelper: updatePhoneAccountHandleMigrationPendingStatus false
06-23 13:33:58.705 12384 12398 I CallLogProvider: syncEntriesFrom: fromUserId=0, srcIsShadow=true, forAllUsers=false; previousTimeStamp=0, newTimeStamp=0, entries=0
06-23 13:33:58.711 12384 12398 I CallLogProvider: delete uid/pid=10064/12384, uri=content://call_log_shadow/calls, numChanged=0
06-23 13:33:58.711 12384 12384 I ContactsDatabaseHelper: updateUseStrictPhoneNumberComparison: ES
06-23 13:33:58.717 12384 12398 I CallLogProvider: Syncing call composer pics -- source user=0, isShadow=true, forAllUser=false
06-23 13:33:58.717 12384 12398 I CallLogProvider: Fetching list of Uris to sync
06-23 13:33:58.719 12384 12398 I CallLogProvider: Will sync following Uris:[]
06-23 13:33:58.719 12384 12398 I CallLogProvider: Syncing call composer pics -- got []
06-23 13:33:58.724 12384 12384 I Typeface: initOverlayFonts====family: RookeryNew-Regular
06-23 13:33:58.725  1799  1815 I ActivityManager: Flag disabled. Ignoring finishAttachApplication from uid: 10064. pid: 12384
06-23 13:33:58.726 12384 12384 I ContactsDatabaseHelper: updateUseStrictPhoneNumberComparison: ES
06-23 13:33:58.773 12384 12401 I PhoneAccountHandleMigrationUtils_ContactsDatabaseHelper: updatePhoneAccountHandleMigrationPendingStatus false
06-23 13:33:58.809 12384 12401 I ContactLocale: AddressBook Labels [[es_ES]]: [ΓÇª, A, B, C, D, E, F, G, H, I, J, K, L, M, N, ├æ, O, P, Q, R, S, T, U, V, W, X, Y, Z, ╬æ, ╬Æ, ╬ô, ╬ö, ╬ò, ╬û, ╬ù, ╬ÿ, ╬Ö, ╬Ü, ╬¢, ╬£, ╬¥, ╬₧, ╬ƒ, ╬á, ╬í, ╬ú, ╬ñ, ╬Ñ, ╬ª, ╬º, ╬¿, ╬⌐, ΓÇª, ╨É, ╨æ, ╨Æ, ╨ô, ╨ö, ╨é, ╨ò, ╨ä, ╨û, ╨ù, ╨ÿ, ╨å, ╨Ö, ╨ê, ╨Ü, ╨¢, ╨ë, ╨£, ╨¥, ╨è, ╨₧, ╨ƒ, ╨á, ╨í, ╨ó, ╨ï, ╨ú, ╨ñ, ╨Ñ, ╨ª, ╨º, ╨Å, ╨¿, ╨⌐, ╨«, ╨», ΓÇª, ╫É, ╫æ, ╫Æ, ╫ô, ╫ö, ╫ò, ╫û, ╫ù, ╫ÿ, ╫Ö, ╫¢, ╫£, ╫₧, ╫á, ╫í, ╫ó, ╫ñ, ╫ª, ╫º, ╫¿, ╫⌐, ╫¬, ΓÇª, ╪º, ╪¿, ╪¬, ╪½, ╪¼, ╪¡, ╪«, ╪», ╪░, ╪▒, ╪▓, ╪│, ╪┤, ╪╡, ╪╢, ╪╖, ╪╕, ╪╣, ╪║, ┘ü, ┘é, ┘â, ┘ä, ┘à, ┘å, ┘ç, ┘ê, ┘è, ΓÇª, α╕ü, α╕é, α╕â, α╕ä, α╕à, α╕å, α╕ç, α╕ê, α╕ë, α╕è, α╕ï, α╕î, α╕ì, α╕Ä, α╕Å, α╕É, α╕æ, α╕Æ, α╕ô, α╕ö, α╕ò, α╕û, α╕ù, α╕ÿ, α╕Ö, α╕Ü, α╕¢, α╕£, α╕¥, α╕₧, α╕ƒ, α╕á, α╕í, α╕ó, α╕ú, α╕ñ, α╕Ñ, α╕ª, α╕º, α╕¿, α╕⌐, α╕¬, α╕½, α╕¼, α╕¡, α╕«, ΓÇª, πä▒, πä┤, πä╖, πä╣, πàü, πàé, πàà, πàç, πàê, πàè, πàï, πàî, πàì, πàÄ, ΓÇª, πüé, πüï, πüò, πüƒ, πü¬, πü», πü╛, πéä, πéë, πéÅ, #, ΓÇª]
06-23 13:33:58.812 12384 12401 W SQLiteLog: (28) double-quoted string literal: "%s"
06-23 13:33:58.813 12384 12401 W SQLiteLog: (28) double-quoted string literal: "%s"
06-23 13:33:58.813 12384 12401 W SQLiteLog: (28) double-quoted string literal: "%s"
06-23 13:33:58.814 12384 12401 W SQLiteLog: (28) double-quoted string literal: "%s"
06-23 13:33:58.839 12384 12401 W SQLiteLog: (28) double-quoted string literal: "%s"
06-23 13:33:58.840 12384 12401 W SQLiteLog: (28) double-quoted string literal: "%s"
06-23 13:33:58.841 12384 12401 W SQLiteLog: (28) double-quoted string literal: "%s"
06-23 13:33:58.842 12384 12401 W SQLiteLog: (28) double-quoted string literal: "%s"
06-23 13:33:59.012   377   377 I lowmemorykiller: Kill 'com.android.chrome' (11321), uid 10158, oom_score_adj 905 to free 276020kB rss, 31832kB swap; reason: device is not responding
06-23 13:33:59.015   377   389 E lowmemorykiller: process_mrelease 11321 failed: No such process
06-23 13:33:59.087  1099  1099 I Zygote  : Process 11321 exited due to signal 9 (Killed)
06-23 13:33:59.089  1799  2269 I ActivityManager: Process com.android.chrome (pid 11321) has died: cch+5 CEM 
06-23 13:33:59.090  1799  1832 I libprocessgroup: Removed cgroup /sys/fs/cgroup/uid_10158/pid_11321
06-23 13:33:59.090  1799  1832 W libprocessgroup: RemoveCgroup: /dev/memcg/apps/uid_10158/pid_11321 does not exist.
06-23 13:33:59.091  1799  1819 E ApplicationHelper: Fail to get PackageManager
06-23 13:33:59.093  1799  2269 I mtkpower_client: [PowerHal_Wrap_notifyAppState] com.android.chrome/com.android.chrome pid=11321 activityId:11321 state:3
06-23 13:33:59.093  1132  1132 I vendor.mediatek.hardware.mtkpower_applist-service.mediatek: packName: com.android.chrome actName: com.android.chrome pid: 11321 activityId: 11321 uid: 10158 state: 3
06-23 13:33:59.093  1132  1132 I MTK_APPList: [notifyAPPstate] com.android.chrome/com.android.chrome, pid=11321, activityId=11321, uid=10158, state:DEAD, fps:-1, win:0
06-23 13:33:59.093  1132  1132 I MTK_APPList: [notifyAPPstate] multi_resumed_app_count: 1
06-23 13:33:59.093  1132  1132 I MTK_APPList: [notifyAPPstate] multi_resumed_app_info[0] com.motorola.launcher3/com.android.launcher3.CustomizationPanelLauncher, pid:20254, activityId:37399041, fps:-1, isMultiWindow:0
06-23 13:33:59.093  1132  1132 I MTK_APPList: [getForegroundAPPCount] 1
06-23 13:33:59.093  1132  1132 I MTK_APPList: [notifyAPPstate] pack:com.android.chrome, pid:11321, STATE_DEAD
06-23 13:33:59.093  1132  1132 I MTK_APPList: [notifyNetdUID] 10190
06-23 13:33:59.094  1132  1132 I MTK_APPList: [notifyPID] 20254
06-23 13:33:59.095  1135  1212 I libPowerHal: [perfSetSysInfo] pid type:24, 20254
06-23 13:33:59.097  1799  1819 E ApplicationHelper: Fail to get PackageManager
06-23 13:33:59.101  1799  1819 E ApplicationHelper: Fail to get PackageManager
06-23 13:33:59.105  1799  1819 E ApplicationHelper: Fail to get PackageManager
06-23 13:33:59.105 11063 11063 I Finsky  : [2] SCH: job service start with id 9363.
06-23 13:33:59.125 11063 11099 I Finsky  : [2454] SCH: Scheduling phonesky job Id: 1-1337, CT: 1782202397288, Constraints: [{ L: 42879528, D: 86079528, C: CHARGING_NONE, I: IDLE_NONE, N: NET_ANY, B: BATTERY_ANY }]
06-23 13:33:59.126 11063 11099 I Finsky  : [2454] SCH: Scheduling phonesky job Id: 12-1, CT: 1782214424176, Constraints: [{ L: 15000, D: 86400000, C: CHARGING_NONE, I: IDLE_NONE, N: NET_ANY, B: BATTERY_ANY }]
06-23 13:33:59.126 11063 11099 I Finsky  : [2454] SCH: Scheduling phonesky job Id: 34-589, CT: 1782202401061, Constraints: [{ L: 604800000, D: 2419529695, C: CHARGING_NONE, I: IDLE_NONE, N: NET_ANY, B: BATTERY_ANY }]
06-23 13:33:59.126 11063 11099 I Finsky  : [2454] SCH: Scheduling phonesky job Id: 34-593, CT: 1782202401061, Constraints: [{ L: 604800000, D: 2498731917, C: CHARGING_NONE, I: IDLE_NONE, N: NET_ANY, B: BATTERY_ANY }]
06-23 13:33:59.126 11063 11099 I Finsky  : [2454] SCH: Scheduling phonesky job Id: 34-597, CT: 1782202401066, Constraints: [{ L: 604800000, D: 2578218516, C: CHARGING_NONE, I: IDLE_NONE, N: NET_ANY, B: BATTERY_ANY }]
06-23 13:33:59.127 11063 11099 I Finsky  : [2454] SCH: Scheduling phonesky job Id: 34-600, CT: 1782202401072, Constraints: [{ L: 65417848, D: 1361417848, C: CHARGING_NONE, I: IDLE_NONE, N: NET_ANY, B: BATTERY_ANY }]
06-23 13:33:59.133 11063 11094 I Finsky  : [2451] SCH: Scheduling 1 system job(s)
06-23 13:33:59.134 11063 11094 I Finsky  : [2451] SCH: Scheduling system job Id: 9370, L: 0, D: 74037683, C: false, I: false, N: 1
06-23 13:33:59.142 11063 12402 I Finsky  : [2554] SCH: job service finished with id 9363.
06-23 13:33:59.145  1799  1819 E ApplicationHelper: Fail to get PackageManager
06-23 13:33:59.150  1799  1819 E ApplicationHelper: Fail to get PackageManager
06-23 13:33:59.154  1799  1819 E ApplicationHelper: Fail to get PackageManager
06-23 13:33:59.155 11063 11063 I Finsky  : [2] SCH: job service start with id 9370.
06-23 13:33:59.173 11063 11094 I Finsky  : [2451] SCH: Scheduling phonesky job Id: 1-1337, CT: 1782202397288, Constraints: [{ L: 42879528, D: 86079528, C: CHARGING_NONE, I: IDLE_NONE, N: NET_ANY, B: BATTERY_ANY }]
06-23 13:33:59.173 11063 11094 I Finsky  : [2451] SCH: Scheduling phonesky job Id: 12-1, CT: 1782214424176, Constraints: [{ L: 15000, D: 86400000, C: CHARGING_NONE, I: IDLE_NONE, N: NET_ANY, B: BATTERY_ANY }]
06-23 13:33:59.173 11063 11094 I Finsky  : [2451] SCH: Scheduling phonesky job Id: 34-589, CT: 1782202401061, Constraints: [{ L: 604800000, D: 2419529695, C: CHARGING_NONE, I: IDLE_NONE, N: NET_ANY, B: BATTERY_ANY }]
06-23 13:33:59.173 11063 11094 I Finsky  : [2451] SCH: Scheduling phonesky job Id: 34-593, CT: 1782202401061, Constraints: [{ L: 604800000, D: 2498731917, C: CHARGING_NONE, I: IDLE_NONE, N: NET_ANY, B: BATTERY_ANY }]
06-23 13:33:59.174 11063 11094 I Finsky  : [2451] SCH: Scheduling phonesky job Id: 34-597, CT: 1782202401066, Constraints: [{ L: 604800000, D: 2578218516, C: CHARGING_NONE, I: IDLE_NONE, N: NET_ANY, B: BATTERY_ANY }]
06-23 13:33:59.174 11063 11094 I Finsky  : [2451] SCH: Scheduling phonesky job Id: 34-600, CT: 1782202401072, Constraints: [{ L: 65417848, D: 1361417848, C: CHARGING_NONE, I: IDLE_NONE, N: NET_ANY, B: BATTERY_ANY }]
06-23 13:33:59.180 11063 11096 I Finsky  : [2452] SCH: Scheduling 1 system job(s)
06-23 13:33:59.181 11063 11096 I Finsky  : [2452] SCH: Scheduling system job Id: 9376, L: 0, D: 74037636, C: false, I: false, N: 1
06-23 13:33:59.188 11063 12402 I Finsky  : [2554] SCH: job service finished with id 9370.
06-23 13:33:59.191  1799  1819 E ApplicationHelper: Fail to get PackageManager
06-23 13:33:59.196  1799  1819 E ApplicationHelper: Fail to get PackageManager
06-23 13:33:59.200  1799  1819 E ApplicationHelper: Fail to get PackageManager
06-23 13:33:59.200 11063 11063 I Finsky  : [2] SCH: job service start with id 9376.
06-23 13:33:59.212 11063 11940 I Finsky  : [2546] SCH: Satisfied jobs for 9376 are: 12-1
06-23 13:33:59.213 11063 12402 I Finsky  : [2554] SCH: Job 12-1 starting
06-23 13:33:59.214 11063 11063 I Finsky  : [2] WM::SCH: Logging work start for 12-1
06-23 13:33:59.215 11063 11063 I Finsky  : [2] [ContentSync] job started
06-23 13:33:59.267 11063 11067 W android.vending: Missing inline cache for java.lang.Object owz.apply(java.lang.Object)
06-23 13:33:59.268 11063 11067 W android.vending: Missing inline cache for java.lang.Object owz.apply(java.lang.Object)
06-23 13:33:59.268 11063 11067 W android.vending: Missing inline cache for java.lang.Object owz.apply(java.lang.Object)
06-23 13:33:59.269 11063 11067 W android.vending: Missing inline cache for java.lang.Object owz.apply(java.lang.Object)
06-23 13:33:59.269 11063 11067 W android.vending: Missing inline cache for java.lang.Object owz.apply(java.lang.Object)
06-23 13:33:59.270 11063 11067 W android.vending: Missing inline cache for java.lang.Object owz.apply(java.lang.Object)
06-23 13:33:59.270 11063 11067 W android.vending: Missing inline cache for java.lang.Object owz.apply(java.lang.Object)
06-23 13:33:59.270 11063 11067 W android.vending: Missing inline cache for java.lang.Object owz.apply(java.lang.Object)
06-23 13:33:59.270 11063 11067 W android.vending: Missing inline cache for java.lang.Object owz.apply(java.lang.Object)
06-23 13:33:59.271 11063 11067 W android.vending: Missing inline cache for java.lang.Object owz.apply(java.lang.Object)
06-23 13:33:59.404  1799  2269 W ParceledListSlice: Element #220 is 24460 bytes.
06-23 13:33:59.452 12258 12323 W JobInfo : Job 'com.whatsapp/.alarmservice.AlarmService#3' has a deadline with no functional constraints. The deadline won't improve job execution latency. Consider removing the deadline.
06-23 13:33:59.452  1799  2269 W JobInfo : Job 'com.whatsapp/.alarmservice.AlarmService#3' has a deadline with no functional constraints. The deadline won't improve job execution latency. Consider removing the deadline.
06-23 13:33:59.476 12258 12323 W JobInfo : Job 'com.whatsapp/.infra.crash.upload.ExceptionsUploadService#1' has a deadline with no functional constraints. The deadline won't improve job execution latency. Consider removing the deadline.
06-23 13:33:59.477  1799  2269 W JobInfo : Job 'com.whatsapp/.infra.crash.upload.ExceptionsUploadService#1' has a deadline with no functional constraints. The deadline won't improve job execution latency. Consider removing the deadline.
06-23 13:33:59.580  1132  1181 I libPerfCtl: xgfGetFPS pid:2108 fps:-1
06-23 13:33:59.586   988 10573 I NearbyMediums: No BLE Fast/GATT advertisements found in the latest cycle.
06-23 13:33:59.586   988 10573 I NearbyMediums: Current Tracked Scanning Clients are : {NearbyConnections.EnvironmentMonitor, NearbySharing}
06-23 13:33:59.590 11860 11862 I artd    : GetBestInfo: odex next to the dex file (/data/app/~~JRvXXyeT_LzwczKlMHyV-w==/com.ubercab-M_EW1NJq8UF55PWHA8L8zA==/oat/arm64/base.odex) is kOatUpToDate with filter 'speed-profile' executable 'false'
06-23 13:33:59.603 11860 11862 I artd    : GetBestInfo: dm (/data/app/~~JRvXXyeT_LzwczKlMHyV-w==/com.ubercab-M_EW1NJq8UF55PWHA8L8zA==/split_BarcodeScanner.dm) is kOatUpToDate with filter 'verify' executable 'false'
06-23 13:33:59.616 11860 11860 I artd    : GetBestInfo: dm (/data/app/~~JRvXXyeT_LzwczKlMHyV-w==/com.ubercab-M_EW1NJq8UF55PWHA8L8zA==/split_GooglePaySdk.dm) is kOatUpToDate with filter 'verify' executable 'false'
06-23 13:33:59.631 11860 11860 I artd    : GetBestInfo: dm (/data/app/~~JRvXXyeT_LzwczKlMHyV-w==/com.ubercab-M_EW1NJq8UF55PWHA8L8zA==/split_VoipTwilio.dm) is kOatUpToDate with filter 'verify' executable 'false'
06-23 13:33:59.643  1799  1799 W libc    : Access denied finding property "vendor.mbrain.battery"
06-23 13:33:59.680  1164  1164 I BufferQueueProducer: [StatusBar#94](this:0xb400006fd5916be0,id:-1,api:0,p:-1,c:1164) queueBuffer: fps=0.97 dur=2056.00 max=2039.60 min=16.41
06-23 13:33:59.682  1112  1127 I hwcomposer: [HWCDisplay] (0 updateFps():3644), (type:1, mode:2) fps:0.972844,dur:2055.83,max:2040.20,min:15.63  
06-23 13:33:59.688 12258 12323 E HiddenApis2: Failed to init DecodeJObjectFuncPtr
06-23 13:33:59.708  1799  3756 W Telecom-TelecomServiceImpl$1: registerPhoneAccount - attempt to set a group from a non-system caller.: TSI.rPA(cw)@U20
06-23 13:33:59.709  1799  3756 I Telecom-TelecomServiceImpl$1: registerPhoneAccount: account=[[ ] PhoneAccount: ComponentInfo{com.whatsapp/com.whatsapp.calling.telecom.SelfManagedConnectionService}, ***, UserHandle{0} Capabilities: SelfManaged SuppVideo Video  Audio Routes: BESW Schemes: tel  Extras: Bundle[{android.telecom.extra.LOG_SELF_MANAGED_CALLS=false}] GroupId: *** SC Restrictions: [NONE]]: TSI.rPA(cw)@U20
06-23 13:33:59.710  1799  3756 I Telecom-PhoneAccountRegistrar: Modify account: [ComponentInfo{com.whatsapp/com.whatsapp.calling.telecom.SelfManagedConnectionService}, ***, UserHandle{0}]: TSI.rPA(cw)@U20
06-23 13:33:59.718  1799  3756 I Telecom : AppLabelProxy: package com.whatsapp: name is WhatsApp: TSI.rPA(cw)@U20
06-23 13:33:59.722 11860 11862 I artd    : GetBestInfo: odex next to the dex file (/data/app/~~1gVfNnUn3T55uEHX0XXrAw==/cat.basquetcatala.appbasket-M6k7bh9x-bQl_EmpLISUNw==/oat/arm64/base.odex) is kOatUpToDate with filter 'speed-profile' executable 'false'
06-23 13:33:59.723  1799  3756 I Telecom-CallsManager: handlePhoneAccountChanged: phoneAccount=[[X] PhoneAccount: ComponentInfo{com.whatsapp/com.whatsapp.calling.telecom.SelfManagedConnectionService}, ***, UserHandle{0} Capabilities: SelfManaged SuppVideo Video  Audio Routes: BESW Schemes: tel  Extras: Bundle[{android.telecom.extra.LOG_SELF_MANAGED_CALLS=false}] GroupId: *** SC Restrictions: [NONE]]: TSI.rPA(cw)@U20
06-23 13:33:59.792 11860 11860 I artd    : GetBestInfo: odex next to the dex file (/data/app/~~UNGbVDRG3A9SWbakB13U9A==/com.google.android.partnersetup-WSCd6Zq-gUtZEbXEh7P50w==/oat/arm64/base.odex) is kOatUpToDate with filter 'speed-profile' executable 'false'
06-23 13:33:59.836 11860 11862 I artd    : GetBestInfo: odex next to the dex file (/data/app/~~_3eTDMqlcWajLImSf-ql4w==/com.google.android.as-R8UZkq5wbj0HOmLr5CHGWw==/oat/arm64/base.odex) is kOatUpToDate with filter 'speed-profile' executable 'false'
06-23 13:33:59.862 11860 11860 I artd    : GetBestInfo: odex next to the dex file (/data/app/~~e8Oo17gbmnxuZGLrvI_hPQ==/com.google.android.tts-yFGTk6nMDwjxmJUIjUB5Tg==/oat/arm64/base.odex) is kOatUpToDate with filter 'speed-profile' executable 'false'
06-23 13:33:59.883 11860 11860 I artd    : GetBestInfo: odex next to the dex file (/data/app/~~BBd22nwyHdO-U_MVFitxiA==/com.adif.elcanomovil-Ked9CDYKBcvx2OKaq80HIA==/oat/arm64/base.odex) is kOatUpToDate with filter 'speed-profile' executable 'false'
06-23 13:33:59.901 11063 11063 W Finsky  : [2] STU: Failed to get storage stats for package 'com.google.mainline.primary.libs' (1601: Error getting stats: android.content.pm.PackageManager.NameNotFoundException)
06-23 13:33:59.909  1799  1819 E ApplicationHelper: Fail to get PackageManager
06-23 13:33:59.910  1799  1819 E ApplicationHelper: Fail to get PackageManager
06-23 13:33:59.912  1799  1819 E ApplicationHelper: Fail to get PackageManager
06-23 13:33:59.913  1799  1819 E ApplicationHelper: Fail to get PackageManager
06-23 13:33:59.942 11860 11862 I artd    : GetBestInfo: odex next to the dex file (/data/app/~~zJ8TMSHMa8VTedNABkykGQ==/com.motorola.gamemode-SVWYsyewv8DAU6vGjECgJQ==/oat/arm64/base.odex) is kOatUpToDate with filter 'speed-profile' executable 'false'
06-23 13:33:59.963 11860 11862 I artd    : GetBestInfo: odex next to the dex file (/data/app/~~Md9QNB9OOR-NPh5pnEzx1Q==/com.taboola.ody-5BHTYCcs8uyMLILh6avIKA==/oat/arm64/base.odex) is kOatUpToDate with filter 'speed-profile' executable 'false'
06-23 13:33:59.969 11860 11862 I artd    : GetBestInfo: vdex next to the dex file (/data/user/0/com.taboola.ody/app_pccache/5/31A608BBC774481EC4B6A2274A0729389E78E19D/oat/arm64/pcam.vdex) is kOatUpToDate with filter 'verify' executable 'false'
06-23 13:33:59.978 11063 11063 W Finsky  : [2] STU: Failed to get storage stats for package 'com.google.android.widevine.nonupdatable' (1601: Error getting stats: android.content.pm.PackageManager.NameNotFoundException)
06-23 13:33:59.980  1799  1819 E ApplicationHelper: Fail to get PackageManager
06-23 13:33:59.980  1799  1819 E ApplicationHelper: Fail to get PackageManager
06-23 13:33:59.980  1799  1819 E ApplicationHelper: Fail to get PackageManager
06-23 13:33:59.981  1799  1819 E ApplicationHelper: Fail to get PackageManager
06-23 13:33:59.983 11063 11063 W Finsky  : [2] STU: Failed to get storage stats for package 'com.android.nfcservices' (1601: Error getting stats: android.content.pm.PackageManager.NameNotFoundException)
06-23 13:34:00.009 11860 11862 I artd    : GetBestInfo: odex next to the dex file (/data/app/~~q54HJCvH_a_fOo4vIUbj7w==/com.wo.voice2-bXYD-OaHr8V2rbByiVW2iA==/oat/arm64/base.odex) is kOatUpToDate with filter 'speed-profile' executable 'false'
06-23 13:34:00.015 11860 11860 I artd    : GetBestInfo: vdex next to the dex file (/data/user/0/com.wo.voice2/app_pccache/5/8EBCAAEC2B76C0A33B03137E81AA4B249A0F4C11/oat/arm64/pcam.vdex) is kOatUpToDate with filter 'verify' executable 'false'
06-23 13:34:00.022 11860 11860 I artd    : GetBestInfo: vdex next to the dex file (/data/user/0/com.wo.voice2/app_pccache/5/578BE08874FCCF1D5E008D1EAAD1410DCE35AB9C/oat/arm64/pcam.vdex) is kOatUpToDate with filter 'verify' executable 'false'
06-23 13:34:00.091 11860 11860 I artd    : GetBestInfo: odex next to the dex file (/data/app/~~_awZHS5WEth6ZoHPnqoy9w==/com.disney.disneyplus-EPeBVkhh8hjKKkzQsJBXGA==/oat/arm64/base.odex) is kOatUpToDate with filter 'speed-profile' executable 'false'
06-23 13:34:00.096   377   377 I lowmemorykiller: Kill 'com.google.android.googlequicksearchbox:search' (12096), uid 10154, oom_score_adj 905 to free 179704kB rss, 36880kB swap; reason: device is not responding
06-23 13:34:00.098   377   388 E lowmemorykiller: process_mrelease 12096 failed: No such process
06-23 13:34:00.124 11860 11862 I artd    : GetBestInfo: odex next to the dex file (/data/app/~~KeTenOrFzwVR6Q9bc8oKEQ==/com.google.android.apps.googleassistant-cO2fyaQNcJYI0JqiFxqJqA==/oat/arm64/base.odex) is kOatUpToDate with filter 'speed-profile' executable 'false'
06-23 13:34:00.133 11063 11063 W Finsky  : [2] STU: Failed to get storage stats for package 'com.google.android.devicelock' (1601: Error getting stats: android.content.pm.PackageManager.NameNotFoundException)
06-23 13:34:00.153  1099  1099 I Zygote  : Process 12096 exited due to signal 9 (Killed)
06-23 13:34:00.154  1799  4536 I ActivityManager: Process com.google.android.googlequicksearchbox:search (pid 12096) has died: cch+5 CEM 
06-23 13:34:00.154  1799  1832 I libprocessgroup: Removed cgroup /sys/fs/cgroup/uid_10154/pid_12096
06-23 13:34:00.155  1799  1832 W libprocessgroup: RemoveCgroup: /dev/memcg/apps/uid_10154/pid_12096 does not exist.
06-23 13:34:00.158  1799  4536 I mtkpower_client: [PowerHal_Wrap_notifyAppState] com.google.android.googlequicksearchbox/com.google.android.googlequicksearchbox pid=12096 activityId:12096 state:3
06-23 13:34:00.159  1132  1132 I vendor.mediatek.hardware.mtkpower_applist-service.mediatek: packName: com.google.android.googlequicksearchbox actName: com.google.android.googlequicksearchbox pid: 12096 activityId: 12096 uid: 10154 state: 3
06-23 13:34:00.159  1132  1132 I MTK_APPList: [notifyAPPstate] com.google.android.googlequicksearchbox/com.google.android.googlequicksearchbox, pid=12096, activityId=12096, uid=10154, state:DEAD, fps:-1, win:0
06-23 13:34:00.159  1132  1132 I MTK_APPList: [notifyAPPstate] multi_resumed_app_count: 1
06-23 13:34:00.159  1132  1132 I MTK_APPList: [notifyAPPstate] multi_resumed_app_info[0] com.motorola.launcher3/com.android.launcher3.CustomizationPanelLauncher, pid:20254, activityId:37399041, fps:-1, isMultiWindow:0
06-23 13:34:00.159  1132  1132 I MTK_APPList: [getForegroundAPPCount] 1
06-23 13:34:00.159  1132  1132 I MTK_APPList: [notifyAPPstate] pack:com.google.android.googlequicksearchbox, pid:12096, STATE_DEAD
06-23 13:34:00.159  1132  1132 I MTK_APPList: [notifyNetdUID] 10190
06-23 13:34:00.160  1132  1132 I MTK_APPList: [notifyPID] 20254
06-23 13:34:00.161  1135  1212 I libPowerHal: [perfSetSysInfo] pid type:24, 20254
06-23 13:34:00.164 11860 11860 I artd    : GetBestInfo: odex next to the dex file (/data/app/~~YvbgY8qN50VlWVkZT0RVEw==/com.google.android.apps.youtube.music-TTiAerjp7KsLOvVXwIk56Q==/oat/arm64/base.odex) is kOatUpToDate with filter 'speed-profile' executable 'false'
06-23 13:34:00.184 11860 11860 I artd    : GetBestInfo: odex next to the dex file (/data/app/~~_8eoo09AKayZZIgTwT8fjg==/com.google.android.webview-P5BGofx8BpjG4hzC1wrdmw==/oat/arm64/base.odex) is kOatUpToDate with filter 'speed-profile' executable 'false'
06-23 13:34:00.211 11860 11860 I artd    : GetBestInfo: odex next to the dex file (/data/app/~~3KxgYvq-RoNDj68RQXiKVA==/org.acestream.node-br1fTIY3vfuRE1s1qHDbDQ==/oat/arm64/base.odex) is kOatUpToDate with filter 'speed-profile' executable 'false'
06-23 13:34:00.222 11860 11860 I artd    : GetBestInfo: odex next to the dex file (/data/user/0/org.acestream.node/app_pccache/5/8EBCAAEC2B76C0A33B03137E81AA4B249A0F4C11/oat/arm64/pcam.odex) is kOatUpToDate with filter 'speed-profile' executable 'false'
06-23 13:34:00.230 11860 11862 I artd    : GetBestInfo: vdex next to the dex file (/data/user/0/org.acestream.node/app_pccache/5/578BE08874FCCF1D5E008D1EAAD1410DCE35AB9C/oat/arm64/pcam.vdex) is kOatUpToDate with filter 'verify' executable 'false'
06-23 13:34:00.264 11860 11860 I artd    : GetBestInfo: odex next to the dex file (/data/app/~~hLY13Bo5FVvCE6F01uFE9A==/com.apple.atve.androidtv.appletv-nBwe-aN-qUEWEYYkm6YWUA==/oat/arm64/base.odex) is kOatUpToDate with filter 'speed-profile' executable 'false'
06-23 13:34:00.273 11063 11063 W Finsky  : [2] STU: Failed to get storage stats for package 'com.motorola.motosecure' (1601: Error getting stats: android.content.pm.PackageManager.NameNotFoundException)
06-23 13:34:00.279 11063 11063 W Finsky  : [2] STU: Failed to get storage stats for package 'com.android.apex.cts.shim' (1601: Error getting stats: android.content.pm.PackageManager.NameNotFoundException)
06-23 13:34:00.328 11860 11860 I artd    : GetBestInfo: odex next to the dex file (/data/app/~~fxhNVkBncksl5mfjW3rTWw==/com.openai.chatgpt-viS6zp-I_QJ0N0w6qGf2sg==/oat/arm64/base.odex) is kOatUpToDate with filter 'speed-profile' executable 'false'
06-23 13:34:00.349 11860 11860 I artd    : GetBestInfo: odex next to the dex file (/data/app/~~sbstMRBVn_oa33MmKb0b7Q==/com.google.android.apps.docs-olHJedb8U5y5NTbzsbcDfQ==/oat/arm64/base.odex) is kOatUpToDate with filter 'speed-profile' executable 'false'
06-23 13:34:00.379 11860 11862 I artd    : GetBestInfo: odex next to the dex file (/data/app/~~OeCHNTnK1m1oEST--VI7uA==/com.reddit.frontpage-9fGG2La_XkWDKQeTJQhKxQ==/oat/arm64/base.odex) is kOatUpToDate with filter 'speed-profile' executable 'false'
06-23 13:34:00.415 11860 11860 I artd    : GetBestInfo: odex next to the dex file (/data/app/~~YYvNV1M0PQbScWCUS5wCGg==/com.alibaba.aliexpresshd-pykqY8pjXosIdYuVTBsSXQ==/oat/arm64/base.odex) is kOatUpToDate with filter 'speed-profile' executable 'false'
06-23 13:34:00.423 11860 11860 I artd    : GetBestInfo: dm (/data/app/~~YYvNV1M0PQbScWCUS5wCGg==/com.alibaba.aliexpresshd-pykqY8pjXosIdYuVTBsSXQ==/split_aiFoundation.dm) is kOatUpToDate with filter 'verify' executable 'false'
06-23 13:34:00.437 11860 11860 I artd    : GetBestInfo: dm (/data/app/~~YYvNV1M0PQbScWCUS5wCGg==/com.alibaba.aliexpresshd-pykqY8pjXosIdYuVTBsSXQ==/split_push.dm) is kOatUpToDate with filter 'verify' executable 'false'
06-23 13:34:00.445 11860 11862 I artd    : GetBestInfo: dm (/data/app/~~YYvNV1M0PQbScWCUS5wCGg==/com.alibaba.aliexpresshd-pykqY8pjXosIdYuVTBsSXQ==/split_remoteAIQa.dm) is kOatUpToDate with filter 'verify' executable 'false'
06-23 13:34:00.453 11860 11862 I artd    : GetBestInfo: dm (/data/app/~~YYvNV1M0PQbScWCUS5wCGg==/com.alibaba.aliexpresshd-pykqY8pjXosIdYuVTBsSXQ==/split_remoteFeedback.dm) is kOatUpToDate with filter 'verify' executable 'false'
06-23 13:34:00.465 11860 11860 I artd    : GetBestInfo: dm (/data/app/~~YYvNV1M0PQbScWCUS5wCGg==/com.alibaba.aliexpresshd-pykqY8pjXosIdYuVTBsSXQ==/split_ugc.dm) is kOatUpToDate with filter 'verify' executable 'false'
06-23 13:34:00.480 11860 11860 I artd    : GetBestInfo: dm (/data/app/~~YYvNV1M0PQbScWCUS5wCGg==/com.alibaba.aliexpresshd-pykqY8pjXosIdYuVTBsSXQ==/split_wallet.dm) is kOatUpToDate with filter 'verify' executable 'false'
06-23 13:34:00.496 11860 11862 I artd    : GetBestInfo: odex next to the dex file (/data/app/~~YYvNV1M0PQbScWCUS5wCGg==/com.alibaba.aliexpresshd-pykqY8pjXosIdYuVTBsSXQ==/oat/arm64/split_widget.odex) is kOatUpToDate with filter 'speed-profile' executable 'false'
06-23 13:34:00.502 11860 11860 I artd    : GetBestInfo: odex next to the dex file (/data/user/0/com.alibaba.aliexpresshd/app_u4sdk/dlibs/_1488675003/oat/arm64/core.odex) is kOatUpToDate with filter 'verify' executable 'false'
06-23 13:34:00.580  1132  1181 I libPerfCtl: xgfGetFPS pid:2108 fps:-1
06-23 13:34:00.609 11860 11862 I artd    : GetBestInfo: odex next to the dex file (/data/app/~~Z45BpEncKxjbcAmOWHMGHQ==/ch.protonvpn.android-qqC7aCUYeCDYX-aBdKjCcQ==/oat/arm64/base.odex) is kOatUpToDate with filter 'speed-profile' executable 'false'
06-23 13:34:00.635 11860 11862 I artd    : GetBestInfo: odex next to the dex file (/data/app/~~y9K8iLNi5FaHbyNOM2PmPA==/com.spotify.music-XF0oNSZCf4RLfKUyHZERiQ==/oat/arm64/base.odex) is kOatUpToDate with filter 'speed-profile' executable 'false'
06-23 13:34:00.643 11063 11063 W Finsky  : [2] STU: Failed to get storage stats for package 'com.google.android.appsearch' (1601: Error getting stats: android.content.pm.PackageManager.NameNotFoundException)
06-23 13:34:00.663 11860 11860 I artd    : GetBestInfo: odex next to the dex file (/data/app/~~DXa5TaUbxSwImGoStVuQug==/com.google.android.videos-aBDtdPwXjEx46AF9y1ERgQ==/oat/arm64/base.odex) is kOatUpToDate with filter 'speed-profile' executable 'false'
06-23 13:34:00.670 11063 11063 W Finsky  : [2] STU: Failed to get storage stats for package 'com.google.android.art' (1601: Error getting stats: android.content.pm.PackageManager.NameNotFoundException)
06-23 13:34:00.683 11860 11860 I artd    : GetBestInfo: odex next to the dex file (/data/app/~~Xv9YmQXn6AIf65NciG4hYg==/com.google.android.marvin.talkback-VCWIXQ9VOAl5UMWjXHnYIA==/oat/arm64/base.odex) is kOatUpToDate with filter 'speed-profile' executable 'false'
06-23 13:34:00.702 11860 11860 I artd    : GetBestInfo: odex next to the dex file (/data/app/~~ffLniGgn3_XLsRZxt2FInA==/com.whatsapp-fo8HBVJsgIt5cgYAizzCVA==/oat/arm64/base.odex) is kOatUpToDate with filter 'speed-profile' executable 'false'
06-23 13:34:00.745 11860 11860 I artd    : GetBestInfo: odex next to the dex file (/data/app/~~atDOhdPofJ0zPTjVruPpGg==/com.duolingo-GR79Jl5nhKcS9slQOZwMmg==/oat/arm64/base.odex) is kOatUpToDate with filter 'speed-profile' executable 'false'
06-23 13:34:00.750 11860 11860 I artd    : GetBestInfo: vdex next to the dex file (/data/user/0/com.duolingo/app_pccache/5/8EBCAAEC2B76C0A33B03137E81AA4B249A0F4C11/oat/arm64/pcam.vdex) is kOatUpToDate with filter 'verify' executable 'false'
06-23 13:34:00.755 11860 11862 I artd    : GetBestInfo: vdex next to the dex file (/data/user/0/com.duolingo/app_pccache/5/56714EC4B397821146ACB6EC79A53312EEB47CCA/oat/arm64/pcam.vdex) is kOatUpToDate with filter 'verify' executable 'false'
06-23 13:34:00.784 11860 11860 I artd    : GetBestInfo: odex next to the dex file (/data/app/~~h7obXAmbzDjQGJdc9Eodlw==/com.google.android.safetycore-ociDhr7pSu4Ir_J_3k9KJA==/oat/arm64/base.odex) is kOatUpToDate with filter 'speed-profile' executable 'false'
06-23 13:34:00.808 11860 11860 I artd    : GetBestInfo: odex next to the dex file (/data/app/~~3fG9rx4GwrLiBsG24e7WBA==/com.video.videodownloader_appdl-ckHxCtBX22IsmdeQwQdxgg==/oat/arm64/base.odex) is kOatUpToDate with filter 'speed-profile' executable 'false'
06-23 13:34:00.815 11860 11860 I artd    : GetBestInfo: odex next to the dex file (/data/user/0/com.video.videodownloader_appdl/app_pccache/5/C571D7DB2E7379E33F5626D87812BBADE73E9BAD/oat/arm64/pcam.odex) is kOatUpToDate with filter 'speed-profile' executable 'false'
06-23 13:34:00.820 11860 11860 I artd    : GetBestInfo: vdex next to the dex file (/data/user/0/com.video.videodownloader_appdl/app_pccache/5/EEE20DEE2B9E8FD13D3BD7940C93E19263473270/oat/arm64/pcam.vdex) is kOatUpToDate with filter 'verify' executable 'false'
06-23 13:34:00.854 11860 11862 I artd    : GetBestInfo: odex next to the dex file (/data/app/~~VNg2bhKOuGt6PBFqhCmShQ==/com.google.android.dialer-kHOfJBcQzsoPJzzhTWSezQ==/oat/arm64/base.odex) is kOatUpToDate with filter 'speed-profile' executable 'false'
06-23 13:34:00.873 11860 11862 I artd    : GetBestInfo: vdex next to the dex file (/data/app/~~azFfN5CWK0PeudZ5Qmb3rg==/android.autoinstalls.config.motorola.layout-t1sZ08BtXSjcajqUoLyNEg==/oat/arm64/base.vdex) is kOatUpToDate with filter 'verify' executable 'false'
06-23 13:34:00.890 11063 11063 W Finsky  : [2] STU: Failed to get storage stats for package 'com.google.android.mediaprovider' (1601: Error getting stats: android.content.pm.PackageManager.NameNotFoundException)
06-23 13:34:00.894 11860 11860 I artd    : GetBestInfo: /data/app/~~ooWh8m1jZp-NW_E8zIM66w==/com.ibrastream.app-9xu0kKk6IgdKJ7MKzJkYtA==/base.apk has no usable artifacts
06-23 13:34:00.929 11860 11862 I artd    : GetBestInfo: odex next to the dex file (/data/app/~~I8h80yctjOxZzuMN7zlnIg==/com.motorola.timeweatherwidget-o1eaf0rSDn0GAAXcWoc52g==/oat/arm64/base.odex) is kOatUpToDate with filter 'speed-profile' executable 'false'
06-23 13:34:00.963 11860 11862 I artd    : GetBestInfo: odex next to the dex file (/data/app/~~4iM3xrpfW7oY3D9FvkyNuA==/com.mobilefootie.wc2010-n1ma5VPvvPZEs05W9n6MoA==/oat/arm64/base.odex) is kOatUpToDate with filter 'speed-profile' executable 'false'
06-23 13:34:00.974 11860 11862 I artd    : GetBestInfo: odex next to the dex file (/data/user/0/com.mobilefootie.wc2010/app_pccache/5/578BE08874FCCF1D5E008D1EAAD1410DCE35AB9C/oat/arm64/pcam.odex) is kOatUpToDate with filter 'verify' executable 'false'
06-23 13:34:00.982 11860 11860 I artd    : GetBestInfo: vdex next to the dex file (/data/user/0/com.mobilefootie.wc2010/app_pccache/5/C571D7DB2E7379E33F5626D87812BBADE73E9BAD/oat/arm64/pcam.vdex) is kOatUpToDate with filter 'verify' executable 'false'
06-23 13:34:00.992 11063 11063 W Finsky  : [2] STU: Failed to get storage stats for package 'com.android.virt' (1601: Error getting stats: android.content.pm.PackageManager.NameNotFoundException)
06-23 13:34:00.993 11063 11063 W Finsky  : [2] STU: Failed to get storage stats for package 'com.android.btservices' (1601: Error getting stats: android.content.pm.PackageManager.NameNotFoundException)
06-23 13:34:01.016 11860 11862 I artd    : GetBestInfo: odex next to the dex file (/data/app/~~cYverM3O-rUKKerk-mL-ng==/com.moneybookers.skrillpayments-5Ndaq83MSBjFeyMfv5mH2g==/oat/arm64/base.odex) is kOatUpToDate with filter 'speed-profile' executable 'false'
06-23 13:34:01.024 11063 11063 W Finsky  : [2] STU: Failed to get storage stats for package 'com.google.android.resolv' (1601: Error getting stats: android.content.pm.PackageManager.NameNotFoundException)
06-23 13:34:01.036 11860 11862 I artd    : GetBestInfo: odex next to the dex file (/data/app/~~XwR7Al0KUeE6AsPYIbAe2g==/com.google.android.apps.bard-rkLKslhbNu0_97ZoLvk_Og==/oat/arm64/base.odex) is kOatUpToDate with filter 'speed-profile' executable 'false'
06-23 13:34:01.055 11860 11860 I artd    : GetBestInfo: odex next to the dex file (/data/app/~~xLCUUeohL8dzpXAN9UyIzg==/at.vucak.impostor-dfVKBR4CbZ4MZiGxnBj_Cw==/oat/arm64/base.odex) is kOatUpToDate with filter 'speed-profile' executable 'false'
06-23 13:34:01.079 11063 11063 W Finsky  : [2] STU: Failed to get storage stats for package 'com.google.android.configinfrastructure' (1601: Error getting stats: android.content.pm.PackageManager.NameNotFoundException)
06-23 13:34:01.080 11063 11063 W Finsky  : [2] STU: Failed to get storage stats for package 'com.google.android.media' (1601: Error getting stats: android.content.pm.PackageManager.NameNotFoundException)
06-23 13:34:01.106 11860 11862 I artd    : GetBestInfo: odex next to the dex file (/data/app/~~cfQcCiZBl5L0uLH38jSWEA==/com.google.android.apps.maps-kUzY3k1W-p0rxDarbfTryw==/oat/arm64/base.odex) is kOatUpToDate with filter 'speed-profile' executable 'false'
06-23 13:34:01.133 11860 11860 I artd    : GetBestInfo: odex next to the dex file (/data/app/~~x1kyCOmaWwYPqTHgTx5Nbg==/com.brunopiovan.avozdazueira-0CT96fHq1oAfQP8VT3BpaQ==/oat/arm64/base.odex) is kOatUpToDate with filter 'speed-profile' executable 'false'
06-23 13:34:01.138 11860 11860 I artd    : GetBestInfo: vdex next to the dex file (/data/user/0/com.brunopiovan.avozdazueira/app_pccache/5/8EBCAAEC2B76C0A33B03137E81AA4B249A0F4C11/oat/arm64/pcam.vdex) is kOatUpToDate with filter 'verify' executable 'false'
06-23 13:34:01.169 11860 11860 I artd    : GetBestInfo: odex next to the dex file (/data/app/~~Py6ewXZE9aq_TPTdA5tKUQ==/com.amazon.avod.thirdpartyclient-1dIB_GY7nHv2plIVeWxu-A==/oat/arm64/base.odex) is kOatUpToDate with filter 'speed-profile' executable 'false'
06-23 13:34:01.192   377   377 I lowmemorykiller: Kill 'com.google.android.youtube' (12141), uid 10177, oom_score_adj 905 to free 255348kB rss, 31560kB swap; reason: device is not responding
06-23 13:34:01.198   377   389 E lowmemorykiller: process_mrelease 12141 failed: No such process
06-23 13:34:01.204 11860 11862 I artd    : GetBestInfo: odex next to the dex file (/data/app/~~ax5DY-VuFxiDjt4xBSIaEg==/com.google.android.apps.messaging-gkGMsoBz6lK9j0Fd5kRu5A==/oat/arm64/base.odex) is kOatUpToDate with filter 'speed-profile' executable 'false'
06-23 13:34:01.213 11860 11862 E artd    : Unable to resolve path '/data/app/~~-1L8BH8b6Qnb0d8wII2-VQ==/com.google.android.apps.messaging-ldWbFUsNHmCH0S-7xrX2TA==/base.apk': No such file or directory
06-23 13:34:01.213 11860 11862 W artd    : ClassLoaderContext classpath element mismatch. expected=/data/app/~~-1L8BH8b6Qnb0d8wII2-VQ==/com.google.android.apps.messaging-ldWbFUsNHmCH0S-7xrX2TA==/base.apk, found=/data/app/~~ax5DY-VuFxiDjt4xBSIaEg==/com.google.android.apps.messaging-gkGMsoBz6lK9j0Fd5kRu5A==/base.apk (PCL[];PCL[/data/app/~~-1L8BH8b6Qnb0d8wII2-VQ==/com.google.android.apps.messaging-ldWbFUsNHmCH0S-7xrX2TA==/base.apk*3624373899]{PCL[/system/framework/org.apache.http.legacy.jar*437079508]#PCL[/system_ext/framework/SatelliteClient.jar*3720608403]#PCL[/system_ext/framework/androidx.window.extensions.jar*83288132]#PCL[/system_ext/framework/androidx.window.sidecar.jar*3142613169]} | PCL[];PCL[/data/app/~~ax5DY-VuFxiDjt4xBSIaEg==/com.google.android.apps.messaging-gkGMsoBz6lK9j0Fd5kRu5A==/base.apk*364255412]{PCL[/system/framework/org.apache.http.legacy.jar*437079508]#PCL[/system_ext/framework/SatelliteClient.jar*3720608403]#PCL[/system_ext/framework/androidx.window.extensions.jar*83288132]#PCL[/system_ext/framework/androidx.window.sidecar.jar*3142613169]})
06-23 13:34:01.213 11860 11862 I artd    : GetBestInfo: odex next to the dex file (/data/user/0/com.google.android.apps.messaging/app_dg_cache/10FF5D5C646CC9E2F04BD9D73A072BD012EF1A7A/oat/arm64/the.odex) is kOatContextOutOfDate with filter 'verify' executable 'false': ClassLoaderContext check failed. Context was PCL[];PCL[/data/app/~~-1L8BH8b6Qnb0d8wII2-VQ==/com.google.android.apps.messaging-ldWbFUsNHmCH0S-7xrX2TA==/base.apk*3624373899]{PCL[/system/framework/org.apache.http.legacy.jar*437079508]#PCL[/system_ext/framework/SatelliteClient.jar*3720608403]#PCL[/system_ext/framework/androidx.window.extensions.jar*83288132]#PCL[/system_ext/framework/androidx.window.sidecar.jar*3142613169]}. The expected context is PCL[];PCL[/data/app/~~ax5DY-VuFxiDjt4xBSIaEg==/com.google.android.apps.messaging-gkGMsoBz6lK9j0Fd5kRu5A==/base.apk*364255412]{PCL[/system/framework/org.apache.http.legacy.jar*437079508]#PCL[/system_ext/framework/SatelliteClient.jar*3720608403]#PCL[/system_ext/framework/androidx.window.extensions.jar*83288132]#PCL[/system_ext/framework/androidx.window.sidecar.jar*3142613169]}
06-23 13:34:01.214 11860 11862 I artd    : GetBestInfo: vdex next to the dex file (/data/user/0/com.google.android.apps.messaging/app_dg_cache/10FF5D5C646CC9E2F04BD9D73A072BD012EF1A7A/oat/arm64/the.vdex) is kOatUpToDate with filter 'verify' executable 'false'
06-23 13:34:01.233 11860 11862 I artd    : GetBestInfo: odex next to the dex file (/data/app/~~8QUbgmzNl63pJ0wB7II1oA==/com.google.android.googlequicksearchbox-p35yvGNNlhz2ladKocFKRQ==/oat/arm64/base.odex) is kOatUpToDate with filter 'speed-profile' executable 'false'
06-23 13:34:01.241  1799  1819 E ApplicationHelper: Fail to get PackageManager
06-23 13:34:01.241 11063 11063 W Finsky  : [2] STU: Failed to get storage stats for package 'com.android.vndk.v31' (1601: Error getting stats: android.content.pm.PackageManager.NameNotFoundException)
06-23 13:34:01.242  1799  1819 E ApplicationHelper: Fail to get PackageManager
06-23 13:34:01.245 11063 11063 W Finsky  : [2] STU: Failed to get storage stats for package 'com.android.vndk.v33' (1601: Error getting stats: android.content.pm.PackageManager.NameNotFoundException)
06-23 13:34:01.245 11063 11063 W Finsky  : [2] STU: Failed to get storage stats for package 'com.android.vndk.v34' (1601: Error getting stats: android.content.pm.PackageManager.NameNotFoundException)
06-23 13:34:01.259 11860 11860 I artd    : GetBestInfo: odex next to the dex file (/data/app/~~OKw_81tKisWT8-iuOlD0Ow==/com.motorola.securevault-XRlOC2gaqA0DZ_prLrXM6A==/oat/arm64/base.odex) is kOatUpToDate with filter 'speed-profile' executable 'false'
06-23 13:34:01.264  1099  1099 I Zygote  : Process 12141 exited due to signal 9 (Killed)
06-23 13:34:01.265  1799  4572 I ActivityManager: Process com.google.android.youtube (pid 12141) has died: cch+5 CEM 
06-23 13:34:01.266  1799  1832 I libprocessgroup: Removed cgroup /sys/fs/cgroup/uid_10177/pid_12141
06-23 13:34:01.266  1799  1832 W libprocessgroup: RemoveCgroup: /dev/memcg/apps/uid_10177/pid_12141 does not exist.
06-23 13:34:01.268  1799  1819 E ApplicationHelper: Fail to get PackageManager
06-23 13:34:01.270  1799  4572 I mtkpower_client: [PowerHal_Wrap_notifyAppState] com.google.android.youtube/com.google.android.youtube pid=12141 activityId:12141 state:3
06-23 13:34:01.271  1132  1132 I vendor.mediatek.hardware.mtkpower_applist-service.mediatek: packName: com.google.android.youtube actName: com.google.android.youtube pid: 12141 activityId: 12141 uid: 10177 state: 3
06-23 13:34:01.271  1132  1132 I MTK_APPList: [notifyAPPstate] com.google.android.youtube/com.google.android.youtube, pid=12141, activityId=12141, uid=10177, state:DEAD, fps:-1, win:0
06-23 13:34:01.271  1132  1132 I MTK_APPList: [notifyAPPstate] multi_resumed_app_count: 1
