06-23 15:22:16.144  1164  1164 I BufferQueueProducer: [FloatingRotationButton#40016](this:0xb400006fd59e0ed0,id:-1,api:0,p:-1,c:1164) queueBuffer: fps=89.86 dur=1001.60 max=11.97 min=10.17
06-23 15:22:16.256 11925 11925 I Capacitor/Console: File: https://localhost/assets/index-DdpVATMF.js - Line 50 - Msg: Resolved videoId via Piped API https://api.piped.private.coffee: 444 (wbmz0_NUQX0)
06-23 15:22:16.257 11925 11925 I Capacitor/Console: File: https://localhost/assets/index-DdpVATMF.js - Line 73 - Msg: Trying primary deciphering via youtubei.js (Innertube) for Android...
06-23 15:22:16.258 11925 11925 I Capacitor/Console: File: https://localhost/assets/index-DdpVATMF.js - Line 50 - Msg: Resolving direct YouTube stream URL via Innertube...
06-23 15:22:16.277 11925 18107 I CapacitorCookies: Getting cookies at: 'https://www.youtube.com/youtubei/v1/player?prettyPrint=false&alt=json'
06-23 15:22:16.281  1098 18209 I resolv  : GetAddrInfoHandler::run: {135 135 135 983175 10320 0}
06-23 15:22:16.282  1098 18210 I resolv  : res_nmkquery: (QUERY, IN, A)
06-23 15:22:16.282  1098 18210 I resolv  : resolv_cache_lookup: FOUND IN CACHE entry=0xb400006d33ae1e20
06-23 15:22:16.282  1098 18210 I resolv  : doQuery: rcode=0, ancount=17, return value=323
06-23 15:22:16.284 11925 18208 I CapacitorCookies: Getting cookies at: 'https://www.youtube.com/youtubei/v1/next?prettyPrint=false&alt=json'
06-23 15:22:16.328  1488 16809 I NearbyMediums: No BLE Fast/GATT advertisements found in the latest cycle.
06-23 15:22:16.328  1488 16809 I NearbyMediums: Current Tracked Scanning Clients are : {NearbyConnections.EnvironmentMonitor, NearbySharing}
06-23 15:22:16.542 11925 11925 W Capacitor/Console: File: https://localhost/assets/index-DdpVATMF.js - Line 50 - Msg: Direct Innertube resolution failed: Error: Request to https://www.youtube.com/youtubei/v1/next?prettyPrint=false&alt=json failed with status code 404
06-23 15:22:16.542 11925 11925 I Capacitor/Console: File: https://localhost/assets/index-DdpVATMF.js - Line 50 - Msg: [Downloader] Attempting stream resolution via Cobalt: https://api.qwkuns.me/...
06-23 15:22:16.546  1112  1127 I hwcomposer: [HWCDisplay] (0 updateFps():3644), (type:1, mode:2) fps:89.849884,dur:1001.67,max:12.85,min:9.47  
06-23 15:22:16.559 11925 18107 I CapacitorCookies: Getting cookies at: 'https://api.qwkuns.me/'
06-23 15:22:16.563  1098 18213 I resolv  : GetAddrInfoHandler::run: {135 135 135 983175 10320 0}
06-23 15:22:16.565  1098 18214 I resolv  : res_nmkquery: (QUERY, IN, A)
06-23 15:22:16.565  1098 18214 I resolv  : resolv_cache_lookup: FOUND IN CACHE entry=0xb400006e13aecd90
06-23 15:22:16.565  1098 18214 I resolv  : doQuery: rcode=0, ancount=2, return value=63
06-23 15:22:16.749  1132  1181 I libPerfCtl: xgfGetFPS pid:2108 fps:-1
06-23 15:22:16.750  1132  1181 I libPerfCtl: xgfGetFPS pid:11925 fps:-1
06-23 15:22:16.823  1164  1164 I BufferQueueProducer: [com.ibrastream.app/com.ibrastream.app.MainActivity#39996](this:0xb400006fd59fa8e0,id:-1,api:0,p:-1,c:1164) queueBuffer: fps=66.88 dur=1001.76 max=22.53 min=10.67
06-23 15:22:16.888 11925 11925 I Capacitor/Console: File: https://localhost/assets/index-DdpVATMF.js - Line 50 - Msg: [Downloader] Attempting stream resolution via Cobalt: https://nuko-c.meowing.de/...
06-23 15:22:16.904 11925 18107 I CapacitorCookies: Getting cookies at: 'https://nuko-c.meowing.de/'
06-23 15:22:16.908  1098 18216 I resolv  : GetAddrInfoHandler::run: {135 135 135 983175 10320 0}
06-23 15:22:16.909  1098 18217 I resolv  : res_nmkquery: (QUERY, IN, A)
06-23 15:22:16.909  1098 18217 I resolv  : resolv_cache_lookup: FOUND IN CACHE entry=0xb400006ec3ae5030
06-23 15:22:16.909  1098 18217 I resolv  : doQuery: rcode=0, ancount=2, return value=67
06-23 15:22:17.105 11925 11930 I .ibrastream.app: Background young concurrent mark compact GC freed 10MB AllocSpace bytes, 16(1020KB) LOS objects, 26% free, 28MB/38MB, paused 722us,6.012ms total 35.673ms
06-23 15:22:17.119 11925 11925 I Capacitor/Console: File: https://localhost/assets/index-DdpVATMF.js - Line 50 - Msg: [Downloader] Attempting stream resolution via Cobalt: https://api.cobalt.blackcat.sweeux.org/...
06-23 15:22:17.138 11925 18107 I CapacitorCookies: Getting cookies at: 'https://api.cobalt.blackcat.sweeux.org/'
06-23 15:22:17.144  1098 18219 I resolv  : GetAddrInfoHandler::run: {135 135 135 983175 10320 0}
06-23 15:22:17.146  1164  1164 I BufferQueueProducer: [FloatingRotationButton#40016](this:0xb400006fd59e0ed0,id:-1,api:0,p:-1,c:1164) queueBuffer: fps=89.86 dur=1001.57 max=11.76 min=10.58
06-23 15:22:17.146  1098 18220 I resolv  : res_nmkquery: (QUERY, IN, A)
06-23 15:22:17.146  1098 18220 I resolv  : resolv_cache_lookup: FOUND IN CACHE entry=0xb400006ec3ae6b50
06-23 15:22:17.146  1098 18220 I resolv  : doQuery: rcode=0, ancount=2, return value=78
06-23 15:22:17.222  1799  4498 W InputManager-JNI: Input channel object '3cab41c FloatingRotationButton (client)' was disposed without first being removed with the input manager!
06-23 15:22:17.247  1164  1164 I SurfaceFlinger: onHandleDestroyed: name=WindowToken{f02698f type=2024 android.os.BinderProxy@9a890ee}#40014, layerId=40014, parentId=0
06-23 15:22:17.248  1164  1164 I SurfaceFlinger: onHandleDestroyed: name=3cab41c FloatingRotationButton#40015, layerId=40015, parentId=0
06-23 15:22:17.254  1164  1250 I SurfaceFlinger: onHandleDestroyed: name=FloatingRotationButton#40016, layerId=40016, parentId=0
06-23 15:22:17.258  1164  1164 I BufferQueueDebug: [WindowToken{f02698f type=2024 android.os.BinderProxy@9a890ee}#40014](this:0xb400006fd5774230,id:-1,api:0,p:-1,c:1164) onDestructor()
06-23 15:22:17.258  1164  1164 I BufferQueueDebug: [3cab41c FloatingRotationButton#40015](this:0xb400006fd593bc30,id:-1,api:0,p:-1,c:1164) onDestructor()
06-23 15:22:17.258  1164  1164 I BufferQueueDebug: [FloatingRotationButton#40016](this:0xb400006fd59e0ed0,id:-1,api:0,p:-1,c:1164) onDestructor()
06-23 15:22:17.449  2071  2076 I WifiHAL : feature_set=0x8488341a
06-23 15:22:17.542  1098  1589 I netd    : tetherGetStats() -> {[TetherStatsParcel{iface: ccmni0, rxBytes: 59734, rxPackets: 151, txBytes: 105349, txPackets: 265, ifIndex: 0}, TetherStatsParcel{iface: wlan0, rxBytes: 30218545824, rxPackets: 27263678, txBytes: 3455450684, txPackets: 6726393, ifIndex: 0}]} <2.61ms>
06-23 15:22:17.559  1112  1127 I hwcomposer: [HWCDisplay] (0 updateFps():3644), (type:1, mode:2) fps:84.940102,dur:1012.48,max:22.07,min:8.66  
06-23 15:22:17.560  1098  1589 I netd    : bandwidthSetGlobalAlert(2097152) <4.36ms>
06-23 15:22:17.749  1132  1181 I libPerfCtl: xgfGetFPS pid:2108 fps:-1
06-23 15:22:17.750  1132  1181 I libPerfCtl: xgfGetFPS pid:11925 fps:-1
06-23 15:22:17.824  1164  1164 I BufferQueueProducer: [com.ibrastream.app/com.ibrastream.app.MainActivity#39996](this:0xb400006fd59fa8e0,id:-1,api:0,p:-1,c:1164) queueBuffer: fps=71.90 dur=1001.32 max=22.62 min=10.60
06-23 15:22:18.022  1357  1357 I thermal_repeater: [recvMdThermalInfo] ret=29, strLen=127,  3, 39, -50, -28402, 32767, 0
06-23 15:22:18.049 11925 11930 I .ibrastream.app: Background concurrent mark compact GC freed 7016KB AllocSpace bytes, 48(8148KB) LOS objects, 49% free, 24MB/48MB, paused 825us,5.315ms total 54.324ms
06-23 15:22:18.502  1799  1905 I UsageStatsService: User[0] Flushing usage stats to disk
06-23 15:22:18.572  1112  1127 I hwcomposer: [HWCDisplay] (0 updateFps():3644), (type:1, mode:2) fps:72.067802,dur:1012.93,max:22.95,min:10.25  
06-23 15:22:18.677  1799  1810 I system_server: Background young concurrent mark compact GC freed 19MB AllocSpace bytes, 15(328KB) LOS objects, 20% free, 82MB/103MB, paused 3.648ms,12.224ms total 157.487ms
06-23 15:22:18.685  1799  1812 W System  : A resource failed to call close. 
06-23 15:22:18.685  1799  1812 W System  : A resource failed to call close. 
06-23 15:22:18.685  1799  1812 W System  : A resource failed to call close. 
06-23 15:22:18.685  1799  1812 W System  : A resource failed to call close. 
06-23 15:22:18.686  1799  1812 W System  : A resource failed to call close. 
06-23 15:22:18.686  1799  1812 W System  : A resource failed to call close. 
06-23 15:22:18.686  1799  1812 W System  : A resource failed to call close. 
06-23 15:22:18.686  1799  1812 W System  : A resource failed to call close. 
06-23 15:22:18.693  1799  1812 W System  : A resource failed to call close. 
06-23 15:22:18.694  1799  1812 W System  : A resource failed to call close. 
06-23 15:22:18.713 11925 11930 I .ibrastream.app: Background young concurrent mark compact GC freed 3120KB AllocSpace bytes, 0(0B) LOS objects, 0% free, 49MB/49MB, paused 364us,6.608ms total 38.609ms
06-23 15:22:18.750  1132  1181 I libPerfCtl: xgfGetFPS pid:2108 fps:-1
06-23 15:22:18.750  1132  1181 I libPerfCtl: xgfGetFPS pid:11925 fps:-1
06-23 15:22:18.769 11925 11930 I .ibrastream.app: Background concurrent mark compact GC freed 364KB AllocSpace bytes, 19(14MB) LOS objects, 40% free, 35MB/59MB, paused 638us,6.366ms total 54.243ms
06-23 15:22:18.790  1488 17610 I .gms.persistent: Explicit concurrent mark compact GC freed 8462KB AllocSpace bytes, 16(1476KB) LOS objects, 49% free, 24MB/48MB, paused 599us,3.668ms total 245.805ms
06-23 15:22:18.799  1488  1534 W .gms.persistent: ApkAssets: Deleting an ApkAssets object '<empty> and /data/app/~~ax5DY-VuFxiDjt4xBSIaEg==/com.google.android.apps.messaging-gkGMsoBz6lK9j0Fd5kRu5A==/base.apk' with 1 weak references
06-23 15:22:18.800  1488  1534 W .gms.persistent: ApkAssets: Deleting an ApkAssets object '<empty> and /data/app/~~ax5DY-VuFxiDjt4xBSIaEg==/com.google.android.apps.messaging-gkGMsoBz6lK9j0Fd5kRu5A==/split_config.arm64_v8a.apk' with 1 weak references
06-23 15:22:18.800  1488  1534 W .gms.persistent: ApkAssets: Deleting an ApkAssets object '<empty> and /data/app/~~ax5DY-VuFxiDjt4xBSIaEg==/com.google.android.apps.messaging-gkGMsoBz6lK9j0Fd5kRu5A==/split_config.es.apk' with 1 weak references
06-23 15:22:18.801  1488  1534 W .gms.persistent: ApkAssets: Deleting an ApkAssets object '<empty> and /data/app/~~ax5DY-VuFxiDjt4xBSIaEg==/com.google.android.apps.messaging-gkGMsoBz6lK9j0Fd5kRu5A==/split_config.xhdpi.apk' with 1 weak references
06-23 15:22:18.826  1164  1164 I BufferQueueProducer: [com.ibrastream.app/com.ibrastream.app.MainActivity#39996](this:0xb400006fd59fa8e0,id:-1,api:0,p:-1,c:1164) queueBuffer: fps=63.89 dur=1001.68 max=33.80 min=10.47
06-23 15:22:19.218 11925 11925 I Capacitor/Console: File: https://localhost/assets/index-DdpVATMF.js - Line 50 - Msg: [Downloader] Cobalt resolved stream: https://api.cobalt.blackcat.sweeux.org/tunnel?id=0GnbmCTgwEB1c5obv2xI1&exp=1782221029473&sig=3mO246j4TgXMTskXjwBDMdwc2JtlROM-lRqy9vTMfdM&sec=LQwFRi_BbNSsykbxrGuqtYWhixD7_eya78kNso9_E_Y&iv=7SihOILYTyLwgsY0Opd-yQ. Validating accessibility...
06-23 15:22:19.235 11925 18107 I CapacitorCookies: Getting cookies at: 'https://api.cobalt.blackcat.sweeux.org/tunnel?id=0GnbmCTgwEB1c5obv2xI1&exp=1782221029473&sig=3mO246j4TgXMTskXjwBDMdwc2JtlROM-lRqy9vTMfdM&sec=LQwFRi_BbNSsykbxrGuqtYWhixD7_eya78kNso9_E_Y&iv=7SihOILYTyLwgsY0Opd-yQ'
06-23 15:22:19.273  1799  1819 E ApplicationHelper: Fail to get PackageManager
06-23 15:22:19.420 11925 11930 I .ibrastream.app: Background young concurrent mark compact GC freed 17MB AllocSpace bytes, 6(596KB) LOS objects, 14% free, 50MB/59MB, paused 927us,5.680ms total 42.677ms
06-23 15:22:19.448 11925 11930 I .ibrastream.app: Background young concurrent mark compact GC freed 1760KB AllocSpace bytes, 0(0B) LOS objects, 13% free, 51MB/59MB, paused 456us,5.181ms total 26.950ms
06-23 15:22:19.525 11925 11930 I .ibrastream.app: Background concurrent mark compact GC freed 5184KB AllocSpace bytes, 8(25MB) LOS objects, 47% free, 26MB/50MB, paused 585us,5.885ms total 57.027ms
06-23 15:22:19.573  1112  1127 I hwcomposer: [HWCDisplay] (0 updateFps():3644), (type:1, mode:2) fps:58.933517,dur:1001.13,max:34.54,min:9.89  
06-23 15:22:19.574  1799  1799 W libc    : Access denied finding property "vendor.mbrain.battery"
06-23 15:22:19.594  1164  1164 I BufferQueueProducer: [StatusBar#94](this:0xb400006fd5916be0,id:-1,api:0,p:-1,c:1164) queueBuffer: fps=0.39 dur=5096.68 max=4317.63 min=779.05
06-23 15:22:19.671  1665 17869 I gle.android.gms: Waiting for a blocking GC Explicit
06-23 15:22:19.750  1132  1181 I libPerfCtl: xgfGetFPS pid:2108 fps:-1
06-23 15:22:19.750  1132  1181 I libPerfCtl: xgfGetFPS pid:11925 fps:-1
06-23 15:22:19.827  1164  1164 I BufferQueueProducer: [com.ibrastream.app/com.ibrastream.app.MainActivity#39996](this:0xb400006fd59fa8e0,id:-1,api:0,p:-1,c:1164) queueBuffer: fps=60.91 dur=1001.42 max=33.40 min=10.82
06-23 15:22:19.947  1107  1213 W AudioALSAHardware: setParameters(),value 0, GET param keyPsensorState 
06-23 15:22:20.184  1098  1589 I netd    : tetherGetStats() -> {[TetherStatsParcel{iface: ccmni0, rxBytes: 59734, rxPackets: 151, txBytes: 105349, txPackets: 265, ifIndex: 0}, TetherStatsParcel{iface: wlan0, rxBytes: 30218546317, rxPackets: 27263686, txBytes: 3455451174, txPackets: 6726401, ifIndex: 0}]} <2.73ms>
06-23 15:22:20.201  1098  1589 I netd    : bandwidthSetGlobalAlert(2097152) <0.36ms>
06-23 15:22:20.215  1098  1589 I netd    : bandwidthRemoveInterfaceQuota(ccmni0) <2.86ms>
06-23 15:22:20.221  1098  1589 I netd    : bandwidthSetInterfaceQuota(ccmni0, 9223372036854775807) <4.63ms>
06-23 15:22:20.242 11925 11930 I .ibrastream.app: Background young concurrent mark compact GC freed 13MB AllocSpace bytes, 0(0B) LOS objects, 22% free, 39MB/50MB, paused 1.243ms,5.143ms total 48.116ms
06-23 15:22:20.356 11925 11930 I .ibrastream.app: Background young concurrent mark compact GC freed 11MB AllocSpace bytes, 0(0B) LOS objects, 25% free, 37MB/50MB, paused 561us,6.159ms total 27.752ms
06-23 15:22:20.461  2071  2076 I WifiHAL : feature_set=0x8488341a
06-23 15:22:20.539  1799  1819 E ApplicationHelper: Fail to get PackageManager
06-23 15:22:20.550 11925 11930 I .ibrastream.app: Background concurrent mark compact GC freed 7480KB AllocSpace bytes, 17(8228KB) LOS objects, 40% free, 34MB/58MB, paused 834us,5.407ms total 59.141ms
06-23 15:22:20.575  1112  1127 I hwcomposer: [HWCDisplay] (0 updateFps():3644), (type:1, mode:2) fps:50.908867,dur:1001.79,max:33.40,min:10.54  
06-23 15:22:20.750  1132  1181 I libPerfCtl: xgfGetFPS pid:2108 fps:-1
06-23 15:22:20.750  1132  1181 I libPerfCtl: xgfGetFPS pid:11925 fps:-1
06-23 15:22:20.763 11925 11930 I .ibrastream.app: Background young concurrent mark compact GC freed 20MB AllocSpace bytes, 0(0B) LOS objects, 33% free, 38MB/58MB, paused 1.349ms,6.174ms total 35.441ms
06-23 15:22:20.830 13670 13788 E msys    : E[N WA]_WAJMNSStreamImplOnMNSFailure(287)=>[LogLevel:I] WAJMNSStream/impl/callback/onMNSFailure/p=0xb4000076f6ce4aa0 (error=MNSTCPSocketReceive(): Software caused connection abort)
06-23 15:22:20.833 13670 13788 E msys    : E[N WA]_WAJMNSStreamImplCreateConnectionReport(194)=>[LogLevel:I] WAJMNSStream/impl/report port=5222, connectedIPVersion=4, resolvedIPAddressCount=1, dnsResolutionStartTimeMS=138106182, dnsResolutionEndTimeMS=138106220, dnsCacheHit=Yes, connectStartTimeMS=138106220, connectEndTimeMS=138106245, proxyConnectStartTimeMS=0, proxyConnectEndTimeMS=0
06-23 15:22:20.836 13670 13788 E msys    : E[N WA]_WAJMNSStreamImplUpdateStreamState(230)=>[LogLevel:I] WAJMNSStream/impl/state-changed/p=0xb4000076f6ce4aa0 (connected=>disconnected)
06-23 15:22:20.840  1164  1164 I BufferQueueProducer: [com.ibrastream.app/com.ibrastream.app.MainActivity#39996](this:0xb400006fd59fa8e0,id:-1,api:0,p:-1,c:1164) queueBuffer: fps=51.35 dur=1012.68 max=33.15 min=10.90
06-23 15:22:20.859 13670 13707 E msys    : E[N WA]WAJMNSStreamImplForceDisconnectSync(523)=>[LogLevel:W] WAJMNSStream/impl/disconnect/force/p=0xb4000076f6ce4aa0 (bytesSent=5546)(bytesRecv=4224)
06-23 15:22:20.980 11925 11930 I .ibrastream.app: Background young concurrent mark compact GC freed 19MB AllocSpace bytes, 0(0B) LOS objects, 33% free, 38MB/58MB, paused 1.043ms,5.486ms total 37.292ms
06-23 15:22:21.029  1665 17869 I gle.android.gms: WaitForGcToComplete blocked Explicit on CollectorTransition for 1.357s
06-23 15:22:21.196 11925 11930 I .ibrastream.app: Background young concurrent mark compact GC freed 19MB AllocSpace bytes, 1(20KB) LOS objects, 31% free, 40MB/58MB, paused 1.284ms,5.484ms total 43.204ms
06-23 15:22:21.378 11925 11930 I .ibrastream.app: Background young concurrent mark compact GC freed 18MB AllocSpace bytes, 1(160KB) LOS objects, 32% free, 39MB/58MB, paused 825us,5.307ms total 36.632ms
06-23 15:22:21.492  1665 17869 I gle.android.gms: Explicit concurrent mark compact GC freed 480KB AllocSpace bytes, 0(0B) LOS objects, 22% free, 27MB/35MB, paused 1.143ms,9.373ms total 459.345ms
06-23 15:22:21.577 11925 11930 I .ibrastream.app: Background young concurrent mark compact GC freed 19MB AllocSpace bytes, 0(0B) LOS objects, 31% free, 40MB/58MB, paused 692us,7.789ms total 37.434ms
06-23 15:22:21.577  1112  1127 I hwcomposer: [HWCDisplay] (0 updateFps():3644), (type:1, mode:2) fps:48.883461,dur:1002.38,max:33.59,min:10.36  
06-23 15:22:21.674  1799  1819 E ApplicationHelper: Fail to get PackageManager
06-23 15:22:21.676  1799  1819 E ApplicationHelper: Fail to get PackageManager
06-23 15:22:21.695  1665  4173 I SyncManager: (REDACTED) Executing sync(type=%s%s)
06-23 15:22:21.717  1665  4173 I SyncManager: (REDACTED) Executing sync(type=%s) finished in %s
06-23 15:22:21.750  1132  1181 I libPerfCtl: xgfGetFPS pid:2108 fps:-1
06-23 15:22:21.751  1132  1181 I libPerfCtl: xgfGetFPS pid:11925 fps:-1
06-23 15:22:21.762 11925 11930 I .ibrastream.app: Background young concurrent mark compact GC freed 17MB AllocSpace bytes, 0(0B) LOS objects, 17% free, 48MB/58MB, paused 639us,5.097ms total 30.997ms
06-23 15:22:21.794 11925 11930 I .ibrastream.app: Background young concurrent mark compact GC freed 1756KB AllocSpace bytes, 0(0B) LOS objects, 16% free, 49MB/58MB, paused 1.274ms,5.114ms total 32.011ms
06-23 15:22:21.842  1164  1164 I BufferQueueProducer: [com.ibrastream.app/com.ibrastream.app.MainActivity#39996](this:0xb400006fd59fa8e0,id:-1,api:0,p:-1,c:1164) queueBuffer: fps=47.92 dur=1001.65 max=33.46 min=10.92
06-23 15:22:21.891 11925 11930 I .ibrastream.app: Background concurrent mark compact GC freed 7680KB AllocSpace bytes, 5(7356KB) LOS objects, 36% free, 42MB/66MB, paused 1.143ms,5.467ms total 56.072ms
06-23 15:22:22.059 11925 11930 I .ibrastream.app: Background young concurrent mark compact GC freed 16MB AllocSpace bytes, 0(0B) LOS objects, 23% free, 50MB/66MB, paused 862us,5.259ms total 33.894ms
06-23 15:22:22.217 11925 11930 I .ibrastream.app: Background young concurrent mark compact GC freed 14MB AllocSpace bytes, 0(0B) LOS objects, 20% free, 52MB/66MB, paused 832us,6.821ms total 41.337ms
06-23 15:22:22.403 11925 11930 I .ibrastream.app: Background young concurrent mark compact GC freed 3532KB AllocSpace bytes, 0(0B) LOS objects, 2% free, 64MB/66MB, paused 616us,6.138ms total 36.231ms
06-23 15:22:22.468 11925 11930 I .ibrastream.app: Background concurrent mark compact GC freed 3036KB AllocSpace bytes, 3(11MB) LOS objects, 30% free, 54MB/78MB, paused 1.179ms,5.640ms total 64.682ms
06-23 15:22:22.579  1112  1127 I hwcomposer: [HWCDisplay] (0 updateFps():3644), (type:1, mode:2) fps:48.922375,dur:1001.59,max:34.07,min:10.26  
06-23 15:22:22.721 11925 11930 I .ibrastream.app: Background young concurrent mark compact GC freed 26MB AllocSpace bytes, 0(0B) LOS objects, 31% free, 53MB/77MB, paused 677us,5.469ms total 38.372ms
06-23 15:22:22.750  1132  1181 I libPerfCtl: xgfGetFPS pid:2108 fps:-1
06-23 15:22:22.750  1132  1181 I libPerfCtl: xgfGetFPS pid:11925 fps:-1
06-23 15:22:22.843  1164  1164 I BufferQueueProducer: [com.ibrastream.app/com.ibrastream.app.MainActivity#39996](this:0xb400006fd59fa8e0,id:-1,api:0,p:-1,c:1164) queueBuffer: fps=49.92 dur=1001.64 max=33.62 min=10.82
06-23 15:22:22.896 11925 11930 I .ibrastream.app: Background young concurrent mark compact GC freed 16MB AllocSpace bytes, 2(60KB) LOS objects, 20% free, 61MB/77MB, paused 1.005ms,7.909ms total 42.845ms
06-23 15:22:23.017 11925 11930 I .ibrastream.app: Background young concurrent mark compact GC freed 12MB AllocSpace bytes, 0(0B) LOS objects, 17% free, 63MB/77MB, paused 758us,5.845ms total 32.761ms
06-23 15:22:23.165 11925 11930 I .ibrastream.app: Background young concurrent mark compact GC freed 12MB AllocSpace bytes, 0(0B) LOS objects, 16% free, 64MB/77MB, paused 742us,7.642ms total 39.428ms
06-23 15:22:23.266  1119  1175 I Proximity: distance = 6
06-23 15:22:23.269  1799  1902 W SensorService: Failed to write wake lock handled
06-23 15:22:23.316 11925 11930 I .ibrastream.app: Background young concurrent mark compact GC freed 13MB AllocSpace bytes, 0(0B) LOS objects, 17% free, 63MB/77MB, paused 805us,5.582ms total 34.291ms
06-23 15:22:23.350  1098 18225 I resolv  : GetAddrInfoHandler::run: {135 135 135 983175 10158 0}
06-23 15:22:23.350  1098 18225 I resolv  : GetAddrInfoHandler::run: network access blocked
06-23 15:22:23.361  1098 18226 I resolv  : GetAddrInfoHandler::run: {135 135 135 983175 10158 0}
06-23 15:22:23.361  1098 18226 I resolv  : GetAddrInfoHandler::run: network access blocked
06-23 15:22:23.365 17666 17699 W chromium: [WARNING:components/sync/engine/syncer_proto_util.cc:430] Error posting from syncer: Response Code (bogus on error): -1 Content-Length (bogus on error): -1 Server Status: CONNECTION_UNAVAILABLE
06-23 15:22:23.365 17666 17699 E chromium: [ERROR:components/sync/engine/get_updates_processor.cc:270] PostClientToServerMessage() failed during GetUpdates with error Network error (ERR_NAME_NOT_RESOLVED)
06-23 15:22:23.372  1098  1589 I netd    : tetherGetStats() -> {[TetherStatsParcel{iface: ccmni0, rxBytes: 59734, rxPackets: 151, txBytes: 105349, txPackets: 265, ifIndex: 0}, TetherStatsParcel{iface: wlan0, rxBytes: 30218580293, rxPackets: 27263744, txBytes: 3455462029, txPackets: 6726446, ifIndex: 0}]} <2.41ms>
06-23 15:22:23.387  1098  1589 I netd    : bandwidthSetGlobalAlert(2097152) <0.35ms>
06-23 15:22:23.435 11925 11930 I .ibrastream.app: Background young concurrent mark compact GC freed 12MB AllocSpace bytes, 0(0B) LOS objects, 16% free, 64MB/77MB, paused 695us,5.770ms total 32.813ms
06-23 15:22:23.472  2071  2076 I WifiHAL : feature_set=0x8488341a
06-23 15:22:23.579  1112  1127 I hwcomposer: [HWCDisplay] (0 updateFps():3644), (type:1, mode:2) fps:46.981121,dur:1000.40,max:33.97,min:10.85  
06-23 15:22:23.680 11925 11930 I .ibrastream.app: Background young concurrent mark compact GC freed 12MB AllocSpace bytes, 0(0B) LOS objects, 15% free, 65MB/77MB, paused 1.031ms,5.385ms total 37.371ms
06-23 15:22:23.750  1132  1181 I libPerfCtl: xgfGetFPS pid:2108 fps:-1
06-23 15:22:23.750  1132  1181 I libPerfCtl: xgfGetFPS pid:11925 fps:-1
06-23 15:22:23.784 11925 11930 I .ibrastream.app: Background young concurrent mark compact GC freed 11MB AllocSpace bytes, 0(0B) LOS objects, 16% free, 64MB/77MB, paused 447us,5.313ms total 27.367ms
06-23 15:22:23.856  1164  1164 I BufferQueueProducer: [com.ibrastream.app/com.ibrastream.app.MainActivity#39996](this:0xb400006fd59fa8e0,id:-1,api:0,p:-1,c:1164) queueBuffer: fps=46.41 dur=1012.62 max=33.86 min=10.98
06-23 15:22:23.891 11925 11930 I .ibrastream.app: Background young concurrent mark compact GC freed 10MB AllocSpace bytes, 0(0B) LOS objects, 12% free, 68MB/77MB, paused 560us,5.492ms total 33.113ms
06-23 15:22:23.970 11925 11930 I .ibrastream.app: Background young concurrent mark compact GC freed 8524KB AllocSpace bytes, 0(0B) LOS objects, 6% free, 72MB/77MB, paused 796us,5.601ms total 39.448ms
06-23 15:22:24.035 11925 11930 I .ibrastream.app: Background concurrent mark compact GC freed 5396KB AllocSpace bytes, 9(18MB) LOS objects, 30% free, 54MB/78MB, paused 785us,5.281ms total 63.817ms
06-23 15:22:24.264 11925 11930 I .ibrastream.app: Background young concurrent mark compact GC freed 24MB AllocSpace bytes, 0(0B) LOS objects, 30% free, 54MB/78MB, paused 705us,5.806ms total 42.091ms
06-23 15:22:24.476 11925 11930 I .ibrastream.app: Background young concurrent mark compact GC freed 23MB AllocSpace bytes, 0(0B) LOS objects, 30% free, 53MB/77MB, paused 769us,5.040ms total 35.855ms
06-23 15:22:24.581  1112  1127 I hwcomposer: [HWCDisplay] (0 updateFps():3644), (type:1, mode:2) fps:49.905727,dur:1001.89,max:33.32,min:10.79  
06-23 15:22:24.696 11925 11930 I .ibrastream.app: Background young concurrent mark compact GC freed 23MB AllocSpace bytes, 0(0B) LOS objects, 30% free, 53MB/77MB, paused 607us,5.452ms total 33.205ms
06-23 15:22:24.750  1132  1181 I libPerfCtl: xgfGetFPS pid:2108 fps:-1
06-23 15:22:24.750  1132  1181 I libPerfCtl: xgfGetFPS pid:11925 fps:-1
06-23 15:22:24.828 11925 11930 I .ibrastream.app: Background concurrent mark compact GC freed 5012KB AllocSpace bytes, 9(9380KB) LOS objects, 26% free, 67MB/91MB, paused 627us,5.192ms total 62.153ms
06-23 15:22:24.858  1164  1164 I BufferQueueProducer: [com.ibrastream.app/com.ibrastream.app.MainActivity#39996](this:0xb400006fd59fa8e0,id:-1,api:0,p:-1,c:1164) queueBuffer: fps=48.92 dur=1001.59 max=33.42 min=10.90
06-23 15:22:24.882  1098 18227 I resolv  : GetAddrInfoHandler::run: {135 135 135 983175 10158 0}
06-23 15:22:24.882  1098 18227 I resolv  : GetAddrInfoHandler::run: network access blocked
06-23 15:22:24.891  1098 18228 I resolv  : GetAddrInfoHandler::run: {135 135 135 983175 10158 0}
06-23 15:22:24.891  1098 18228 I resolv  : GetAddrInfoHandler::run: network access blocked
06-23 15:22:24.893 17666 17699 W chromium: [WARNING:components/sync/engine/syncer_proto_util.cc:430] Error posting from syncer: Response Code (bogus on error): -1 Content-Length (bogus on error): -1 Server Status: CONNECTION_UNAVAILABLE
06-23 15:22:24.893 17666 17699 E chromium: [ERROR:components/sync/engine/get_updates_processor.cc:270] PostClientToServerMessage() failed during GetUpdates with error Network error (ERR_NAME_NOT_RESOLVED)
06-23 15:22:25.035 11925 11930 I .ibrastream.app: Background young concurrent mark compact GC freed 22MB AllocSpace bytes, 0(0B) LOS objects, 26% free, 67MB/91MB, paused 588us,5.098ms total 35.497ms
06-23 15:22:25.260 11925 11930 I .ibrastream.app: Background young concurrent mark compact GC freed 23MB AllocSpace bytes, 0(0B) LOS objects, 25% free, 68MB/91MB, paused 524us,5.383ms total 39.503ms
06-23 15:22:25.474 11925 11930 I .ibrastream.app: Background young concurrent mark compact GC freed 23MB AllocSpace bytes, 0(0B) LOS objects, 6% free, 85MB/91MB, paused 714us,5.058ms total 35.544ms
06-23 15:22:25.514 11925 11930 I .ibrastream.app: Background young concurrent mark compact GC freed 3572KB AllocSpace bytes, 0(0B) LOS objects, 6% free, 85MB/91MB, paused 594us,5.237ms total 39.130ms
06-23 15:22:25.572 11925 11930 I .ibrastream.app: Background concurrent mark compact GC freed 4564KB AllocSpace bytes, 2(11MB) LOS objects, 24% free, 74MB/98MB, paused 613us,5.500ms total 57.395ms
06-23 15:22:25.582  1112  1127 I hwcomposer: [HWCDisplay] (0 updateFps():3644), (type:1, mode:2) fps:49.934868,dur:1001.30,max:33.60,min:10.30  
06-23 15:22:25.750  1132  1181 I libPerfCtl: xgfGetFPS pid:2108 fps:-1
06-23 15:22:25.750  1132  1181 I libPerfCtl: xgfGetFPS pid:11925 fps:-1
06-23 15:22:25.801 11925 11930 I .ibrastream.app: Background young concurrent mark compact GC freed 24MB AllocSpace bytes, 0(0B) LOS objects, 24% free, 74MB/98MB, paused 411us,5.358ms total 36.530ms
06-23 15:22:25.859  1164  1164 I BufferQueueProducer: [com.ibrastream.app/com.ibrastream.app.MainActivity#39996](this:0xb400006fd59fa8e0,id:-1,api:0,p:-1,c:1164) queueBuffer: fps=51.91 dur=1001.73 max=22.59 min=10.81
06-23 15:22:25.977 11925 11930 I .ibrastream.app: Background young concurrent mark compact GC freed 18MB AllocSpace bytes, 0(0B) LOS objects, 14% free, 83MB/98MB, paused 597us,5.147ms total 46.983ms
06-23 15:22:26.109 11925 11930 I .ibrastream.app: Background young concurrent mark compact GC freed 13MB AllocSpace bytes, 0(0B) LOS objects, 13% free, 84MB/98MB, paused 1.063ms,5.269ms total 43.128ms
06-23 15:22:26.116  1098  1589 I netd    : tetherGetStats() -> {[TetherStatsParcel{iface: ccmni0, rxBytes: 59734, rxPackets: 151, txBytes: 105349, txPackets: 265, ifIndex: 0}, TetherStatsParcel{iface: wlan0, rxBytes: 30218638008, rxPackets: 27264242, txBytes: 3456277867, txPackets: 6727068, ifIndex: 0}]} <2.90ms>
06-23 15:22:26.133  1098  1589 I netd    : bandwidthSetGlobalAlert(2097152) <0.40ms>
06-23 15:22:26.152  1098  1589 I netd    : bandwidthRemoveInterfaceQuota(ccmni0) <3.17ms>
06-23 15:22:26.156  1098  1589 I netd    : bandwidthSetInterfaceQuota(ccmni0, 9223372036854775807) <3.40ms>
06-23 15:22:26.192 11925 11930 I .ibrastream.app: Background young concurrent mark compact GC freed 8872KB AllocSpace bytes, 2(60KB) LOS objects, 8% free, 89MB/98MB, paused 888us,6.856ms total 46.329ms
06-23 15:22:26.270 11925 11930 I .ibrastream.app: Background concurrent mark compact GC freed 6576KB AllocSpace bytes, 4(14MB) LOS objects, 23% free, 76MB/100MB, paused 1.152ms,5.599ms total 77.050ms
06-23 15:22:26.330  1488 16809 I NearbyMediums: No BLE Fast/GATT advertisements found in the latest cycle.
06-23 15:22:26.330  1488 16809 I NearbyMediums: Current Tracked Scanning Clients are : {NearbyConnections.EnvironmentMonitor, NearbySharing}
06-23 15:22:26.461 11925 11930 I .ibrastream.app: Background young concurrent mark compact GC freed 24MB AllocSpace bytes, 1(292KB) LOS objects, 24% free, 75MB/99MB, paused 569us,5.259ms total 36.044ms
06-23 15:22:26.481  2071  2075 I WifiHAL : feature_set=0x8488341a
06-23 15:22:26.488  3706  5658 I ModemStats: [DataStallDetectService] onCapabilitiesChanged networkCapabilities=[ Transports: WIFI Capabilities: NOT_METERED&INTERNET&NOT_RESTRICTED&TRUSTED&NOT_VPN&VALIDATED&NOT_ROAMING&FOREGROUND&NOT_CONGESTED&NOT_SUSPENDED&NOT_VCN_MANAGED&NOT_BANDWIDTH_CONSTRAINED LinkUpBandwidth>=12000Kbps LinkDnBandwidth>=60000Kbps TransportInfo: <SSID: <unknown ssid>, BSSID: 02:00:00:00:00:00, MAC: 02:00:00:00:00:00, IP: /192.168.1.134, Security type: 2, Supplicant state: COMPLETED, Wi-Fi standard: 11ac, RSSI: -64, Link speed: 433Mbps, Tx Link speed: 433Mbps, Max Supported Tx Link speed: 433Mbps, Calculated Tx : 0Mbps, Rx Link speed: 292Mbps, Max Supported Rx Link speed: 433Mbps, Calculated Rx : 0Mbps, Frequency: 5300MHz, Net ID: -1, Metered hint: false, score: 100, isUsable: true, CarrierMerged: false, SubscriptionId: -1, IsPrimary: -1, Trusted: true, Restricted: false, Ephemeral: false, OEM paid: false, OEM private: false, OSU AP: false, FQDN: <none>, Provider friendly name: <none>, Requesting package name: <none><none>MLO Information: , Is TID-To-Link negotiation supported by the AP: false, AP MLD Address: <none>, AP MLO Link Id: <none>, AP MLO Affiliated links: <none>, Vendor Data: <none>> SignalStrength: -64 UnderlyingNetworks: Null]
06-23 15:22:26.488  3706  5658 I ModemStats: [DataStallDetectService] onCapabilitiesChanged NET_CAPABILITY_VALIDATED=true
06-23 15:22:26.488  3706  5658 I ModemStats: [DataStallDetectService] onCapabilitiesChanged mDataStallManager.mDataStallInstance=null
06-23 15:22:26.488  3706  5658 I ModemStats: [DataStallDetectService] onCapabilitiesChanged mDataStallSmart5gManager.mDataStallInstance=null
06-23 15:22:26.498 13959 14189 I BugleRcsEngine: handleMessage processing message:[NOTIFY_UPTIME_IGNORE_STATE_CHANGED] with [non-null]:RcsEngineImpl reference [CONTEXT log_prefix="RcsEngineImpl[DUAL_REG]:[5059adf4-7b8d]>Handler" thread_id=2028 ]
06-23 15:22:26.499 13959 14099 I BugleRcsEngine: Connected state: [1], networkType: [WIFI] [CONTEXT thread_id=2025 ]
06-23 15:22:26.503  1799  1819 E ApplicationHelper: Fail to get PackageManager
06-23 15:22:26.511  1488 16809 I NearbyMediums: Wifi changed new SSID: <unknown ssid>
06-23 15:22:26.511  1488 16809 I NearbyMediums: WifiLanConnectivityInfo is not changed, skip notify.
06-23 15:22:26.592 11925 11930 I .ibrastream.app: Background young concurrent mark compact GC freed 10MB AllocSpace bytes, 1(11MB) LOS objects, 16% free, 83MB/99MB, paused 887us,11.079ms total 43.592ms
06-23 15:22:26.618  1112  1127 I hwcomposer: [HWCDisplay] (0 updateFps():3644), (type:1, mode:2) fps:45.360947,dur:1036.13,max:101.31,min:10.62  
06-23 15:22:26.751  1132  1181 I libPerfCtl: xgfGetFPS pid:2108 fps:-1
06-23 15:22:26.751  1132  1181 I libPerfCtl: xgfGetFPS pid:11925 fps:-1
06-23 15:22:26.803 11925 11930 I .ibrastream.app: Background concurrent mark compact GC freed 15MB AllocSpace bytes, 9(30MB) LOS objects, 30% free, 55MB/79MB, paused 1.151ms,8.242ms total 97.417ms
06-23 15:22:26.861  1164  1164 I BufferQueueProducer: [com.ibrastream.app/com.ibrastream.app.MainActivity#39996](this:0xb400006fd59fa8e0,id:-1,api:0,p:-1,c:1164) queueBuffer: fps=40.94 dur=1001.51 max=100.61 min=11.07
06-23 15:22:26.957 11925 11925 I Capacitor/Console: File: https://localhost/assets/index-DdpVATMF.js - Line 50 - Msg: [Downloader] Cobalt stream validated successfully.
06-23 15:22:26.958 11925 11925 I Capacitor/Console: File: https://localhost/assets/index-DdpVATMF.js - Line 73 - Msg: Successfully got stream URL via youtubei.js on Android, validating accessibility natively...
06-23 15:22:26.958 11925 11925 I Capacitor/Console: File: https://localhost/assets/index-DdpVATMF.js - Line 73 - Msg: Stream URL validated successfully
06-23 15:22:26.959 11925 11925 I Capacitor/Console: File: https://localhost/assets/index-DdpVATMF.js - Line 73 - Msg: [Pre-Resolve] Pre-resolved track: No More ?'s
06-23 15:22:26.994  1488 16809 I NearbySharing: Network state changed: NetworkState(isRestricted=false, isOnline=true, isCongested=false, isMetered=false, isWifiConnected=true)
06-23 15:22:27.006 11925 11925 E IbraStreamMedia: Native: added next media item. mediaId=23495844, count=2
06-23 15:22:27.023 11925 11925 I Capacitor/Console: File:  - Line 333 - Msg: undefined
06-23 15:22:27.064 11925 11930 I .ibrastream.app: Background young concurrent mark compact GC freed 25MB AllocSpace bytes, 0(0B) LOS objects, 30% free, 54MB/78MB, paused 745us,5.270ms total 37.592ms
06-23 15:22:27.074  2303  2480 I bluetooth: avrcp_service.cc:646 SendMediaUpdate: track_changed=false :  play_state=false :  queue=true
06-23 15:22:27.080  2303  2480 W AudioMediaPlayerWrapper: onPlaybackStateChanged(): com.ibrastream.app tried to update with no new data
06-23 15:22:27.280 11925 11930 I .ibrastream.app: Background young concurrent mark compact GC freed 21MB AllocSpace bytes, 0(0B) LOS objects, 26% free, 57MB/78MB, paused 926us,5.793ms total 42.404ms
06-23 15:22:27.467 11925 11930 I .ibrastream.app: Background young concurrent mark compact GC freed 20MB AllocSpace bytes, 0(0B) LOS objects, 27% free, 56MB/78MB, paused 651us,5.327ms total 31.338ms
06-23 15:22:27.630  1112  1127 I hwcomposer: [HWCDisplay] (0 updateFps():3644), (type:1, mode:2) fps:45.457424,dur:1011.94,max:44.93,min:10.45  
06-23 15:22:27.658 11925 11930 I .ibrastream.app: Background young concurrent mark compact GC freed 18MB AllocSpace bytes, 0(0B) LOS objects, 13% free, 68MB/78MB, paused 587us,5.446ms total 34.444ms
06-23 15:22:27.751  1132  1181 I libPerfCtl: xgfGetFPS pid:2108 fps:-1
06-23 15:22:27.751  1132  1181 I libPerfCtl: xgfGetFPS pid:11925 fps:-1
06-23 15:22:27.794 11925 11930 I .ibrastream.app: Background young concurrent mark compact GC freed 10MB AllocSpace bytes, 0(0B) LOS objects, 12% free, 68MB/78MB, paused 670us,6.110ms total 48.683ms
06-23 15:22:27.863  1164  1164 I BufferQueueProducer: [com.ibrastream.app/com.ibrastream.app.MainActivity#39996](this:0xb400006fd59fa8e0,id:-1,api:0,p:-1,c:1164) queueBuffer: fps=42.93 dur=1001.68 max=111.61 min=10.95
06-23 15:22:27.892 11925 11930 I .ibrastream.app: Background concurrent mark compact GC freed 6700KB AllocSpace bytes, 4(37MB) LOS objects, 40% free, 35MB/59MB, paused 572us,7.206ms total 65.821ms
06-23 15:22:28.037  1357  1357 I thermal_repeater: [recvMdThermalInfo] ret=29, strLen=127,  3, 40, -50, -28402, 32767, 0
06-23 15:22:28.078 11925 11925 I Capacitor/Console: File: https://localhost/assets/index-DdpVATMF.js - Line 50 - Msg: [Downloader] Cobalt stream validated successfully.
06-23 15:22:28.079 11925 11925 I Capacitor/Console: File: https://localhost/assets/index-DdpVATMF.js - Line 73 - Msg: Successfully got stream URL via youtubei.js on Android, validating accessibility natively...
06-23 15:22:28.080 11925 11925 I Capacitor/Console: File: https://localhost/assets/index-DdpVATMF.js - Line 73 - Msg: Stream URL validated successfully
06-23 15:22:28.245 11925 11930 I .ibrastream.app: Background young concurrent mark compact GC freed 24MB AllocSpace bytes, 0(0B) LOS objects, 40% free, 35MB/59MB, paused 536us,5.973ms total 38.590ms
06-23 15:22:28.500 11925 11930 I .ibrastream.app: Background young concurrent mark compact GC freed 24MB AllocSpace bytes, 0(0B) LOS objects, 40% free, 35MB/59MB, paused 570us,5.569ms total 35.326ms
06-23 15:22:28.643  1112  1127 I hwcomposer: [HWCDisplay] (0 updateFps():3644), (type:1, mode:2) fps:43.459057,dur:1012.45,max:112.20,min:10.95  
06-23 15:22:28.656  1098 18229 I resolv  : GetAddrInfoHandler::run: {135 135 135 983175 10158 0}
06-23 15:22:28.656  1098 18229 I resolv  : GetAddrInfoHandler::run: network access blocked
06-23 15:22:28.663  1098 18230 I resolv  : GetAddrInfoHandler::run: {135 135 135 983175 10158 0}
06-23 15:22:28.663  1098 18230 I resolv  : GetAddrInfoHandler::run: network access blocked
06-23 15:22:28.667 17666 17699 W chromium: [WARNING:components/sync/engine/syncer_proto_util.cc:430] Error posting from syncer: Response Code (bogus on error): -1 Content-Length (bogus on error): -1 Server Status: CONNECTION_UNAVAILABLE
06-23 15:22:28.667 17666 17699 E chromium: [ERROR:components/sync/engine/get_updates_processor.cc:270] PostClientToServerMessage() failed during GetUpdates with error Network error (ERR_NAME_NOT_RESOLVED)
06-23 15:22:28.751  1132  1181 I libPerfCtl: xgfGetFPS pid:2108 fps:-1
06-23 15:22:28.751  1132  1181 I libPerfCtl: xgfGetFPS pid:11925 fps:-1
06-23 15:22:28.758 11925 11930 I .ibrastream.app: Background young concurrent mark compact GC freed 24MB AllocSpace bytes, 0(0B) LOS objects, 40% free, 35MB/59MB, paused 778us,5.285ms total 38.377ms
06-23 15:22:28.864  1164  1164 I BufferQueueProducer: [com.ibrastream.app/com.ibrastream.app.MainActivity#39996](this:0xb400006fd59fa8e0,id:-1,api:0,p:-1,c:1164) queueBuffer: fps=49.93 dur=1001.45 max=33.38 min=10.84
06-23 15:22:28.901  1799  1799 W libc    : Access denied finding property "vendor.mbrain.battery"
06-23 15:22:28.920  1164  1164 I BufferQueueProducer: [StatusBar#94](this:0xb400006fd5916be0,id:-1,api:0,p:-1,c:1164) queueBuffer: fps=0.11 dur=9326.18 max=9326.18 min=9326.18
06-23 15:22:29.021 11925 11930 I .ibrastream.app: Background young concurrent mark compact GC freed 23MB AllocSpace bytes, 0(0B) LOS objects, 38% free, 36MB/59MB, paused 1.012ms,5.706ms total 45.233ms
06-23 15:22:29.260 11925 11930 I .ibrastream.app: Background young concurrent mark compact GC freed 22MB AllocSpace bytes, 0(0B) LOS objects, 40% free, 35MB/59MB, paused 676us,6.451ms total 38.021ms
06-23 15:22:29.429 11925 11930 I .ibrastream.app: Background young concurrent mark compact GC freed 14MB AllocSpace bytes, 0(0B) LOS objects, 24% free, 44MB/59MB, paused 716us,5.407ms total 39.151ms
06-23 15:22:29.493  2071  2076 I WifiHAL : feature_set=0x8488341a
06-23 15:22:29.577 11925 11930 I .ibrastream.app: Background young concurrent mark compact GC freed 14MB AllocSpace bytes, 0(0B) LOS objects, 25% free, 44MB/59MB, paused 698us,5.184ms total 31.797ms
06-23 15:22:29.639 11925 11930 I .ibrastream.app: Background young concurrent mark compact GC freed 4576KB AllocSpace bytes, 0(0B) LOS objects, 0% free, 61MB/61MB, paused 619us,6.097ms total 39.588ms
06-23 15:22:29.656  1112  1127 I hwcomposer: [HWCDisplay] (0 updateFps():3644), (type:1, mode:2) fps:52.325993,dur:1012.88,max:33.52,min:10.48  
06-23 15:22:29.720 11925 11930 I .ibrastream.app: Background concurrent mark compact GC freed 6116KB AllocSpace bytes, 3(15MB) LOS objects, 33% free, 46MB/70MB, paused 963us,5.330ms total 81.248ms
06-23 15:22:29.751  1132  1181 I libPerfCtl: xgfGetFPS pid:2108 fps:-1
06-23 15:22:29.752  1132  1181 I libPerfCtl: xgfGetFPS pid:11925 fps:-1
06-23 15:22:29.866  1164  1164 I BufferQueueProducer: [com.ibrastream.app/com.ibrastream.app.MainActivity#39996](this:0xb400006fd59fa8e0,id:-1,api:0,p:-1,c:1164) queueBuffer: fps=51.91 dur=1001.64 max=33.51 min=10.86
06-23 15:22:29.981 11925 11930 I .ibrastream.app: Background young concurrent mark compact GC freed 23MB AllocSpace bytes, 0(0B) LOS objects, 32% free, 47MB/70MB, paused 804us,5.662ms total 48.630ms
06-23 15:22:30.213 11925 11930 I .ibrastream.app: Background young concurrent mark compact GC freed 22MB AllocSpace bytes, 0(0B) LOS objects, 34% free, 46MB/70MB, paused 575us,5.175ms total 35.324ms
06-23 15:22:30.451 26104 26104 I adbd    : adbd_auth: loading keys from /data/misc/adb/adb_keys
06-23 15:22:30.470 11925 11930 I .ibrastream.app: Background young concurrent mark compact GC freed 23MB AllocSpace bytes, 0(0B) LOS objects, 34% free, 46MB/70MB, paused 872us,6.019ms total 36.723ms
06-23 15:22:30.668  1112  1127 I hwcomposer: [HWCDisplay] (0 updateFps():3644), (type:1, mode:2) fps:52.330162,dur:1012.80,max:32.99,min:10.72  
06-23 15:22:30.726 11925 11930 I .ibrastream.app: Background young concurrent mark compact GC freed 23MB AllocSpace bytes, 0(0B) LOS objects, 34% free, 46MB/70MB, paused 644us,5.209ms total 34.793ms
06-23 15:22:30.751  1132  1181 I libPerfCtl: xgfGetFPS pid:2108 fps:-1
06-23 15:22:30.751  1132  1181 I libPerfCtl: xgfGetFPS pid:11925 fps:-1
06-23 15:22:30.867  1164  1164 I BufferQueueProducer: [com.ibrastream.app/com.ibrastream.app.MainActivity#39996](this:0xb400006fd59fa8e0,id:-1,api:0,p:-1,c:1164) queueBuffer: fps=52.92 dur=1001.51 max=33.16 min=10.94
06-23 15:22:30.984 11925 11930 I .ibrastream.app: Background young concurrent mark compact GC freed 23MB AllocSpace bytes, 0(0B) LOS objects, 34% free, 46MB/70MB, paused 707us,5.104ms total 36.710ms
06-23 15:22:31.220 11925 11930 I .ibrastream.app: Background young concurrent mark compact GC freed 12MB AllocSpace bytes, 1(11MB) LOS objects, 34% free, 45MB/69MB, paused 749us,5.320ms total 34.156ms
06-23 15:22:31.405 11925 11925 I Capacitor/Console: File: https://localhost/assets/index-DdpVATMF.js - Line 50 - Msg: [Downloader] Cobalt stream validated successfully.
06-23 15:22:31.406 11925 11925 I Capacitor/Console: File: https://localhost/assets/index-DdpVATMF.js - Line 73 - Msg: Successfully got stream URL via youtubei.js on Android, validating accessibility natively...
06-23 15:22:31.407 11925 11925 I Capacitor/Console: File: https://localhost/assets/index-DdpVATMF.js - Line 73 - Msg: Stream URL validated successfully
06-23 15:22:31.454 11925 11925 E IbraStreamMedia: CustomPlayerWrapper: setMockDuration=234000
06-23 15:22:31.454 11925 11925 E IbraStreamMedia: CustomPlayerWrapper: setMockPosition=0
06-23 15:22:31.457 11925 11925 E IbraStreamMedia: onMediaItemTransition: reason=3, item=23495844
06-23 15:22:31.457 11925 11925 E IbraStreamMedia: CustomPlayerWrapper: setMockPosition=0
06-23 15:22:31.457 11925 18185 I CapacitorCookies: Getting cookies at: 'https://www.youtube.com/youtubei/v1/player?prettyPrint=false&alt=json'
06-23 15:22:31.461  1098 18231 I resolv  : GetAddrInfoHandler::run: {135 135 135 983175 10320 0}
06-23 15:22:31.463 11925 11925 I Capacitor/Console: File: https://localhost/assets/index-DdpVATMF.js - Line 73 - Msg: Native listener: onMediaItemTransition: 23495844
06-23 15:22:31.463  1098 18232 I resolv  : res_nmkquery: (QUERY, IN, A)
06-23 15:22:31.463  1098 18232 I resolv  : resolv_cache_lookup: FOUND IN CACHE entry=0xb400006d33ae1e20
06-23 15:22:31.463  1098 18232 I resolv  : doQuery: rcode=0, ancount=17, return value=323
06-23 15:22:31.480 11925 12477 I CapacitorCookies: Getting cookies at: 'https://resources.tidal.com/images/9e0f220c/fb8b/4ec0/ac49/d26537c05532/640x640.jpg'
06-23 15:22:31.483  1098 18233 I resolv  : GetAddrInfoHandler::run: {135 135 135 983175 10320 0}
06-23 15:22:31.486  1098 18234 I resolv  : res_nmkquery: (QUERY, IN, A)
06-23 15:22:31.490  2303  2480 W Failed to fetch image at uri=https://resources.tidal.com/images/9e0f220c/fb8b/4ec0/ac49/d26537java.io.FileNotFoundException: No content provider: https://resources.tidal.com/images/9e0f220c/fb8b/4ec0/ac49/d26537c05532/640x640.jpg
06-23 15:22:31.490  2303  2480 W Failed to fetch image at uri=https://resources.tidal.com/images/9e0f220c/fb8b/4ec0/ac49/d26537	at android.content.ContentResolver.openTypedAssetFileDescriptor(ContentResolver.java:2029)
06-23 15:22:31.490  2303  2480 W Failed to fetch image at uri=https://resources.tidal.com/images/9e0f220c/fb8b/4ec0/ac49/d26537	at android.content.ContentResolver.openAssetFileDescriptor(ContentResolver.java:1858)
06-23 15:22:31.490  2303  2480 W Failed to fetch image at uri=https://resources.tidal.com/images/9e0f220c/fb8b/4ec0/ac49/d26537	at android.content.ContentResolver.openInputStream(ContentResolver.java:1528)
06-23 15:22:31.490  2303  2480 W Failed to fetch image at uri=https://resources.tidal.com/images/9e0f220c/fb8b/4ec0/ac49/d26537	at com.android.bluetooth.audio_util.Image.getImageFromUri(Image.java:200)
06-23 15:22:31.490  2303  2480 W Failed to fetch image at uri=https://resources.tidal.com/images/9e0f220c/fb8b/4ec0/ac49/d26537	at com.android.bluetooth.audio_util.Image.setImage(Image.java:164)
06-23 15:22:31.490  2303  2480 W Failed to fetch image at uri=https://resources.tidal.com/images/9e0f220c/fb8b/4ec0/ac49/d26537	at com.android.bluetooth.audio_util.Image.<init>(Image.java:139)
06-23 15:22:31.490  2303  2480 W Failed to fetch image at uri=https://resources.tidal.com/images/9e0f220c/fb8b/4ec0/ac49/d26537	at com.android.bluetooth.audio_util.Metadata$Builder.fromMediaDescription(Metadata.java:261)
06-23 15:22:31.490  2303  2480 W Failed to fetch image at uri=https://resources.tidal.com/images/9e0f220c/fb8b/4ec0/ac49/d26537	at com.android.bluetooth.audio_util.Metadata$Builder.fromMediaMetadata(Metadata.java:182)
06-23 15:22:31.490  2303  2480 W Failed to fetch image at uri=https://resources.tidal.com/images/9e0f220c/fb8b/4ec0/ac49/d26537	at com.android.bluetooth.audio_util.Util.toMetadata(Util.java:108)
06-23 15:22:31.490  2303  2480 W Failed to fetch image at uri=https://resources.tidal.com/images/9e0f220c/fb8b/4ec0/ac49/d26537	at com.android.bluetooth.audio_util.MediaPlayerWrapper.isMetadataSynced(MediaPlayerWrapper.java:300)
06-23 15:22:31.490  2303  2480 W Failed to fetch image at uri=https://resources.tidal.com/images/9e0f220c/fb8b/4ec0/ac49/d26537	at com.android.bluetooth.audio_util.MediaPlayerWrapper$MediaControllerListener.trySendMediaUpdate(MediaPlayerWrapper.java:470)
06-23 15:22:31.490  2303  2480 W Failed to fetch image at uri=https://resources.tidal.com/images/9e0f220c/fb8b/4ec0/ac49/d26537	at com.android.bluetooth.audio_util.MediaPlayerWrapper$MediaControllerListener.onQueueChanged(MediaPlayerWrapper.java:583)
06-23 15:22:31.490  2303  2480 W Failed to fetch image at uri=https://resources.tidal.com/images/9e0f220c/fb8b/4ec0/ac49/d26537	at android.media.session.MediaController$MessageHandler.handleMessage(MediaController.java:1208)
06-23 15:22:31.490  2303  2480 W Failed to fetch image at uri=https://resources.tidal.com/images/9e0f220c/fb8b/4ec0/ac49/d26537	at android.os.Handler.dispatchMessage(Handler.java:107)
06-23 15:22:31.490  2303  2480 W Failed to fetch image at uri=https://resources.tidal.com/images/9e0f220c/fb8b/4ec0/ac49/d26537	at android.os.Looper.loopOnce(Looper.java:234)
06-23 15:22:31.490  2303  2480 W Failed to fetch image at uri=https://resources.tidal.com/images/9e0f220c/fb8b/4ec0/ac49/d26537	at android.os.Looper.loop(Looper.java:319)
06-23 15:22:31.490  2303  2480 W Failed to fetch image at uri=https://resources.tidal.com/images/9e0f220c/fb8b/4ec0/ac49/d26537	at android.os.HandlerThread.run(HandlerThread.java:85)
06-23 15:22:31.491  2303  2480 W Failed to fetch image at uri=https://resources.tidal.com/images/9e0f220c/fb8b/4ec0/ac49/d26537java.io.FileNotFoundException: No content provider: https://resources.tidal.com/images/9e0f220c/fb8b/4ec0/ac49/d26537c05532/640x640.jpg
06-23 15:22:31.491  2303  2480 W Failed to fetch image at uri=https://resources.tidal.com/images/9e0f220c/fb8b/4ec0/ac49/d26537	at android.content.ContentResolver.openTypedAssetFileDescriptor(ContentResolver.java:2029)
06-23 15:22:31.491  2303  2480 W Failed to fetch image at uri=https://resources.tidal.com/images/9e0f220c/fb8b/4ec0/ac49/d26537	at android.content.ContentResolver.openAssetFileDescriptor(ContentResolver.java:1858)
06-23 15:22:31.491  2303  2480 W Failed to fetch image at uri=https://resources.tidal.com/images/9e0f220c/fb8b/4ec0/ac49/d26537	at android.content.ContentResolver.openInputStream(ContentResolver.java:1528)
06-23 15:22:31.491  2303  2480 W Failed to fetch image at uri=https://resources.tidal.com/images/9e0f220c/fb8b/4ec0/ac49/d26537	at com.android.bluetooth.audio_util.Image.getImageFromUri(Image.java:200)
06-23 15:22:31.491  2303  2480 W Failed to fetch image at uri=https://resources.tidal.com/images/9e0f220c/fb8b/4ec0/ac49/d26537	at com.android.bluetooth.audio_util.Image.setImage(Image.java:164)
06-23 15:22:31.491  2303  2480 W Failed to fetch image at uri=https://resources.tidal.com/images/9e0f220c/fb8b/4ec0/ac49/d26537	at com.android.bluetooth.audio_util.Image.setImage(Image.java:156)
06-23 15:22:31.491  2303  2480 W Failed to fetch image at uri=https://resources.tidal.com/images/9e0f220c/fb8b/4ec0/ac49/d26537	at com.android.bluetooth.audio_util.Image.<init>(Image.java:78)
06-23 15:22:31.491  2303  2480 W Failed to fetch image at uri=https://resources.tidal.com/images/9e0f220c/fb8b/4ec0/ac49/d26537	at com.android.bluetooth.audio_util.Metadata$Builder.fromMediaMetadata(Metadata.java:232)
06-23 15:22:31.491  2303  2480 W Failed to fetch image at uri=https://resources.tidal.com/images/9e0f220c/fb8b/4ec0/ac49/d26537	at com.android.bluetooth.audio_util.Util.toMetadata(Util.java:108)
