06-23 15:22:31.920  2108  2108 W ConstraintSet: id unknown media_seamless
06-23 15:22:31.920  2108  2108 W ConstraintSet: id unknown media_action_barrier_start
06-23 15:22:31.920  2108  2108 W ConstraintSet: id unknown media_action_barrier_end
06-23 15:22:31.920  2108  2108 W ConstraintSet: id unknown media_action_barrier_top
06-23 15:22:31.920  2108  2108 W ConstraintSet: id unknown remove_text
06-23 15:22:31.920  2108  2108 W ConstraintSet: id unknown settings
06-23 15:22:31.920  2108  2108 W ConstraintSet: id unknown dismiss
06-23 15:22:31.920  2108  2108 W ConstraintSet: id unknown cancel
06-23 15:22:31.960 11925 11925 I Capacitor/Console: File:  - Line 333 - Msg: undefined
06-23 15:22:31.964 11925 11925 I Capacitor/Console: File:  - Line 333 - Msg: undefined
06-23 15:22:31.966 11925 11925 I Capacitor/Console: File:  - Line 333 - Msg: undefined
06-23 15:22:31.967 11925 11925 I Capacitor/Console: File: https://localhost/assets/index-DdpVATMF.js - Line 50 - Msg: [Downloader] Cobalt stream validated successfully.
06-23 15:22:31.968 11925 11925 I Capacitor/Console: File: https://localhost/assets/index-DdpVATMF.js - Line 73 - Msg: Successfully got stream URL via youtubei.js on Android, validating accessibility natively...
06-23 15:22:31.969 11925 11925 I Capacitor/Console: File: https://localhost/assets/index-DdpVATMF.js - Line 73 - Msg: Stream URL validated successfully
06-23 15:22:31.970 11925 11925 I Capacitor/Console: File: https://localhost/assets/index-DdpVATMF.js - Line 73 - Msg: [Pre-Resolve] Pre-resolved track: 444
06-23 15:22:31.973 11925 11925 W Capacitor/Console: File: https://localhost/assets/index-DdpVATMF.js - Line 73 - Msg: Failed to fetch YouTube views: Error: Request to https://www.youtube.com/youtubei/v1/player?prettyPrint=false&alt=json failed with status code 404
06-23 15:22:32.039 11925 11925 E IbraStreamMedia: Native: added next media item. mediaId=353746284, count=2
06-23 15:22:32.055 11925 11925 I Capacitor/Console: File:  - Line 333 - Msg: undefined
06-23 15:22:32.096  2108  2108 W ConstraintSet: id unknown center_vertical_guideline
06-23 15:22:32.096  2108  2108 W ConstraintSet: id unknown action_button_guideline
06-23 15:22:32.096  2108  2108 W ConstraintSet: id unknown icon
06-23 15:22:32.096  2108  2108 W ConstraintSet: id unknown media_seamless
06-23 15:22:32.096  2108  2108 W ConstraintSet: id unknown media_action_barrier_start
06-23 15:22:32.096  2108  2108 W ConstraintSet: id unknown media_action_barrier_end
06-23 15:22:32.096  2108  2108 W ConstraintSet: id unknown media_action_barrier_top
06-23 15:22:32.096  2108  2108 W ConstraintSet: id unknown remove_text
06-23 15:22:32.097  2108  2108 W ConstraintSet: id unknown settings
06-23 15:22:32.097  2108  2108 W ConstraintSet: id unknown dismiss
06-23 15:22:32.097  2108  2108 W ConstraintSet: id unknown cancel
06-23 15:22:32.138  2303  2480 I bluetooth: avrcp_service.cc:646 SendMediaUpdate: track_changed=true :  play_state=false :  queue=true
06-23 15:22:32.146  2303  2480 W AudioMediaPlayerWrapper: onQueueChanged(): com.ibrastream.app tried to update with no new data
06-23 15:22:32.148  2303  2480 W AudioMediaPlayerWrapper: onPlaybackStateChanged(): com.ibrastream.app tried to update with no new data
06-23 15:22:32.217 11925 11925 I Capacitor/Console: File:  - Line 333 - Msg: undefined
06-23 15:22:32.285  2108  2115 I ndroid.systemui: Background young concurrent mark compact GC freed 12MB AllocSpace bytes, 16(2004KB) LOS objects, 34% free, 35MB/53MB, paused 527us,7.825ms total 75.522ms
06-23 15:22:32.483  1164  1571 E SurfaceFlinger: MtkDuration override mode is disabled
06-23 15:22:32.483  1164  1571 I PowerHalWrapper: updateFps(): 60
06-23 15:22:32.492  1112  1127 I hwcomposer: [HWCDisplay] (0 setActiveConfigWithConstraints():4091), config:0  
06-23 15:22:32.492  1112  1127 I hwcomposer: [HWCDisplay] (0 setActiveConfigWithConstraints():4141), now 138154185555849, diff 261846, estimated_applied_time 11111111 queued_size:0  
06-23 15:22:32.502  1164  1164 I PowerHalWrapper: updateFps(): 60
06-23 15:22:32.503  1164  1164 I PowerHalWrapper: updateFps(): 60
06-23 15:22:32.504  2071  2075 I WifiHAL : feature_set=0x8488341a
06-23 15:22:32.506  3706  5658 I ModemStats: [DataStallDetectService] onCapabilitiesChanged networkCapabilities=[ Transports: WIFI Capabilities: NOT_METERED&INTERNET&NOT_RESTRICTED&TRUSTED&NOT_VPN&VALIDATED&NOT_ROAMING&FOREGROUND&NOT_CONGESTED&NOT_SUSPENDED&NOT_VCN_MANAGED&NOT_BANDWIDTH_CONSTRAINED LinkUpBandwidth>=12000Kbps LinkDnBandwidth>=60000Kbps TransportInfo: <SSID: <unknown ssid>, BSSID: 02:00:00:00:00:00, MAC: 02:00:00:00:00:00, IP: /192.168.1.134, Security type: 2, Supplicant state: COMPLETED, Wi-Fi standard: 11ac, RSSI: -62, Link speed: 433Mbps, Tx Link speed: 433Mbps, Max Supported Tx Link speed: 433Mbps, Calculated Tx : 0Mbps, Rx Link speed: 390Mbps, Max Supported Rx Link speed: 433Mbps, Calculated Rx : 0Mbps, Frequency: 5300MHz, Net ID: -1, Metered hint: false, score: 100, isUsable: true, CarrierMerged: false, SubscriptionId: -1, IsPrimary: -1, Trusted: true, Restricted: false, Ephemeral: false, OEM paid: false, OEM private: false, OSU AP: false, FQDN: <none>, Provider friendly name: <none>, Requesting package name: <none><none>MLO Information: , Is TID-To-Link negotiation supported by the AP: false, AP MLD Address: <none>, AP MLO Link Id: <none>, AP MLO Affiliated links: <none>, Vendor Data: <none>> SignalStrength: -62 UnderlyingNetworks: Null]
06-23 15:22:32.506  3706  5658 I ModemStats: [DataStallDetectService] onCapabilitiesChanged NET_CAPABILITY_VALIDATED=true
06-23 15:22:32.506  3706  5658 I ModemStats: [DataStallDetectService] onCapabilitiesChanged mDataStallManager.mDataStallInstance=null
06-23 15:22:32.506  3706  5658 I ModemStats: [DataStallDetectService] onCapabilitiesChanged mDataStallSmart5gManager.mDataStallInstance=null
06-23 15:22:32.508  1112  1579 I hwcomposer: [HWCDisplay] (0 updateAppliedConfigState():4337), applied config complete[idx:138154196666960, config:0]  
06-23 15:22:32.511 13959 14189 I BugleRcsEngine: handleMessage processing message:[NOTIFY_UPTIME_IGNORE_STATE_CHANGED] with [non-null]:RcsEngineImpl reference [CONTEXT log_prefix="RcsEngineImpl[DUAL_REG]:[5059adf4-7b8d]>Handler" thread_id=2028 ]
06-23 15:22:32.511 13959 14099 I BugleRcsEngine: Connected state: [1], networkType: [WIFI] [CONTEXT thread_id=2025 ]
06-23 15:22:32.512  1799  1819 E ApplicationHelper: Fail to get PackageManager
06-23 15:22:32.514  1799  1819 E ApplicationHelper: Fail to get PackageManager
06-23 15:22:32.521  1488 17714 I NearbyMediums: Wifi changed new SSID: <unknown ssid>
06-23 15:22:32.521  1488 17714 I NearbyMediums: WifiLanConnectivityInfo is not changed, skip notify.
06-23 15:22:32.706  2108  2108 W ConstraintSet: id unknown center_vertical_guideline
06-23 15:22:32.706  2108  2108 W ConstraintSet: id unknown action_button_guideline
06-23 15:22:32.706  2108  2108 W ConstraintSet: id unknown icon
06-23 15:22:32.706  2108  2108 W ConstraintSet: id unknown media_seamless
06-23 15:22:32.707  2108  2108 W ConstraintSet: id unknown media_action_barrier_start
06-23 15:22:32.707  2108  2108 W ConstraintSet: id unknown media_action_barrier_end
06-23 15:22:32.707  2108  2108 W ConstraintSet: id unknown media_action_barrier_top
06-23 15:22:32.707  2108  2108 W ConstraintSet: id unknown remove_text
06-23 15:22:32.707  2108  2108 W ConstraintSet: id unknown settings
06-23 15:22:32.707  2108  2108 W ConstraintSet: id unknown dismiss
06-23 15:22:32.707  2108  2108 W ConstraintSet: id unknown cancel
06-23 15:22:32.752  1132  1181 I libPerfCtl: xgfGetFPS pid:2108 fps:-1
06-23 15:22:32.752  1132  1181 I libPerfCtl: xgfGetFPS pid:11925 fps:-1
06-23 15:22:33.012  1488 17714 I NearbySharing: Network state changed: NetworkState(isRestricted=false, isOnline=true, isCongested=false, isMetered=false, isWifiConnected=true)
06-23 15:22:33.218  2303  2480 W AudioMediaPlayerWrapper: onQueueChanged(): com.ibrastream.app tried to update with no new data
06-23 15:22:33.219  2303  2480 W AudioMediaPlayerWrapper: onPlaybackStateChanged(): com.ibrastream.app tried to update with no new data
06-23 15:22:33.225 11925 12066 I DMCodecAdapterFactory: Creating an asynchronous MediaCodec adapter for track type audio
06-23 15:22:33.231 11925 18238 I CCodec  : setting up 'default' as default (vendor) store
06-23 15:22:33.238  1386 25018 I BpBinder: onLastStrongRef automatically unlinking death recipients: android.hardware.media.bufferpool2.IAccessor
06-23 15:22:33.240 11925 18238 W .ibrastream.app: AIBinder_linkToDeath is being called with a non-null cookie and no onUnlink callback set. This might not be intended. AIBinder_DeathRecipient_setOnUnlinked should be called first.
06-23 15:22:33.241 11925 18238 I CCodec  : Created component [c2.android.mp3.decoder]
06-23 15:22:33.249 11925 18238 I CCodecConfig: query failed after returning 8 values (BAD_INDEX)
06-23 15:22:33.254 11925 18238 I MediaCodec: MediaCodec will operate in async mode
06-23 15:22:33.270  1386  1600 E Codec2-ComponentInterface: We have a failed config
06-23 15:22:33.273 11925 18238 W CCodec  : This behavior is subject to change. It is recommended that app developers double check whether the requested max input size is in reasonable range.
06-23 15:22:33.273 11925 18238 I CCodecConfig: query failed after returning 8 values (BAD_INDEX)
06-23 15:22:33.289 11925 18238 I CCodecBufferChannel: [c2.android.mp3.decoder#877] Created output block pool with allocatorID 16 => poolID 3391 - OK
06-23 15:22:33.290  1386 13119 E Codec2-ComponentInterface: We have a failed config
06-23 15:22:33.299  2303  2480 I bluetooth: avrcp_service.cc:646 SendMediaUpdate: track_changed=true :  play_state=false :  queue=false
06-23 15:22:33.299 11925 12066 W LoudnessCodecController: MediaCodec mime type not supported for loudness annotation
06-23 15:22:33.303  1386  1600 W mediaswcodec: AIBinder_linkToDeath is being called with a non-null cookie and no onUnlink callback set. This might not be intended. AIBinder_DeathRecipient_setOnUnlinked should be called first.
06-23 15:22:33.303 11925 18238 W .ibrastream.app: AIBinder_linkToDeath is being called with a non-null cookie and no onUnlink callback set. This might not be intended. AIBinder_DeathRecipient_setOnUnlinked should be called first.
06-23 15:22:33.306  1386 18239 I C2SoftMp3Dec: Reconfiguring decoder: 0->48000 Hz, 0->2 channels
06-23 15:22:33.306  1799  3755 I WifiService: acquireWifiLock uid=10320 lockMode=3 packageName=com.ibrastream.app
06-23 15:22:33.309  1386 18239 W mediaswcodec: AIBinder_linkToDeath is being called with a non-null cookie and no onUnlink callback set. This might not be intended. AIBinder_DeathRecipient_setOnUnlinked should be called first.
06-23 15:22:33.316  2108  2108 W ConstraintSet: id unknown center_vertical_guideline
06-23 15:22:33.316  2108  2108 W ConstraintSet: id unknown action_button_guideline
06-23 15:22:33.316  2108  2108 W ConstraintSet: id unknown icon
06-23 15:22:33.316  2108  2108 W ConstraintSet: id unknown media_seamless
06-23 15:22:33.317  2108  2108 W ConstraintSet: id unknown media_action_barrier_start
06-23 15:22:33.317  2108  2108 W ConstraintSet: id unknown media_action_barrier_end
06-23 15:22:33.317  2108  2108 W ConstraintSet: id unknown media_action_barrier_top
06-23 15:22:33.317  2108  2108 W ConstraintSet: id unknown remove_text
06-23 15:22:33.317  2108  2108 W ConstraintSet: id unknown settings
06-23 15:22:33.317  2108  2108 W ConstraintSet: id unknown dismiss
06-23 15:22:33.318  2108  2108 W ConstraintSet: id unknown cancel
06-23 15:22:33.332  2303  2480 I bluetooth: avrcp_service.cc:646 SendMediaUpdate: track_changed=false :  play_state=true :  queue=false
06-23 15:22:33.333  2303  2480 W AudioMediaPlayerWrapper: onPlaybackStateChanged(): com.ibrastream.app tried to update with no new data
06-23 15:22:33.368  1152  1260 I AudioEffect: set 0xb4000072916e13e0 uuid: 0x0 timeLow 00000000
06-23 15:22:33.370  1152  1260 W Permission: The package name(android) provided does not correspond to the uid 1041
06-23 15:22:33.371  1152  1260 I AudioFlinger: createEffect pid 1152, effectClient 0xb4000071e16fe110, priority 0, sessionId 18089, io 21, factory 0xb4000073316e2f90
06-23 15:22:33.371  1152  1260 I AudioFlinger_Threads: createEffect_l() thread 0xb400007414a0d7b0 effect Music Volume Listener on session 18089
06-23 15:22:33.371  1152  1260 I AudioFlinger_Threads: createEffect_l() got effect 0x0 on chain 0xb4000073216ed4f0
06-23 15:22:33.372  1152  1260 I EffectHalAidl: createAidlConversion create UUID AudioUuid{timeLow: -92152866, timeMid: 22667, timeHiAndVersion: 4589, clockSeq: 39786, node: [2, 66, 172, 18, 0, 2]}
06-23 15:22:33.372  1152  1260 I EffectModule: EffectModule Constructor success name Music Volume Listener, Interface 0xb4000071816f4cb0
06-23 15:22:33.373  1152  1260 I EffectChain: addEffect_l() effect 0xb4000072116e9090, added in chain 0xb4000073216ed4f0 at rank 1
06-23 15:22:33.375  1107  1213 I AHAL_EffectImpl: Music Volume ListenerV2open
06-23 15:22:33.378  1152  1260 I AudioEffect: set() 0xb4000072916e13e0 OK effect: Music Volume Listener id: 14339 status 0 enabled 0 pid 1152
06-23 15:22:33.378  1152  1260 I AudioEffect: enable 0xb4000072916e13e0
06-23 15:22:33.379  1152  1260 I AudioFlinger_Threads: removeEffectChain_l() 0xb4000073216f35b0 from thread 0xb40000741a8557b0 for session 0
06-23 15:22:33.379  1152  1260 I AudioFlinger_Threads: removeEffect_l(): 0xb40000741a8557b0, effect = 0xb4000072116e5b70, name = DAP
06-23 15:22:33.379  1152  1260 I EffectChain: removeEffect_l() effect 0xb4000072116e5b70, removed from chain 0xb4000073216f35b0 at rank 0
06-23 15:22:33.379  1152  1260 I AudioFlinger_Threads: removeEffectChain_l() 0xb4000073216f35b0 from thread 0xb40000741a8557b0 for session 0
06-23 15:22:33.379  1152  1260 I EffectChain: EffectChain(): new EffectChain = 0xb4000073216f98b0
06-23 15:22:33.379  1152  1260 I AudioFlinger_Threads: addEffect_ll: 0xb400007414a0d7b0 chain 0xb4000073216f98b0 effect 0xb4000072116e5b70,name = DAP
06-23 15:22:33.379  1152  1260 I EffectChain: addEffect_l() effect 0xb4000072116e5b70, added in chain 0xb4000073216f98b0 at rank 0
06-23 15:22:33.380  1107  1213 I DlbDap2Process: configure(sampleRate=48000, inChannels=0x3, outChannels=0x3)
06-23 15:22:33.385  1152  1620 I EffectChain: ~EffectChain(): delete EffectChain = 0xb4000073216f35b0
06-23 15:22:33.392  1107 10386 I AudioALSAStreamOut: updateSourceMetadata(), do nothing source_metadata = 0x7b5ac5dfe8
06-23 15:22:33.397  1152  1260 E ServiceUtilities: Request requires android.permission.MODIFY_AUDIO_SETTINGS
06-23 15:22:33.400  1107  1625 I AHAL_Stream: start()
06-23 15:22:33.429 26104 26104 I adbd    : adbd service requested 'shell,v2:export ANDROID_LOG_TAGS=''; exec logcat '-d' '-t' '1500''
06-23 15:22:33.432 11925 11925 I Capacitor/Console: File:  - Line 333 - Msg: undefined
06-23 15:22:33.485  1164  1571 E SurfaceFlinger: MtkDuration override mode is disabled
06-23 15:22:33.485  1164  1571 I PowerHalWrapper: updateFps(): 90
06-23 15:22:33.488  1107  3863 I AudioALSAStreamOut: updateSourceMetadata(), do nothing source_metadata = 0x7b5b18cfe8
06-23 15:22:33.493  1164  1164 I BufferQueueProducer: [com.ibrastream.app/com.ibrastream.app.MainActivity#39996](this:0xb400006fd59fa8e0,id:-1,api:0,p:-1,c:1164) queueBuffer: fps=8.68 dur=1612.71 max=1256.67 min=10.79
06-23 15:22:33.494  1112  1127 I hwcomposer: [HWCDisplay] (0 setActiveConfigWithConstraints():4091), config:1  
06-23 15:22:33.494  1112  1127 I hwcomposer: [HWCDisplay] (0 setActiveConfigWithConstraints():4141), now 138155187185080, diff 456539, estimated_applied_time 16666667 queued_size:0  
06-23 15:22:33.496  1112  1127 I hwcomposer: [HWCDisplay] (0 updateFps():3644), (type:1, mode:2) fps:11.502878,dur:1825.63,max:992.73,min:9.65  
06-23 15:22:33.500  1107  1625 W audio_sw_mixer: sw_mixer_mix_fp_direct_write(-),   MIXER_PLAYBACK  , path T_DEEP=>T_PRIMARY   , size_out 16384, rb     0, latency/total: 42.666/57.181 (52.206+0.002+4.973) ms
06-23 15:22:33.511  1164  1164 I PowerHalWrapper: updateFps(): 90
06-23 15:22:33.512  2108  2108 W ConstraintSet: id unknown center_vertical_guideline
06-23 15:22:33.512  2108  2108 W ConstraintSet: id unknown action_button_guideline
06-23 15:22:33.512  2108  2108 W ConstraintSet: id unknown icon
06-23 15:22:33.512  2108  2108 W ConstraintSet: id unknown media_seamless
06-23 15:22:33.512  2108  2108 W ConstraintSet: id unknown media_action_barrier_start
06-23 15:22:33.512  2108  2108 W ConstraintSet: id unknown media_action_barrier_end
06-23 15:22:33.512  2108  2108 W ConstraintSet: id unknown media_action_barrier_top
06-23 15:22:33.512  2108  2108 W ConstraintSet: id unknown remove_text
06-23 15:22:33.512  2108  2108 W ConstraintSet: id unknown settings
06-23 15:22:33.512  2108  2108 W ConstraintSet: id unknown dismiss
06-23 15:22:33.512  2108  2108 W ConstraintSet: id unknown cancel
06-23 15:22:33.513  1164  1164 I PowerHalWrapper: updateFps(): 90
06-23 15:22:33.523  1112  1579 I hwcomposer: [HWCDisplay] (0 updateAppliedConfigState():4337), applied config complete[idx:138155203851747, config:1]  
06-23 15:22:33.620  2108  2115 I ndroid.systemui: Background young concurrent mark compact GC freed 15MB AllocSpace bytes, 30(3108KB) LOS objects, 29% free, 37MB/53MB, paused 854us,12.732ms total 99.466ms
