--------- beginning of main
06-23 15:21:46.744  1132  1181 I libPerfCtl: xgfGetFPS pid:11925 fps:-1
06-23 15:21:46.746 17666 17761 W InstanceID: Instance ID SDK is deprecated, com.android.chrome should update to use Firebase Instance ID
06-23 15:21:46.771 17768 17799 E cr_ChromiumAndroidLinker: RelroIsIdentical: Relocations are not identical, giving up.
06-23 15:21:46.771 17768 17799 E cr_ChromiumAndroidLinker: CompareRelroAndReplaceItBy: RELRO is not identical
06-23 15:21:46.776 17768 17799 I cr_LibraryLoader: Successfully loaded native library
06-23 15:21:46.780 17666 17666 W cr_KnoxSettingsProvider: Permission to read device policy denied.
06-23 15:21:46.780 17666 17666 I cr_CombinedPProvider: #registerProvider() provider:q3i@3751663 isPolicyCacheEnabled:true policyProvidersSize:0
06-23 15:21:46.780 17666 17666 I cr_PolicyProvider: #setManagerAndSource() 0
06-23 15:21:46.780 17768 17799 I cr_CachingUmaRecorder: Flushed 4 samples from 4 histograms, 0 samples were dropped.
06-23 15:21:46.781 17666 17666 I cr_CombinedPProvider: #registerProvider() provider:cw0@93ee260 isPolicyCacheEnabled:false policyProvidersSize:1
06-23 15:21:46.781 17666 17666 I cr_PolicyProvider: #setManagerAndSource() 1
06-23 15:21:46.782 17666 17666 I cr_AppResProvider: #getApplicationRestrictionsFromUserManager() Bundle[EMPTY_PARCEL]
06-23 15:21:46.782 17666 17666 I cr_PolicyProvider: #notifySettingsAvailable() 1
06-23 15:21:46.782 17666 17666 I cr_CombinedPProvider: #onSettingsAvailable() 1
06-23 15:21:46.784 17768 17799 W chromium: [WARNING:content/app/android/content_main_android.cc:82] android_setCpu already initialized
06-23 15:21:46.789 17666 17666 W cr_SearchEngineDelegate: ensureIsDeviceChoiceRequiredSupplier() called on ineligible device
06-23 15:21:46.830  1094  1106 I torola.motocare: Background young concurrent mark compact GC freed 3620KB AllocSpace bytes, 23(3248KB) LOS objects, 50% free, 5411KB/10MB, paused 2.119ms,2.807ms total 136.168ms
06-23 15:21:46.851  1094  1116 W System  : A resource failed to call close. 
06-23 15:21:46.855  1094  1116 W System  : A resource failed to call close. 
06-23 15:21:46.856  1094  1116 W System  : A resource failed to call close. 
06-23 15:21:46.861  1094  1116 W System  : A resource failed to call close. 
06-23 15:21:46.889 17778 17778 W android.vending: Failed to find entry 'classes.dex': Entry not found
06-23 15:21:46.897 17778 17778 W android.vending: Failed to find entry 'classes.dex': Entry not found
06-23 15:21:46.904 17778 17778 W android.vending: Failed to find entry 'classes.dex': Entry not found
06-23 15:21:46.906 17768 17799 W HidlServiceManagement: hwservicemanager is not supported on the device.
06-23 15:21:46.907 17768 17799 I HidlServiceManagement: Trying to get transport of android.hardware.configstore@1.0::ISurfaceFlingerConfigs/default without hwservicemanager
06-23 15:21:46.920 17778 17778 W android.vending: Failed to find entry 'classes.dex': Entry not found
--------- beginning of system
06-23 15:21:46.934  1799  1819 E ApplicationHelper: Fail to get PackageManager
06-23 15:21:46.936  1799  1819 E ApplicationHelper: Fail to get PackageManager
06-23 15:21:46.945 17778 17778 W android.vending: Failed to find entry 'classes.dex': Entry not found
06-23 15:21:46.963 17778 17778 W android.vending: Failed to find entry 'classes.dex': Entry not found
06-23 15:21:46.968 17666 17751 I cr_policy: registerReceiver succeeded after 1ms
06-23 15:21:47.018 17666 17816 I CameraManagerGlobal: Connecting to camera service
06-23 15:21:47.098 17768 17799 I chromium: [INFO:third_party/skia/src/gpu/vk/VulkanPreferredFeatures.cpp:434] WARNING: VulkanPreferredFeatures::addFeaturesToQuery() was not called
06-23 15:21:47.098 17768 17799 I chromium: 
06-23 15:21:47.098 17768 17799 I chromium: [INFO:third_party/skia/src/gpu/vk/VulkanPreferredFeatures.cpp:437] WARNING: VulkanPreferredFeatures::addFeaturesToEnable() was not called
06-23 15:21:47.098 17768 17799 I chromium: 
06-23 15:21:47.129 17666 17666 I cr_EnterpriseInfoImpl: #setCacheResult() deviceOwned:false profileOwned:false
06-23 15:21:47.129 17666 17666 I cr_EnterpriseInfo: #getManagedStateForNative() yk8@639f51c
06-23 15:21:47.203 17666 17764 W cr_media: BLUETOOTH_CONNECT permission is missing.
06-23 15:21:47.205 17666 17764 W cr_media: getBluetoothAdapter() requires BLUETOOTH permission
06-23 15:21:47.205 17666 17764 W cr_media: registerBluetoothIntentsIfNeeded: Requires BLUETOOTH permission
06-23 15:21:47.210  1099  1099 W Zygote  : forkRepeatedly terminated due to non-simple command
06-23 15:21:47.213  1098  1589 I netd    : tetherGetStats() -> {[TetherStatsParcel{iface: ccmni0, rxBytes: 59734, rxPackets: 151, txBytes: 105349, txPackets: 265, ifIndex: 0}, TetherStatsParcel{iface: wlan0, rxBytes: 30218520055, rxPackets: 27263577, txBytes: 3455438628, txPackets: 6726306, ifIndex: 0}]} <2.23ms>
06-23 15:21:47.230  4967  5041 W JobInfo : Job 'com.motorola.timeweatherwidget/com.motorola.commandcenter.WidgetService#101' has a deadline with no functional constraints. The deadline won't improve job execution latency. Consider removing the deadline.
06-23 15:21:47.232  1799  3743 W JobInfo : Job 'com.motorola.timeweatherwidget/com.motorola.commandcenter.WidgetService#101' has a deadline with no functional constraints. The deadline won't improve job execution latency. Consider removing the deadline.
06-23 15:21:47.244  1799  1831 W ZygoteProcess: Got error connecting to zygote, retrying. msg= Connection refused
06-23 15:21:47.248  1799  1819 E ApplicationHelper: Fail to get PackageManager
06-23 15:21:47.248  1799  1819 E ApplicationHelper: Fail to get PackageManager
06-23 15:21:47.249 17835 17835 I libc    : SetHeapTaggingLevel: tag level set to 0
06-23 15:21:47.250  1799  1819 E ApplicationHelper: Fail to get PackageManager
06-23 15:21:47.250  1799  1819 E ApplicationHelper: Fail to get PackageManager
06-23 15:21:47.257 17835 17835 I d.chrome_zygote: Using generational CollectorTypeCMC GC.
06-23 15:21:47.276   377   377 I lowmemorykiller: Kill 'com.google.android.adservices.api' (17382), uid 10223, oom_score_adj 905 to free 73408kB rss, 35164kB swap; reason: device is not responding
06-23 15:21:47.296  1799  1831 I AppZygote: Starting application preload.
06-23 15:21:47.304 17835 17835 I AppZygoteInit: Beginning application preload for com.android.chrome
06-23 15:21:47.304  1799  3768 I ActivityManager: Process com.google.android.adservices.api (pid 17382) has died: cch+5 CEM 
06-23 15:21:47.305  1099  1099 I Zygote  : Process 17382 exited due to signal 9 (Killed)
06-23 15:21:47.305  1799  3768 W ActivityManager: Scheduling restart of crashed service com.google.android.adservices.api/com.android.adservices.measurement.MeasurementService in 20000ms for connection
06-23 15:21:47.307 17835 17835 W d.chrome_zygote: Failed to find entry 'classes.dex': Entry not found
06-23 15:21:47.308  1799  1832 I libprocessgroup: Removed cgroup /sys/fs/cgroup/uid_10223/pid_17382
06-23 15:21:47.308  1799  1832 W libprocessgroup: RemoveCgroup: /dev/memcg/apps/uid_10223/pid_17382 does not exist.
06-23 15:21:47.311  1799  3768 I mtkpower_client: [PowerHal_Wrap_notifyAppState] com.google.android.adservices.api/com.google.android.adservices.api pid=17382 activityId:17382 state:3
06-23 15:21:47.311  1132  1132 I vendor.mediatek.hardware.mtkpower_applist-service.mediatek: packName: com.google.android.adservices.api actName: com.google.android.adservices.api pid: 17382 activityId: 17382 uid: 10223 state: 3
06-23 15:21:47.311  1132  1132 I MTK_APPList: [notifyAPPstate] com.google.android.adservices.api/com.google.android.adservices.api, pid=17382, activityId=17382, uid=10223, state:DEAD, fps:-1, win:0
06-23 15:21:47.311  1132  1132 I MTK_APPList: [notifyAPPstate] multi_resumed_app_count: 1
06-23 15:21:47.311  1132  1132 I MTK_APPList: [notifyAPPstate] multi_resumed_app_info[0] com.ibrastream.app/com.ibrastream.app.MainActivity, pid:11925, activityId:249303850, fps:-1, isMultiWindow:0
06-23 15:21:47.311  1132  1132 I MTK_APPList: [getForegroundAPPCount] 1
06-23 15:21:47.311  1132  1132 I MTK_APPList: [notifyAPPstate] pack:com.google.android.adservices.api, pid:17382, STATE_DEAD
06-23 15:21:47.311  1132  1132 I MTK_APPList: [notifyNetdUID] 10320
06-23 15:21:47.312  1132  1132 I MTK_APPList: [notifyPID] 11925
06-23 15:21:47.312  1135  1212 I libPowerHal: [perfSetSysInfo] pid type:24, 11925
06-23 15:21:47.321 17835 17835 I cr_ZygotePreload: version=149.0.7827.115 (782711533) minSdkVersion=29 isBundle=true
06-23 15:21:47.322  2071  2076 I WifiHAL : feature_set=0x8488341a
06-23 15:21:47.329 17835 17835 I cr_LibraryLoader: Loading monochrome_64 from within /data/app/~~tkopIsrhvH3z1qWptpH40Q==/com.android.chrome-8f405SXVAjg4zKZx0kc-Bg==/base.apk
06-23 15:21:47.329 17835 17835 I cr_Linker: loadLibraryImplLocked: monochrome_64, relroMode=1
06-23 15:21:47.341 17778 17778 I Finsky  : [2] Process created at version: 51.9.17-31 [0] [PR] 931367114
06-23 15:21:47.351 17835 17835 I AppZygoteInit: Application preload done
06-23 15:21:47.351  1799  1831 I AppZygote: Application preload done.
06-23 15:21:47.353 17666 17815 W libc    : Access denied finding property "ro.hardware.chipname"
06-23 15:21:47.353  1799  1819 E ApplicationHelper: Fail to get PackageManager
06-23 15:21:47.358  1799  1819 E ApplicationHelper: Fail to get PackageManager
06-23 15:21:47.362 17835 17843 W d.chrome_zygote: Reducing the number of considered missed Gc histogram windows from 4582 to 100
06-23 15:21:47.365 17835 17835 I Zygote  : Entering forkRepeatedly native zygote loop
06-23 15:21:47.382  1799  1831 W ActivityManager: Slow operation: 175ms so far, now at startProcess: returned from zygote!
06-23 15:21:47.382  1799  1831 W ActivityManager: Slow operation: 176ms so far, now at startProcess: done updating battery stats
06-23 15:21:47.382  1799  1831 W ActivityManager: Slow operation: 176ms so far, now at startProcess: building log message
06-23 15:21:47.382  1799  1831 I ActivityManager: Start proc 17851:com.android.chrome:sandboxed_process0:org.chromium.content.app.SandboxedProcessService0:0/u0ai0 for  {com.android.chrome/org.chromium.content.app.SandboxedProcessService0:0}
06-23 15:21:47.382  1799  1831 W ActivityManager: Slow operation: 176ms so far, now at startProcess: starting to update pids map
06-23 15:21:47.383  1799  1831 W ActivityManager: Slow operation: 176ms so far, now at startProcess: done updating pids map
06-23 15:21:47.384 17851 17851 E libc    : SetHeapTaggingLevel: re-enabling tagging after it was disabled is not supported
06-23 15:21:47.394 17851 17851 I ocessService0:0: Using generational CollectorTypeCMC GC.
06-23 15:21:47.415  1799  1819 E ApplicationHelper: Fail to get PackageManager
06-23 15:21:47.416  1799  1819 E ApplicationHelper: Fail to get PackageManager
06-23 15:21:47.433  1135  1212 I libPowerHal: [perfLockAcq] idx:1 hdl:61067 hint:25 pid:1135 tid:1135 duration:10000 lock_user:vendor.mediatek => ret_hdl:61067
06-23 15:21:47.434  1135  1212 I libPowerHal: [PE] MTKPOWER_HINT_APP_TOUCH update cmd:410000, param:1, pr:3
06-23 15:21:47.434  1135  1212 I libPowerHal: [PE] MTKPOWER_HINT_APP_TOUCH update cmd:400000 param:3000000 pr:3
06-23 15:21:47.434  1135  1212 I libPowerHal: [PE] MTKPOWER_HINT_APP_TOUCH update cmd:400100 param:3000000 pr:3
06-23 15:21:47.434  1135  1212 I libPowerHal: value: 1
06-23 15:21:47.434 17666 17666 I cr_PolicyProvider: #notifySettingsAvailable() 0
06-23 15:21:47.434  1135  1212 I libPowerHal: [PE] MTKPOWER_HINT_APP_TOUCH update cmd:410000 param:1 pr:3
06-23 15:21:47.434 17666 17666 I cr_CombinedPProvider: #onSettingsAvailable() 0
06-23 15:21:47.434 17666 17666 I cr_CombinedPProvider: #flushPolicies()
06-23 15:21:47.434  1799  1819 I ThreeFingerPointerEventListener: onPointDown... pointIndex = 0, pointId = 0 currentX = 597.75, currentY = 1370.75 mTouchRegion:Rect(43, 96 - 676, 1507)
06-23 15:21:47.434  1135  1212 I libPowerHal: [setDvfsrcDevFreqOpp] opp:0, freq:3600000000
06-23 15:21:47.434  1135  1212 I libPowerHal: [PE] MTKPOWER_HINT_APP_TOUCH update cmd:1000000 param:0 pr:3
06-23 15:21:47.434  1135  1212 I libPowerHal: [recordCPUFreqInfo] set cluster[0] min(MTKPOWER_HINT_APP_TOUCH): 1700000 max(-1): -1 cluster[1] min(MTKPOWER_HINT_APP_TOUCH): 2000000 max(-1): -1
06-23 15:21:47.434  1135  1212 I libPowerHal: [perfLockAcq] Done for hdl : 61067
06-23 15:21:47.436 17666 17666 I cr_AppResProvider: #getApplicationRestrictionsFromUserManager() Bundle[EMPTY_PARCEL]
06-23 15:21:47.436 17666 17666 I cr_PolicyProvider: #notifySettingsAvailable() 1
06-23 15:21:47.436 17666 17666 I cr_CombinedPProvider: #onSettingsAvailable() 1
06-23 15:21:47.436 17666 17666 I cr_CombinedPProvider: #flushPolicies()
06-23 15:21:47.436 17666 17666 I cr_PolicyProvider: #notifySettingsAvailable() 0
06-23 15:21:47.437 17666 17666 I cr_CombinedPProvider: #onSettingsAvailable() 0
06-23 15:21:47.437 17666 17666 I cr_CombinedPProvider: #flushPolicies()
06-23 15:21:47.444 17666 17699 W chromium: [WARNING:net/cert/ev_root_ca_metadata.cc:118] Not implemented
06-23 15:21:47.461 17851 17851 I LoadedApk: No resource references to update in package com.google.android.trichromelibrary
06-23 15:21:47.463  1799  4073 I mtkpower_client: perf_lock_acq, hdl:61058, dur:1000, num:4, pid:1799, tid:4073
06-23 15:21:47.464  1799  4073 I mtkpower_client: ret_hdl:61068
06-23 15:21:47.465  1135  1212 I libPowerHal: [perfLockAcq] idx:2 hdl:61068 hint:-1 pid:1799 tid:4073 duration:1000 lock_user:system_server => ret_hdl:61068
06-23 15:21:47.465  1135  1212 I libPowerHal: [PE] system_server update ONESHOT(set) cmd:1444200 param:11925 pr:3
06-23 15:21:47.466  1135  1212 I libPowerHal: [PE] system_server update ONESHOT(set) cmd:1444600 param:70 pr:3
06-23 15:21:47.466  1135  1212 I libPowerHal: [perfLockAcq] Done for hdl : 61068
06-23 15:21:47.467 17851 17851 I cr_SplitCompatApp: version=149.0.7827.115 (782711533) minSdkVersion=29 processName=com.android.chrome:sandboxed_process0:org.chromium.content.app.SandboxedProcessService0:0 isIsolatedProcess=true splits=chrome,config.es,dev_ui,on_demand,stack_unwinder
06-23 15:21:47.473 17666 17815 W chromium: [WARNING:net/cert/ev_root_ca_metadata.cc:118] Not implemented
06-23 15:21:47.474 17666 17666 I SurfaceFactory: [static] sSurfaceFactory = com.mediatek.view.impl.SurfaceFactoryImpl@fab2da3
06-23 15:21:47.477 17851 17851 I Typeface: initOverlayFonts====family: RookeryNew-Regular
06-23 15:21:47.477  1799  4073 I ActivityManager: Flag disabled. Ignoring finishAttachApplication from uid: 90000. pid: 17851
06-23 15:21:47.478  1488 17610 I NetworkScheduler.Stats: (REDACTED) Task %s/%s started execution. cause:%s exec_start_elapsed_seconds: %s
06-23 15:21:47.479 17666 17666 I cr_CompositorSurfaceMgr: Transitioning to surface with format: -1
06-23 15:21:47.481 17851 17851 I cr_ChildProcessService: Creating new ChildProcessService pid=17851
06-23 15:21:47.484  1799  1819 E ApplicationHelper: Fail to get PackageManager
06-23 15:21:47.491 17851 17862 I cr_LibraryLoader: Successfully loaded native library
06-23 15:21:47.493 17851 17862 I cr_CachingUmaRecorder: Flushed 3 samples from 3 histograms, 0 samples were dropped.
06-23 15:21:47.494 17851 17862 W chromium: [WARNING:content/app/android/content_main_android.cc:82] android_setCpu already initialized
06-23 15:21:47.502   377   377 I lowmemorykiller: Kill 'com.google.android.googlequicksearchbox:search' (17582), uid 10154, oom_score_adj 905 to free 170384kB rss, 37920kB swap; reason: low watermark is breached and swap is low (674968kB < 683568kB)
06-23 15:21:47.506   377   388 E lowmemorykiller: process_mrelease 17582 failed: No such process
06-23 15:21:47.533  1135  1212 I libPowerHal: [perfLockRel] hdl:61067, idx:1
06-23 15:21:47.533  1135  1212 I libPowerHal: [PD] MTKPOWER_HINT_APP_TOUCH update cmd:410000 param:0, pr:6
06-23 15:21:47.533  1135  1212 I libPowerHal: [PD] MTKPOWER_HINT_APP_TOUCH update cmd:400000 param:-1 pr:6
06-23 15:21:47.533  1135  1212 I libPowerHal: [PD] MTKPOWER_HINT_APP_TOUCH update cmd:400100 param:-1 pr:6
06-23 15:21:47.533  1135  1212 I libPowerHal: value: 0
06-23 15:21:47.533  1135  1212 I libPowerHal: [PD] MTKPOWER_HINT_APP_TOUCH update cmd:410000 param:0 pr:6
06-23 15:21:47.533  1135  1212 I libPowerHal: [PD] MTKPOWER_HINT_APP_TOUCH update cmd:1000000 param:-1 pr:6
06-23 15:21:47.534  1135  1212 I libPowerHal: [recordCPUFreqInfo] set cluster[0] min(-1): -1 max(-1): -1 cluster[1] min(-1): -1 max(-1): -1
06-23 15:21:47.534  1135  1212 I libPowerHal: [perfLockRel] Done for hdl : 61067
06-23 15:21:47.536  1799  3768 I ActivityManager: Process com.google.android.googlequicksearchbox:search (pid 17582) has died: cch+5 CEM 
06-23 15:21:47.536  1799  1832 I libprocessgroup: Removed cgroup /sys/fs/cgroup/uid_10154/pid_17582
06-23 15:21:47.536  1099  1099 I Zygote  : Process 17582 exited due to signal 9 (Killed)
06-23 15:21:47.537  1799  1832 W libprocessgroup: RemoveCgroup: /dev/memcg/apps/uid_10154/pid_17582 does not exist.
06-23 15:21:47.537 17778 17867 W Finsky  : [2501] Failed to get the task info for cold start.
06-23 15:21:47.538 17778 17867 I Finsky  : [2501] Process started for unknown session.
06-23 15:21:47.538  1799  1819 E ApplicationHelper: Fail to get PackageManager
06-23 15:21:47.540  1799  3768 I mtkpower_client: [PowerHal_Wrap_notifyAppState] com.google.android.googlequicksearchbox/com.google.android.googlequicksearchbox pid=17582 activityId:17582 state:3
06-23 15:21:47.540  1132  1132 I vendor.mediatek.hardware.mtkpower_applist-service.mediatek: packName: com.google.android.googlequicksearchbox actName: com.google.android.googlequicksearchbox pid: 17582 activityId: 17582 uid: 10154 state: 3
06-23 15:21:47.540  1132  1132 I MTK_APPList: [notifyAPPstate] com.google.android.googlequicksearchbox/com.google.android.googlequicksearchbox, pid=17582, activityId=17582, uid=10154, state:DEAD, fps:-1, win:0
06-23 15:21:47.540  1132  1132 I MTK_APPList: [notifyAPPstate] multi_resumed_app_count: 1
06-23 15:21:47.540  1132  1132 I MTK_APPList: [notifyAPPstate] multi_resumed_app_info[0] com.ibrastream.app/com.ibrastream.app.MainActivity, pid:11925, activityId:249303850, fps:-1, isMultiWindow:0
06-23 15:21:47.540  1132  1132 I MTK_APPList: [getForegroundAPPCount] 1
06-23 15:21:47.540  1132  1132 I MTK_APPList: [notifyAPPstate] pack:com.google.android.googlequicksearchbox, pid:17582, STATE_DEAD
06-23 15:21:47.540  1132  1132 I MTK_APPList: [notifyNetdUID] 10320
06-23 15:21:47.543  1132  1132 I MTK_APPList: [notifyPID] 11925
06-23 15:21:47.543  1135  1212 I libPowerHal: [perfSetSysInfo] pid type:24, 11925
06-23 15:21:47.547  1799  1819 E ApplicationHelper: Fail to get PackageManager
06-23 15:21:47.560 17778 17867 I Finsky  : [2501] Finished reading experiment flags from file [pqVQ-_tzGO9x8AvHKwHvbcIR9Lww_078Y0LX_yBcKek] numFlags=2040.
06-23 15:21:47.565 17778 17866 I Finsky  : [2500] Finished reading experiment flags from file [Se-xCc4LzNyh3UrKMIU2sUf-PUKz4oQEbpKZDMuaFno] numFlags=2028.
06-23 15:21:47.566 17778 17864 I Finsky  : [2498] Finished reading experiment flags from file [0tGUNCGIkbk4o6-fQ335kUYSKwVj4lusnHT-A5Dsy08] numFlags=2415.
06-23 15:21:47.608  1799  1819 E ApplicationHelper: Fail to get PackageManager
06-23 15:21:47.610  1488 17707 I NetworkScheduler.Stats: (REDACTED) Task %s/%s finished executing. cause:%s result: %s elapsed_millis: %s uptime_millis: %s exec_start_elapsed_seconds: %s
06-23 15:21:47.611  1799  1819 E ApplicationHelper: Fail to get PackageManager
06-23 15:21:47.611  1164  1164 I BufferQueueProducer: [com.ibrastream.app/com.ibrastream.app.MainActivity#39996](this:0xb400006fd59fa8e0,id:-1,api:0,p:-1,c:1164) queueBuffer: fps=14.82 dur=1079.83 max=456.90 min=10.67
06-23 15:21:47.614  1112  1127 I hwcomposer: [HWCDisplay] (0 updateFps():3644), (type:1, mode:2) fps:34.086231,dur:1349.52,max:459.24,min:9.00  
06-23 15:21:47.661  1799  1819 E ApplicationHelper: Fail to get PackageManager
06-23 15:21:47.664  1799  1819 E ApplicationHelper: Fail to get PackageManager
06-23 15:21:47.676  1799  1891 I WifiService: acquireWifiLock uid=10320 lockMode=3 packageName=com.ibrastream.app
06-23 15:21:47.681  1488 17711 W PhBaseOp: Phenotype API error. Event: # jksy@ec110fb5, EventCode: GET_EXP [CONTEXT service_id=51 ]
06-23 15:21:47.681  1488 17711 W PhBaseOp: ffve: 29505: No config packages for log source, or config package not registered
06-23 15:21:47.681  1488 17711 W PhBaseOp: 	at ffya.f(:com.google.android.gms@262334035@26.23.34 (260400-933906539):77)
06-23 15:21:47.681  1488 17711 W PhBaseOp: 	at ffxy.i(:com.google.android.gms@262334035@26.23.34 (260400-933906539):3)
06-23 15:21:47.681  1488 17711 W PhBaseOp: 	at ffxc.h(:com.google.android.gms@262334035@26.23.34 (260400-933906539):34)
06-23 15:21:47.681  1488 17711 W PhBaseOp: 	at ffxc.f(:com.google.android.gms@262334035@26.23.34 (260400-933906539):16)
06-23 15:21:47.681  1488 17711 W PhBaseOp: 	at dbec.fI(:com.google.android.gms@262334035@26.23.34 (260400-933906539):1)
06-23 15:21:47.681  1488 17711 W PhBaseOp: 	at dben.run(:com.google.android.gms@262334035@26.23.34 (260400-933906539):121)
06-23 15:21:47.681  1488 17711 W PhBaseOp: 	at hgex.run(:com.google.android.gms@262334035@26.23.34 (260400-933906539):23)
06-23 15:21:47.681  1488 17711 W PhBaseOp: 	at blkd.c(:com.google.android.gms@262334035@26.23.34 (260400-933906539):50)
06-23 15:21:47.681  1488 17711 W PhBaseOp: 	at blkd.run(:com.google.android.gms@262334035@26.23.34 (260400-933906539):66)
06-23 15:21:47.681  1488 17711 W PhBaseOp: 	at java.util.concurrent.ThreadPoolExecutor.runWorker(ThreadPoolExecutor.java:1100)
06-23 15:21:47.681  1488 17711 W PhBaseOp: 	at java.util.concurrent.ThreadPoolExecutor$Worker.run(ThreadPoolExecutor.java:624)
06-23 15:21:47.681  1488 17711 W PhBaseOp: 	at blpw.run(:com.google.android.gms@262334035@26.23.34 (260400-933906539):8)
06-23 15:21:47.681  1488 17711 W PhBaseOp: 	at java.lang.Thread.run(Thread.java:1572)
06-23 15:21:47.684  1488 17711 W AsyncOperation: operation=GetExperimentTokensOperationCall, opStatusCode=29505 [CONTEXT service_id=51 ]
06-23 15:21:47.684  1488 17711 W AsyncOperation: OperationException[Status{statusCode=No config packages for log source, or config package not registered, resolution=null}]
06-23 15:21:47.684  1488 17711 W AsyncOperation: 	at ffxc.h(:com.google.android.gms@262334035@26.23.34 (260400-933906539):64)
06-23 15:21:47.684  1488 17711 W AsyncOperation: 	at ffxc.f(:com.google.android.gms@262334035@26.23.34 (260400-933906539):16)
06-23 15:21:47.684  1488 17711 W AsyncOperation: 	at dbec.fI(:com.google.android.gms@262334035@26.23.34 (260400-933906539):1)
06-23 15:21:47.684  1488 17711 W AsyncOperation: 	at dben.run(:com.google.android.gms@262334035@26.23.34 (260400-933906539):121)
06-23 15:21:47.684  1488 17711 W AsyncOperation: 	at hgex.run(:com.google.android.gms@262334035@26.23.34 (260400-933906539):23)
06-23 15:21:47.684  1488 17711 W AsyncOperation: 	at blkd.c(:com.google.android.gms@262334035@26.23.34 (260400-933906539):50)
06-23 15:21:47.684  1488 17711 W AsyncOperation: 	at blkd.run(:com.google.android.gms@262334035@26.23.34 (260400-933906539):66)
06-23 15:21:47.684  1488 17711 W AsyncOperation: 	at java.util.concurrent.ThreadPoolExecutor.runWorker(ThreadPoolExecutor.java:1100)
06-23 15:21:47.684  1488 17711 W AsyncOperation: 	at java.util.concurrent.ThreadPoolExecutor$Worker.run(ThreadPoolExecutor.java:624)
06-23 15:21:47.684  1488 17711 W AsyncOperation: 	at blpw.run(:com.google.android.gms@262334035@26.23.34 (260400-933906539):8)
06-23 15:21:47.684  1488 17711 W AsyncOperation: 	at java.lang.Thread.run(Thread.java:1572)
06-23 15:21:47.691  1799  3768 I MediaSessionStack: onPlaybackStateChanged - Pushing session to top | record: com.ibrastream.app/androidx.media3.session.id./94 (userId=0)
06-23 15:21:47.703  1152 21330 I AudioEffect: set 0xb4000072916ee650 uuid: 0x0 timeLow 00000000
06-23 15:21:47.704  1799  3768 I WifiService: acquireWifiLock uid=10320 lockMode=3 packageName=com.ibrastream.app
06-23 15:21:47.718  1152 21330 W Permission: The package name(android) provided does not correspond to the uid 1041
06-23 15:21:47.720  1152 21330 I AudioFlinger: createEffect pid 1152, effectClient 0xb4000071e1701770, priority 0, sessionId 18089, io 21, factory 0xb4000073316e2f90
06-23 15:21:47.733 17666 17761 W chromium: [WARNING:net/cert/ev_root_ca_metadata.cc:118] Not implemented
06-23 15:21:47.734  1152 21330 I AudioFlinger_Threads: createEffect_l() thread 0xb400007414a0d7b0 effect Music Volume Listener on session 18089
06-23 15:21:47.735  1152 21330 I AudioFlinger_Threads: createEffect_l() got effect 0x0 on chain 0xb4000073216ed4f0
06-23 15:21:47.744  1132  1181 I libPerfCtl: xgfGetFPS pid:2108 fps:-1
06-23 15:21:47.744  1132  1181 I libPerfCtl: xgfGetFPS pid:11925 fps:-1
06-23 15:21:47.748  1799  1819 E ApplicationHelper: Fail to get PackageManager
06-23 15:21:47.747  2108  2108 W ConstraintSet: id unknown center_vertical_guideline
06-23 15:21:47.748  2108  2108 W ConstraintSet: id unknown action_button_guideline
06-23 15:21:47.748  2108  2108 W ConstraintSet: id unknown icon
06-23 15:21:47.748  2108  2108 W ConstraintSet: id unknown media_seamless
06-23 15:21:47.748  2108  2108 W ConstraintSet: id unknown media_action_barrier_start
06-23 15:21:47.748  2108  2108 W ConstraintSet: id unknown media_action_barrier_end
06-23 15:21:47.748  2108  2108 W ConstraintSet: id unknown media_action_barrier_top
06-23 15:21:47.748  2108  2108 W ConstraintSet: id unknown remove_text
06-23 15:21:47.748  2108  2108 W ConstraintSet: id unknown settings
06-23 15:21:47.748  2108  2108 W ConstraintSet: id unknown dismiss
06-23 15:21:47.751  2108  2108 W ConstraintSet: id unknown cancel
06-23 15:21:47.754  1152 21330 I EffectHalAidl: createAidlConversion create UUID AudioUuid{timeLow: -92152866, timeMid: 22667, timeHiAndVersion: 4589, clockSeq: 39786, node: [2, 66, 172, 18, 0, 2]}
06-23 15:21:47.755  1152 21330 I EffectModule: EffectModule Constructor success name Music Volume Listener, Interface 0xb4000071816f5880
06-23 15:21:47.756  1799  1819 E ApplicationHelper: Fail to get PackageManager
06-23 15:21:47.756  1152 21330 I EffectChain: addEffect_l() effect 0xb4000072116e99f0, added in chain 0xb4000073216ed4f0 at rank 1
06-23 15:21:47.760  1488 17610 I NetworkScheduler.Stats: (REDACTED) Task %s/%s started execution. cause:%s exec_start_elapsed_seconds: %s
06-23 15:21:47.760  1799  1819 E ApplicationHelper: Fail to get PackageManager
06-23 15:21:47.764  1665 17869 I NearbySharing: SharingSyncChimeraService periodic task firing now.
06-23 15:21:47.772  1107 10430 I AHAL_EffectImpl: Music Volume ListenerV2open
06-23 15:21:47.776  1488 17273 I NetworkScheduler.Stats: (REDACTED) Task %s/%s started execution. cause:%s exec_start_elapsed_seconds: %s
06-23 15:21:47.789  2303  2480 I bluetooth: avrcp_service.cc:646 SendMediaUpdate: track_changed=false :  play_state=true :  queue=false
06-23 15:21:47.793  2303  2480 W AudioMediaPlayerWrapper: onPlaybackStateChanged(): com.ibrastream.app tried to update with no new data
06-23 15:21:47.796  1799  4073 I ActivityManager: Background started FGS: Allowed [callingPackage: com.ibrastream.app; callingUid: 10320; uidState: TOP ; uidBFSL: [BFSL]; intent: Intent { cmp=com.ibrastream.app/.PlaybackService }; code:PROC_STATE_TOP; tempAllowListReason:<null>; targetSdkVersion:36; callerTargetSdkVersion:36; startForegroundCount:4; bindFromPackage:null: isBindService:false]
06-23 15:21:47.798  1152 21330 I AudioEffect: set() 0xb4000072916ee650 OK effect: Music Volume Listener id: 14323 status 0 enabled 0 pid 1152
06-23 15:21:47.798  1152 21330 I AudioEffect: enable 0xb4000072916ee650
06-23 15:21:47.798  1799  1819 E ApplicationHelper: Fail to get PackageManager
06-23 15:21:47.799  1799  1819 E ApplicationHelper: Fail to get PackageManager
06-23 15:21:47.810  1152 21330 I AudioFlinger_Threads: removeEffectChain_l() 0xb4000073216f35b0 from thread 0xb40000741a8557b0 for session 0
06-23 15:21:47.811  1152 21330 I AudioFlinger_Threads: removeEffect_l(): 0xb40000741a8557b0, effect = 0xb4000072116e5b70, name = DAP
06-23 15:21:47.813 17666 17815 W chromium: [WARNING:net/cert/ev_root_ca_metadata.cc:118] Not implemented
06-23 15:21:47.820  1488 17610 I NetworkScheduler.Stats: (REDACTED) Task %s/%s finished executing. cause:%s result: %s elapsed_millis: %s uptime_millis: %s exec_start_elapsed_seconds: %s
06-23 15:21:47.827  1799  1819 E ApplicationHelper: Fail to get PackageManager
06-23 15:21:47.828  1152 21330 I EffectChain: removeEffect_l() effect 0xb4000072116e5b70, removed from chain 0xb4000073216f35b0 at rank 0
06-23 15:21:47.828  1152 21330 I AudioFlinger_Threads: removeEffectChain_l() 0xb4000073216f35b0 from thread 0xb40000741a8557b0 for session 0
06-23 15:21:47.828  1152 21330 I EffectChain: EffectChain(): new EffectChain = 0xb4000073216f98b0
06-23 15:21:47.830  1152 21330 I AudioFlinger_Threads: addEffect_ll: 0xb400007414a0d7b0 chain 0xb4000073216f98b0 effect 0xb4000072116e5b70,name = DAP
06-23 15:21:47.830  1152 21330 I EffectChain: addEffect_l() effect 0xb4000072116e5b70, added in chain 0xb4000073216f98b0 at rank 0
06-23 15:21:47.838  1107 10430 I DlbDap2Process: configure(sampleRate=48000, inChannels=0x3, outChannels=0x3)
06-23 15:21:47.842  1799  1819 E ApplicationHelper: Fail to get PackageManager
06-23 15:21:47.852  1152 21330 I EffectChain: ~EffectChain(): delete EffectChain = 0xb4000073216f35b0
06-23 15:21:47.856  1488  1553 I FontLog : (REDACTED) Received query %s, URI %s
06-23 15:21:47.859  1488  1553 I FontLog : (REDACTED) Query [%s] resolved to %s
06-23 15:21:47.882  1488  1553 I FontLog : (REDACTED) Font PFD returned from cache for %s
06-23 15:21:47.882  1488  1553 I FontLog : (REDACTED) Fetch %s end status %s
06-23 15:21:47.884  1107  3863 I AudioALSAStreamOut: updateSourceMetadata(), do nothing source_metadata = 0x7b5b18cfe8
06-23 15:21:47.909  1488  1553 I FontLog : (REDACTED) Pulling font file for id = %d, cache size = %d
06-23 15:21:47.926 17778 17778 I Finsky  : [2] Profiling: Starting up (5)
06-23 15:21:47.940  1488  1553 I FontLog : (REDACTED) Received query %s, URI %s
06-23 15:21:47.941  1488  1553 I FontLog : (REDACTED) Query [%s] resolved to %s
06-23 15:21:47.947  1107  1625 I AHAL_Stream: start()
06-23 15:21:47.948  1488  1553 I FontLog : (REDACTED) Fetch %s end status %s
06-23 15:21:47.954  1488  2046 I FontLog : (REDACTED) Pulling font file for id = %d, cache size = %d
06-23 15:21:47.970  1357  1357 I thermal_repeater: [recvMdThermalInfo] ret=29, strLen=127,  3, 38, -50, -28402, 32767, 0
06-23 15:21:47.971  1488  2046 I FontLog : (REDACTED) Received query %s, URI %s
06-23 15:21:47.973  1799  1799 W libc    : Access denied finding property "vendor.mbrain.battery"
06-23 15:21:47.974  1488  2046 I FontLog : (REDACTED) Query [%s] resolved to %s
06-23 15:21:47.983  1488  2046 I FontLog : (REDACTED) Font PFD returned from cache for %s
06-23 15:21:47.987  1488  2046 I FontLog : (REDACTED) Fetch %s end status %s
06-23 15:21:47.995  1488  1553 I FontLog : (REDACTED) Pulling font file for id = %d, cache size = %d
06-23 15:21:48.009  1488  1553 I FontLog : (REDACTED) Received query %s, URI %s
06-23 15:21:48.010  1488  1553 I FontLog : (REDACTED) Query [%s] resolved to %s
06-23 15:21:48.014  1488  1553 I FontLog : (REDACTED) Font PFD returned from cache for %s
06-23 15:21:48.014  1488  1553 I FontLog : (REDACTED) Fetch %s end status %s
06-23 15:21:48.015  1799  1810 I system_server: Background young concurrent mark compact GC freed 20MB AllocSpace bytes, 19(884KB) LOS objects, 19% free, 82MB/103MB, paused 6.791ms,14.953ms total 284.840ms
06-23 15:21:48.021  1799  1812 W System  : A resource failed to call close. 
06-23 15:21:48.021  1799  1812 W System  : A resource failed to call close. 
06-23 15:21:48.021 17778 17866 I Finsky  : [2500] akoj - Registering in memory receiver for android.intent.action.PACKAGE_ADDED and android.intent.action.PACKAGE_REMOVED
06-23 15:21:48.029  1488  2046 I FontLog : (REDACTED) Pulling font file for id = %d, cache size = %d
06-23 15:21:48.036  1488  2046 I FontLog : (REDACTED) Received query %s, URI %s
06-23 15:21:48.036  1488  2046 I FontLog : (REDACTED) Query [%s] resolved to %s
06-23 15:21:48.038  1488  2046 I FontLog : (REDACTED) Font PFD returned from cache for %s
06-23 15:21:48.038  1488  2046 I FontLog : (REDACTED) Fetch %s end status %s
06-23 15:21:48.042  1488  2046 I FontLog : (REDACTED) Pulling font file for id = %d, cache size = %d
06-23 15:21:48.066  1164  1164 I BufferQueueProducer: [StatusBar#94](this:0xb400006fd5916be0,id:-1,api:0,p:-1,c:1164) queueBuffer: fps=0.79 dur=2525.29 max=2336.85 min=188.45
06-23 15:21:48.069 17778 17778 I Typeface: initOverlayFonts====family: RookeryNew-Regular
06-23 15:21:48.080  1799  3061 I ActivityManager: Flag disabled. Ignoring finishAttachApplication from uid: 10152. pid: 17778
06-23 15:21:48.084  1799  1819 E ApplicationHelper: Fail to get PackageManager
06-23 15:21:48.118  1386  1600 W mediaswcodec: AIBinder_linkToDeath is being called with a non-null cookie and no onUnlink callback set. This might not be intended. AIBinder_DeathRecipient_setOnUnlinked should be called first.
06-23 15:21:48.119 11925 16547 W .ibrastream.app: AIBinder_linkToDeath is being called with a non-null cookie and no onUnlink callback set. This might not be intended. AIBinder_DeathRecipient_setOnUnlinked should be called first.
06-23 15:21:48.128  1799  1819 E ApplicationHelper: Fail to get PackageManager
06-23 15:21:48.137  1386 16551 W mediaswcodec: AIBinder_linkToDeath is being called with a non-null cookie and no onUnlink callback set. This might not be intended. AIBinder_DeathRecipient_setOnUnlinked should be called first.
06-23 15:21:48.160 17768 17889 W VideoCapabilities: Unrecognized profile/level 32768/256 for video/mp4v-es
06-23 15:21:48.160 17768 17889 W VideoCapabilities: Unrecognized profile/level 32768/256 for video/mp4v-es
06-23 15:21:48.209 17778 17778 I Finsky  : [2] This process start was not selected for Play memory metrics collection.
06-23 15:21:48.231 17666 17666 I PlayCore: UID: [10158]  PID: [17666] AppUpdateService : ServiceConnectionImpl.onServiceConnected(ComponentInfo{com.android.vending/com.google.android.finsky.installservice.DevTriggeredUpdateService})
06-23 15:21:48.234 17666 17769 I PlayCore: UID: [10158]  PID: [17666] AppUpdateService : linkToDeath
06-23 15:21:48.256  1799  1819 E ApplicationHelper: Fail to get PackageManager
06-23 15:21:48.256  1799  1819 E ApplicationHelper: Fail to get PackageManager
06-23 15:21:48.257  2108  2108 W ConstraintSet: id unknown center_vertical_guideline
06-23 15:21:48.258  2108  2108 W ConstraintSet: id unknown action_button_guideline
06-23 15:21:48.258  2108  2108 W ConstraintSet: id unknown icon
06-23 15:21:48.258  2108  2108 W ConstraintSet: id unknown media_seamless
06-23 15:21:48.258  2108  2108 W ConstraintSet: id unknown media_action_barrier_start
06-23 15:21:48.258  2108  2108 W ConstraintSet: id unknown media_action_barrier_end
06-23 15:21:48.258  2108  2108 W ConstraintSet: id unknown media_action_barrier_top
06-23 15:21:48.258  2108  2108 W ConstraintSet: id unknown remove_text
06-23 15:21:48.258  2108  2108 W ConstraintSet: id unknown settings
06-23 15:21:48.258  2108  2108 W ConstraintSet: id unknown dismiss
06-23 15:21:48.258  2108  2108 W ConstraintSet: id unknown cancel
06-23 15:21:48.261  1799  1819 E ApplicationHelper: Fail to get PackageManager
06-23 15:21:48.261  1799  1819 E ApplicationHelper: Fail to get PackageManager
06-23 15:21:48.264  1098  1589 I netd    : tetherGetStats() -> {[TetherStatsParcel{iface: ccmni0, rxBytes: 59734, rxPackets: 151, txBytes: 105349, txPackets: 265, ifIndex: 0}, TetherStatsParcel{iface: wlan0, rxBytes: 30218520095, rxPackets: 27263578, txBytes: 3455438697, txPackets: 6726307, ifIndex: 0}]} <2.50ms>
06-23 15:21:48.339 17778 17778 I Finsky  : [2] Setup::DSE: Phenotype experiments synced with status: NO_UPDATE
06-23 15:21:48.359  1488 17711 I GetConfigSnapshotOp: (REDACTED) Succeeded but not registered: %s
06-23 15:21:48.360   377   377 I lowmemorykiller: Kill 'com.android.chrome:privileged_process0' (17768), uid 10158, oom_score_adj 915 to free 113436kB rss, 37920kB swap; reason: device is not responding
06-23 15:21:48.371  1799  1819 E ApplicationHelper: Fail to get PackageManager
06-23 15:21:48.371  1799  1819 E ApplicationHelper: Fail to get PackageManager
06-23 15:21:48.386 17778 17791 I Finsky  : [2493] Setup::DSE: Android ID is non-zero.
06-23 15:21:48.389 17778 17791 I Finsky  : [2493] Setup::DSE: Phenotype experiments synced with status: NO_UPDATE
06-23 15:21:48.409  1799  4073 I ActivityManager: Process com.android.chrome:privileged_process0 (pid 17768) has died: cch+15 CEM 
06-23 15:21:48.409  1799  4073 W ActivityManager: Scheduling restart of crashed service com.android.chrome/org.chromium.content.app.PrivilegedProcessService0 in 20000ms for connection
06-23 15:21:48.410  1488  1844 I FacsCacheGmsModule: (REDACTED) Receiving API connection to FACS API from package '%s'...
06-23 15:21:48.410  1099  1099 I Zygote  : Process 17768 exited due to signal 9 (Killed)
06-23 15:21:48.410 17666 17766 W cr_ChildProcessConn: onServiceDisconnected (crash or killed by oom): pid=17768 bindings:W  S
06-23 15:21:48.411  1799  4073 I mtkpower_client: [PowerHal_Wrap_notifyAppState] com.android.chrome/com.android.chrome pid=17768 activityId:17768 state:3
06-23 15:21:48.411  1799  1832 I libprocessgroup: Removed cgroup /sys/fs/cgroup/uid_10158/pid_17768
06-23 15:21:48.411  1132  1132 I vendor.mediatek.hardware.mtkpower_applist-service.mediatek: packName: com.android.chrome actName: com.android.chrome pid: 17768 activityId: 17768 uid: 10158 state: 3
06-23 15:21:48.411  1132  1132 I MTK_APPList: [notifyAPPstate] com.android.chrome/com.android.chrome, pid=17768, activityId=17768, uid=10158, state:DEAD, fps:-1, win:0
06-23 15:21:48.411  1132  1132 I MTK_APPList: [notifyAPPstate] multi_resumed_app_count: 1
06-23 15:21:48.411  1132  1132 I MTK_APPList: [notifyAPPstate] multi_resumed_app_info[0] com.ibrastream.app/com.ibrastream.app.MainActivity, pid:11925, activityId:249303850, fps:-1, isMultiWindow:0
06-23 15:21:48.411  1132  1132 I MTK_APPList: [getForegroundAPPCount] 1
06-23 15:21:48.411  1132  1132 I MTK_APPList: [notifyAPPstate] pack:com.android.chrome, pid:17768, STATE_DEAD
06-23 15:21:48.411  1132  1132 I MTK_APPList: [notifyNetdUID] 10320
06-23 15:21:48.412  1799  1832 W libprocessgroup: RemoveCgroup: /dev/memcg/apps/uid_10158/pid_17768 does not exist.
06-23 15:21:48.412  1132  1132 I MTK_APPList: [notifyPID] 11925
06-23 15:21:48.412 17666 17666 E chromium: [ERROR:content/browser/gpu/gpu_process_host.cc:1005] GPU process exited unexpectedly: exit_code=0
06-23 15:21:48.412 17666 17666 W chromium: [WARNING:content/browser/gpu/gpu_process_host.cc:1447] The GPU process has crashed 1 time(s)
06-23 15:21:48.412  1135  1212 I libPowerHal: [perfSetSysInfo] pid type:24, 11925
06-23 15:21:48.418  1488  1844 I FacsCacheGmsModule: API connection successful!
06-23 15:21:48.421 17778 17791 I Finsky  : [2493] Package com.android.chrome is verified.
06-23 15:21:48.423 17778 17792 W Settings: Setting download_manager_max_bytes_over_mobile has moved from android.provider.Settings.Secure to android.provider.Settings.Global.
06-23 15:21:48.426 17778 17792 I Finsky  : [2494] SettingNotFoundException, fall through to G.downloadBytesOverMobileMaximum
06-23 15:21:48.426 17778 17792 W Settings: Setting download_manager_recommended_max_bytes_over_mobile has moved from android.provider.Settings.Secure to android.provider.Settings.Global.
06-23 15:21:48.427  1488  1844 I FacsCacheGmsModule: (REDACTED) Received 'getActivityControlsSettings' request from package '%s', instance id '%s', version '%d'...
06-23 15:21:48.428 17778 17792 I Finsky  : [2494] SettingNotFoundException, fall through to G.downloadBytesOverMobileRecommended
06-23 15:21:48.429  1488  1844 I FacsCacheGmsModule: Operation 'getActivityControlsSettings' dispatched!
06-23 15:21:48.434  1665  1686 I FacsCacheGmsModule: Receiving API connection to internal FACS API...
06-23 15:21:48.435 17778 17791 I Finsky  : [2493] Setup::DSE: Requesting server eligibility
06-23 15:21:48.435  1488 16809 I FacsCacheGmsModule: (REDACTED) Executing operation '%s'...
06-23 15:21:48.438  1665  1686 I FacsCacheGmsModule: API connection successful!
06-23 15:21:48.454 11925 11925 I Capacitor/Console: File:  - Line 333 - Msg: undefined
06-23 15:21:48.456  1488 16809 I FacsCacheGmsModule: (REDACTED) Operation '%s' successful!
06-23 15:21:48.457 11925 11925 I Capacitor/Console: File:  - Line 333 - Msg: undefined
06-23 15:21:48.463  1488 17714 I NearbySharing: Consented to upload device contacts.
06-23 15:21:48.466  1135  1212 I mtkpower@impl: [powerd_req] TIMER_MSG_PERF_LOCK_TIMEOUT hdl:61068
06-23 15:21:48.466  1135  1212 I libPowerHal: [perfLockRel] hdl:61068, idx:2
06-23 15:21:48.466  1135  1212 I libPowerHal: [PD] system_server update ONESHOT(unset) cmd:1444200 param:11925 pr:3
06-23 15:21:48.466  1135  1212 I libPowerHal: [PD] system_server update ONESHOT(unset) cmd:1444600 param:70 pr:3
06-23 15:21:48.466  1135  1212 I libPowerHal: [perfLockRel] Done for hdl : 61068
06-23 15:21:48.468  1799  3743 I mtkpower_client: perf_lock_acq, hdl:61068, dur:1, num:2, pid:1799, tid:3743
06-23 15:21:48.473  1135  1212 I libPowerHal: [perfLockAcq] idx:1 hdl:61069 hint:-1 pid:1799 tid:3743 duration:1 lock_user:system_server => ret_hdl:61069
06-23 15:21:48.473  1135  1212 I libPowerHal: [PE] system_server update ONESHOT(set) cmd:1444300 param:11925 pr:3
06-23 15:21:48.473  1135  1212 I libPowerHal: [perfLockAcq] Done for hdl : 61069
06-23 15:21:48.473  1799  3743 I mtkpower_client: ret_hdl:61069
06-23 15:21:48.474  1135  1212 I mtkpower@impl: [powerd_req] TIMER_MSG_PERF_LOCK_TIMEOUT hdl:61069
06-23 15:21:48.474  1135  1212 I libPowerHal: [perfLockRel] hdl:61069, idx:1
06-23 15:21:48.475  1135  1212 I libPowerHal: [PD] system_server update ONESHOT(unset) cmd:1444300 param:11925 pr:3
06-23 15:21:48.475  1135  1212 I libPowerHal: [perfLockRel] Done for hdl : 61069
06-23 15:21:48.475  1799  3743 I mtkpower_client: perf_lock_rel, hdl:61069, tid:3743
06-23 15:21:48.475  1135  1212 I libPowerHal: [perfLockRel] hdl:61069, idx:-1
06-23 15:21:48.485 17778 17895 I Finsky  : [2512] Set UnhibernateActivity enabled state to 1
06-23 15:21:48.487 17778 17892 I Finsky  : [2510] SysUA: Set SystemUpdateActivity enabled state to 1
06-23 15:21:48.488 17778 17865 I Finsky  : [2499] VerifyApps: Setup app restrictions monitor
06-23 15:21:48.489 17778 17895 I Finsky  : [2512] SysCUA: Set {com.android.vending/com.google.android.finsky.systemcomponentupdateui.common.SystemComponentUpdateActivity} enabled state to 1
06-23 15:21:48.490 17778 17894 I Finsky  : [2511] Setup::DSE: server response key: [Ee6Y0bwFCKiP3oCLCBrRBnGR6CB1kgzMAp0mwzFsJBc];CkFtb3Rvcm9sYS9sYW11bF9nZS9sYW11bDoxNS9WVlRBMzUuNTEtMTE0LzhhNGVlYzp1c2VyL3JlbGVhc2Uta2V5cxCdMhgBIAAoADAAOgoKBgiAv_fNBhAB
06-23 15:21:48.496 17778 17894 I Finsky  : [2511] Setup::DSE: response is cached
06-23 15:21:48.501 17778 17865 I Finsky  : [2499] VerifyApps: Device wide unknown source restriction updated
06-23 15:21:48.508 17778 17865 I Finsky  : [2499] VerifyApps: Updating ADI Warn Mode activity enabled state
06-23 15:21:48.511  1799  1819 E ApplicationHelper: Fail to get PackageManager
06-23 15:21:48.511  1799  1819 E ApplicationHelper: Fail to get PackageManager
06-23 15:21:48.513 17778 17895 I Finsky  : [2512] VerifyApps: Resolving target for ADI Warn Mode activity
06-23 15:21:48.514 17778 17895 I Finsky  : [2512] VerifyApps: Feature flag disabled, ADI Warn Mode activity target not resolved
06-23 15:21:48.516 17778 17895 I Finsky  : [2512] VerifyApps: Successfully updated the ADI Warn Mode activity to disabled
06-23 15:21:48.527 17778 17864 I Finsky  : [2498] RECEIVER_SINGLE_USER_SETTINGS#logWorkEndAndFinishGoAsync: SUCCESS
06-23 15:21:48.530 17778 17872 I Finsky  : [2502] Enqueuing libraries load for -1789790619
06-23 15:21:48.531 17778 17895 I Finsky  : [2512] Starting libraries load for -1789790619
06-23 15:21:48.533 17778 17894 I Finsky  : [2511] DSE: Set Settings.Secure.play_determined_dma_eligibility to: 1 (success=true)
06-23 15:21:48.536  1799  1819 E ApplicationHelper: Fail to get PackageManager
06-23 15:21:48.536  1799  1819 E ApplicationHelper: Fail to get PackageManager
06-23 15:21:48.537 17778 17894 I Finsky  : [2511] DSE: Set Settings.Secure.play_determined_choice_program to: 2 (success=true)
06-23 15:21:48.549  1799  1819 E ApplicationHelper: Fail to get PackageManager
06-23 15:21:48.550  1799  1819 E ApplicationHelper: Fail to get PackageManager
06-23 15:21:48.554  1799  1819 E ApplicationHelper: Fail to get PackageManager
06-23 15:21:48.554  1799  1819 E ApplicationHelper: Fail to get PackageManager
06-23 15:21:48.575  1098 17911 I resolv  : GetAddrInfoHandler::run: {135 786567 135 983175 10151 0}
06-23 15:21:48.579  1098 17913 I resolv  : res_nmkquery: (QUERY, IN, A)
06-23 15:21:48.593  1098 17914 I resolv  : GetAddrInfoHandler::run: {135 786567 135 983175 10151 0}
06-23 15:21:48.594  1098 17915 I resolv  : res_nmkquery: (QUERY, IN, A)
06-23 15:21:48.602  1098 17913 I resolv  : res_nsend: used send_dg 101 terrno: 0
06-23 15:21:48.603  1488  1616 I goum    : (REDACTED) Shared storage file not found for %s
06-23 15:21:48.604  1098 17913 I resolv  : doQuery: rcode=0, ancount=4, return value=101
06-23 15:21:48.610  1098 17915 I resolv  : res_nsend: used send_dg 104 terrno: 0
06-23 15:21:48.611  1098 17915 I resolv  : doQuery: rcode=0, ancount=4, return value=104
06-23 15:21:48.611  1488  1616 I goum    : (REDACTED) Unable to retrieve flag snapshot for %s, using defaults.
06-23 15:21:48.614  1488  1844 I FacsCacheGmsModule: (REDACTED) Received 'getActivityControlsSettings' request from package '%s', instance id '%s', version '%d'...
06-23 15:21:48.614  1488  1844 I FacsCacheGmsModule: Operation 'getActivityControlsSettings' dispatched!
06-23 15:21:48.617  1488 17711 I FacsCacheGmsModule: (REDACTED) Executing operation '%s'...
06-23 15:21:48.618  1488 17711 I FacsCacheGmsModule: (REDACTED) Operation '%s' successful!
06-23 15:21:48.622  1488 16809 I NearbySharing: Failed to log DEVICE_SETTINGS, due to clearcutLogger is null.
06-23 15:21:48.623  1164  1164 I BufferQueueProducer: [com.ibrastream.app/com.ibrastream.app.MainActivity#39996](this:0xb400006fd59fa8e0,id:-1,api:0,p:-1,c:1164) queueBuffer: fps=12.84 dur=1012.13 max=612.20 min=11.28
06-23 15:21:48.624  1112  1127 I hwcomposer: [HWCDisplay] (0 updateFps():3644), (type:1, mode:2) fps:13.855775,dur:1010.41,max:389.48,min:11.59  
06-23 15:21:48.631 17778 17895 I Finsky  : [2512] Loaded library for account: [Ee6Y0bwFCKiP3oCLCBrRBnGR6CB1kgzMAp0mwzFsJBc]
06-23 15:21:48.632 17778 17895 I Finsky  : [2512] Loaded library for account: [lX0xbhCsucwWw-HgP9D60-qQ4wEiRocouLtvCVSDVuw]
06-23 15:21:48.632 17778 17895 I Finsky  : [2512] Loaded library for account: [YO771OZgqdTiR7vSCs-u11HRAhHUBvDWfUOzDjV2Fb8]
06-23 15:21:48.633 17778 17895 I Finsky  : [2512] Loaded library for account: [u7lT-wd6WT6eoBVJivIiZhatGEnYJlrWmY0KdBlmw04]
06-23 15:21:48.633 17778 17895 I Finsky  : [2512] Loaded library for account: [FgwxSDLUxget13qfW6J3FmdodWDkN7KycMQZTFeVx_Q]
06-23 15:21:48.634 17778 17895 I Finsky  : [2512] Finished loading 5 libraries.
06-23 15:21:48.701 17778 17918 I Finsky  : [2524] Created new item store.
06-23 15:21:48.744  1132  1181 I libPerfCtl: xgfGetFPS pid:2108 fps:-1
06-23 15:21:48.744  1132  1181 I libPerfCtl: xgfGetFPS pid:11925 fps:-1
06-23 15:21:48.754 17778 17918 I Finsky  : [2524] Subscription detail: DataSubscriptionInfo{groupIdLevel1=44474553, serviceProviderName=[3XLF4lvMIylE1O7ly_w6ACvdBeBh18YI-yhoWTZXf2Q], simCarrierId=2442}
06-23 15:21:48.758 17778 17778 I Finsky  : [2] onSubscriptionsChanged
06-23 15:21:48.850 11925 11925 I Capacitor/Console: File:  - Line 333 - Msg: undefined
06-23 15:21:48.900  1799  3061 W ParceledListSlice: Element #77 is 21136 bytes.
06-23 15:21:48.927  1135  1212 I libPowerHal: perfUserScnCheckAll
06-23 15:21:48.927  1135  1212 I libPowerHal: perfScnDumpAll cmd:0
06-23 15:21:48.927  1135  1212 I libPowerHal: ========================
06-23 15:21:48.927  1135  1212 I libPowerHal: system_server - gpu freq min:-1, max:-1, scn_action:0
06-23 15:21:48.927  1135  1212 I libPowerHal: system_server - gpu freq min:-1, max:-1, scn_action:0
06-23 15:21:48.927  1135  1212 I libPowerHal: system_server cmd:3000000 param:1
06-23 15:21:48.927  1135  1212 I libPowerHal: ========================
06-23 15:21:49.061 17778 17892 I Finsky  : [2510] Finished reading experiment flags from file [8svu7g3rw1YIcvdzG21ARuFC8-MFfrClctVIegxbYzU] numFlags=2039.
06-23 15:21:49.076 17778 17892 I Finsky  : [2510] Finished reading experiment flags from file [GslxE7VnozFdEAQCxnd_4py_jU1aWFjk7vhmeTyHE8Q] numFlags=2039.
06-23 15:21:49.096 17778 17892 I Finsky  : [2510] Finished reading experiment flags from file [6zo_MYJxvhh4eW6q9zGFYLTu7u6pJdrCFLklAfQRsQc] numFlags=2039.
06-23 15:21:49.109 17778 17892 I Finsky  : [2510] Finished reading experiment flags from file [sGFWwBxWcQTOvjCXcoIvjZMYecfkgOrKA6TyY1K4H6c] numFlags=2039.
06-23 15:21:49.249  1799  1819 E ApplicationHelper: Fail to get PackageManager
06-23 15:21:49.260  1799  1819 E ApplicationHelper: Fail to get PackageManager
06-23 15:21:49.264  1799  1819 E ApplicationHelper: Fail to get PackageManager
06-23 15:21:49.267  1098  1589 I netd    : tetherGetStats() -> {[TetherStatsParcel{iface: ccmni0, rxBytes: 59734, rxPackets: 151, txBytes: 105349, txPackets: 265, ifIndex: 0}, TetherStatsParcel{iface: wlan0, rxBytes: 30218520633, rxPackets: 27263579, txBytes: 3455438737, txPackets: 6726308, ifIndex: 0}]} <6.79ms>
06-23 15:21:49.269  1799  1819 E ApplicationHelper: Fail to get PackageManager
06-23 15:21:49.280  1799  1819 E ApplicationHelper: Fail to get PackageManager
06-23 15:21:49.282  1799  1819 E ApplicationHelper: Fail to get PackageManager
06-23 15:21:49.285  1799  1819 E ApplicationHelper: Fail to get PackageManager
