06-23 13:34:29.426 12423 12442 I RcsProvisioningManager: AvailabilityObserver.onUpdate : Notify RcsAvailabilityListener dddq@a89ef92 onRcsAvailabilityUpdate, SIM = redacted-pii:sim_id[chars:19,last3:392], availability = 7
06-23 13:34:29.432 12423 12475 I RcsProvisioningManager: CommonRcsProvisioningChangeListenerHandler.notifyListener : Notify RcsProvisioningChangeListener duzw@ef12d60 onRcsProvisioningChange, SIM = redacted-pii:sim_id[chars:34,last3:92)], available rcs provisioning ids  = redacted-pii:sim_id[chars:19,last3:392]
06-23 13:34:29.433 12423 12477 I RcsProvisioningManager: AvailabilityObserver.onUpdate : Notify RcsAvailabilityListener diyq@e141498 onRcsAvailabilityUpdate, SIM = redacted-pii:sim_id[chars:19,last3:392], availability = 7
06-23 13:34:29.433 12423 12479 I RcsProvisioningFlow: EVENT_TYPE_PROVISIONING_SUCCEEDED logging skipped for redacted-pii:sim_id[chars:19,last3:392] because of NOT_ELIGIBLE_PREVIOUS_EVENT_NOT_LOGGED
06-23 13:34:29.435 12423 12448 I RcsProvisioningFlow: Clearing provisioning flow state for redacted-pii:sim_id[chars:59,last3:AGS]
06-23 13:34:29.440 12423 12487 I BugleTransport: Retrieved RCS available simIds: [redacted-pii[19-chars]]
06-23 13:34:29.449 12423 12458 I BugleSelfIdentity: empty phone number from override [CONTEXT sub_id=1 ]
06-23 13:34:29.454 12423 12475 I RcsClientLib: Service is deprecated skipping connection attempt: EventService
06-23 13:34:29.454 12423 12483 I Bugle   : RcsAvailabilityUtilForProvisioningEngineV2: onCsLibPhenotypeUpdated
06-23 13:34:29.454 12423 12437 I BugleCME: updateVerifiedAddress [CONTEXT sub_id=1 ]
06-23 13:34:29.454 12423 12487 I BugleTransport: Enabled chat transport for SIM = redacted-pii[19-chars] is TACHYGRAM
06-23 13:34:29.454 12423 12475 I RcsClientLib: Service is deprecated skipping connection attempt: ContactsService
06-23 13:34:29.455 12423 12475 I RcsClientLib: Service is deprecated skipping connection attempt: FileTransferService
06-23 13:34:29.455 12423 12475 I RcsClientLib: Service is deprecated skipping connection attempt: LocationSharingService
06-23 13:34:29.455 12423 12438 I BugleRcsEngine: SystemBinding enabled: true [CONTEXT log_prefix="SystemBindingManager" thread_id=2449 ]
06-23 13:34:29.456 12423 12475 I RcsClientLib: Service is deprecated skipping connection attempt: ImsConnectionTrackerService
06-23 13:34:29.456 12423 12438 I BugleRcsEngine: System Binding updated [CONTEXT thread_id=2449 ]
06-23 13:34:29.456 12423 12475 I RcsClientLib: Service is deprecated skipping connection attempt: RcsProfileService
06-23 13:34:29.456 12423 12458 I BugleSelfIdentity: empty phone number from override [CONTEXT sub_id=1 ]
06-23 13:34:29.456 12423 12475 I RcsClientLib: Service is deprecated skipping connection attempt: RcsMessagingService
06-23 13:34:29.457 12423 12475 I BugleRcs: connecting to 7 Rcs Services
06-23 13:34:29.459 12423 12487 I BuglePipeline: ChatTransport changed, precomputing PipelineWorkRepository cache
06-23 13:34:29.460 12423 12453 I BuglePipeline: WorkItemCache is not initialized, retrieving records from the db.
06-23 13:34:29.461 12423 12458 I BugleSelfIdentity: empty phone number from override [CONTEXT sub_id=1 ]
06-23 13:34:29.471 12423 12458 I BugleDataModel: SubscriptionsTracker bindToTrackingMap bound participants: [ParticipantId=1 subId=-1, ParticipantId=3 subId=1]
06-23 13:34:29.474 12423 12458 I BugleDataModel: set orderedRowIdAndTokenPairs: [rowId=3 subId= 1 token=84045a0d-3606-443b-88de-9e500910f363, rowId=1 subId= -1 token=b2d9513f-8fd7-48b2-b1e1-ea1f4202ce93]
06-23 13:34:29.476 12423 12437 I BugleCME: notifyAllVerifications, is first verification: false [CONTEXT sub_id=1 my_identity_token="84045a0d-3606-443b-88de-9e500910f363" ]
06-23 13:34:29.476 12423 12445 I BugleTransport: Deregister all SIMs except for SIMs with subIds: [] from chat transport: DUAL_REGISTRATION.
06-23 13:34:29.476 12423 12476 I BugleTransport: Deregister all SIMs except for SIMs with subIds: [] from chat transport: SINGLE_REGISTRATION.
06-23 13:34:29.477 12423 12443 I BugleTransport: Deregister all SIMs except for SIMs with subIds: [1] from chat transport: TACHYGRAM.
06-23 13:34:29.478 12423 12476 I RcsClientLib: Service is deprecated skipping connection attempt: RcsEngineLifecycleServiceV2
06-23 13:34:29.479 12423 12453 I BugleRcsJibe: RcsServiceConnectionException was raised while waiting to connect to RcsEngineLifecycleServiceV2
06-23 13:34:29.485 12423 12445 I BugleTransport: Register SIM with subId: 1 on chat transport: TACHYGRAM.
06-23 13:34:29.487 12423 12457 I BugleJobs: Starts to observe table change.
06-23 13:34:29.495 12423 12483 I BugleSpam: SBP: Registering monitor for new subIds
06-23 13:34:29.499 12423 12448 I BugleCME: intervalPassed=false, verifiedAddressChanged=false [CONTEXT my_identity_token="84045a0d-3606-443b-88de-9e500910f363" ]
06-23 13:34:29.507 12423 12453 I Forking : Starting analysis.
06-23 13:34:29.509 12423 12453 I Misthreading: Starting analysis.
06-23 13:34:29.532   988 12465 W BpBinder: Large outgoing transaction of 394384 bytes, interface descriptor , code 4
06-23 13:34:29.533 12423 12481 W ComponentDiscovery: Class com.google.firebase.installations.FirebaseInstallationsKtxRegistrar is not an found.
06-23 13:34:29.535 12423 12481 I FirebaseApp: Device unlocked: initializing all Firebase APIs for app [DEFAULT]
06-23 13:34:29.543 12423 12457 I BugleNetwork: FirebaseRegistrationStartupTask: Enabling Firebase component
06-23 13:34:29.574 12423 12458 I BugleRcsProvisioning: BugleSystemBindingManager: onBuglePhenotypeFlagChanged
06-23 13:34:29.578 12423 12476 I BugleTransport: Retrieved RCS available simIds: [redacted-pii[19-chars]]
06-23 13:34:29.578 12423 12481 I BugleRcsEngine: SystemBinding enabled: true [CONTEXT log_prefix="SystemBindingManager" thread_id=2478 ]
06-23 13:34:29.579 12423 12481 I BugleRcsEngine: System Binding updated [CONTEXT thread_id=2478 ]
06-23 13:34:29.579 12423 12476 I BugleTransport: Enabled chat transport for SIM = redacted-pii[19-chars] is TACHYGRAM
06-23 13:34:29.581 12423 12475 I BugleTransport: Deregister all SIMs except for SIMs with subIds: [1] from chat transport: TACHYGRAM.
06-23 13:34:29.581 12423 12445 I BugleTransport: Deregister all SIMs except for SIMs with subIds: [] from chat transport: SINGLE_REGISTRATION.
06-23 13:34:29.581 12423 12487 I BugleTransport: Deregister all SIMs except for SIMs with subIds: [] from chat transport: DUAL_REGISTRATION.
06-23 13:34:29.583 12423 12445 I RcsClientLib: Service is deprecated skipping connection attempt: RcsEngineLifecycleServiceV2
06-23 13:34:29.585 12423 12453 I BugleRcsJibe: RcsServiceConnectionException was raised while waiting to connect to RcsEngineLifecycleServiceV2
06-23 13:34:29.586 12423 12445 I BugleTransport: Register SIM with subId: 1 on chat transport: TACHYGRAM.
06-23 13:34:29.592  1799  1819 E ApplicationHelper: Fail to get PackageManager
06-23 13:34:29.592  1799  1819 E ApplicationHelper: Fail to get PackageManager
06-23 13:34:29.592  1799  1819 E ApplicationHelper: Fail to get PackageManager
06-23 13:34:29.593 12423 12453 I BugleDataModel: 4 not running because already up to date, upgradeCommand: EXECUTE_UPGRADE, version: 1
06-23 13:34:29.596 12423 12455 I BugleDataModel: 9 not running because already up to date, upgradeCommand: EXECUTE_DOWNGRADE, version: 4
06-23 13:34:29.598  1799  1819 E ApplicationHelper: Fail to get PackageManager
06-23 13:34:29.598  1799  1819 E ApplicationHelper: Fail to get PackageManager
06-23 13:34:29.598  1799  1819 E ApplicationHelper: Fail to get PackageManager
06-23 13:34:29.600 12423 12455 I BugleDataModel: 3 not running because already up to date, upgradeCommand: EXECUTE_UPGRADE, version: 2
06-23 13:34:29.603 12423 12448 I BugleDataModel: 2 not running because already up to date, upgradeCommand: EXECUTE_UPGRADE, version: 4
06-23 13:34:29.603   988   992 I .gms.persistent: Background young concurrent mark compact GC freed 23MB AllocSpace bytes, 10(348KB) LOS objects, 54% free, 19MB/42MB, paused 673us,5.516ms total 85.685ms
06-23 13:34:29.606 12423 12453 I BugleDataModel: 8 not running because already up to date, upgradeCommand: EXECUTE_UPGRADE, version: 1
06-23 13:34:29.609 12423 12448 I BugleDataModel: 11 not running because already up to date, upgradeCommand: EXECUTE_UPGRADE, version: 1
06-23 13:34:29.616 12423 12458 I BugleSatellite: Processing Phenotype flag changes.
06-23 13:34:29.618 12423 12475 I BugleSatellite: Reporting to Telephony: SMS supported = true
06-23 13:34:29.620  1799  1819 E ApplicationHelper: Fail to get PackageManager
06-23 13:34:29.620  1799  1819 E ApplicationHelper: Fail to get PackageManager
06-23 13:34:29.620  1799  1819 E ApplicationHelper: Fail to get PackageManager
06-23 13:34:29.622  1799  1819 E ApplicationHelper: Fail to get PackageManager
06-23 13:34:29.622  1799  1819 E ApplicationHelper: Fail to get PackageManager
06-23 13:34:29.622  1799  1819 E ApplicationHelper: Fail to get PackageManager
06-23 13:34:29.637 12423 12445 I WM-WorkerWrapper: Worker result SUCCESS for Work [ id=4cab0106-3ffe-4760-b687-c979554adea8, tags={ com.google.android.apps.messaging.shared.datamodel.workqueue.WorkQueueWorkerShim,data_upgrade- } ]
06-23 13:34:29.748 12423 12457 I BugleE2eeEtouffee: EtouffeeStateMachine: Ensuring state machine consistency
06-23 13:34:29.757 12423 12448 I BugleE2eeEtouffee: EtouffeeStateMachine: onRegistrationUpdate from Tachyon, previousState: REGISTERED_WITH_PREKEYS, newState: REGISTERED_WITH_PREKEYS, reason: STARTUP_ENSURE_CONSISTENCY
06-23 13:34:29.762 12423 12445 I BugleE2eeEtouffee: EtouffeeStateMachine: E2EE provisioning state update, Previous Etouffee status: PROVISIONED, New Etouffee status: PROVISIONED
06-23 13:34:29.781  1799  1819 E ApplicationHelper: Fail to get PackageManager
06-23 13:34:29.781  1799  1819 E ApplicationHelper: Fail to get PackageManager
06-23 13:34:29.781  1799  1819 E ApplicationHelper: Fail to get PackageManager
06-23 13:34:29.784  1799  1819 E ApplicationHelper: Fail to get PackageManager
06-23 13:34:29.784  1799  1819 E ApplicationHelper: Fail to get PackageManager
06-23 13:34:29.784  1799  1819 E ApplicationHelper: Fail to get PackageManager
06-23 13:34:29.787 12423 12445 I BugleE2eeEtouffee: PendingFtdMessageProcessor: Removed old pending messages. count: 0
06-23 13:34:29.789 12423 12448 I BugleE2eeEtouffee: EtouffeeStateMachine: Deleting old data if any.
06-23 13:34:29.791 12423 12457 I native  : I0000 00:00:1782214469.791606   12457 db_store.cc:105] Loading an existing database with version 16
06-23 13:34:29.792 12423 12457 I native  : I0000 00:00:1782214469.791990   12457 db_store.cc:517] Checking presence of tables, run_sqlite_master_schema_validation=true, run_per_table_schema_validation=true
06-23 13:34:29.798 12423 12457 I native  : I0000 00:00:1782214469.798091   12457 db_store.cc:428] Database schema, prefix=scytale_05a40a864a4407389887497612d8be9f718b3793ddb2373974cd96e33bc6865d25_
06-23 13:34:29.799 12423 12457 I native  : I0000 00:00:1782214469.799717   12457 db_store.cc:449] Database schema=CREATE TABLE scytale_05a40a864a4407389887497612d8be9f718b3793ddb2373974cd96e33bc6865d25_db_configuration(single_row INTEGER NOT NULL DEFAULT 1,schema_version INTEGER NOT NULL,PRIMARY KEY(single_row) CHECK(single_row = 1))
06-23 13:34:29.800 12423 12457 I native  : I0000 00:00:1782214469.800020   12457 db_store.cc:449] Database schema=CREATE TABLE scytale_05a40a864a4407389887497612d8be9f718b3793ddb2373974cd96e33bc6865d25_identity_keys(device_id TEXT NOT NULL,identity_key BLOB NOT NULL,revision_timestamp_millis LONG NOT NULL DEFAULT(0),PRIMARY KEY(device_id) )
06-23 13:34:29.800 12423 12457 I native  : I0000 00:00:1782214469.800198   12457 db_store.cc:449] Database schema=CREATE TABLE scytale_05a40a864a4407389887497612d8be9f718b3793ddb2373974cd96e33bc6865d25_message_otks(message_id TEXT NOT NULL,device_id TEXT NOT NULL,otk BLOB NOT NULL,insert_timestamp_millis LONG NOT NULL DEFAULT(0),PRIMARY KEY(message_id, device_id) )
06-23 13:34:29.800 12423 12457 I native  : I0000 00:00:1782214469.800344   12457 db_store.cc:449] Database schema=CREATE TABLE scytale_05a40a864a4407389887497612d8be9f718b3793ddb2373974cd96e33bc6865d25_prekeys(key_id INTEGER NOT NULL,key_type INTEGER NOT NULL DEFAULT(0),prekey BLOB ,timestamp_millis LONG ,PRIMARY KEY(key_id) )
06-23 13:34:29.800 12423 12457 I native  : I0000 00:00:1782214469.800501   12457 db_store.cc:449] Database schema=CREATE TABLE scytale_05a40a864a4407389887497612d8be9f718b3793ddb2373974cd96e33bc6865d25_received_message_state(message_id TEXT NOT NULL,message_state INTEGER NOT NULL DEFAULT(0),insert_timestamp_millis LONG NOT NULL DEFAULT(0),PRIMARY KEY(message_id) )
06-23 13:34:29.800 12423 12457 I native  : I0000 00:00:1782214469.800650   12457 db_store.cc:449] Database schema=CREATE TABLE scytale_05a40a864a4407389887497612d8be9f718b3793ddb2373974cd96e33bc6865d25_sent_message_digests(message_id TEXT NOT NULL,device_id TEXT NOT NULL,message_digest BLOB NOT NULL,insert_timestamp_millis LONG NOT NULL DEFAULT(0),PRIMARY KEY(message_id, device_id) )
06-23 13:34:29.800 12423 12457 I native  : I0000 00:00:1782214469.800785   12457 db_store.cc:449] Database schema=CREATE TABLE scytale_05a40a864a4407389887497612d8be9f718b3793ddb2373974cd96e33bc6865d25_sessions(device_id TEXT NOT NULL DEFAULT(0),session BLOB ,PRIMARY KEY(device_id) )
06-23 13:34:29.801 12423 12457 I BugleE2eeEtouffee: CryptoV2Provider: Base crypto created
06-23 13:34:29.809 12423 12448 I BugleE2eeEtouffee: Removed OTK count: 0
06-23 13:34:29.815  1799  1819 E ApplicationHelper: Fail to get PackageManager
06-23 13:34:29.815  1799  1819 E ApplicationHelper: Fail to get PackageManager
06-23 13:34:29.815  1799  1819 E ApplicationHelper: Fail to get PackageManager
06-23 13:34:29.817 12423 12445 I WM-WorkerWrapper: Worker result SUCCESS for Work [ id=a29bbb4f-ae58-4264-835a-6f0cb03e5f86, tags={ com.google.android.apps.messaging.shared.datamodel.workqueue.WorkQueueWorkerShim,ftd_data_clean_up_work- } ]
06-23 13:34:29.818  1799  1819 E ApplicationHelper: Fail to get PackageManager
06-23 13:34:29.818  1799  1819 E ApplicationHelper: Fail to get PackageManager
06-23 13:34:29.818  1799  1819 E ApplicationHelper: Fail to get PackageManager
06-23 13:34:29.876 12423 12445 I BugleMDD: MddBackgroundStartupTask: Scheduled MDD periodic tasks.
06-23 13:34:29.892 12423 12475 I BugleRcsProvisioning: RcsProvisioningTrigger: Schedule provisioning on app startup
06-23 13:34:29.894 12423 12475 I BugleRcsProvisioning: RcsProvisioningTrigger: updateAvailabilityForAllSimsAsync : hint = NO_HINT logTriggerEvent = false
06-23 13:34:29.894 12423 12475 I Bugle   : RcsAvailabilityUtilForProvisioningEngineV2: updateAvailabilityForAllSimsAsync, hint: NO_HINT
06-23 13:34:29.895 12423 12475 I BugleRcsProvisioning: updateAvailabilityForAllSimsAsync: hint: NO_HINT
06-23 13:34:29.899 12423 12445 I BugleRcsProvisioning: updateRcsAvailabilityForMultipleSims: hint: NO_HINT
06-23 13:34:29.899 12423 12487 I BugleNetwork: Startup: registering tachyon.
06-23 13:34:29.905 12423 12487 I BugleNetwork: Startup: registering tachyon for phone.
06-23 13:34:29.911 12423 12483 I BugleNetwork: TachyonPhoneRegistration: Ensuring Tachyon phone registration
06-23 13:34:29.919 12423 12445 I BugleRcsEngine: [SR]: Single Registration is disabled. Skipping Single Registration capability check for subId: 1 [CONTEXT thread_id=2457 ]
06-23 13:34:29.926 12423 12445 I BugleRcsProvisioning: RcsAvailability configuration availability and enabled status: simId: redacted-pii:sim_id[chars:19,last3:392], SipConnectionType: DUAL_REG, isConfigurationAvailableAndEnabled: true
06-23 13:34:29.927 12423 12445 I BugleRcsProvisioning: Checking isConfigServerUrlAvailable with simId: redacted-pii:sim_id[chars:19,last3:392], 
06-23 13:34:29.929 12423 12445 I BugleRcsEngine: getConfigServerUrl with simId: redacted-pii:sim_id[chars:19,last3:392] [CONTEXT log_prefix="ProvisioningServerUtil" thread_id=2457 ]
06-23 13:34:29.931 12423 12445 I BugleRcsEngine: Using MCC based URL [CONTEXT log_prefix="ProvisioningServerUtil" thread_id=2457 ]
06-23 13:34:29.932 12423 12445 I ProvisioningServerUtil: Getting mccmnc from SimSubscriptionInfo.
06-23 13:34:29.940 12423 12445 I BugleRcsProvisioning: RcsAvailability: Subscription Id: 1, simId: redacted-pii:sim_id[chars:19,last3:392], sipConnectionType: DUAL_REG, isRcsAvailable: true
06-23 13:34:29.942  1799  1830 I ActivityManager: Test idle failed due to 3c39ad0 12423:com.google.android.apps.messaging/u0a150 runnable at +30ms because NORMAL
06-23 13:34:29.942 12423 12445 I BugleRcsProvisioning: updateAvailabilityForRcsProvisioningId. SimId: redacted-pii:sim_id[chars:19,last3:392], currentAvailability: 7, newAvailability: 7, hint: NO_HINT
06-23 13:34:29.944 12423 12475 I RcsClientLib: Service is deprecated skipping connection attempt: EventService
06-23 13:34:29.945 12423 12476 I BugleRcsProvisioning: RcsProvisioningTrigger: onRcsAvailabilityUpdate : availability is updated to RCS is setup, lastAvailabilityLocal is null, simId hash = -380216083383916349, simId = redacted-pii:sim_id[chars:19,last3:392], isPev3Enabled = true
06-23 13:34:29.946 12423 12475 I RcsClientLib: Service is deprecated skipping connection attempt: ContactsService
06-23 13:34:29.947 12423 12475 I RcsClientLib: Service is deprecated skipping connection attempt: FileTransferService
06-23 13:34:29.947 12423 12476 I RcsProvisioningManager: Receive onRcsAvailabilityUpdate, SIM = redacted-pii:sim_id[chars:19,last3:392], availability = RcsAvailability{mAvailability=AVAILABLE (RCS is setup)}
06-23 13:34:29.948 12423 12475 I RcsClientLib: Service is deprecated skipping connection attempt: LocationSharingService
06-23 13:34:29.948 12423 12458 I BugleRcsProvisioning: scheduleProvisioningForEligibleSims
06-23 13:34:29.949 12423 12475 I RcsClientLib: Service is deprecated skipping connection attempt: ImsConnectionTrackerService
06-23 13:34:29.957 12423 12475 I RcsClientLib: Service is deprecated skipping connection attempt: RcsProfileService
06-23 13:34:29.958 12423 12475 I RcsClientLib: Service is deprecated skipping connection attempt: RcsMessagingService
06-23 13:34:29.958 12423 12475 I BugleRcs: connecting to 7 Rcs Services
06-23 13:34:29.961 12423 12445 I RcsProvisioning: Schedule provisioning for all eligible SIMs with trigger event: 4
06-23 13:34:29.989 12423 12458 I BugleRcsEngine: [SR]: Single Registration is disabled. Skipping Single Registration capability check for subId: 1 [CONTEXT thread_id=2470 ]
06-23 13:34:29.989 12423 12476 I RcsProvisioningManager: Configuration is empty: false for simId: redacted-pii:sim_id[chars:34,last3:92)]
06-23 13:34:29.994 12423 12445 I RcsProvisioningManager: CommonRcsProvisioningChangeListenerHandler.notifyListener : Notify RcsProvisioningChangeListener duzw@ef12d60 onRcsProvisioningChange, SIM = redacted-pii:sim_id[chars:34,last3:92)], available rcs provisioning ids  = redacted-pii:sim_id[chars:19,last3:392]
06-23 13:34:29.998 12423 12442 I RcsProvisioningManager: AvailabilityObserver.onUpdate : Notify RcsAvailabilityListener dddq@a89ef92 onRcsAvailabilityUpdate, SIM = redacted-pii:sim_id[chars:19,last3:392], availability = 7
06-23 13:34:30.002 12423 12455 I RcsProvisioningFlow: EVENT_TYPE_PROVISIONING_SUCCEEDED logging skipped for redacted-pii:sim_id[chars:19,last3:392] because of NOT_ELIGIBLE_PREVIOUS_EVENT_NOT_LOGGED
06-23 13:34:30.006 12423 12476 I BugleRcsProvisioning: RcsProvisioningTrigger: onRcsAvailabilityUpdate : isPreviousDisabled = true, isCurrentDisabled = false, config[simId:redacted-pii:sim_id[chars:19,last3:392]] = [Type: 1, Version: 22, Validity: 347334, Last updated: 1782098877, Remaining validity: 231741, Reconfiguration requested: false, Messaging technology: CPM, rcsVolteSingleRegistration: false, Invalid configreason: INVALID_CONFIG_REASON_UNSPECIFIED], hasToken: true, isValidAndUpdated: true
06-23 13:34:30.007 12423 12477 I RcsProvisioningManager: AvailabilityObserver.onUpdate : Notify RcsAvailabilityListener diyq@e141498 onRcsAvailabilityUpdate, SIM = redacted-pii:sim_id[chars:19,last3:392], availability = 7
06-23 13:34:30.013 12423 12475 I Bugle   : kickOffPendingIfNowConnected: RCS is ready and it was off. Trigger scheduling: [scheduleProcessPendingMessagesActionForStartup, scheduleOnlyForCurrentProcess, maybeScheduleImmediately]
06-23 13:34:30.017 12423 12501 I BugleTransport: Retrieved RCS available simIds: [redacted-pii[19-chars]]
06-23 13:34:30.018 12423 12458 I RcsProvisioningWorkMana: Skipping full provisioning scheduling since we already have valid and updated RCS configuration
06-23 13:34:30.020  1799  1819 E ApplicationHelper: Fail to get PackageManager
06-23 13:34:30.020  1799  1819 E ApplicationHelper: Fail to get PackageManager
06-23 13:34:30.020  1799  1819 E ApplicationHelper: Fail to get PackageManager
06-23 13:34:30.021 12423 12476 I RcsProvisioningManager: Receive onRcsConfigurationUpdate, SIM = redacted-pii:sim_id[chars:19,last3:392], configuration = Type: 1, Version: 22, Validity: 347334, Last updated: 1782098877, Remaining validity: 231741, Reconfiguration requested: false, Messaging technology: CPM, rcsVolteSingleRegistration: false, Invalid configreason: INVALID_CONFIG_REASON_UNSPECIFIED
06-23 13:34:30.022 12423 12483 I BugleCME: updateVerifiedAddress [CONTEXT sub_id=1 ]
06-23 13:34:30.024  1799  1819 E ApplicationHelper: Fail to get PackageManager
06-23 13:34:30.024  1799  1819 E ApplicationHelper: Fail to get PackageManager
06-23 13:34:30.024  1799  1819 E ApplicationHelper: Fail to get PackageManager
06-23 13:34:30.025 12423 12501 I BugleTransport: Enabled chat transport for SIM = redacted-pii[19-chars] is TACHYGRAM
06-23 13:34:30.025 12423 12456 I RcsProvisioningFlow: Clearing provisioning flow state for redacted-pii:sim_id[chars:19,last3:392]
06-23 13:34:30.025 12423 12476 I RcsProvisioningManager: Configuration is empty: false for simId: redacted-pii:sim_id[chars:34,last3:92)]
06-23 13:34:30.026 12423 12444 I BugleTransport: Deregister all SIMs except for SIMs with subIds: [1] from chat transport: TACHYGRAM.
06-23 13:34:30.028 12423 12487 I BugleTransport: Deregister all SIMs except for SIMs with subIds: [] from chat transport: DUAL_REGISTRATION.
06-23 13:34:30.030 12423 12475 I BugleDataModel: ActionExecutorImpl: ACTION_EXECUTE_QUEUED_ProcessPendingMessagesAction
06-23 13:34:30.030 12423 12500 I BugleDataModel: running action ProcessPendingMessagesAction
06-23 13:34:30.031 12423 12423 I BugleDataModel: ActionExecutorImpl: ACTION_EXECUTE_QUEUED_ProcessPendingRevocationsAction
06-23 13:34:30.031 12423 12475 I BugleDataModel: ProcessPendingRevocationsActionScheduler: scheduled next action. back off seconds: 0
06-23 13:34:30.031 12423 12483 I BugleCME: notifyAllVerifications, is first verification: false [CONTEXT sub_id=1 my_identity_token="84045a0d-3606-443b-88de-9e500910f363" ]
06-23 13:34:30.033 12423 12458 I BugleTransport: Deregister all SIMs except for SIMs with subIds: [] from chat transport: SINGLE_REGISTRATION.
06-23 13:34:30.033 12423 12428 I .apps.messaging: Background young concurrent mark compact GC freed 11MB AllocSpace bytes, 22(824KB) LOS objects, 55% free, 8819KB/19MB, paused 6.438ms,10.934ms total 222.355ms
06-23 13:34:30.034 12423 12501 I RcsClientLib: Service is deprecated skipping connection attempt: RcsEngineLifecycleServiceV2
06-23 13:34:30.036 12423 12456 I BugleRcsJibe: RcsServiceConnectionException was raised while waiting to connect to RcsEngineLifecycleServiceV2
06-23 13:34:30.036 12423 12475 I BugleGroupManagement: Skipping RCS group identifiers telephony batch migration. Disabled by phenotype.
06-23 13:34:30.036 12423 12458 I RcsProvisioningManager: CommonRcsProvisioningChangeListenerHandler.notifyListener : Notify RcsProvisioningChangeListener duzw@ef12d60 onRcsProvisioningChange, SIM = redacted-pii:sim_id[chars:34,last3:92)], available rcs provisioning ids  = redacted-pii:sim_id[chars:19,last3:392]
06-23 13:34:30.037 12423 12487 I RcsProvisioningManager: combineConfigurationWithAvailability, simId = redacted-pii:sim_id[chars:19,last3:392], hasConfig = true
06-23 13:34:30.037 12423 12477 I RcsProvisioningManager: combineConfigurationWithAvailability, simId = redacted-pii:sim_id[chars:19,last3:392], hasConfig = true
06-23 13:34:30.037 12423 12487 I RcsProvisioningManager: Notify RcsConfigurationListener LruCache[maxSize=2,hits=2,misses=1,hitRate=66%] onRcsConfigurationUpdate, SIM = redacted-pii:sim_id[chars:19,last3:392], hasConfiguration = true
06-23 13:34:30.038 12423 12476 I BugleRcsEngine: [SR]: Single Registration is disabled. Skipping Single Registration capability check for subId: 1 [CONTEXT thread_id=2473 ]
06-23 13:34:30.038 12423 12477 I RcsProvisioningManager: Notify RcsConfigurationListener cucl@50311d onRcsConfigurationUpdate, SIM = redacted-pii:sim_id[chars:19,last3:392], hasConfiguration = true
06-23 13:34:30.038 12423 12476 I RcsProvisioningWorkMana: Scheduled config refresh with 197008 seconds delay, false appendIfExists
06-23 13:34:30.039 12423 12476 I BugleRcsProvisioning: RcsProvisioningTrigger: Schedule refresh for valid configuration : refreshDelay = 197008
06-23 13:34:30.039 12423 12442 I BugleRcsEngine: [SR]: Single Registration is disabled. Skipping Single Registration capability check for subId: 1 [CONTEXT thread_id=2454 ]
06-23 13:34:30.040 12423 12501 I RcsProvisioningManager: combineConfigurationWithAvailability, simId = redacted-pii:sim_id[chars:19,last3:392], hasConfig = true
06-23 13:34:30.041 12423 12475 I BugleTransport: Register SIM with subId: 1 on chat transport: TACHYGRAM.
06-23 13:34:30.042 12423 12501 I RcsProvisioningManager: Notify RcsConfigurationListener bfpa@d25a5f4 onRcsConfigurationUpdate, SIM = redacted-pii:sim_id[chars:19,last3:392], hasConfiguration = true
06-23 13:34:30.042 12423 12444 I RcsProvisioningManager: combineConfigurationWithAvailability, simId = redacted-pii:sim_id[chars:19,last3:392], hasConfig = true
06-23 13:34:30.044 12423 12444 I RcsProvisioningManager: Notify RcsConfigurationListener diyq@e141498 onRcsConfigurationUpdate, SIM = redacted-pii:sim_id[chars:19,last3:392], hasConfiguration = true
06-23 13:34:30.045 12423 12475 I BugleTransport: Retrieved RCS available simIds: [redacted-pii[19-chars]]
06-23 13:34:30.046 12423 12475 I BugleTransport: Enabled chat transport for SIM = redacted-pii[19-chars] is TACHYGRAM
06-23 13:34:30.049 12423 12476 I BugleTransport: Deregister all SIMs except for SIMs with subIds: [] from chat transport: DUAL_REGISTRATION.
06-23 13:34:30.049 12423 12501 I BugleTransport: Deregister all SIMs except for SIMs with subIds: [] from chat transport: SINGLE_REGISTRATION.
06-23 13:34:30.050 12423 12444 I BugleTransport: Deregister all SIMs except for SIMs with subIds: [1] from chat transport: TACHYGRAM.
06-23 13:34:30.052 12423 12501 I RcsClientLib: Service is deprecated skipping connection attempt: RcsEngineLifecycleServiceV2
06-23 13:34:30.054 12423 12448 I BugleRcsJibe: RcsServiceConnectionException was raised while waiting to connect to RcsEngineLifecycleServiceV2
06-23 13:34:30.056 12423 12444 I BugleTransport: Register SIM with subId: 1 on chat transport: TACHYGRAM.
06-23 13:34:30.058 12423 12500 I BugleDataModel: PendingMessagesProcessor process from ProcessPendingMessagesAction due to connectivity state changed  with delay 0s with queues smsMessagesToSend:0 mmsMessagesToSend:0 rcsMessagesToSend:0 rcsFTMessagesToSend:0 messagesToDownload:0
06-23 13:34:30.059 12423 12500 I BugleDataModel: Cleared next retry time for channel: sms_send 
06-23 13:34:30.060 12423 12500 I BugleDataModel: Cleared next retry time for channel: mms_send 
06-23 13:34:30.061 12423 12500 I BugleDataModel: Cleared next retry time for channel: mms_download 
06-23 13:34:30.061 12423 12500 I BugleDataModel: Cleared next retry time for channel: rcs_send 
06-23 13:34:30.062 12423 12442 I BugleRcsEngine: [SR]: Single Registration is disabled. Skipping Single Registration capability check for subId: 1 [CONTEXT thread_id=2454 ]
06-23 13:34:30.062 12423 12500 I BugleDataModel: Cleared next retry time for channel: rcs_ft_upload 
06-23 13:34:30.062 12423 12500 I BugleDataModel: Cleared next retry time for channel: rcs_ft_download 
06-23 13:34:30.063 12423 12500 I BugleDataModel: Cleared next retry time for channel: cloud_sync_send 
06-23 13:34:30.065 12423 12500 I BugleDataModel: Cleared next retry time for channel: cloud_sync_attachment_download 
06-23 13:34:30.066 12423 12500 I BugleDataModel: finished running action ProcessPendingMessagesAction in 35 ms
06-23 13:34:30.067 12423 12500 I BugleDataModel: running action ProcessPendingRevocationsAction
06-23 13:34:30.067 12423 12442 I BugleRcsProvisioning: RcsAvailability configuration availability and enabled status: simId: redacted-pii:sim_id[chars:19,last3:392], SipConnectionType: DUAL_REG, isConfigurationAvailableAndEnabled: true
06-23 13:34:30.068 12423 12442 I BugleRcsProvisioning: Checking isConfigServerUrlAvailable with simId: redacted-pii:sim_id[chars:19,last3:392], 
06-23 13:34:30.069 12423 12500 I BugleDataModel: ActionExecutorImpl: ACTION_BACKGROUND_QUEUED_ProcessPendingRevocationsAction
06-23 13:34:30.070 12423 12500 I BugleDataModel: finished running action ProcessPendingRevocationsAction in 2 ms
06-23 13:34:30.071 12423 12442 I BugleRcsEngine: getConfigServerUrl with simId: redacted-pii:sim_id[chars:19,last3:392] [CONTEXT log_prefix="ProvisioningServerUtil" thread_id=2454 ]
06-23 13:34:30.075 12423 12442 I BugleRcsEngine: Using MCC based URL [CONTEXT log_prefix="ProvisioningServerUtil" thread_id=2454 ]
06-23 13:34:30.076 12423 12442 I ProvisioningServerUtil: Getting mccmnc from SimSubscriptionInfo.
06-23 13:34:30.078 12423 12501 I BugleDataModel: ActionExecutorImpl: ACTION_RESPONSE_QUEUED_ProcessPendingRevocationsAction
06-23 13:34:30.083  1799  1819 E ApplicationHelper: Fail to get PackageManager
06-23 13:34:30.083  1799  1819 E ApplicationHelper: Fail to get PackageManager
06-23 13:34:30.083  1799  1819 E ApplicationHelper: Fail to get PackageManager
06-23 13:34:30.084 12423 12442 I BugleRcsProvisioning: RcsAvailability: Subscription Id: 1, simId: redacted-pii:sim_id[chars:19,last3:392], sipConnectionType: DUAL_REG, isRcsAvailable: true
06-23 13:34:30.085 12423 12442 I BugleRcsProvisioning: updateAvailabilityForRcsProvisioningId. SimId: redacted-pii:sim_id[chars:19,last3:392], currentAvailability: 7, newAvailability: 7, hint: NO_HINT
06-23 13:34:30.086  1799  1819 E ApplicationHelper: Fail to get PackageManager
06-23 13:34:30.086  1799  1819 E ApplicationHelper: Fail to get PackageManager
06-23 13:34:30.086  1799  1819 E ApplicationHelper: Fail to get PackageManager
06-23 13:34:30.087 12423 12500 I RcsClientLib: Service is deprecated skipping connection attempt: EventService
06-23 13:34:30.088 12423 12500 I RcsClientLib: Service is deprecated skipping connection attempt: ContactsService
06-23 13:34:30.088 12423 12501 I BugleRcsProvisioning: RcsProvisioningTrigger: onRcsAvailabilityUpdate : availability is updated to RCS is setup, lastAvailabilityLocal is RCS is setup, simId hash = -380216083383916349, simId = redacted-pii:sim_id[chars:19,last3:392], isPev3Enabled = true
06-23 13:34:30.089 12423 12442 I RcsProvisioningWorkMana: Scheduled provisioning task with 197008 seconds delay, KEEP policy, trigger is UNDEFINED_TRIGGER_EVENT, workerId is 5e433010-b373-4586-82e2-48124b2536e4, simId is redacted-pii:sim_id[chars:19,last3:392]
06-23 13:34:30.089 12423 12500 I RcsClientLib: Service is deprecated skipping connection attempt: FileTransferService
06-23 13:34:30.089 12423 12457 I BugleE2eeMls: Current time: 2026-06-23T11:34:30.085Z. Needs refresh if too stale (after: 2026-06-26T04:38:47Z), or if expiring soon (after: 2026-08-23T01:43:43Z). Needs refresh: false
06-23 13:34:30.089 12423 12500 I RcsClientLib: Service is deprecated skipping connection attempt: LocationSharingService
06-23 13:34:30.089 12423 12500 I RcsClientLib: Service is deprecated skipping connection attempt: ImsConnectionTrackerService
06-23 13:34:30.090 12423 12500 I RcsClientLib: Service is deprecated skipping connection attempt: RcsProfileService
06-23 13:34:30.090 12423 12500 I RcsClientLib: Service is deprecated skipping connection attempt: RcsMessagingService
06-23 13:34:30.091 12423 12500 I BugleRcs: connecting to 7 Rcs Services
06-23 13:34:30.182 12423 12500 I Zinnia  : zinnia_core::logging: Initialized Zinnia
06-23 13:34:30.185 12423 12455 I BugleE2eeMls: Fetching trusted root list from: https://www.gstatic.com/messages/mls/trusted_root_lists/1770679592.pb
06-23 13:34:30.211 12423 12500 I cn_HttpFlagsLoader: HTTP flags log line (API): Using live production flag values from Google
06-23 13:34:30.212 12423 12500 I CronetEngineBuilderFact: Found Cronet providers: Google-Play-Services-Cronet-Provider, App-Packaged-Cronet-Provider, Fallback-Cronet-Provider
06-23 13:34:30.213 12423 12500 I CronetEngineBuilderFact: Selected Cronet provider is App-Packaged-Cronet-Provider, version 149.0.7827.59
06-23 13:34:30.252 12423 12500 I cn_CronetLibraryLoader: Cronet version: 149.0.7827.59, arch: aarch64
06-23 13:34:30.295  1098 12512 I resolv  : GetAddrInfoHandler::run: {135 786567 135 983175 10150 0}
06-23 13:34:30.296  1098 12513 I resolv  : res_nmkquery: (QUERY, IN, A)
06-23 13:34:30.304  1098 12513 I resolv  : res_nsend: used send_dg 49 terrno: 0
06-23 13:34:30.304  1098 12513 I resolv  : doQuery: rcode=0, ancount=1, return value=49
06-23 13:34:30.320 12384 12390 W d.process.acore: ApkAssets: Deleting an ApkAssets object '<empty> and /data/app/~~csaWZNOVQGnGuvb4OQXrXg==/com.google.android.gms-jYKAWmaIaOlLRVFZcQRioQ==/base.apk' with 1 weak references
06-23 13:34:30.321 12384 12390 W d.process.acore: ApkAssets: Deleting an ApkAssets object '<empty> and /data/app/~~csaWZNOVQGnGuvb4OQXrXg==/com.google.android.gms-jYKAWmaIaOlLRVFZcQRioQ==/split_AdsDynamite_installtime.apk' with 1 weak references
06-23 13:34:30.321 12384 12390 W d.process.acore: ApkAssets: Deleting an ApkAssets object '<empty> and /data/app/~~csaWZNOVQGnGuvb4OQXrXg==/com.google.android.gms-jYKAWmaIaOlLRVFZcQRioQ==/split_CronetDynamite_installtime.apk' with 1 weak references
06-23 13:34:30.322 12384 12390 W d.process.acore: ApkAssets: Deleting an ApkAssets object '<empty> and /data/app/~~csaWZNOVQGnGuvb4OQXrXg==/com.google.android.gms-jYKAWmaIaOlLRVFZcQRioQ==/split_DynamiteLoader_installtime.apk' with 1 weak references
06-23 13:34:30.322 12384 12390 W d.process.acore: ApkAssets: Deleting an ApkAssets object '<empty> and /data/app/~~csaWZNOVQGnGuvb4OQXrXg==/com.google.android.gms-jYKAWmaIaOlLRVFZcQRioQ==/split_DynamiteModulesA_installtime.apk' with 1 weak references
06-23 13:34:30.322 12384 12390 W d.process.acore: ApkAssets: Deleting an ApkAssets object '<empty> and /data/app/~~csaWZNOVQGnGuvb4OQXrXg==/com.google.android.gms-jYKAWmaIaOlLRVFZcQRioQ==/split_DynamiteModulesC_installtime.apk' with 1 weak references
06-23 13:34:30.322 12384 12390 W d.process.acore: ApkAssets: Deleting an ApkAssets object '<empty> and /data/app/~~csaWZNOVQGnGuvb4OQXrXg==/com.google.android.gms-jYKAWmaIaOlLRVFZcQRioQ==/split_GoogleCertificates_installtime.apk' with 1 weak references
06-23 13:34:30.322  1098 12514 I resolv  : GetAddrInfoHandler::run: {135 786567 135 983175 10150 0}
06-23 13:34:30.323 12384 12390 W d.process.acore: ApkAssets: Deleting an ApkAssets object '<empty> and /data/app/~~csaWZNOVQGnGuvb4OQXrXg==/com.google.android.gms-jYKAWmaIaOlLRVFZcQRioQ==/split_MapsDynamite_installtime.apk' with 1 weak references
06-23 13:34:30.323 12384 12390 W d.process.acore: ApkAssets: Deleting an ApkAssets object '<empty> and /data/app/~~csaWZNOVQGnGuvb4OQXrXg==/com.google.android.gms-jYKAWmaIaOlLRVFZcQRioQ==/split_MeasurementDynamite_installtime.apk' with 1 weak references
06-23 13:34:30.323 12384 12390 W d.process.acore: ApkAssets: Deleting an ApkAssets object '<empty> and /data/app/~~csaWZNOVQGnGuvb4OQXrXg==/com.google.android.gms-jYKAWmaIaOlLRVFZcQRioQ==/split_config.es.apk' with 1 weak references
06-23 13:34:30.323  1098 12515 I resolv  : res_nmkquery: (QUERY, IN, A)
06-23 13:34:30.323  1098 12515 I resolv  : resolv_cache_lookup: FOUND IN CACHE entry=0xb400006e13afa890
06-23 13:34:30.323 12384 12390 W d.process.acore: ApkAssets: Deleting an ApkAssets object '<empty> and /data/app/~~csaWZNOVQGnGuvb4OQXrXg==/com.google.android.gms-jYKAWmaIaOlLRVFZcQRioQ==/split_config.xhdpi.apk' with 1 weak references
06-23 13:34:30.323  1098 12515 I resolv  : doQuery: rcode=0, ancount=1, return value=49
06-23 13:34:30.323 12384 12390 W d.process.acore: ApkAssets: Deleting an ApkAssets object '<empty> and /data/app/~~csaWZNOVQGnGuvb4OQXrXg==/com.google.android.gms-jYKAWmaIaOlLRVFZcQRioQ==/split_maps_core_dynamite_ondemand.apk' with 1 weak references
06-23 13:34:30.324 12384 12390 W d.process.acore: ApkAssets: Deleting an ApkAssets object '<empty> and /data/app/~~_TQp2I9aGYev0OE0Vp7ENw==/com.google.android.contacts-DxhZyQQaXJTH0GHqTZzTxw==/base.apk' with 1 weak references
06-23 13:34:30.325 12384 12390 W d.process.acore: ApkAssets: Deleting an ApkAssets object '<empty> and /data/app/~~_TQp2I9aGYev0OE0Vp7ENw==/com.google.android.contacts-DxhZyQQaXJTH0GHqTZzTxw==/split_config.arm64_v8a.apk' with 1 weak references
06-23 13:34:30.325 12384 12390 W d.process.acore: ApkAssets: Deleting an ApkAssets object '<empty> and /data/app/~~_TQp2I9aGYev0OE0Vp7ENw==/com.google.android.contacts-DxhZyQQaXJTH0GHqTZzTxw==/split_config.es.apk' with 1 weak references
06-23 13:34:30.325 12384 12390 W d.process.acore: ApkAssets: Deleting an ApkAssets object '<empty> and /data/app/~~_TQp2I9aGYev0OE0Vp7ENw==/com.google.android.contacts-DxhZyQQaXJTH0GHqTZzTxw==/split_config.xhdpi.apk' with 1 weak references
06-23 13:34:30.485   988  1008 I NearbyConnections: Client (46751744) 0p:com.google.android.gms.nearby.sharing disconnecting
06-23 13:34:30.485   988  1008 I Nearby  : (REDACTED) Successfully shutdown executor %s.
06-23 13:34:30.486   988 10573 I NearbyConnections: Because they unbound from our service, all state for client 46751744 will now be cleaned up.
06-23 13:34:30.487 12423 12455 I BugleE2eeMls: Successfully fetched and parsed trusted root list. Generation ID: 1770679592
06-23 13:34:30.488   988 10573 I Nearby  : (REDACTED) Successfully shutdown executor %s.
06-23 13:34:30.489   988 10573 I Nearby  : (REDACTED) Successfully shutdown executor %s.
06-23 13:34:30.491   988 10573 I Nearby  : (REDACTED) Successfully shutdown executor %s.
06-23 13:34:30.491   988 10573 I Nearby  : (REDACTED) Successfully shutdown executor %s.
06-23 13:34:30.491   988 10573 I Nearby  : (REDACTED) Successfully shutdown executor %s.
06-23 13:34:30.492   988 10573 I Nearby  : (REDACTED) Successfully shutdown executor %s.
06-23 13:34:30.492   988 10573 I Nearby  : (REDACTED) Successfully shutdown executor %s.
06-23 13:34:30.492   988 10573 I Nearby  : (REDACTED) Successfully shutdown executor %s.
06-23 13:34:30.492   988 10573 I Nearby  : (REDACTED) Successfully shutdown executor %s.
06-23 13:34:30.492   988 10573 I Nearby  : (REDACTED) Successfully shutdown executor %s.
06-23 13:34:30.567 12423 12500 I CallFlogger: Creating X.509credential from 3 certificates
06-23 13:34:30.571 12423 12500 I Zinnia  : libzinnia_rust::ffi_trait_wrappers::time_accessor_wrapper: Current time fetched from client: LoggedMlsTime { epoch_seconds: 1782214470, date: "2026-06-23 11:34:30" }
06-23 13:34:30.584 12423 12500 I CallFlogger: Logging client identify information for msisdn Msisdn: [REDACTED], with participant key (hex) ParticipantPublicKey: [REDACTED], and client id ClientId: "c9fa5caf-4ea3-4328-9c10-4b74566b6f3d", with keypair public key (hex) DevicePublicKey: [REDACTED], validity=(LoggedMlsTime { epoch_seconds: 1781574227, date: "2026-06-16 01:43:47" }, LoggedMlsTime { epoch_seconds: 1788054223, date: "2026-08-30 01:43:43" })
06-23 13:34:30.591 12423 12500 I BugleE2eeMls: validateClientBasicFunctionalitySync()
06-23 13:34:30.595 12423 12500 I Zinnia  : libzinnia_rust::ffi_trait_wrappers::time_accessor_wrapper: Current time fetched from client: LoggedMlsTime { epoch_seconds: 1782214470, date: "2026-06-23 11:34:30" }
06-23 13:34:30.634 12423 12500 I BugleE2eeMls: No group information found, returning not found maximum epoch ID. [CONTEXT mls_group_id="MlsGroup(groupId=validation_group_id)" ]
06-23 13:34:30.641 12423 12500 I BugleE2eeMls: Group to delete not found in MlsGroupStates table [CONTEXT mls_group_id="MlsGroup(groupId=validation_group_id)" ]
06-23 13:34:30.644 12423 12500 I CallFlogger: Error occurred: NotFound
06-23 13:34:30.647 12423 12457 I BugleE2eeMls: no certificates need to be refreshed, skip triggering certificate chain download [CONTEXT provisioning_session_id="ddfcf19a-68da-4332-b44e-8df595152721" ]
06-23 13:34:30.876   988 10573 I NearbyPresence: (REDACTED) %s verified [==] new request %s equals to the old request
06-23 13:34:31.132  1799  1799 W libc    : Access denied finding property "vendor.mbrain.battery"
06-23 13:34:33.143  1098  1589 I netd    : tetherGetStats() -> {[TetherStatsParcel{iface: ccmni0, rxBytes: 59734, rxPackets: 151, txBytes: 105349, txPackets: 265, ifIndex: 0}, TetherStatsParcel{iface: wlan0, rxBytes: 29761257339, rxPackets: 26854631, txBytes: 3366306376, txPackets: 6599058, ifIndex: 0}]} <2.69ms>
06-23 13:34:33.159  1098  1589 I netd    : bandwidthSetGlobalAlert(2097152) <0.69ms>
06-23 13:34:33.448 12258 12340 E msys    : E[N WA]_WAJMNSStreamImplOnMNSFailure(287)=>[LogLevel:I] WAJMNSStream/impl/callback/onMNSFailure/p=0xb4000076f6cde680 (error=MNSTCPSocketReceive(): Software caused connection abort)
06-23 13:34:33.449 12258 12340 E msys    : E[N WA]_WAJMNSStreamImplCreateConnectionReport(194)=>[LogLevel:I] WAJMNSStream/impl/report port=443, connectedIPVersion=4, resolvedIPAddressCount=1, dnsResolutionStartTimeMS=131639345, dnsResolutionEndTimeMS=131639346, dnsCacheHit=Yes, connectStartTimeMS=131639346, connectEndTimeMS=131639368, proxyConnectStartTimeMS=0, proxyConnectEndTimeMS=0
06-23 13:34:33.449 12258 12340 E msys    : E[N WA]_WAJMNSStreamImplUpdateStreamState(230)=>[LogLevel:I] WAJMNSStream/impl/state-changed/p=0xb4000076f6cde680 (connected=>disconnected)
06-23 13:34:33.459 12258 12321 E msys    : E[N WA]WAJMNSStreamImplForceDisconnectSync(523)=>[LogLevel:W] WAJMNSStream/impl/disconnect/force/p=0xb4000076f6cde680 (bytesSent=3286)(bytesRecv=3078)
06-23 13:34:34.945  1799  1830 I ActivityManager: Test idle passed
06-23 13:34:35.129  1799  1819 E ApplicationHelper: Fail to get PackageManager
06-23 13:34:35.130  1799  1819 E ApplicationHelper: Fail to get PackageManager
06-23 13:34:35.130  1799  1819 E ApplicationHelper: Fail to get PackageManager
06-23 13:34:35.135 12423 12423 I BugleDataModel: ActionExecutorImpl: ACTION_EXECUTE_QUEUED_FixupMessageStatusOnStartupAction
06-23 13:34:35.135 12423 12457 I BugleDataModel: running action FixupMessageStatusOnStartupAction
06-23 13:34:35.136 12423 12423 I BugleDataModel: ActionExecutorImpl: ACTION_EXECUTE_QUEUED_ProcessPendingMessagesAction
06-23 13:34:35.138 12423 12423 I BugleDataModel: ActionExecutorImpl: ACTION_EXECUTE_QUEUED_CountryCodeDetectorAction
06-23 13:34:35.140 12423 12423 I BugleDataModel: ActionExecutorImpl: ACTION_EXECUTE_QUEUED_SelfParticipantsRefreshAction
06-23 13:34:35.141  1799  1819 E ApplicationHelper: Fail to get PackageManager
06-23 13:34:35.141  1799  1819 E ApplicationHelper: Fail to get PackageManager
06-23 13:34:35.141  1799  1819 E ApplicationHelper: Fail to get PackageManager
06-23 13:34:35.147  2108  2115 I ndroid.systemui: Background concurrent mark compact GC freed 7190KB AllocSpace bytes, 5(100KB) LOS objects, 47% free, 26MB/50MB, paused 622us,8.995ms total 200.870ms
06-23 13:34:35.154  2108  2117 W System  : A resource failed to call release. 
06-23 13:34:35.154  2108  2117 W System  : A resource failed to call release. 
06-23 13:34:35.154  2108  2117 W System  : A resource failed to call release. 
06-23 13:34:35.154  2108  2117 W System  : A resource failed to call release. 
06-23 13:34:35.173 12423 12457 I BugleDataModel: FixupMessageStatusOnStartupAction: sendFailedCnt: 0, downloadFailedCnt: 0, partsProcessingFailedCnt: 0
06-23 13:34:35.178 12423 12457 I BugleDataModel: PendingMessagesProcessor process from FixupMessageStatusOnStartupAction due to process restarts throttled  with delay 0s with queues smsMessagesToSend:0 mmsMessagesToSend:0 rcsMessagesToSend:0 rcsFTMessagesToSend:0 messagesToDownload:0
06-23 13:34:35.178 12423 12457 I BugleDataModel: Cleared next retry time for channel: sms_send 
06-23 13:34:35.178 12423 12457 I BugleDataModel: Cleared next retry time for channel: mms_send 
06-23 13:34:35.179 12423 12457 I BugleDataModel: Cleared next retry time for channel: mms_download 
06-23 13:34:35.179 12423 12457 I BugleDataModel: Cleared next retry time for channel: rcs_send 
06-23 13:34:35.179 12423 12457 I BugleDataModel: Cleared next retry time for channel: rcs_ft_upload 
06-23 13:34:35.179 12423 12457 I BugleDataModel: Cleared next retry time for channel: rcs_ft_download 
06-23 13:34:35.180 12423 12457 I BugleDataModel: Cleared next retry time for channel: cloud_sync_send 
06-23 13:34:35.180 12423 12457 I BugleDataModel: Cleared next retry time for channel: cloud_sync_attachment_download 
06-23 13:34:35.181 12423 12457 I BugleDataModel: finished running action FixupMessageStatusOnStartupAction in 45 ms
06-23 13:34:35.181 12423 12457 I BugleDataModel: running action ProcessPendingMessagesAction
06-23 13:34:35.185 12423 12457 I BugleDataModel: PendingMessagesProcessor process from ProcessPendingMessagesAction due to scheduled processing  with delay 0s with queues smsMessagesToSend:0 mmsMessagesToSend:0 rcsMessagesToSend:0 rcsFTMessagesToSend:0 messagesToDownload:0
06-23 13:34:35.186 12423 12457 I BugleDataModel: finished running action ProcessPendingMessagesAction in 5 ms
06-23 13:34:35.187 12423 12457 I BugleDataModel: running action CountryCodeDetectorAction
06-23 13:34:35.188 12423 12457 I BugleDataModel: ActionExecutorImpl: ACTION_BACKGROUND_QUEUED_CountryCodeDetectorAction
06-23 13:34:35.189 12423 12457 I BugleDataModel: finished running action CountryCodeDetectorAction in 1 ms
06-23 13:34:35.189 12423 12500 I Bugle   : CountryCodeDetector: updateSmsNetworkCountry from default subscription network country. detected country: es
06-23 13:34:35.190 12423 12500 I BugleDataModel: ActionExecutorImpl: ACTION_RESPONSE_QUEUED_CountryCodeDetectorAction
06-23 13:34:35.190 12423 12457 I BugleDataModel: running action SelfParticipantsRefreshAction
06-23 13:34:35.190 12423 12457 I BugleDataModel: ActionExecutorImpl: ACTION_BACKGROUND_QUEUED_SelfParticipantsRefreshAction
06-23 13:34:35.191 12423 12457 I BugleDataModel: finished running action SelfParticipantsRefreshAction in 1 ms
06-23 13:34:35.192 12423 12500 I BugleDataModel: ParticipantRefresh: ContactContentObserver created
06-23 13:34:35.196 12423 12500 I BugleDataModel: ParticipantFullRefresh: Start participant refresh. refreshMode: SELF_ONLY
06-23 13:34:35.201 12423 12500 I BugleDataModel: SubscriptionsTracker#refreshSelfParticipantList([1]), with subIdToSimIdMap([])
06-23 13:34:35.219 12423 12500 I Bugle   : getRawTelephonyPhoneNumber redacted-pii[0-chars] [CONTEXT sub_id=1 ]
06-23 13:34:35.224  1799  1799 W libc    : Access denied finding property "vendor.mbrain.battery"
06-23 13:34:35.228 12423 12500 I Bugle   : getRawTelephonyPhoneNumber redacted-pii[0-chars] [CONTEXT sub_id=1 ]
06-23 13:34:35.239 12423 12500 I Bugle   : getRawTelephonyPhoneNumber redacted-pii[0-chars] [CONTEXT sub_id=1 ]
06-23 13:34:35.245 12423 12500 I Bugle   : getRawTelephonyPhoneNumber redacted-pii[0-chars] [CONTEXT sub_id=1 ]
06-23 13:34:35.253 12423 12500 I BugleDataModel: SubscriptionsTracker bindToTrackingMap bound participants: [ParticipantId=1 subId=-1, ParticipantId=3 subId=1]
06-23 13:34:35.253 12423 12500 I BugleDataModel: set orderedRowIdAndTokenPairs: [rowId=3 subId= 1 token=84045a0d-3606-443b-88de-9e500910f363, rowId=1 subId= -1 token=b2d9513f-8fd7-48b2-b1e1-ea1f4202ce93]
06-23 13:34:35.268 12423 12500 I Bugle   : getRawTelephonyPhoneNumber redacted-pii[0-chars] [CONTEXT sub_id=1 ]
06-23 13:34:35.274 12423 12457 I BugleSelfIdentity: Active SelfIdentities [SelfIdentity{id:3, subIds: [1]}]
06-23 13:34:35.276  1799  1819 E ApplicationHelper: Fail to get PackageManager
06-23 13:34:35.281  1098  1589 I netd    : tetherGetStats() -> {[TetherStatsParcel{iface: ccmni0, rxBytes: 59734, rxPackets: 151, txBytes: 105349, txPackets: 265, ifIndex: 0}, TetherStatsParcel{iface: wlan0, rxBytes: 29761273581, rxPackets: 26854771, txBytes: 3366604070, txPackets: 6599293, ifIndex: 0}]} <3.08ms>
06-23 13:34:35.299 12423 12500 I Bugle   : getRawTelephonyPhoneNumber redacted-pii[0-chars] [CONTEXT sub_id=1 ]
06-23 13:34:35.312 12423 12500 I BugleDataModel: ParticipantFullRefresh: Number of participants refreshed: 0
06-23 13:34:35.314 12423 12500 I BugleDataModel: ActionExecutorImpl: ACTION_RESPONSE_QUEUED_SelfParticipantsRefreshAction
06-23 13:34:35.317  1799  1819 E ApplicationHelper: Fail to get PackageManager
06-23 13:34:35.317  1799  1819 E ApplicationHelper: Fail to get PackageManager
06-23 13:34:35.317  1799  1819 E ApplicationHelper: Fail to get PackageManager
06-23 13:34:35.317  1799  1819 E ApplicationHelper: Fail to get PackageManager
06-23 13:34:35.319  1799  1819 E ApplicationHelper: Fail to get PackageManager
06-23 13:34:35.320  1799  1819 E ApplicationHelper: Fail to get PackageManager
06-23 13:34:35.320  1799  1819 E ApplicationHelper: Fail to get PackageManager
06-23 13:34:35.320  1799  1819 E ApplicationHelper: Fail to get PackageManager
06-23 13:34:35.324 12423 12502 I Bugle   : getRawTelephonyPhoneNumber redacted-pii[0-chars] [CONTEXT sub_id=1 ]
06-23 13:34:35.326 12423 12502 I BugleSelfIdentity: Phone number for MyIdentity 84045a0d-3606-443b-88de-9e500910f363 does not change [CONTEXT sub_id=1 icc_id="redacted-pii[19-chars]" rcs_provisioning_id="redacted-pii[0-chars]" ]
06-23 13:34:35.336 12423 12502 I Bugle   : getRawTelephonyPhoneNumber redacted-pii[0-chars] [CONTEXT sub_id=1 ]
