06-23 15:22:05.793  2303  2480 W Failed to fetch image at uri=https://resources.tidal.com/images/80241aca/d848/475e/80e3/7a47d1	at android.content.ContentResolver.openTypedAssetFileDescriptor(ContentResolver.java:2029)
06-23 15:22:05.793  2303  2480 W Failed to fetch image at uri=https://resources.tidal.com/images/80241aca/d848/475e/80e3/7a47d1	at android.content.ContentResolver.openAssetFileDescriptor(ContentResolver.java:1858)
06-23 15:22:05.793  2303  2480 W Failed to fetch image at uri=https://resources.tidal.com/images/80241aca/d848/475e/80e3/7a47d1	at android.content.ContentResolver.openInputStream(ContentResolver.java:1528)
06-23 15:22:05.793  2303  2480 W Failed to fetch image at uri=https://resources.tidal.com/images/80241aca/d848/475e/80e3/7a47d1	at com.android.bluetooth.audio_util.Image.getImageFromUri(Image.java:200)
06-23 15:22:05.793  2303  2480 W Failed to fetch image at uri=https://resources.tidal.com/images/80241aca/d848/475e/80e3/7a47d1	at com.android.bluetooth.audio_util.Image.setImage(Image.java:164)
06-23 15:22:05.793  2303  2480 W Failed to fetch image at uri=https://resources.tidal.com/images/80241aca/d848/475e/80e3/7a47d1	at com.android.bluetooth.audio_util.Image.setImage(Image.java:156)
06-23 15:22:05.793  2303  2480 W Failed to fetch image at uri=https://resources.tidal.com/images/80241aca/d848/475e/80e3/7a47d1	at com.android.bluetooth.audio_util.Image.<init>(Image.java:78)
06-23 15:22:05.793  2303  2480 W Failed to fetch image at uri=https://resources.tidal.com/images/80241aca/d848/475e/80e3/7a47d1	at com.android.bluetooth.audio_util.Metadata$Builder.fromMediaMetadata(Metadata.java:232)
06-23 15:22:05.793  2303  2480 W Failed to fetch image at uri=https://resources.tidal.com/images/80241aca/d848/475e/80e3/7a47d1	at com.android.bluetooth.audio_util.Util.toMetadata(Util.java:108)
06-23 15:22:05.793  2303  2480 W Failed to fetch image at uri=https://resources.tidal.com/images/80241aca/d848/475e/80e3/7a47d1	at com.android.bluetooth.audio_util.MediaPlayerWrapper.sendMediaUpdate(MediaPlayerWrapper.java:384)
06-23 15:22:05.793  2303  2480 W Failed to fetch image at uri=https://resources.tidal.com/images/80241aca/d848/475e/80e3/7a47d1	at com.android.bluetooth.audio_util.MediaPlayerWrapper.-$$Nest$msendMediaUpdate(MediaPlayerWrapper.java:0)
06-23 15:22:05.793  2303  2480 W Failed to fetch image at uri=https://resources.tidal.com/images/80241aca/d848/475e/80e3/7a47d1	at com.android.bluetooth.audio_util.MediaPlayerWrapper$MediaControllerListener.trySendMediaUpdate(MediaPlayerWrapper.java:478)
06-23 15:22:05.793  2303  2480 W Failed to fetch image at uri=https://resources.tidal.com/images/80241aca/d848/475e/80e3/7a47d1	at com.android.bluetooth.audio_util.MediaPlayerWrapper$MediaControllerListener.onMetadataChanged(MediaPlayerWrapper.java:522)
06-23 15:22:05.793  2303  2480 W Failed to fetch image at uri=https://resources.tidal.com/images/80241aca/d848/475e/80e3/7a47d1	at android.media.session.MediaController$MessageHandler.handleMessage(MediaController.java:1205)
06-23 15:22:05.793  2303  2480 W Failed to fetch image at uri=https://resources.tidal.com/images/80241aca/d848/475e/80e3/7a47d1	at android.os.Handler.dispatchMessage(Handler.java:107)
06-23 15:22:05.793  2303  2480 W Failed to fetch image at uri=https://resources.tidal.com/images/80241aca/d848/475e/80e3/7a47d1	at android.os.Looper.loopOnce(Looper.java:234)
06-23 15:22:05.793  2303  2480 W Failed to fetch image at uri=https://resources.tidal.com/images/80241aca/d848/475e/80e3/7a47d1	at android.os.Looper.loop(Looper.java:319)
06-23 15:22:05.793  2303  2480 W Failed to fetch image at uri=https://resources.tidal.com/images/80241aca/d848/475e/80e3/7a47d1	at android.os.HandlerThread.run(HandlerThread.java:85)
06-23 15:22:05.794  1098 18098 I resolv  : res_nsend: used send_dg 75 terrno: 0
06-23 15:22:05.795  1098 18098 I resolv  : doQuery: rcode=0, ancount=2, return value=75
06-23 15:22:05.795  2303  2480 W AudioMediaPlayerWrapper: onPlaybackStateChanged(): com.ibrastream.app tried to update with no new data
06-23 15:22:05.796  2303  2480 W AudioMediaPlayerWrapper: onPlaybackStateChanged(): com.ibrastream.app tried to update with no new data
06-23 15:22:05.797  2303  2480 W AudioMediaPlayerWrapper: onPlaybackStateChanged(): com.ibrastream.app tried to update with no new data
06-23 15:22:05.798  2303  2480 W AudioMediaPlayerWrapper: onQueueChanged(): com.ibrastream.app tried to update with no new data
06-23 15:22:05.806  1098 18103 I resolv  : res_nsend: used send_dg 100 terrno: 0
06-23 15:22:05.806  1098 18103 I resolv  : doQuery: rcode=0, ancount=2, return value=100
06-23 15:22:05.817 11925 11925 I Capacitor/Console: File:  - Line 333 - Msg: undefined
06-23 15:22:05.823 11925 11925 I Capacitor/Console: File: https://localhost/assets/index-DdpVATMF.js - Line 73 - Msg: Native listener: onMediaItemTransition: 510437812
06-23 15:22:05.824 11925 11925 I Capacitor/Console: File:  - Line 333 - Msg: undefined
06-23 15:22:05.824 11925 11925 I Capacitor/Console: File:  - Line 333 - Msg: undefined
06-23 15:22:05.833  1799  3754 I WifiService: acquireWifiLock uid=10320 lockMode=3 packageName=com.ibrastream.app
06-23 15:22:05.840  1799  3754 I MediaSessionStack: onPlaybackStateChanged - Pushing session to top | record: com.ibrastream.app/androidx.media3.session.id./94 (userId=0)
06-23 15:22:05.847  2303  2480 W Failed to fetch image at uri=https://resources.tidal.com/images/80241aca/d848/475e/80e3/7a47d1java.io.FileNotFoundException: No content provider: https://resources.tidal.com/images/80241aca/d848/475e/80e3/7a47d1f1a468/640x640.jpg
06-23 15:22:05.847  2303  2480 W Failed to fetch image at uri=https://resources.tidal.com/images/80241aca/d848/475e/80e3/7a47d1	at android.content.ContentResolver.openTypedAssetFileDescriptor(ContentResolver.java:2029)
06-23 15:22:05.847  2303  2480 W Failed to fetch image at uri=https://resources.tidal.com/images/80241aca/d848/475e/80e3/7a47d1	at android.content.ContentResolver.openAssetFileDescriptor(ContentResolver.java:1858)
06-23 15:22:05.847  2303  2480 W Failed to fetch image at uri=https://resources.tidal.com/images/80241aca/d848/475e/80e3/7a47d1	at android.content.ContentResolver.openInputStream(ContentResolver.java:1528)
06-23 15:22:05.847  2303  2480 W Failed to fetch image at uri=https://resources.tidal.com/images/80241aca/d848/475e/80e3/7a47d1	at com.android.bluetooth.audio_util.Image.getImageFromUri(Image.java:200)
06-23 15:22:05.847  2303  2480 W Failed to fetch image at uri=https://resources.tidal.com/images/80241aca/d848/475e/80e3/7a47d1	at com.android.bluetooth.audio_util.Image.setImage(Image.java:164)
06-23 15:22:05.847  2303  2480 W Failed to fetch image at uri=https://resources.tidal.com/images/80241aca/d848/475e/80e3/7a47d1	at com.android.bluetooth.audio_util.Image.<init>(Image.java:139)
06-23 15:22:05.847  2303  2480 W Failed to fetch image at uri=https://resources.tidal.com/images/80241aca/d848/475e/80e3/7a47d1	at com.android.bluetooth.audio_util.Metadata$Builder.fromMediaDescription(Metadata.java:261)
06-23 15:22:05.847  2303  2480 W Failed to fetch image at uri=https://resources.tidal.com/images/80241aca/d848/475e/80e3/7a47d1	at com.android.bluetooth.audio_util.Metadata$Builder.fromMediaMetadata(Metadata.java:182)
06-23 15:22:05.847  2303  2480 W Failed to fetch image at uri=https://resources.tidal.com/images/80241aca/d848/475e/80e3/7a47d1	at com.android.bluetooth.audio_util.Util.toMetadata(Util.java:108)
06-23 15:22:05.847  2303  2480 W Failed to fetch image at uri=https://resources.tidal.com/images/80241aca/d848/475e/80e3/7a47d1	at com.android.bluetooth.audio_util.MediaPlayerWrapper.isMetadataSynced(MediaPlayerWrapper.java:300)
06-23 15:22:05.847  2303  2480 W Failed to fetch image at uri=https://resources.tidal.com/images/80241aca/d848/475e/80e3/7a47d1	at com.android.bluetooth.audio_util.MediaPlayerWrapper$MediaControllerListener.trySendMediaUpdate(MediaPlayerWrapper.java:470)
06-23 15:22:05.847  2303  2480 W Failed to fetch image at uri=https://resources.tidal.com/images/80241aca/d848/475e/80e3/7a47d1	at com.android.bluetooth.audio_util.MediaPlayerWrapper$MediaControllerListener.onPlaybackStateChanged(MediaPlayerWrapper.java:555)
06-23 15:22:05.847  2303  2480 W Failed to fetch image at uri=https://resources.tidal.com/images/80241aca/d848/475e/80e3/7a47d1	at android.media.session.MediaController$MessageHandler.handleMessage(MediaController.java:1202)
06-23 15:22:05.847  2303  2480 W Failed to fetch image at uri=https://resources.tidal.com/images/80241aca/d848/475e/80e3/7a47d1	at android.os.Handler.dispatchMessage(Handler.java:107)
06-23 15:22:05.847  2303  2480 W Failed to fetch image at uri=https://resources.tidal.com/images/80241aca/d848/475e/80e3/7a47d1	at android.os.Looper.loopOnce(Looper.java:234)
06-23 15:22:05.847  2303  2480 W Failed to fetch image at uri=https://resources.tidal.com/images/80241aca/d848/475e/80e3/7a47d1	at android.os.Looper.loop(Looper.java:319)
06-23 15:22:05.847  2303  2480 W Failed to fetch image at uri=https://resources.tidal.com/images/80241aca/d848/475e/80e3/7a47d1	at android.os.HandlerThread.run(HandlerThread.java:85)
06-23 15:22:05.848  2303  2480 W Failed to fetch image at uri=https://resources.tidal.com/images/80241aca/d848/475e/80e3/7a47d1java.io.FileNotFoundException: No content provider: https://resources.tidal.com/images/80241aca/d848/475e/80e3/7a47d1f1a468/640x640.jpg
06-23 15:22:05.848  2303  2480 W Failed to fetch image at uri=https://resources.tidal.com/images/80241aca/d848/475e/80e3/7a47d1	at android.content.ContentResolver.openTypedAssetFileDescriptor(ContentResolver.java:2029)
06-23 15:22:05.848  2303  2480 W Failed to fetch image at uri=https://resources.tidal.com/images/80241aca/d848/475e/80e3/7a47d1	at android.content.ContentResolver.openAssetFileDescriptor(ContentResolver.java:1858)
06-23 15:22:05.848  2303  2480 W Failed to fetch image at uri=https://resources.tidal.com/images/80241aca/d848/475e/80e3/7a47d1	at android.content.ContentResolver.openInputStream(ContentResolver.java:1528)
06-23 15:22:05.848  2303  2480 W Failed to fetch image at uri=https://resources.tidal.com/images/80241aca/d848/475e/80e3/7a47d1	at com.android.bluetooth.audio_util.Image.getImageFromUri(Image.java:200)
06-23 15:22:05.848  2303  2480 W Failed to fetch image at uri=https://resources.tidal.com/images/80241aca/d848/475e/80e3/7a47d1	at com.android.bluetooth.audio_util.Image.setImage(Image.java:164)
06-23 15:22:05.848  2303  2480 W Failed to fetch image at uri=https://resources.tidal.com/images/80241aca/d848/475e/80e3/7a47d1	at com.android.bluetooth.audio_util.Image.setImage(Image.java:156)
06-23 15:22:05.848  2303  2480 W Failed to fetch image at uri=https://resources.tidal.com/images/80241aca/d848/475e/80e3/7a47d1	at com.android.bluetooth.audio_util.Image.<init>(Image.java:78)
06-23 15:22:05.848  2303  2480 W Failed to fetch image at uri=https://resources.tidal.com/images/80241aca/d848/475e/80e3/7a47d1	at com.android.bluetooth.audio_util.Metadata$Builder.fromMediaMetadata(Metadata.java:232)
06-23 15:22:05.848  2303  2480 W Failed to fetch image at uri=https://resources.tidal.com/images/80241aca/d848/475e/80e3/7a47d1	at com.android.bluetooth.audio_util.Util.toMetadata(Util.java:108)
06-23 15:22:05.848  2303  2480 W Failed to fetch image at uri=https://resources.tidal.com/images/80241aca/d848/475e/80e3/7a47d1	at com.android.bluetooth.audio_util.MediaPlayerWrapper.isMetadataSynced(MediaPlayerWrapper.java:300)
06-23 15:22:05.848  2303  2480 W Failed to fetch image at uri=https://resources.tidal.com/images/80241aca/d848/475e/80e3/7a47d1	at com.android.bluetooth.audio_util.MediaPlayerWrapper$MediaControllerListener.trySendMediaUpdate(MediaPlayerWrapper.java:470)
06-23 15:22:05.848  2303  2480 W Failed to fetch image at uri=https://resources.tidal.com/images/80241aca/d848/475e/80e3/7a47d1	at com.android.bluetooth.audio_util.MediaPlayerWrapper$MediaControllerListener.onPlaybackStateChanged(MediaPlayerWrapper.java:555)
06-23 15:22:05.848  2303  2480 W Failed to fetch image at uri=https://resources.tidal.com/images/80241aca/d848/475e/80e3/7a47d1	at android.media.session.MediaController$MessageHandler.handleMessage(MediaController.java:1202)
06-23 15:22:05.848  2303  2480 W Failed to fetch image at uri=https://resources.tidal.com/images/80241aca/d848/475e/80e3/7a47d1	at android.os.Handler.dispatchMessage(Handler.java:107)
06-23 15:22:05.848  2303  2480 W Failed to fetch image at uri=https://resources.tidal.com/images/80241aca/d848/475e/80e3/7a47d1	at android.os.Looper.loopOnce(Looper.java:234)
06-23 15:22:05.848  2303  2480 W Failed to fetch image at uri=https://resources.tidal.com/images/80241aca/d848/475e/80e3/7a47d1	at android.os.Looper.loop(Looper.java:319)
06-23 15:22:05.848  2303  2480 W Failed to fetch image at uri=https://resources.tidal.com/images/80241aca/d848/475e/80e3/7a47d1	at android.os.HandlerThread.run(HandlerThread.java:85)
06-23 15:22:05.849  2303  2480 W Failed to fetch image at uri=https://resources.tidal.com/images/80241aca/d848/475e/80e3/7a47d1java.io.FileNotFoundException: No content provider: https://resources.tidal.com/images/80241aca/d848/475e/80e3/7a47d1f1a468/640x640.jpg
06-23 15:22:05.849  2303  2480 W Failed to fetch image at uri=https://resources.tidal.com/images/80241aca/d848/475e/80e3/7a47d1	at android.content.ContentResolver.openTypedAssetFileDescriptor(ContentResolver.java:2029)
06-23 15:22:05.849  2303  2480 W Failed to fetch image at uri=https://resources.tidal.com/images/80241aca/d848/475e/80e3/7a47d1	at android.content.ContentResolver.openAssetFileDescriptor(ContentResolver.java:1858)
06-23 15:22:05.849  2303  2480 W Failed to fetch image at uri=https://resources.tidal.com/images/80241aca/d848/475e/80e3/7a47d1	at android.content.ContentResolver.openInputStream(ContentResolver.java:1528)
06-23 15:22:05.849  2303  2480 W Failed to fetch image at uri=https://resources.tidal.com/images/80241aca/d848/475e/80e3/7a47d1	at com.android.bluetooth.audio_util.Image.getImageFromUri(Image.java:200)
06-23 15:22:05.849  2303  2480 W Failed to fetch image at uri=https://resources.tidal.com/images/80241aca/d848/475e/80e3/7a47d1	at com.android.bluetooth.audio_util.Image.setImage(Image.java:164)
06-23 15:22:05.849  2303  2480 W Failed to fetch image at uri=https://resources.tidal.com/images/80241aca/d848/475e/80e3/7a47d1	at com.android.bluetooth.audio_util.Image.<init>(Image.java:139)
06-23 15:22:05.849  2303  2480 W Failed to fetch image at uri=https://resources.tidal.com/images/80241aca/d848/475e/80e3/7a47d1	at com.android.bluetooth.audio_util.Metadata$Builder.fromMediaDescription(Metadata.java:261)
06-23 15:22:05.849  2303  2480 W Failed to fetch image at uri=https://resources.tidal.com/images/80241aca/d848/475e/80e3/7a47d1	at com.android.bluetooth.audio_util.Metadata$Builder.fromMediaMetadata(Metadata.java:182)
06-23 15:22:05.849  2303  2480 W Failed to fetch image at uri=https://resources.tidal.com/images/80241aca/d848/475e/80e3/7a47d1	at com.android.bluetooth.audio_util.Util.toMetadata(Util.java:108)
06-23 15:22:05.849  2303  2480 W Failed to fetch image at uri=https://resources.tidal.com/images/80241aca/d848/475e/80e3/7a47d1	at com.android.bluetooth.audio_util.MediaPlayerWrapper.sendMediaUpdate(MediaPlayerWrapper.java:384)
06-23 15:22:05.849  2303  2480 W Failed to fetch image at uri=https://resources.tidal.com/images/80241aca/d848/475e/80e3/7a47d1	at com.android.bluetooth.audio_util.MediaPlayerWrapper.-$$Nest$msendMediaUpdate(MediaPlayerWrapper.java:0)
06-23 15:22:05.849  2303  2480 W Failed to fetch image at uri=https://resources.tidal.com/images/80241aca/d848/475e/80e3/7a47d1	at com.android.bluetooth.audio_util.MediaPlayerWrapper$MediaControllerListener.trySendMediaUpdate(MediaPlayerWrapper.java:478)
06-23 15:22:05.849  2303  2480 W Failed to fetch image at uri=https://resources.tidal.com/images/80241aca/d848/475e/80e3/7a47d1	at com.android.bluetooth.audio_util.MediaPlayerWrapper$MediaControllerListener.onPlaybackStateChanged(MediaPlayerWrapper.java:555)
06-23 15:22:05.849  2303  2480 W Failed to fetch image at uri=https://resources.tidal.com/images/80241aca/d848/475e/80e3/7a47d1	at android.media.session.MediaController$MessageHandler.handleMessage(MediaController.java:1202)
06-23 15:22:05.849  2303  2480 W Failed to fetch image at uri=https://resources.tidal.com/images/80241aca/d848/475e/80e3/7a47d1	at android.os.Handler.dispatchMessage(Handler.java:107)
06-23 15:22:05.849  2303  2480 W Failed to fetch image at uri=https://resources.tidal.com/images/80241aca/d848/475e/80e3/7a47d1	at android.os.Looper.loopOnce(Looper.java:234)
06-23 15:22:05.849  2303  2480 W Failed to fetch image at uri=https://resources.tidal.com/images/80241aca/d848/475e/80e3/7a47d1	at android.os.Looper.loop(Looper.java:319)
06-23 15:22:05.849  2303  2480 W Failed to fetch image at uri=https://resources.tidal.com/images/80241aca/d848/475e/80e3/7a47d1	at android.os.HandlerThread.run(HandlerThread.java:85)
06-23 15:22:05.850  1164  1164 I BufferQueueProducer: [com.ibrastream.app/com.ibrastream.app.MainActivity#39996](this:0xb400006fd59fa8e0,id:-1,api:0,p:-1,c:1164) queueBuffer: fps=24.31 dur=1357.74 max=812.43 min=10.45
06-23 15:22:05.850  2303  2480 W Failed to fetch image at uri=https://resources.tidal.com/images/80241aca/d848/475e/80e3/7a47d1java.io.FileNotFoundException: No content provider: https://resources.tidal.com/images/80241aca/d848/475e/80e3/7a47d1f1a468/640x640.jpg
06-23 15:22:05.850  2303  2480 W Failed to fetch image at uri=https://resources.tidal.com/images/80241aca/d848/475e/80e3/7a47d1	at android.content.ContentResolver.openTypedAssetFileDescriptor(ContentResolver.java:2029)
06-23 15:22:05.850  2303  2480 W Failed to fetch image at uri=https://resources.tidal.com/images/80241aca/d848/475e/80e3/7a47d1	at android.content.ContentResolver.openAssetFileDescriptor(ContentResolver.java:1858)
06-23 15:22:05.850  2303  2480 W Failed to fetch image at uri=https://resources.tidal.com/images/80241aca/d848/475e/80e3/7a47d1	at android.content.ContentResolver.openInputStream(ContentResolver.java:1528)
06-23 15:22:05.850  2303  2480 W Failed to fetch image at uri=https://resources.tidal.com/images/80241aca/d848/475e/80e3/7a47d1	at com.android.bluetooth.audio_util.Image.getImageFromUri(Image.java:200)
06-23 15:22:05.850  2303  2480 W Failed to fetch image at uri=https://resources.tidal.com/images/80241aca/d848/475e/80e3/7a47d1	at com.android.bluetooth.audio_util.Image.setImage(Image.java:164)
06-23 15:22:05.850  2303  2480 W Failed to fetch image at uri=https://resources.tidal.com/images/80241aca/d848/475e/80e3/7a47d1	at com.android.bluetooth.audio_util.Image.setImage(Image.java:156)
06-23 15:22:05.850  2303  2480 W Failed to fetch image at uri=https://resources.tidal.com/images/80241aca/d848/475e/80e3/7a47d1	at com.android.bluetooth.audio_util.Image.<init>(Image.java:78)
06-23 15:22:05.850  2303  2480 W Failed to fetch image at uri=https://resources.tidal.com/images/80241aca/d848/475e/80e3/7a47d1	at com.android.bluetooth.audio_util.Metadata$Builder.fromMediaMetadata(Metadata.java:232)
06-23 15:22:05.850  2303  2480 W Failed to fetch image at uri=https://resources.tidal.com/images/80241aca/d848/475e/80e3/7a47d1	at com.android.bluetooth.audio_util.Util.toMetadata(Util.java:108)
06-23 15:22:05.850  2303  2480 W Failed to fetch image at uri=https://resources.tidal.com/images/80241aca/d848/475e/80e3/7a47d1	at com.android.bluetooth.audio_util.MediaPlayerWrapper.sendMediaUpdate(MediaPlayerWrapper.java:384)
06-23 15:22:05.850  2303  2480 W Failed to fetch image at uri=https://resources.tidal.com/images/80241aca/d848/475e/80e3/7a47d1	at com.android.bluetooth.audio_util.MediaPlayerWrapper.-$$Nest$msendMediaUpdate(MediaPlayerWrapper.java:0)
06-23 15:22:05.850  2303  2480 W Failed to fetch image at uri=https://resources.tidal.com/images/80241aca/d848/475e/80e3/7a47d1	at com.android.bluetooth.audio_util.MediaPlayerWrapper$MediaControllerListener.trySendMediaUpdate(MediaPlayerWrapper.java:478)
06-23 15:22:05.850  2303  2480 W Failed to fetch image at uri=https://resources.tidal.com/images/80241aca/d848/475e/80e3/7a47d1	at com.android.bluetooth.audio_util.MediaPlayerWrapper$MediaControllerListener.onPlaybackStateChanged(MediaPlayerWrapper.java:555)
06-23 15:22:05.850  2303  2480 W Failed to fetch image at uri=https://resources.tidal.com/images/80241aca/d848/475e/80e3/7a47d1	at android.media.session.MediaController$MessageHandler.handleMessage(MediaController.java:1202)
06-23 15:22:05.850  2303  2480 W Failed to fetch image at uri=https://resources.tidal.com/images/80241aca/d848/475e/80e3/7a47d1	at android.os.Handler.dispatchMessage(Handler.java:107)
06-23 15:22:05.850  2303  2480 W Failed to fetch image at uri=https://resources.tidal.com/images/80241aca/d848/475e/80e3/7a47d1	at android.os.Looper.loopOnce(Looper.java:234)
06-23 15:22:05.850  2303  2480 W Failed to fetch image at uri=https://resources.tidal.com/images/80241aca/d848/475e/80e3/7a47d1	at android.os.Looper.loop(Looper.java:319)
06-23 15:22:05.850  2303  2480 W Failed to fetch image at uri=https://resources.tidal.com/images/80241aca/d848/475e/80e3/7a47d1	at android.os.HandlerThread.run(HandlerThread.java:85)
06-23 15:22:05.851  2303  2480 I bluetooth: avrcp_service.cc:646 SendMediaUpdate: track_changed=false :  play_state=true :  queue=false
06-23 15:22:05.852  1112  1127 I hwcomposer: [HWCDisplay] (0 updateFps():3644), (type:1, mode:2) fps:24.300716,dur:1357.98,max:812.80,min:9.39  
06-23 15:22:05.857  1799  4498 I ActivityManager: Background started FGS: Allowed [callingPackage: com.ibrastream.app; callingUid: 10320; uidState: TOP ; uidBFSL: [BFSL]; intent: Intent { cmp=com.ibrastream.app/.PlaybackService }; code:PROC_STATE_TOP; tempAllowListReason:<MediaSessionRecord:seekTo,reasonCode:MEDIA_SESSION_CALLBACK,duration:10000,callingUid:1000>; targetSdkVersion:36; callerTargetSdkVersion:36; startForegroundCount:6; bindFromPackage:null: isBindService:false]
06-23 15:22:05.944 11925 11925 I Capacitor/Console: File:  - Line 333 - Msg: undefined
06-23 15:22:06.054  2108  2115 I ndroid.systemui: Background young concurrent mark compact GC freed 16MB AllocSpace bytes, 22(2896KB) LOS objects, 30% free, 37MB/53MB, paused 1.093ms,8.917ms total 109.082ms
06-23 15:22:06.065 11925 18101 E IbraStreamService: Using default Browser User-Agent for: https://api.cobalt.blackcat.sweeux.org/tunnel?id=5bDWDsoKXEVeOiibApR6K&exp=1782220577291&sig=sJrYGLgeVqFz0pm1fpdcLUMHQVQKdL_yL7cgVjCyzvA&sec=J5CGnIhckJsvB1lvdhxJS-hLzcni1JITfTzAxYgxCGo&iv=Atm9zoctHSrpz2dJe6m3Qg
06-23 15:22:06.067  1799  1819 E ApplicationHelper: Fail to get PackageManager
06-23 15:22:06.067  1799  1819 E ApplicationHelper: Fail to get PackageManager
06-23 15:22:06.068 11925 18101 I CapacitorCookies: Getting cookies at: 'https://api.cobalt.blackcat.sweeux.org/tunnel?id=5bDWDsoKXEVeOiibApR6K&exp=1782220577291&sig=sJrYGLgeVqFz0pm1fpdcLUMHQVQKdL_yL7cgVjCyzvA&sec=J5CGnIhckJsvB1lvdhxJS-hLzcni1JITfTzAxYgxCGo&iv=Atm9zoctHSrpz2dJe6m3Qg'
06-23 15:22:06.071 17580 17580 I BugleDataModel: ActionExecutorImpl: ACTION_EXECUTE_QUEUED_FixupMessageStatusOnStartupAction
06-23 15:22:06.072 17580 17580 I BugleDataModel: ActionExecutorImpl: ACTION_EXECUTE_QUEUED_ProcessPendingMessagesAction
06-23 15:22:06.074 17580 17651 I BugleDataModel: running action FixupMessageStatusOnStartupAction
06-23 15:22:06.076  1799  1819 E ApplicationHelper: Fail to get PackageManager
06-23 15:22:06.076  1799  1819 E ApplicationHelper: Fail to get PackageManager
06-23 15:22:06.089  2108  2108 W ConstraintSet: id unknown center_vertical_guideline
06-23 15:22:06.089  2108  2108 W ConstraintSet: id unknown action_button_guideline
06-23 15:22:06.089  2108  2108 W ConstraintSet: id unknown icon
06-23 15:22:06.089  2108  2108 W ConstraintSet: id unknown media_seamless
06-23 15:22:06.089  2108  2108 W ConstraintSet: id unknown media_action_barrier_start
06-23 15:22:06.089  2108  2108 W ConstraintSet: id unknown media_action_barrier_end
06-23 15:22:06.089  2108  2108 W ConstraintSet: id unknown media_action_barrier_top
06-23 15:22:06.089  2108  2108 W ConstraintSet: id unknown remove_text
06-23 15:22:06.089  2108  2108 W ConstraintSet: id unknown settings
06-23 15:22:06.089  2108  2108 W ConstraintSet: id unknown dismiss
06-23 15:22:06.089  2108  2108 W ConstraintSet: id unknown cancel
06-23 15:22:06.114 11925 11925 W Capacitor/Console: File: https://localhost/assets/index-DdpVATMF.js - Line 50 - Msg: Spotify RapidAPI rate limit hit. Pausing requests for 5 minutes.
06-23 15:22:06.117 11925 11925 I Capacitor/Console: File:  - Line 333 - Msg: undefined
06-23 15:22:06.133 17580 17580 I BugleDataModel: ActionExecutorImpl: ACTION_EXECUTE_QUEUED_SelfParticipantsRefreshAction
06-23 15:22:06.142 11925 11925 I Capacitor/Console: File:  - Line 333 - Msg: undefined
06-23 15:22:06.151 11925 18107 I CapacitorCookies: Getting cookies at: 'https://www.youtube.com/youtubei/v1/player?prettyPrint=false&alt=json'
06-23 15:22:06.155 17580 17651 I BugleDataModel: FixupMessageStatusOnStartupAction: sendFailedCnt: 0, downloadFailedCnt: 0, partsProcessingFailedCnt: 0
06-23 15:22:06.162 17580 17651 I BugleDataModel: PendingMessagesProcessor process from FixupMessageStatusOnStartupAction due to process restarts throttled  with delay 0s with queues smsMessagesToSend:0 mmsMessagesToSend:0 rcsMessagesToSend:0 rcsFTMessagesToSend:0 messagesToDownload:0
06-23 15:22:06.162 17580 17651 I BugleDataModel: Cleared next retry time for channel: sms_send 
06-23 15:22:06.163  1098 18108 I resolv  : GetAddrInfoHandler::run: {135 135 135 983175 10320 0}
06-23 15:22:06.163 17580 17651 I BugleDataModel: Cleared next retry time for channel: mms_send 
06-23 15:22:06.164 17580 17651 I BugleDataModel: Cleared next retry time for channel: mms_download 
06-23 15:22:06.165 17580 17651 I BugleDataModel: Cleared next retry time for channel: rcs_send 
06-23 15:22:06.165  1098 18109 I resolv  : res_nmkquery: (QUERY, IN, A)
06-23 15:22:06.166 17580 17651 I BugleDataModel: Cleared next retry time for channel: rcs_ft_upload 
06-23 15:22:06.166 17580 17651 I BugleDataModel: Cleared next retry time for channel: rcs_ft_download 
06-23 15:22:06.167 17580 17651 I BugleDataModel: Cleared next retry time for channel: cloud_sync_send 
06-23 15:22:06.167 17580 17651 I BugleDataModel: Cleared next retry time for channel: cloud_sync_attachment_download 
06-23 15:22:06.168 17580 17651 I BugleDataModel: finished running action FixupMessageStatusOnStartupAction in 92 ms
06-23 15:22:06.169 17580 17651 I BugleDataModel: running action ProcessPendingMessagesAction
06-23 15:22:06.176 17580 17651 I BugleDataModel: PendingMessagesProcessor process from ProcessPendingMessagesAction due to scheduled processing  with delay 0s with queues smsMessagesToSend:0 mmsMessagesToSend:0 rcsMessagesToSend:0 rcsFTMessagesToSend:0 messagesToDownload:0
06-23 15:22:06.177 17580 17651 I BugleDataModel: finished running action ProcessPendingMessagesAction in 7 ms
06-23 15:22:06.178 17580 17651 I BugleDataModel: running action SelfParticipantsRefreshAction
06-23 15:22:06.179 17580 17651 I BugleDataModel: ActionExecutorImpl: ACTION_BACKGROUND_QUEUED_SelfParticipantsRefreshAction
06-23 15:22:06.180 17580 17651 I BugleDataModel: finished running action SelfParticipantsRefreshAction in 1 ms
06-23 15:22:06.181  1098 18109 I resolv  : res_nsend: used send_dg 323 terrno: 0
06-23 15:22:06.181  1098 18109 I resolv  : doQuery: rcode=0, ancount=17, return value=323
06-23 15:22:06.181 17580 17664 I BugleDataModel: ParticipantRefresh: ContactContentObserver created
06-23 15:22:06.188 17580 17664 I BugleDataModel: ParticipantFullRefresh: Start participant refresh. refreshMode: SELF_ONLY
06-23 15:22:06.194 17580 17664 I BugleDataModel: SubscriptionsTracker#refreshSelfParticipantList([1]), with subIdToSimIdMap([])
06-23 15:22:06.208 17580 17664 I Bugle   : getRawTelephonyPhoneNumber redacted-pii[0-chars] [CONTEXT sub_id=1 ]
06-23 15:22:06.217 17580 17664 I Bugle   : getRawTelephonyPhoneNumber redacted-pii[0-chars] [CONTEXT sub_id=1 ]
06-23 15:22:06.232 17580 17664 I Bugle   : getRawTelephonyPhoneNumber redacted-pii[0-chars] [CONTEXT sub_id=1 ]
06-23 15:22:06.239 17580 17664 I Bugle   : getRawTelephonyPhoneNumber redacted-pii[0-chars] [CONTEXT sub_id=1 ]
06-23 15:22:06.258 17580 17664 I BugleDataModel: SubscriptionsTracker bindToTrackingMap bound participants: [ParticipantId=1 subId=-1, ParticipantId=3 subId=1]
06-23 15:22:06.259 17580 17664 I BugleDataModel: set orderedRowIdAndTokenPairs: [rowId=3 subId= 1 token=84045a0d-3606-443b-88de-9e500910f363, rowId=1 subId= -1 token=b2d9513f-8fd7-48b2-b1e1-ea1f4202ce93]
06-23 15:22:06.294 17580 17664 I Bugle   : getRawTelephonyPhoneNumber redacted-pii[0-chars] [CONTEXT sub_id=1 ]
06-23 15:22:06.314  1799  3754 I ActivityManager: com.android.providers.contacts is exempt from freezer
06-23 15:22:06.321  1098  1589 I netd    : tetherGetStats() -> {[TetherStatsParcel{iface: ccmni0, rxBytes: 59734, rxPackets: 151, txBytes: 105349, txPackets: 265, ifIndex: 0}, TetherStatsParcel{iface: wlan0, rxBytes: 30218539118, rxPackets: 27263639, txBytes: 3455445975, txPackets: 6726360, ifIndex: 0}]} <4.29ms>
06-23 15:22:06.322 17580 17651 I BugleSelfIdentity: Active SelfIdentities [SelfIdentity{id:3, subIds: [1]}]
06-23 15:22:06.325  1488 16809 I NearbyMediums: No BLE Fast/GATT advertisements found in the latest cycle.
06-23 15:22:06.326  1488 16809 I NearbyMediums: Current Tracked Scanning Clients are : {NearbyConnections.EnvironmentMonitor, NearbySharing}
06-23 15:22:06.328  1488 17714 I NearbyConnections: Processing lost BlePeripheral BlePeripheral{advertisement=BleAdvertisement { version=2, socketVersion=2, isFast=true, serviceIdHash=null, data=[ 0x23 0x45 0x51 0x4c 0x5a 0x11 0x34 0xda 0x4b 0xc9 0x17 0x39 0xec 0x33 0x41 0x82 0xd0 0x85 0x7a 0x56 0xd8 0xfe 0x5c ], deviceToken=[ 0x8b 0xfa ], rxAdvertisement=null }, dctAdvertisement=null, address=null, psm=0, deviceToken=<ByteString@378ca29 size=2 contents="\213\372">, isSecondProfile=false, rxInstantConnectionAdv=null}.
06-23 15:22:06.329  1488 17714 I NearbyConnections: Lost BleEndpoint for BlePeripheral BlePeripheral{advertisement=BleAdvertisement { version=2, socketVersion=2, isFast=true, serviceIdHash=null, data=[ 0x23 0x45 0x51 0x4c 0x5a 0x11 0x34 0xda 0x4b 0xc9 0x17 0x39 0xec 0x33 0x41 0x82 0xd0 0x85 0x7a 0x56 0xd8 0xfe 0x5c ], deviceToken=[ 0x8b 0xfa ], rxAdvertisement=null }, dctAdvertisement=null, address=null, psm=0, deviceToken=<ByteString@378ca29 size=2 contents="\213\372">, isSecondProfile=false, rxInstantConnectionAdv=null} (with EndpointId EQLZ and EndpointInfo [ 0x34 0xda 0x4b 0xc9 0x17 0x39 0xec 0x33 0x41 0x82 0xd0 0x85 0x7a 0x56 0xd8 0xfe 0x5c ]).
06-23 15:22:06.330  1488 17714 I NearbyConnections: ClientProxy(59700552) reporting onEndpointLost(EQLZ)
06-23 15:22:06.332  1098 18111 I resolv  : GetAddrInfoHandler::run: {135 135 135 983175 10320 0}
06-23 15:22:06.332  1098 18114 I resolv  : res_nmkquery: (QUERY, IN, A)
06-23 15:22:06.333  1098 18114 I resolv  : resolv_cache_lookup: FOUND IN CACHE entry=0xb400006e13afc2d0
06-23 15:22:06.333  1098 18114 I resolv  : doQuery: rcode=0, ancount=1, return value=53
06-23 15:22:06.333  1488 17714 I NearbySharing: NearbySharing Internal event EndpointLost(endpointId=EQLZ)
06-23 15:22:06.333  1799  1831 I ActivityManager: Start proc 18113:android.process.acore/u0a64 for content provider {com.android.providers.contacts/com.android.providers.contacts.ContactsProvider2}
06-23 15:22:06.362 18004 18112 I Finsky:background: [2542] playLoggingServerUrl: https://play.googleapis.com/play/log
06-23 15:22:06.362 18004 18112 I Finsky:background: [2542] playLoggingServerTimestampUrl: https://play.googleapis.com/play/log/timestamp
06-23 15:22:06.380  1488 16809 I GetConfigSnapshotOp: (REDACTED) Succeeded but not registered: %s
06-23 15:22:06.389 18113 18113 I d.process.acore: Using generational CollectorTypeCMC GC.
06-23 15:22:06.438  1799  1819 E ApplicationHelper: Fail to get PackageManager
06-23 15:22:06.438  1799  1819 E ApplicationHelper: Fail to get PackageManager
06-23 15:22:06.461 11925 11925 W Capacitor/Console: File: https://localhost/assets/index-DdpVATMF.js - Line 73 - Msg: Failed to fetch YouTube views: Error: Request to https://www.youtube.com/youtubei/v1/player?prettyPrint=false&alt=json failed with status code 404
06-23 15:22:06.463  2303  2480 I bluetooth: avrcp_service.cc:646 SendMediaUpdate: track_changed=true :  play_state=false :  queue=false
06-23 15:22:06.521  1135  1212 I mtkpower@impl: [powerd_req] TIMER_MSG_PERF_LOCK_TIMEOUT hdl:61086
06-23 15:22:06.522  1135  1212 I libPowerHal: [perfLockRel] hdl:61086, idx:2
06-23 15:22:06.522  1799  3754 I mtkpower_client: perf_lock_acq, hdl:61086, dur:1, num:2, pid:1799, tid:3754
06-23 15:22:06.523  1135  1212 I libPowerHal: [PD] system_server update ONESHOT(unset) cmd:1444200 param:11925 pr:3
06-23 15:22:06.523  1135  1212 I libPowerHal: [PD] system_server update ONESHOT(unset) cmd:1444600 param:70 pr:3
06-23 15:22:06.523  1135  1212 I libPowerHal: [perfLockRel] Done for hdl : 61086
06-23 15:22:06.524  1799  3754 I mtkpower_client: ret_hdl:61087
06-23 15:22:06.525  1135  1212 I libPowerHal: [perfLockAcq] idx:1 hdl:61087 hint:-1 pid:1799 tid:3754 duration:1 lock_user:system_server => ret_hdl:61087
06-23 15:22:06.525  1799  3754 I mtkpower_client: perf_lock_rel, hdl:61087, tid:3754
06-23 15:22:06.525  1135  1212 I libPowerHal: [PE] system_server update ONESHOT(set) cmd:1444300 param:11925 pr:3
06-23 15:22:06.525  1135  1212 I libPowerHal: [perfLockAcq] Done for hdl : 61087
06-23 15:22:06.526  1135  1212 I mtkpower@impl: [powerd_req] TIMER_MSG_PERF_LOCK_TIMEOUT hdl:61087
06-23 15:22:06.526  1135  1212 I libPowerHal: [perfLockRel] hdl:61087, idx:1
06-23 15:22:06.526  1135  1212 I libPowerHal: [PD] system_server update ONESHOT(unset) cmd:1444300 param:11925 pr:3
06-23 15:22:06.527  1135  1212 I libPowerHal: [perfLockRel] Done for hdl : 61087
06-23 15:22:06.527  1135  1212 I libPowerHal: [perfLockRel] hdl:61087, idx:-1
06-23 15:22:06.592 18113 18113 I ContactsPerf: VoicemailContentProvider.onCreate start
06-23 15:22:06.607 18113 18113 I ContactsPerf: VoicemailContentProvider.onCreate finish
06-23 15:22:06.612 17580 17580 I BugleDataModel: ActionExecutorImpl: ACTION_EXECUTE_QUEUED_GenericWorkerQueueAction
06-23 15:22:06.613 17580 17662 I BugleDataModel: running action GenericWorkerQueueAction
06-23 15:22:06.614 17580 17662 I BugleDataModel: ActionExecutorImpl: ACTION_BACKGROUND_QUEUED_GenericWorkerQueueAction
06-23 15:22:06.615 17580 17662 I BugleDataModel: finished running action GenericWorkerQueueAction in 1 ms
06-23 15:22:06.644 18113 18132 I PhoneAccountHandleMigrationUtils_CallLogDatabaseHelper: updatePhoneAccountHandleMigrationPendingStatus false
06-23 15:22:06.646 18113 18133 I PhoneAccountHandleMigrationUtils_CallLogDatabaseHelper: updatePhoneAccountHandleMigrationPendingStatus false
06-23 15:22:06.687 18113 18132 I CallLogProvider: syncEntriesFrom: fromUserId=0, srcIsShadow=true, forAllUsers=false; previousTimeStamp=0, newTimeStamp=0, entries=0
06-23 15:22:06.690 18113 18113 I ContactsDatabaseHelper: updateUseStrictPhoneNumberComparison: ES
06-23 15:22:06.700  2108  2108 W ConstraintSet: id unknown center_vertical_guideline
06-23 15:22:06.701  2108  2108 W ConstraintSet: id unknown action_button_guideline
06-23 15:22:06.701  2108  2108 W ConstraintSet: id unknown icon
06-23 15:22:06.701  2108  2108 W ConstraintSet: id unknown media_seamless
06-23 15:22:06.701  2108  2108 W ConstraintSet: id unknown media_action_barrier_start
06-23 15:22:06.701  2108  2108 W ConstraintSet: id unknown media_action_barrier_end
06-23 15:22:06.701  2108  2108 W ConstraintSet: id unknown media_action_barrier_top
06-23 15:22:06.701  2108  2108 W ConstraintSet: id unknown remove_text
06-23 15:22:06.701  2108  2108 W ConstraintSet: id unknown settings
06-23 15:22:06.701  2108  2108 W ConstraintSet: id unknown dismiss
06-23 15:22:06.701  2108  2108 W ConstraintSet: id unknown cancel
06-23 15:22:06.703 18113 18132 I CallLogProvider: delete uid/pid=10064/18113, uri=content://call_log_shadow/calls, numChanged=0
06-23 15:22:06.706  1799  1799 W libc    : Access denied finding property "vendor.mbrain.battery"
06-23 15:22:06.707 18113 18132 I CallLogProvider: Syncing call composer pics -- source user=0, isShadow=true, forAllUser=false
06-23 15:22:06.708 18113 18132 I CallLogProvider: Fetching list of Uris to sync
06-23 15:22:06.711  1799  1799 W libc    : Access denied finding property "vendor.mbrain.battery"
06-23 15:22:06.713 18113 18132 I CallLogProvider: Will sync following Uris:[]
06-23 15:22:06.713 18113 18132 I CallLogProvider: Syncing call composer pics -- got []
06-23 15:22:06.718  1164  1164 I BufferQueueProducer: [StatusBar#94](this:0xb400006fd5916be0,id:-1,api:0,p:-1,c:1164) queueBuffer: fps=0.34 dur=5964.59 max=5108.50 min=856.09
06-23 15:22:06.725 18113 18113 I Typeface: initOverlayFonts====family: RookeryNew-Regular
06-23 15:22:06.728  1799  3754 I ActivityManager: Flag disabled. Ignoring finishAttachApplication from uid: 10064. pid: 18113
06-23 15:22:06.729 18113 18113 I ContactsDatabaseHelper: updateUseStrictPhoneNumberComparison: ES
06-23 15:22:06.748  1132  1181 I libPerfCtl: xgfGetFPS pid:2108 fps:-1
06-23 15:22:06.748  1132  1181 I libPerfCtl: xgfGetFPS pid:11925 fps:-1
06-23 15:22:06.810 18113 18137 I PhoneAccountHandleMigrationUtils_ContactsDatabaseHelper: updatePhoneAccountHandleMigrationPendingStatus false
06-23 15:22:06.863  1164  1164 I BufferQueueProducer: [com.ibrastream.app/com.ibrastream.app.MainActivity#39996](this:0xb400006fd59fa8e0,id:-1,api:0,p:-1,c:1164) queueBuffer: fps=24.68 dur=1012.86 max=122.46 min=11.08
06-23 15:22:06.866  1112  1127 I hwcomposer: [HWCDisplay] (0 updateFps():3644), (type:1, mode:2) fps:25.642006,dur:1013.96,max:122.37,min:11.49  
06-23 15:22:06.885  2108  2108 W ConstraintSet: id unknown center_vertical_guideline
06-23 15:22:06.885  2108  2108 W ConstraintSet: id unknown action_button_guideline
06-23 15:22:06.885  2108  2108 W ConstraintSet: id unknown icon
06-23 15:22:06.885  2108  2108 W ConstraintSet: id unknown media_seamless
06-23 15:22:06.885  2108  2108 W ConstraintSet: id unknown media_action_barrier_start
06-23 15:22:06.885  2108  2108 W ConstraintSet: id unknown media_action_barrier_end
06-23 15:22:06.885  2108  2108 W ConstraintSet: id unknown media_action_barrier_top
06-23 15:22:06.885  2108  2108 W ConstraintSet: id unknown remove_text
06-23 15:22:06.885  2108  2108 W ConstraintSet: id unknown settings
06-23 15:22:06.885  2108  2108 W ConstraintSet: id unknown dismiss
06-23 15:22:06.885  2108  2108 W ConstraintSet: id unknown cancel
06-23 15:22:06.903 18113 18137 I ContactLocale: AddressBook Labels [[es_ES]]: [ΓÇª, A, B, C, D, E, F, G, H, I, J, K, L, M, N, ├æ, O, P, Q, R, S, T, U, V, W, X, Y, Z, ╬æ, ╬Æ, ╬ô, ╬ö, ╬ò, ╬û, ╬ù, ╬ÿ, ╬Ö, ╬Ü, ╬¢, ╬£, ╬¥, ╬₧, ╬ƒ, ╬á, ╬í, ╬ú, ╬ñ, ╬Ñ, ╬ª, ╬º, ╬¿, ╬⌐, ΓÇª, ╨É, ╨æ, ╨Æ, ╨ô, ╨ö, ╨é, ╨ò, ╨ä, ╨û, ╨ù, ╨ÿ, ╨å, ╨Ö, ╨ê, ╨Ü, ╨¢, ╨ë, ╨£, ╨¥, ╨è, ╨₧, ╨ƒ, ╨á, ╨í, ╨ó, ╨ï, ╨ú, ╨ñ, ╨Ñ, ╨ª, ╨º, ╨Å, ╨¿, ╨⌐, ╨«, ╨», ΓÇª, ╫É, ╫æ, ╫Æ, ╫ô, ╫ö, ╫ò, ╫û, ╫ù, ╫ÿ, ╫Ö, ╫¢, ╫£, ╫₧, ╫á, ╫í, ╫ó, ╫ñ, ╫ª, ╫º, ╫¿, ╫⌐, ╫¬, ΓÇª, ╪º, ╪¿, ╪¬, ╪½, ╪¼, ╪¡, ╪«, ╪», ╪░, ╪▒, ╪▓, ╪│, ╪┤, ╪╡, ╪╢, ╪╖, ╪╕, ╪╣, ╪║, ┘ü, ┘é, ┘â, ┘ä, ┘à, ┘å, ┘ç, ┘ê, ┘è, ΓÇª, α╕ü, α╕é, α╕â, α╕ä, α╕à, α╕å, α╕ç, α╕ê, α╕ë, α╕è, α╕ï, α╕î, α╕ì, α╕Ä, α╕Å, α╕É, α╕æ, α╕Æ, α╕ô, α╕ö, α╕ò, α╕û, α╕ù, α╕ÿ, α╕Ö, α╕Ü, α╕¢, α╕£, α╕¥, α╕₧, α╕ƒ, α╕á, α╕í, α╕ó, α╕ú, α╕ñ, α╕Ñ, α╕ª, α╕º, α╕¿, α╕⌐, α╕¬, α╕½, α╕¼, α╕¡, α╕«, ΓÇª, πä▒, πä┤, πä╖, πä╣, πàü, πàé, πàà, πàç, πàê, πàè, πàï, πàî, πàì, πàÄ, ΓÇª, πüé, πüï, πüò, πüƒ, πü¬, πü», πü╛, πéä, πéë, πéÅ, #, ΓÇª]
06-23 15:22:06.908 18113 18137 W SQLiteLog: (28) double-quoted string literal: "%s"
06-23 15:22:06.912 18113 18137 W SQLiteLog: (28) double-quoted string literal: "%s"
06-23 15:22:06.912 18113 18137 W SQLiteLog: (28) double-quoted string literal: "%s"
06-23 15:22:06.914 18113 18137 W SQLiteLog: (28) double-quoted string literal: "%s"
06-23 15:22:06.948  2303  2480 W AudioMediaPlayerWrapper: onPlaybackStateChanged(): com.ibrastream.app tried to update with no new data
06-23 15:22:06.981 18113 18137 W SQLiteLog: (28) double-quoted string literal: "%s"
06-23 15:22:06.983 18113 18137 W SQLiteLog: (28) double-quoted string literal: "%s"
06-23 15:22:06.983 18113 18137 W SQLiteLog: (28) double-quoted string literal: "%s"
06-23 15:22:06.985 18113 18137 W SQLiteLog: (28) double-quoted string literal: "%s"
06-23 15:22:06.995  2108  2115 I ndroid.systemui: Background young concurrent mark compact GC freed 11MB AllocSpace bytes, 35(4724KB) LOS objects, 30% free, 37MB/53MB, paused 918us,10.483ms total 94.264ms
06-23 15:22:07.013 17580 17664 I Bugle   : getRawTelephonyPhoneNumber redacted-pii[0-chars] [CONTEXT sub_id=1 ]
06-23 15:22:07.027 17580 17664 I BugleDataModel: ParticipantFullRefresh: Number of participants refreshed: 0
06-23 15:22:07.030 17580 17664 I BugleDataModel: ActionExecutorImpl: ACTION_RESPONSE_QUEUED_SelfParticipantsRefreshAction
06-23 15:22:07.036 17580 17664 I BugleJobs: GenericWorkerQueueAction: Bailing early, no work found, no failed work found
06-23 15:22:07.037 17580 17664 I BugleDataModel: ActionExecutorImpl: ACTION_RESPONSE_QUEUED_GenericWorkerQueueAction
06-23 15:22:07.040  1799  1819 E ApplicationHelper: Fail to get PackageManager
06-23 15:22:07.040  1799  1819 E ApplicationHelper: Fail to get PackageManager
06-23 15:22:07.040  1799  1819 E ApplicationHelper: Fail to get PackageManager
06-23 15:22:07.040 17580 18064 I Bugle   : getRawTelephonyPhoneNumber redacted-pii[0-chars] [CONTEXT sub_id=1 ]
06-23 15:22:07.042  1799  1819 E ApplicationHelper: Fail to get PackageManager
06-23 15:22:07.042  1799  1819 E ApplicationHelper: Fail to get PackageManager
06-23 15:22:07.042  1799  1819 E ApplicationHelper: Fail to get PackageManager
06-23 15:22:07.043 17580 18064 I BugleSelfIdentity: Phone number for MyIdentity 84045a0d-3606-443b-88de-9e500910f363 does not change [CONTEXT sub_id=1 icc_id="redacted-pii[19-chars]" rcs_provisioning_id="redacted-pii[0-chars]" ]
06-23 15:22:07.053 17580 18064 I Bugle   : getRawTelephonyPhoneNumber redacted-pii[0-chars] [CONTEXT sub_id=1 ]
06-23 15:22:07.053 17580 18075 I Bugle   : getRawTelephonyPhoneNumber redacted-pii[0-chars] [CONTEXT sub_id=1 ]
06-23 15:22:07.055 17580 18064 I BugleSelfIdentity: Phone number for MyIdentity 84045a0d-3606-443b-88de-9e500910f363 does not change [CONTEXT sub_id=1 icc_id="redacted-pii[19-chars]" rcs_provisioning_id="redacted-pii[0-chars]" ]
06-23 15:22:07.058 17580 18075 I BugleSelfIdentity: Phone number for MyIdentity 84045a0d-3606-443b-88de-9e500910f363 does not change [CONTEXT sub_id=1 icc_id="redacted-pii[19-chars]" rcs_provisioning_id="redacted-pii[0-chars]" ]
06-23 15:22:07.067 17580 17747 I BugleCME: intervalPassed=false, verifiedAddressChanged=false [CONTEXT my_identity_token="84045a0d-3606-443b-88de-9e500910f363" ]
06-23 15:22:07.386 11925 18101 E IbraStreamService: Using default Browser User-Agent for: https://api.cobalt.blackcat.sweeux.org/tunnel?id=5bDWDsoKXEVeOiibApR6K&exp=1782220577291&sig=sJrYGLgeVqFz0pm1fpdcLUMHQVQKdL_yL7cgVjCyzvA&sec=J5CGnIhckJsvB1lvdhxJS-hLzcni1JITfTzAxYgxCGo&iv=Atm9zoctHSrpz2dJe6m3Qg
06-23 15:22:07.389 11925 18101 I CapacitorCookies: Getting cookies at: 'https://api.cobalt.blackcat.sweeux.org/tunnel?id=5bDWDsoKXEVeOiibApR6K&exp=1782220577291&sig=sJrYGLgeVqFz0pm1fpdcLUMHQVQKdL_yL7cgVjCyzvA&sec=J5CGnIhckJsvB1lvdhxJS-hLzcni1JITfTzAxYgxCGo&iv=Atm9zoctHSrpz2dJe6m3Qg'
06-23 15:22:07.748  1132  1181 I libPerfCtl: xgfGetFPS pid:2108 fps:-1
06-23 15:22:07.748  1132  1181 I libPerfCtl: xgfGetFPS pid:11925 fps:-1
06-23 15:22:08.006  1357  1357 I thermal_repeater: [recvMdThermalInfo] ret=29, strLen=127,  3, 39, -50, -28402, 32767, 0
06-23 15:22:08.296  2108  2108 E FrameTracker: force finish cuj, time out: J<VOLUME_CONTROL::dismiss>
06-23 15:22:08.296  2108  2108 W FrameTracker: Missed App frame:JANK_APP_DEADLINE_MISSED, 41338632, 0, CUJ=J<VOLUME_CONTROL::dismiss>
06-23 15:22:08.296  2108  2108 W FrameTracker: Missing HWUI jank callback for vsyncId: 41338632, CUJ=J<VOLUME_CONTROL::dismiss>
06-23 15:22:08.296  2108  2108 W FrameTracker: Missing HWUI jank callback for vsyncId: 41338657, CUJ=J<VOLUME_CONTROL::dismiss>
06-23 15:22:08.296  2108  2108 W FrameTracker: Missing HWUI jank callback for vsyncId: 41338664, CUJ=J<VOLUME_CONTROL::dismiss>
06-23 15:22:08.296  2108  2108 W FrameTracker: Missed SF frame:JANK_SURFACEFLINGER_GPU_DEADLINE_MISSED, 41338687, 0, CUJ=J<VOLUME_CONTROL::dismiss>
06-23 15:22:08.296  2108  2108 W FrameTracker: Missing HWUI jank callback for vsyncId: 41338687, CUJ=J<VOLUME_CONTROL::dismiss>
06-23 15:22:08.296  2108  2108 W FrameTracker: Missed App frame:JANK_APP_DEADLINE_MISSED, 41338724, 83095707, CUJ=J<VOLUME_CONTROL::dismiss>
06-23 15:22:08.296  2108  2108 W FrameTracker: Missed App frame:UNKNOWN: 72, 41338740, 93078963, CUJ=J<VOLUME_CONTROL::dismiss>
06-23 15:22:08.296  2108  2108 W FrameTracker: Missed App frame:UNKNOWN: 72, 41338784, 56619049, CUJ=J<VOLUME_CONTROL::dismiss>
06-23 15:22:08.296  2108  2108 W FrameTracker: Missed App frame:UNKNOWN: 72, 41338807, 91838214, CUJ=J<VOLUME_CONTROL::dismiss>
06-23 15:22:08.296  2108  2108 W FrameTracker: Missing SF jank callback for vsyncId: 41338836, CUJ=J<VOLUME_CONTROL::dismiss>
06-23 15:22:08.402  2071  2075 I WifiHAL : feature_set=0x8488341a
06-23 15:22:08.727 11925 11925 I Capacitor/Console: File: https://localhost/assets/index-DdpVATMF.js - Line 73 - Msg: [Pre-Resolve] Pre-resolving track: No More ?'s
06-23 15:22:08.728 11925 11925 I Capacitor/Console: File: https://localhost/assets/index-DdpVATMF.js - Line 50 - Msg: Searching video ID for "Eazy-E No More ?'s" via Piped API: https://pipedapi.kavin.rocks...
06-23 15:22:08.734 11925 18107 I CapacitorCookies: Getting cookies at: 'https://pipedapi.kavin.rocks/search?q=Eazy-E%20No%20More%20%3F's&filter=music_songs'
06-23 15:22:08.735 11925 11974 I CapacitorCookies: Getting cookies at: 'https://lrclib.net/api/get?track_name=No%20More%20%3F's&artist_name=Eazy-E&duration=234'
06-23 15:22:08.736  1098 18138 I resolv  : GetAddrInfoHandler::run: {135 135 135 983175 10320 0}
06-23 15:22:08.737  1098 18139 I resolv  : GetAddrInfoHandler::run: {135 135 135 983175 10320 0}
06-23 15:22:08.737  1098 18140 I resolv  : res_nmkquery: (QUERY, IN, A)
06-23 15:22:08.737  1098 18141 I resolv  : res_nmkquery: (QUERY, IN, A)
06-23 15:22:08.748  1132  1181 I libPerfCtl: xgfGetFPS pid:2108 fps:-1
06-23 15:22:08.748  1132  1181 I libPerfCtl: xgfGetFPS pid:11925 fps:-1
06-23 15:22:08.769  1098 18141 I resolv  : res_nsend: used send_dg 44 terrno: 0
06-23 15:22:08.769  1098 18140 I resolv  : res_nsend: used send_dg 70 terrno: 0
06-23 15:22:08.770  1098 18141 I resolv  : doQuery: rcode=0, ancount=1, return value=44
06-23 15:22:08.770  1098 18140 I resolv  : doQuery: rcode=0, ancount=2, return value=70
06-23 15:22:08.821 11925 11925 I Capacitor/Console: File: https://localhost/assets/index-DdpVATMF.js - Line 73 - Msg: [Pre-Resolve] Pre-resolving track: No More ?'s
06-23 15:22:08.821 11925 11925 I Capacitor/Console: File: https://localhost/assets/index-DdpVATMF.js - Line 50 - Msg: Searching video ID for "Eazy-E No More ?'s" via Piped API: https://pipedapi.kavin.rocks...
06-23 15:22:08.827 11925 11975 I CapacitorCookies: Getting cookies at: 'https://lrclib.net/api/get?track_name=No%20More%20%3F's&artist_name=Eazy-E&duration=234'
06-23 15:22:08.829 11925 18143 I CapacitorCookies: Getting cookies at: 'https://pipedapi.kavin.rocks/search?q=Eazy-E%20No%20More%20%3F's&filter=music_songs'
06-23 15:22:09.014 11925 11925 I Capacitor/Console: File: https://localhost/assets/index-DdpVATMF.js - Line 50 - Msg: Searching video ID for "Eazy-E No More ?'s" via Piped API: https://api.piped.private.coffee...
06-23 15:22:09.021 11925 18107 I CapacitorCookies: Getting cookies at: 'https://api.piped.private.coffee/search?q=Eazy-E%20No%20More%20%3F's&filter=music_songs'
06-23 15:22:09.023  1098 18147 I resolv  : GetAddrInfoHandler::run: {135 135 135 983175 10320 0}
06-23 15:22:09.025  1098 18148 I resolv  : res_nmkquery: (QUERY, IN, A)
06-23 15:22:09.025  1098 18148 I resolv  : resolv_cache_lookup: FOUND IN CACHE entry=0xb400006da3adae90
06-23 15:22:09.025  1098 18148 I resolv  : doQuery: rcode=0, ancount=2, return value=89
06-23 15:22:09.052 11925 11925 I Capacitor/Console: File: https://localhost/assets/index-DdpVATMF.js - Line 50 - Msg: Searching video ID for "Eazy-E No More ?'s" via Piped API: https://api.piped.private.coffee...
06-23 15:22:09.058 11925 18143 I CapacitorCookies: Getting cookies at: 'https://api.piped.private.coffee/search?q=Eazy-E%20No%20More%20%3F's&filter=music_songs'
06-23 15:22:09.518  1164  1570 E SurfaceFlinger: MtkDuration override mode is disabled
06-23 15:22:09.518  1164  1570 I PowerHalWrapper: updateFps(): 60
06-23 15:22:09.522  1112  1127 I hwcomposer: [HWCDisplay] (0 setActiveConfigWithConstraints():4091), config:0  
06-23 15:22:09.522  1112  1127 I hwcomposer: [HWCDisplay] (0 setActiveConfigWithConstraints():4141), now 138131215591847, diff 216846, estimated_applied_time 11111111 queued_size:0  
06-23 15:22:09.530  1112  1127 I hwcomposer: [HWCDisplay] (0 updateFps():3644), (type:1, mode:2) fps:1.876404,dur:2664.67,max:2521.76,min:31.48  
06-23 15:22:09.535  1799  1819 I ThreeFingerPointerEventListener: onPointDown... pointIndex = 0, pointId = 0 currentX = 599.25, currentY = 1363.75 mTouchRegion:Rect(43, 96 - 676, 1507)
06-23 15:22:09.535  1135  1212 I libPowerHal: [perfLockAcq] idx:1 hdl:61088 hint:25 pid:1135 tid:1135 duration:10000 lock_user:vendor.mediatek => ret_hdl:61088
06-23 15:22:09.536  1135  1212 I libPowerHal: [PE] MTKPOWER_HINT_APP_TOUCH update cmd:410000, param:1, pr:3
06-23 15:22:09.536  1135  1212 I libPowerHal: [PE] MTKPOWER_HINT_APP_TOUCH update cmd:400000 param:3000000 pr:3
06-23 15:22:09.536  1135  1212 I libPowerHal: [PE] MTKPOWER_HINT_APP_TOUCH update cmd:400100 param:3000000 pr:3
