--------- beginning of main
06-23 15:22:00.784 17580 17747 I BuglePipeline: WorkItemCache is not initialized, retrieving records from the db.
06-23 15:22:00.786 17580 17641 I BugleRcsEngine: System Binding updated [CONTEXT thread_id=2499 ]
--------- beginning of system
06-23 15:22:00.792  1799  1819 E ApplicationHelper: Fail to get PackageManager
06-23 15:22:00.795  1799  1819 E ApplicationHelper: Fail to get PackageManager
06-23 15:22:00.797  1799  3762 W WindowManager: Changing focus from Window{82bd2df u0 NotificationShade} to Window{2a1e6d9 u0 com.ibrastream.app/com.ibrastream.app.MainActivity} displayId=0 Callers=com.android.server.wm.RootWindowContainer.updateFocusedWindowLocked:470 com.android.server.wm.WindowManagerService.updateFocusedWindowLocked:6674 com.android.server.wm.WindowManagerService.relayoutWindowInner:2692 com.android.server.wm.WindowManagerService.relayoutWindow:2362 
06-23 15:22:00.798  2108  2108 W WindowOnBackDispatcher: sendCancelIfRunning: isInProgress=false callback=com.android.systemui.back.domain.interactor.BackActionInteractor$callback$2@97dd51a
06-23 15:22:00.799  1164  1250 I BufferQueueDebug: [Surface(name=bdcf240 NavigationBar0)/@0xdbabe8 - animation-leash of insets_animation#40012](this:0xb400006fd5a0e7d0,id:-1,api:0,p:-1,c:-1) BufferQueue core=(1164:/system/bin/surfaceflinger)
06-23 15:22:00.802  1164  1250 I BufferQueueDebug: [Surface(name=2f73ed7 StatusBar)/@0x4db12e7 - animation-leash of insets_animation#40013](this:0xb400006fd59f4dc0,id:-1,api:0,p:-1,c:-1) BufferQueue core=(1164:/system/bin/surfaceflinger)
06-23 15:22:00.816  1164  1164 I SurfaceFlinger: onHandleDestroyed: name=Surface(name=2f73ed7 StatusBar)/@0x4db12e7 - animation-leash of insets_animation#40008, layerId=40008, parentId=0
06-23 15:22:00.816  1164  1164 I SurfaceFlinger: onHandleDestroyed: name=Surface(name=bdcf240 NavigationBar0)/@0xdbabe8 - animation-leash of insets_animation#40007, layerId=40007, parentId=0
06-23 15:22:00.820  1799  1819 E ApplicationHelper: Fail to get PackageManager
06-23 15:22:00.820  1799  1819 E ApplicationHelper: Fail to get PackageManager
06-23 15:22:00.825  1799  1819 E ApplicationHelper: Fail to get PackageManager
06-23 15:22:00.825  1799  1819 E ApplicationHelper: Fail to get PackageManager
06-23 15:22:00.827 17580 17652 I BugleNetwork: FirebaseRegistrationStartupTask: Enabling Firebase component
06-23 15:22:00.829  1164  1164 I BufferQueueDebug: [Surface(name=2f73ed7 StatusBar)/@0x4db12e7 - animation-leash of insets_animation#40008](this:0xb400006fd5955640,id:-1,api:0,p:-1,c:1164) onDestructor()
06-23 15:22:00.829  1164  1164 I BufferQueueDebug: [Surface(name=bdcf240 NavigationBar0)/@0xdbabe8 - animation-leash of insets_animation#40007](this:0xb400006fd59e0ed0,id:-1,api:0,p:-1,c:1164) onDestructor()
06-23 15:22:00.841  1799  1939 I ImeTracker: com.ibrastream.app:2d479bc: onRequestHide at ORIGIN_SERVER reason HIDE_SAME_WINDOW_FOCUSED_WITHOUT_EDITOR fromUser false
06-23 15:22:00.842  1799  1939 I ImeTracker: com.ibrastream.app:2d479bc: onCancelled at PHASE_SERVER_SHOULD_HIDE
06-23 15:22:00.843 17580 17651 I BugleTransport: Deregister all SIMs except for SIMs with subIds: [1] from chat transport: TACHYGRAM.
06-23 15:22:00.844 17580 17664 I BugleTransport: Deregister all SIMs except for SIMs with subIds: [] from chat transport: DUAL_REGISTRATION.
06-23 15:22:00.845 17580 17653 I BugleTransport: Deregister all SIMs except for SIMs with subIds: [] from chat transport: SINGLE_REGISTRATION.
06-23 15:22:00.850 17580 17653 I RcsClientLib: Service is deprecated skipping connection attempt: RcsEngineLifecycleServiceV2
06-23 15:22:00.852 17580 17757 I BugleRcsJibe: RcsServiceConnectionException was raised while waiting to connect to RcsEngineLifecycleServiceV2
06-23 15:22:00.862  1799  1819 E ApplicationHelper: Fail to get PackageManager
06-23 15:22:00.867  5299  5299 I GoogleInputMethodService: GoogleInputMethodService.onFinishInput():2274 
06-23 15:22:00.872  1098  1589 I netd    : tetherGetStats() -> {[TetherStatsParcel{iface: ccmni0, rxBytes: 59734, rxPackets: 151, txBytes: 105349, txPackets: 265, ifIndex: 0}, TetherStatsParcel{iface: wlan0, rxBytes: 30218532839, rxPackets: 27263610, txBytes: 3455440630, txPackets: 6726335, ifIndex: 0}]} <2.84ms>
06-23 15:22:00.873 17580 17652 I BugleTransport: Register SIM with subId: 1 on chat transport: TACHYGRAM.
06-23 15:22:00.879 17580 17652 I BugleTransport: Retrieved RCS available simIds: [redacted-pii[19-chars]]
06-23 15:22:00.881 17580 17652 I BugleTransport: Enabled chat transport for SIM = redacted-pii[19-chars] is TACHYGRAM
06-23 15:22:00.882 17580 17653 I BugleTransport: Deregister all SIMs except for SIMs with subIds: [] from chat transport: SINGLE_REGISTRATION.
06-23 15:22:00.884 17580 17653 I BugleTransport: Deregister all SIMs except for SIMs with subIds: [1] from chat transport: TACHYGRAM.
06-23 15:22:00.885 17580 17664 I BugleTransport: Deregister all SIMs except for SIMs with subIds: [] from chat transport: DUAL_REGISTRATION.
06-23 15:22:00.887 17580 17652 I RcsClientLib: Service is deprecated skipping connection attempt: RcsEngineLifecycleServiceV2
06-23 15:22:00.892  1135  1171 I mtkpower@impl: [setMode] type:6, enabled:0
06-23 15:22:00.892  1135  1171 E mtkpower@impl: [setMode] unknown type
06-23 15:22:00.893 17580 17756 I BugleRcsJibe: RcsServiceConnectionException was raised while waiting to connect to RcsEngineLifecycleServiceV2
06-23 15:22:00.896  2303  2480 W AudioMediaPlayerWrapper: onPlaybackStateChanged(): com.ibrastream.app tried to update with no new data
06-23 15:22:00.898  1164  1164 I SurfaceFlinger: onHandleDestroyed: name=NotificationShade#40005, layerId=40005, parentId=0
06-23 15:22:00.898 17580 17693 I BugleTransport: Register SIM with subId: 1 on chat transport: TACHYGRAM.
06-23 15:22:00.902  5299  5299 I Module  : DeviceLockedStatusModuleProvider$Module.updateDeviceLockedStatusInternal():128 repeatCheckTimes = 0, locked = false
06-23 15:22:00.903 17580 18065 I BugleSpam: SBP: Registering monitor for new subIds
06-23 15:22:00.907 17580 17748 I BugleCME: intervalPassed=false, verifiedAddressChanged=false [CONTEXT my_identity_token="84045a0d-3606-443b-88de-9e500910f363" ]
06-23 15:22:00.909 17580 17748 I BugleDataModel: 9 not running because already up to date, upgradeCommand: EXECUTE_DOWNGRADE, version: 4
06-23 15:22:00.910  1164  1164 I BufferQueueDebug: [NotificationShade#40005](this:0xb400006fd5774230,id:-1,api:0,p:-1,c:1164) onDestructor()
06-23 15:22:00.913 17580 17747 I BugleDataModel: 3 not running because already up to date, upgradeCommand: EXECUTE_UPGRADE, version: 2
06-23 15:22:00.916 17580 17748 I BugleDataModel: 2 not running because already up to date, upgradeCommand: EXECUTE_UPGRADE, version: 4
06-23 15:22:00.917 17580 18062 I BugleSatellite: Processing Phenotype flag changes.
06-23 15:22:00.918 17580 17690 I BugleSatellite: Reporting to Telephony: SMS supported = true
06-23 15:22:00.920 17580 17756 I BugleDataModel: 4 not running because already up to date, upgradeCommand: EXECUTE_UPGRADE, version: 1
06-23 15:22:00.923  5299  5299 I GoogleInputMethodService: GoogleInputMethodService.onStartInput():1459 onStartInput(EditorInfo{EditorInfo{packageName=com.ibrastream.app, inputType=0, inputTypeString=NULL, enableLearning=false, autoCorrection=false, autoComplete=false, imeOptions=12000000, privateImeOptions=null, actionName=UNSPECIFIED, actionLabel=null, initialSelStart=-1, initialSelEnd=-1, initialCapsMode=0, label=null, fieldId=0, fieldName=null, extras=null, hintText=null, hintLocales=[]}}, false)
06-23 15:22:00.924 17580 17748 I BugleDataModel: 11 not running because already up to date, upgradeCommand: EXECUTE_UPGRADE, version: 1
06-23 15:22:00.925  5299  5299 I LatinIMEBase: LatinIMEBase.updateInputViewCoverNavigation():317 Update input view padding, isNavbarOverInputWindow=false, bottom inset=84
06-23 15:22:00.926 17580 17748 I BugleDataModel: 8 not running because already up to date, upgradeCommand: EXECUTE_UPGRADE, version: 1
06-23 15:22:00.931  5299  5299 I Module  : DeviceLockedStatusModuleProvider$Module.updateDeviceLockedStatusInternal():128 repeatCheckTimes = 1, locked = false
06-23 15:22:00.932  1799  1819 E ApplicationHelper: Fail to get PackageManager
06-23 15:22:00.932  1799  1819 E ApplicationHelper: Fail to get PackageManager
06-23 15:22:00.933  1799  1819 E ApplicationHelper: Fail to get PackageManager
06-23 15:22:00.933  1799  1819 E ApplicationHelper: Fail to get PackageManager
06-23 15:22:00.946 17580 18063 I WM-WorkerWrapper: Worker result SUCCESS for Work [ id=f4288d90-8937-4d46-8fb1-eed595ce35cb, tags={ com.google.android.apps.messaging.shared.datamodel.workqueue.WorkQueueWorkerShim,data_upgrade- } ]
06-23 15:22:00.952  1799  2519 W PackageConfigPersister: App-specific configuration not found for packageName: com.ibrastream.app and userId: 0
06-23 15:22:00.954 11925 16540 E IbraStreamService: Using default Browser User-Agent for: https://api.cobalt.blackcat.sweeux.org/tunnel?id=s9JuEVQInZDXFE6tT_JO9&exp=1782220547274&sig=ZS1sUrc4Iz702QXY9iye2rDAtzrOl-8r3b8iTI1hCWc&sec=6RM79Eg5JRCr66Xn-rf1iLGURnMTQPdUvDcTBbfv3oY&iv=S5SJvc0FId0ICnOhRqdVKw
06-23 15:22:00.955 11925 16540 I CapacitorCookies: Getting cookies at: 'https://api.cobalt.blackcat.sweeux.org/tunnel?id=s9JuEVQInZDXFE6tT_JO9&exp=1782220547274&sig=ZS1sUrc4Iz702QXY9iye2rDAtzrOl-8r3b8iTI1hCWc&sec=6RM79Eg5JRCr66Xn-rf1iLGURnMTQPdUvDcTBbfv3oY&iv=S5SJvc0FId0ICnOhRqdVKw'
06-23 15:22:01.052   377   377 I lowmemorykiller: Kill 'com.android.vending' (17778), uid 10152, oom_score_adj 905 to free 191340kB rss, 32056kB swap; reason: device is not responding
06-23 15:22:01.056   377   389 E lowmemorykiller: process_mrelease 17778 failed: No such process
06-23 15:22:01.080 17580 17651 I BugleE2eeEtouffee: EtouffeeStateMachine: Ensuring state machine consistency
06-23 15:22:01.090 17580 17756 I BugleE2eeEtouffee: EtouffeeStateMachine: onRegistrationUpdate from Tachyon, previousState: REGISTERED_WITH_PREKEYS, newState: REGISTERED_WITH_PREKEYS, reason: STARTUP_ENSURE_CONSISTENCY
06-23 15:22:01.094 17580 17693 I BugleE2eeEtouffee: EtouffeeStateMachine: E2EE provisioning state update, Previous Etouffee status: PROVISIONED, New Etouffee status: PROVISIONED
06-23 15:22:01.099  1799  4498 I ActivityManager: Process com.android.vending (pid 17778) has died: cch+5 CEM 
06-23 15:22:01.100  1799  2384 W ActivityManager: pid 18004 com.android.vending:background sent binder code 2 with flags 1 to frozen apps and got error -32
06-23 15:22:01.101  1099  1099 I Zygote  : Process 17778 exited due to signal 9 (Killed)
06-23 15:22:01.101  1799  1832 I libprocessgroup: Removed cgroup /sys/fs/cgroup/uid_10152/pid_17778
06-23 15:22:01.101  1799  1832 W libprocessgroup: RemoveCgroup: /dev/memcg/apps/uid_10152/pid_17778 does not exist.
06-23 15:22:01.102  1799  1819 E ApplicationHelper: Fail to get PackageManager
06-23 15:22:01.104  1799  4498 I mtkpower_client: [PowerHal_Wrap_notifyAppState] com.android.vending/com.android.vending pid=17778 activityId:17778 state:3
06-23 15:22:01.104  1132  1132 I vendor.mediatek.hardware.mtkpower_applist-service.mediatek: packName: com.android.vending actName: com.android.vending pid: 17778 activityId: 17778 uid: 10152 state: 3
06-23 15:22:01.104  1132  1132 I MTK_APPList: [notifyAPPstate] com.android.vending/com.android.vending, pid=17778, activityId=17778, uid=10152, state:DEAD, fps:-1, win:0
06-23 15:22:01.104  1132  1132 I MTK_APPList: [notifyAPPstate] multi_resumed_app_count: 1
06-23 15:22:01.105  1132  1132 I MTK_APPList: [notifyAPPstate] multi_resumed_app_info[0] com.ibrastream.app/com.ibrastream.app.MainActivity, pid:11925, activityId:249303850, fps:-1, isMultiWindow:0
06-23 15:22:01.105  1132  1132 I MTK_APPList: [getForegroundAPPCount] 1
06-23 15:22:01.105  1132  1132 I MTK_APPList: [notifyAPPstate] pack:com.android.vending, pid:17778, STATE_DEAD
06-23 15:22:01.105  1132  1132 I MTK_APPList: [notifyNetdUID] 10320
06-23 15:22:01.105  1132  1132 I MTK_APPList: [notifyPID] 11925
06-23 15:22:01.106  1135  1212 I libPowerHal: [perfSetSysInfo] pid type:24, 11925
06-23 15:22:01.109 18004 18004 I Finsky:background: [2] Memory trim requested to level 40
06-23 15:22:01.110  1799  1819 E ApplicationHelper: Fail to get PackageManager
06-23 15:22:01.112  1799  1819 E ApplicationHelper: Fail to get PackageManager
06-23 15:22:01.112  1799  1819 E ApplicationHelper: Fail to get PackageManager
06-23 15:22:01.114  1799  1819 E ApplicationHelper: Fail to get PackageManager
06-23 15:22:01.114  1799  1819 E ApplicationHelper: Fail to get PackageManager
06-23 15:22:01.124 17580 18062 I BugleE2eeEtouffee: PendingFtdMessageProcessor: Removed old pending messages. count: 0
06-23 15:22:01.127 17580 17756 I BugleE2eeEtouffee: EtouffeeStateMachine: Deleting old data if any.
06-23 15:22:01.134 17580 17651 I native  : I0000 00:00:1782220921.133918   17651 db_store.cc:105] Loading an existing database with version 16
06-23 15:22:01.134 17580 17651 I native  : I0000 00:00:1782220921.134342   17651 db_store.cc:517] Checking presence of tables, run_sqlite_master_schema_validation=true, run_per_table_schema_validation=true
06-23 15:22:01.140 17580 17651 I native  : I0000 00:00:1782220921.140501   17651 db_store.cc:428] Database schema, prefix=scytale_05a40a864a4407389887497612d8be9f718b3793ddb2373974cd96e33bc6865d25_
06-23 15:22:01.142 17580 17651 I native  : I0000 00:00:1782220921.141943   17651 db_store.cc:449] Database schema=CREATE TABLE scytale_05a40a864a4407389887497612d8be9f718b3793ddb2373974cd96e33bc6865d25_db_configuration(single_row INTEGER NOT NULL DEFAULT 1,schema_version INTEGER NOT NULL,PRIMARY KEY(single_row) CHECK(single_row = 1))
06-23 15:22:01.142 17580 17651 I native  : I0000 00:00:1782220921.142279   17651 db_store.cc:449] Database schema=CREATE TABLE scytale_05a40a864a4407389887497612d8be9f718b3793ddb2373974cd96e33bc6865d25_identity_keys(device_id TEXT NOT NULL,identity_key BLOB NOT NULL,revision_timestamp_millis LONG NOT NULL DEFAULT(0),PRIMARY KEY(device_id) )
06-23 15:22:01.142 17580 17651 I native  : I0000 00:00:1782220921.142508   17651 db_store.cc:449] Database schema=CREATE TABLE scytale_05a40a864a4407389887497612d8be9f718b3793ddb2373974cd96e33bc6865d25_message_otks(message_id TEXT NOT NULL,device_id TEXT NOT NULL,otk BLOB NOT NULL,insert_timestamp_millis LONG NOT NULL DEFAULT(0),PRIMARY KEY(message_id, device_id) )
06-23 15:22:01.142 17580 17651 I native  : I0000 00:00:1782220921.142688   17651 db_store.cc:449] Database schema=CREATE TABLE scytale_05a40a864a4407389887497612d8be9f718b3793ddb2373974cd96e33bc6865d25_prekeys(key_id INTEGER NOT NULL,key_type INTEGER NOT NULL DEFAULT(0),prekey BLOB ,timestamp_millis LONG ,PRIMARY KEY(key_id) )
06-23 15:22:01.142 17580 17651 I native  : I0000 00:00:1782220921.142839   17651 db_store.cc:449] Database schema=CREATE TABLE scytale_05a40a864a4407389887497612d8be9f718b3793ddb2373974cd96e33bc6865d25_received_message_state(message_id TEXT NOT NULL,message_state INTEGER NOT NULL DEFAULT(0),insert_timestamp_millis LONG NOT NULL DEFAULT(0),PRIMARY KEY(message_id) )
06-23 15:22:01.142 17580 17651 I native  : I0000 00:00:1782220921.142955   17651 db_store.cc:449] Database schema=CREATE TABLE scytale_05a40a864a4407389887497612d8be9f718b3793ddb2373974cd96e33bc6865d25_sent_message_digests(message_id TEXT NOT NULL,device_id TEXT NOT NULL,message_digest BLOB NOT NULL,insert_timestamp_millis LONG NOT NULL DEFAULT(0),PRIMARY KEY(message_id, device_id) )
06-23 15:22:01.143 17580 17651 I native  : I0000 00:00:1782220921.143043   17651 db_store.cc:449] Database schema=CREATE TABLE scytale_05a40a864a4407389887497612d8be9f718b3793ddb2373974cd96e33bc6865d25_sessions(device_id TEXT NOT NULL DEFAULT(0),session BLOB ,PRIMARY KEY(device_id) )
06-23 15:22:01.144 17580 17651 I BugleE2eeEtouffee: CryptoV2Provider: Base crypto created
06-23 15:22:01.151 17580 17756 I BugleE2eeEtouffee: Removed OTK count: 0
06-23 15:22:01.159  1799  1819 E ApplicationHelper: Fail to get PackageManager
06-23 15:22:01.159  1799  1819 E ApplicationHelper: Fail to get PackageManager
06-23 15:22:01.160  1799  1819 E ApplicationHelper: Fail to get PackageManager
06-23 15:22:01.160  1799  1819 E ApplicationHelper: Fail to get PackageManager
06-23 15:22:01.162 17580 17693 I WM-WorkerWrapper: Worker result SUCCESS for Work [ id=8c250f1e-3379-45da-aeb2-4e14758a003c, tags={ com.google.android.apps.messaging.shared.datamodel.workqueue.WorkQueueWorkerShim,ftd_data_clean_up_work- } ]
06-23 15:22:01.207 17580 17693 I BugleMDD: MddBackgroundStartupTask: Scheduled MDD periodic tasks.
06-23 15:22:01.221 17580 18062 I BugleRcsProvisioning: RcsProvisioningTrigger: Schedule provisioning on app startup
06-23 15:22:01.223 17580 18062 I BugleRcsProvisioning: RcsProvisioningTrigger: updateAvailabilityForAllSimsAsync : hint = NO_HINT logTriggerEvent = false
06-23 15:22:01.223 17580 18062 I Bugle   : RcsAvailabilityUtilForProvisioningEngineV2: updateAvailabilityForAllSimsAsync, hint: NO_HINT
06-23 15:22:01.224 17580 18062 I BugleRcsProvisioning: updateAvailabilityForAllSimsAsync: hint: NO_HINT
06-23 15:22:01.225 17580 17693 I BugleRcsProvisioning: updateRcsAvailabilityForMultipleSims: hint: NO_HINT
06-23 15:22:01.225 17580 17651 I BugleNetwork: Startup: registering tachyon.
06-23 15:22:01.228 17580 17651 I BugleNetwork: Startup: registering tachyon for phone.
06-23 15:22:01.231 17580 18065 I BugleNetwork: TachyonPhoneRegistration: Ensuring Tachyon phone registration
06-23 15:22:01.232 17580 17693 I BugleRcsEngine: [SR]: Single Registration is disabled. Skipping Single Registration capability check for subId: 1 [CONTEXT thread_id=2518 ]
06-23 15:22:01.236 17580 17693 I BugleRcsProvisioning: RcsAvailability configuration availability and enabled status: simId: redacted-pii:sim_id[chars:19,last3:392], SipConnectionType: DUAL_REG, isConfigurationAvailableAndEnabled: true
06-23 15:22:01.237 17580 17693 I BugleRcsProvisioning: Checking isConfigServerUrlAvailable with simId: redacted-pii:sim_id[chars:19,last3:392], 
06-23 15:22:01.238 17580 17693 I BugleRcsEngine: getConfigServerUrl with simId: redacted-pii:sim_id[chars:19,last3:392] [CONTEXT log_prefix="ProvisioningServerUtil" thread_id=2518 ]
06-23 15:22:01.239 17580 17693 I BugleRcsEngine: Using MCC based URL [CONTEXT log_prefix="ProvisioningServerUtil" thread_id=2518 ]
06-23 15:22:01.240 17580 17693 I ProvisioningServerUtil: Getting mccmnc from SimSubscriptionInfo.
06-23 15:22:01.245 17580 17693 I BugleRcsProvisioning: RcsAvailability: Subscription Id: 1, simId: redacted-pii:sim_id[chars:19,last3:392], sipConnectionType: DUAL_REG, isRcsAvailable: true
06-23 15:22:01.245 17580 17693 I BugleRcsProvisioning: updateAvailabilityForRcsProvisioningId. SimId: redacted-pii:sim_id[chars:19,last3:392], currentAvailability: 7, newAvailability: 7, hint: NO_HINT
06-23 15:22:01.247 17580 18062 I RcsClientLib: Service is deprecated skipping connection attempt: EventService
06-23 15:22:01.248 17580 17664 I BugleRcsProvisioning: scheduleProvisioningForEligibleSims
06-23 15:22:01.248 17580 18062 I RcsClientLib: Service is deprecated skipping connection attempt: ContactsService
06-23 15:22:01.248 17580 18063 I BugleRcsProvisioning: RcsProvisioningTrigger: onRcsAvailabilityUpdate : availability is updated to RCS is setup, lastAvailabilityLocal is null, simId hash = -380216083383916349, simId = redacted-pii:sim_id[chars:19,last3:392], isPev3Enabled = true
06-23 15:22:01.248 17580 18062 I RcsClientLib: Service is deprecated skipping connection attempt: FileTransferService
06-23 15:22:01.248 17580 18062 I RcsClientLib: Service is deprecated skipping connection attempt: LocationSharingService
06-23 15:22:01.248 17580 18063 I RcsProvisioningManager: Receive onRcsAvailabilityUpdate, SIM = redacted-pii:sim_id[chars:19,last3:392], availability = RcsAvailability{mAvailability=AVAILABLE (RCS is setup)}
06-23 15:22:01.249 17580 18062 I RcsClientLib: Service is deprecated skipping connection attempt: ImsConnectionTrackerService
06-23 15:22:01.249 17580 18062 I RcsClientLib: Service is deprecated skipping connection attempt: RcsProfileService
06-23 15:22:01.249 17580 18062 I RcsClientLib: Service is deprecated skipping connection attempt: RcsMessagingService
06-23 15:22:01.250 17580 17662 I RcsProvisioning: Schedule provisioning for all eligible SIMs with trigger event: 4
06-23 15:22:01.250 17580 18062 I BugleRcs: connecting to 7 Rcs Services
06-23 15:22:01.252 17580 18062 I BugleRcsEngine: [SR]: Single Registration is disabled. Skipping Single Registration capability check for subId: 1 [CONTEXT thread_id=2530 ]
06-23 15:22:01.252 17580 18063 I RcsProvisioningManager: Configuration is empty: false for simId: redacted-pii:sim_id[chars:34,last3:92)]
06-23 15:22:01.254 17580 17690 I RcsProvisioningManager: AvailabilityObserver.onUpdate : Notify RcsAvailabilityListener dddq@847e956 onRcsAvailabilityUpdate, SIM = redacted-pii:sim_id[chars:19,last3:392], availability = 7
06-23 15:22:01.254 17580 17662 I RcsProvisioningManager: CommonRcsProvisioningChangeListenerHandler.notifyListener : Notify RcsProvisioningChangeListener duzw@2486c4 onRcsProvisioningChange, SIM = redacted-pii:sim_id[chars:34,last3:92)], available rcs provisioning ids  = redacted-pii:sim_id[chars:19,last3:392]
06-23 15:22:01.257 17580 17693 I RcsProvisioningManager: AvailabilityObserver.onUpdate : Notify RcsAvailabilityListener diyq@4b1df09 onRcsAvailabilityUpdate, SIM = redacted-pii:sim_id[chars:19,last3:392], availability = 7
06-23 15:22:01.258 17580 17697 I RcsProvisioningFlow: EVENT_TYPE_PROVISIONING_SUCCEEDED logging skipped for redacted-pii:sim_id[chars:19,last3:392] because of NOT_ELIGIBLE_PREVIOUS_EVENT_NOT_LOGGED
06-23 15:22:01.259 17580 17662 I BugleTransport: Retrieved RCS available simIds: [redacted-pii[19-chars]]
06-23 15:22:01.260 17580 18062 I RcsProvisioningWorkMana: Skipping full provisioning scheduling since we already have valid and updated RCS configuration
06-23 15:22:01.262 17580 17662 I BugleTransport: Enabled chat transport for SIM = redacted-pii[19-chars] is TACHYGRAM
06-23 15:22:01.263 17580 18063 I BugleRcsProvisioning: RcsProvisioningTrigger: onRcsAvailabilityUpdate : isPreviousDisabled = true, isCurrentDisabled = false, config[simId:redacted-pii:sim_id[chars:19,last3:392]] = [Type: 1, Version: 22, Validity: 347334, Last updated: 1782098877, Remaining validity: 225290, Reconfiguration requested: false, Messaging technology: CPM, rcsVolteSingleRegistration: false, Invalid configreason: INVALID_CONFIG_REASON_UNSPECIFIED], hasToken: true, isValidAndUpdated: true
06-23 15:22:01.263 17580 18066 I BugleCME: updateVerifiedAddress [CONTEXT sub_id=1 ]
06-23 15:22:01.263 17580 18062 I BugleTransport: Deregister all SIMs except for SIMs with subIds: [] from chat transport: SINGLE_REGISTRATION.
06-23 15:22:01.264 17580 17690 I BugleTransport: Deregister all SIMs except for SIMs with subIds: [] from chat transport: DUAL_REGISTRATION.
06-23 15:22:01.264 17580 18063 I RcsProvisioningManager: Receive onRcsConfigurationUpdate, SIM = redacted-pii:sim_id[chars:19,last3:392], configuration = Type: 1, Version: 22, Validity: 347334, Last updated: 1782098877, Remaining validity: 225290, Reconfiguration requested: false, Messaging technology: CPM, rcsVolteSingleRegistration: false, Invalid configreason: INVALID_CONFIG_REASON_UNSPECIFIED
06-23 15:22:01.265 17580 17664 I BugleTransport: Deregister all SIMs except for SIMs with subIds: [1] from chat transport: TACHYGRAM.
06-23 15:22:01.265 17580 18063 I RcsProvisioningManager: Configuration is empty: false for simId: redacted-pii:sim_id[chars:34,last3:92)]
06-23 15:22:01.265 17580 18062 I RcsClientLib: Service is deprecated skipping connection attempt: RcsEngineLifecycleServiceV2
06-23 15:22:01.266 17580 17756 I RcsProvisioningFlow: Clearing provisioning flow state for redacted-pii:sim_id[chars:19,last3:392]
06-23 15:22:01.267 17580 17747 I BugleRcsJibe: RcsServiceConnectionException was raised while waiting to connect to RcsEngineLifecycleServiceV2
06-23 15:22:01.269 17580 17664 I RcsProvisioningManager: CommonRcsProvisioningChangeListenerHandler.notifyListener : Notify RcsProvisioningChangeListener duzw@2486c4 onRcsProvisioningChange, SIM = redacted-pii:sim_id[chars:34,last3:92)], available rcs provisioning ids  = redacted-pii:sim_id[chars:19,last3:392]
06-23 15:22:01.269 17580 17652 I RcsProvisioningManager: combineConfigurationWithAvailability, simId = redacted-pii:sim_id[chars:19,last3:392], hasConfig = true
06-23 15:22:01.270 17580 18063 I BugleRcsEngine: [SR]: Single Registration is disabled. Skipping Single Registration capability check for subId: 1 [CONTEXT thread_id=2531 ]
06-23 15:22:01.270 17580 17693 I RcsProvisioningManager: combineConfigurationWithAvailability, simId = redacted-pii:sim_id[chars:19,last3:392], hasConfig = true
06-23 15:22:01.271 17580 18063 I RcsProvisioningWorkMana: Scheduled config refresh with 190557 seconds delay, false appendIfExists
06-23 15:22:01.272 17580 18063 I BugleRcsProvisioning: RcsProvisioningTrigger: Schedule refresh for valid configuration : refreshDelay = 190557
06-23 15:22:01.272 17580 18062 I BugleTransport: Register SIM with subId: 1 on chat transport: TACHYGRAM.
06-23 15:22:01.275 17580 17662 I RcsProvisioningManager: combineConfigurationWithAvailability, simId = redacted-pii:sim_id[chars:19,last3:392], hasConfig = true
06-23 15:22:01.275 17580 18067 I BugleRcsEngine: [SR]: Single Registration is disabled. Skipping Single Registration capability check for subId: 1 [CONTEXT thread_id=2535 ]
06-23 15:22:01.276 17580 18066 I BugleCME: notifyAllVerifications, is first verification: false [CONTEXT sub_id=1 my_identity_token="84045a0d-3606-443b-88de-9e500910f363" ]
06-23 15:22:01.277 17580 17652 I RcsProvisioningManager: Notify RcsConfigurationListener cucl@72ea771 onRcsConfigurationUpdate, SIM = redacted-pii:sim_id[chars:19,last3:392], hasConfiguration = true
06-23 15:22:01.277 17580 17693 I RcsProvisioningManager: Notify RcsConfigurationListener LruCache[maxSize=2,hits=2,misses=1,hitRate=66%] onRcsConfigurationUpdate, SIM = redacted-pii:sim_id[chars:19,last3:392], hasConfiguration = true
06-23 15:22:01.278 17580 17690 I RcsProvisioningManager: combineConfigurationWithAvailability, simId = redacted-pii:sim_id[chars:19,last3:392], hasConfig = true
06-23 15:22:01.281 17580 17662 I RcsProvisioningManager: Notify RcsConfigurationListener diyq@4b1df09 onRcsConfigurationUpdate, SIM = redacted-pii:sim_id[chars:19,last3:392], hasConfiguration = true
06-23 15:22:01.283 17580 17690 I RcsProvisioningManager: Notify RcsConfigurationListener bfpa@43d7118 onRcsConfigurationUpdate, SIM = redacted-pii:sim_id[chars:19,last3:392], hasConfiguration = true
06-23 15:22:01.288  1799  1819 E ApplicationHelper: Fail to get PackageManager
06-23 15:22:01.288  1799  1819 E ApplicationHelper: Fail to get PackageManager
06-23 15:22:01.292 17580 17662 I BugleTransport: Retrieved RCS available simIds: [redacted-pii[19-chars]]
06-23 15:22:01.293 17580 17662 I BugleTransport: Enabled chat transport for SIM = redacted-pii[19-chars] is TACHYGRAM
06-23 15:22:01.294 17580 17690 I BugleTransport: Deregister all SIMs except for SIMs with subIds: [] from chat transport: SINGLE_REGISTRATION.
06-23 15:22:01.294 17580 18067 I BugleRcsEngine: [SR]: Single Registration is disabled. Skipping Single Registration capability check for subId: 1 [CONTEXT thread_id=2535 ]
06-23 15:22:01.305 17580 18063 I BugleTransport: Deregister all SIMs except for SIMs with subIds: [] from chat transport: DUAL_REGISTRATION.
06-23 15:22:01.305 17580 17651 I BugleTransport: Deregister all SIMs except for SIMs with subIds: [1] from chat transport: TACHYGRAM.
06-23 15:22:01.307 17580 17690 I RcsClientLib: Service is deprecated skipping connection attempt: RcsEngineLifecycleServiceV2
06-23 15:22:01.309 17580 17658 I BugleRcsJibe: RcsServiceConnectionException was raised while waiting to connect to RcsEngineLifecycleServiceV2
06-23 15:22:01.311 17580 17651 I BugleTransport: Register SIM with subId: 1 on chat transport: TACHYGRAM.
06-23 15:22:01.320 17580 18067 I BugleRcsProvisioning: RcsAvailability configuration availability and enabled status: simId: redacted-pii:sim_id[chars:19,last3:392], SipConnectionType: DUAL_REG, isConfigurationAvailableAndEnabled: true
06-23 15:22:01.323 17580 18067 I BugleRcsProvisioning: Checking isConfigServerUrlAvailable with simId: redacted-pii:sim_id[chars:19,last3:392], 
06-23 15:22:01.325 17580 18067 I BugleRcsEngine: getConfigServerUrl with simId: redacted-pii:sim_id[chars:19,last3:392] [CONTEXT log_prefix="ProvisioningServerUtil" thread_id=2535 ]
06-23 15:22:01.326 17580 18067 I BugleRcsEngine: Using MCC based URL [CONTEXT log_prefix="ProvisioningServerUtil" thread_id=2535 ]
06-23 15:22:01.327 17580 18067 I ProvisioningServerUtil: Getting mccmnc from SimSubscriptionInfo.
06-23 15:22:01.335 17580 17664 I Bugle   : kickOffPendingIfNowConnected: RCS is ready and it was off. Trigger scheduling: [scheduleProcessPendingMessagesActionForStartup, scheduleOnlyForCurrentProcess, maybeScheduleImmediately]
06-23 15:22:01.336 17580 18067 I BugleRcsProvisioning: RcsAvailability: Subscription Id: 1, simId: redacted-pii:sim_id[chars:19,last3:392], sipConnectionType: DUAL_REG, isRcsAvailable: true
06-23 15:22:01.337 17580 18067 I BugleRcsProvisioning: updateAvailabilityForRcsProvisioningId. SimId: redacted-pii:sim_id[chars:19,last3:392], currentAvailability: 7, newAvailability: 7, hint: NO_HINT
06-23 15:22:01.339  1799  1819 E ApplicationHelper: Fail to get PackageManager
06-23 15:22:01.339  1799  1819 E ApplicationHelper: Fail to get PackageManager
06-23 15:22:01.340 17580 17587 I .apps.messaging: Background young concurrent mark compact GC freed 11MB AllocSpace bytes, 24(864KB) LOS objects, 55% free, 8522KB/18MB, paused 8.346ms,7.980ms total 187.821ms
06-23 15:22:01.341  1799  1819 E ApplicationHelper: Fail to get PackageManager
06-23 15:22:01.342  1799  1819 E ApplicationHelper: Fail to get PackageManager
06-23 15:22:01.342 17580 17662 I RcsClientLib: Service is deprecated skipping connection attempt: EventService
06-23 15:22:01.342 17580 18067 I RcsProvisioningWorkMana: Scheduled provisioning task with 190557 seconds delay, KEEP policy, trigger is UNDEFINED_TRIGGER_EVENT, workerId is 41807ae4-a459-4989-b5da-3c9d37c3c8d6, simId is redacted-pii:sim_id[chars:19,last3:392]
06-23 15:22:01.343 17580 17664 I BugleDataModel: ActionExecutorImpl: ACTION_EXECUTE_QUEUED_ProcessPendingMessagesAction
06-23 15:22:01.343 17580 17662 I RcsClientLib: Service is deprecated skipping connection attempt: ContactsService
06-23 15:22:01.344 17580 17662 I RcsClientLib: Service is deprecated skipping connection attempt: FileTransferService
06-23 15:22:01.344 17580 18062 I BugleRcsProvisioning: RcsProvisioningTrigger: onRcsAvailabilityUpdate : availability is updated to RCS is setup, lastAvailabilityLocal is RCS is setup, simId hash = -380216083383916349, simId = redacted-pii:sim_id[chars:19,last3:392], isPev3Enabled = true
06-23 15:22:01.344 17580 17690 I BugleDataModel: running action ProcessPendingMessagesAction
06-23 15:22:01.345 17580 17662 I RcsClientLib: Service is deprecated skipping connection attempt: LocationSharingService
06-23 15:22:01.345 17580 17651 I BugleE2eeMls: Current time: 2026-06-23T13:22:01.345Z. Needs refresh if too stale (after: 2026-06-26T12:46:47Z), or if expiring soon (after: 2026-08-23T01:43:43Z). Needs refresh: false
06-23 15:22:01.345 17580 17662 I RcsClientLib: Service is deprecated skipping connection attempt: ImsConnectionTrackerService
06-23 15:22:01.347 17580 17662 I RcsClientLib: Service is deprecated skipping connection attempt: RcsProfileService
06-23 15:22:01.347 17580 17664 I BugleDataModel: ProcessPendingRevocationsActionScheduler: scheduled next action. back off seconds: 0
06-23 15:22:01.348 17580 17580 I BugleDataModel: ActionExecutorImpl: ACTION_EXECUTE_QUEUED_ProcessPendingRevocationsAction
06-23 15:22:01.348 17580 17662 I RcsClientLib: Service is deprecated skipping connection attempt: RcsMessagingService
06-23 15:22:01.349 17580 17662 I BugleRcs: connecting to 7 Rcs Services
06-23 15:22:01.352 17580 17664 I BugleGroupManagement: Skipping RCS group identifiers telephony batch migration. Disabled by phenotype.
06-23 15:22:01.359 17580 17690 I BugleDataModel: PendingMessagesProcessor process from ProcessPendingMessagesAction due to connectivity state changed  with delay 0s with queues smsMessagesToSend:0 mmsMessagesToSend:0 rcsMessagesToSend:0 rcsFTMessagesToSend:0 messagesToDownload:0
06-23 15:22:01.360 17580 17690 I BugleDataModel: Cleared next retry time for channel: sms_send 
06-23 15:22:01.361 17580 17690 I BugleDataModel: Cleared next retry time for channel: mms_send 
06-23 15:22:01.361 17580 17690 I BugleDataModel: Cleared next retry time for channel: mms_download 
06-23 15:22:01.361 17580 17690 I BugleDataModel: Cleared next retry time for channel: rcs_send 
06-23 15:22:01.362 17580 17690 I BugleDataModel: Cleared next retry time for channel: rcs_ft_upload 
06-23 15:22:01.362 17580 17690 I BugleDataModel: Cleared next retry time for channel: rcs_ft_download 
06-23 15:22:01.363 17580 17690 I BugleDataModel: Cleared next retry time for channel: cloud_sync_send 
06-23 15:22:01.363 17580 17690 I BugleDataModel: Cleared next retry time for channel: cloud_sync_attachment_download 
06-23 15:22:01.364 17580 17690 I BugleDataModel: finished running action ProcessPendingMessagesAction in 19 ms
06-23 15:22:01.365 17580 17690 I BugleDataModel: running action ProcessPendingRevocationsAction
06-23 15:22:01.366 17580 17690 I BugleDataModel: ActionExecutorImpl: ACTION_BACKGROUND_QUEUED_ProcessPendingRevocationsAction
06-23 15:22:01.367 17580 17690 I BugleDataModel: finished running action ProcessPendingRevocationsAction in 1 ms
06-23 15:22:01.370 17580 18067 I BugleDataModel: ActionExecutorImpl: ACTION_RESPONSE_QUEUED_ProcessPendingRevocationsAction
06-23 15:22:01.373  1799  1819 E ApplicationHelper: Fail to get PackageManager
06-23 15:22:01.373  1799  1819 E ApplicationHelper: Fail to get PackageManager
06-23 15:22:01.373  1799  1819 E ApplicationHelper: Fail to get PackageManager
06-23 15:22:01.373  1799  1819 E ApplicationHelper: Fail to get PackageManager
06-23 15:22:01.412 17580 17664 I Zinnia  : zinnia_core::logging: Initialized Zinnia
06-23 15:22:01.414 17580 17697 I BugleE2eeMls: Fetching trusted root list from: https://www.gstatic.com/messages/mls/trusted_root_lists/1770679592.pb
06-23 15:22:01.437 17580 17664 I cn_HttpFlagsLoader: HTTP flags log line (API): Using live production flag values from Google
06-23 15:22:01.438 17580 17664 I CronetEngineBuilderFact: Found Cronet providers: Google-Play-Services-Cronet-Provider, App-Packaged-Cronet-Provider, Fallback-Cronet-Provider
06-23 15:22:01.439 17580 17664 I CronetEngineBuilderFact: Selected Cronet provider is App-Packaged-Cronet-Provider, version 149.0.7827.59
06-23 15:22:01.480 17580 17664 I cn_CronetLibraryLoader: Cronet version: 149.0.7827.59, arch: aarch64
06-23 15:22:01.524  1098 18085 I resolv  : GetAddrInfoHandler::run: {135 786567 135 983175 10150 0}
06-23 15:22:01.524  1098 18086 I resolv  : res_nmkquery: (QUERY, IN, A)
06-23 15:22:01.540  1098 18086 I resolv  : res_nsend: used send_dg 49 terrno: 0
06-23 15:22:01.541  1799  1903 I CpuLoadingObserver: ver:null specify_over:1 cpu_cores_over:null
06-23 15:22:01.541  1799  1903 I CpuLoadingObserver: Notify high cpu loading to com.mediatek.cpuloading.CpuLoadingObserver@8f9c113
06-23 15:22:01.541  1098 18086 I resolv  : doQuery: rcode=0, ancount=1, return value=49
06-23 15:22:01.558  1098 18087 I resolv  : GetAddrInfoHandler::run: {135 786567 135 983175 10150 0}
06-23 15:22:01.559  1098 18088 I resolv  : res_nmkquery: (QUERY, IN, A)
06-23 15:22:01.559  1098 18088 I resolv  : resolv_cache_lookup: FOUND IN CACHE entry=0xb400006e13afa890
06-23 15:22:01.559  1098 18088 I resolv  : doQuery: rcode=0, ancount=1, return value=49
06-23 15:22:01.589  1799  1799 W libc    : Access denied finding property "vendor.mbrain.battery"
06-23 15:22:01.694 17666 17666 W JobInfo : Job 'com.android.chrome/org.chromium.components.background_task_scheduler.internal.BackgroundTaskJobService#116' has a deadline with no functional constraints. The deadline won't improve job execution latency. Consider removing the deadline.
06-23 15:22:01.696  1799  2384 W JobInfo : Job 'com.android.chrome/org.chromium.components.background_task_scheduler.internal.BackgroundTaskJobService#116' has a deadline with no functional constraints. The deadline won't improve job execution latency. Consider removing the deadline.
06-23 15:22:01.696 17580 17697 I BugleE2eeMls: Successfully fetched and parsed trusted root list. Generation ID: 1770679592
06-23 15:22:01.701  1799  1819 E ApplicationHelper: Fail to get PackageManager
06-23 15:22:01.702  1799  1819 E ApplicationHelper: Fail to get PackageManager
06-23 15:22:01.705  1799  1819 E ApplicationHelper: Fail to get PackageManager
06-23 15:22:01.705 17666 17666 W cr_BkgrdTaskJS: Starting background task (jobId=116)
06-23 15:22:01.713  1799  1819 E ApplicationHelper: Fail to get PackageManager
06-23 15:22:01.713  1799  1819 E ApplicationHelper: Fail to get PackageManager
06-23 15:22:01.720  1799  1819 E ApplicationHelper: Fail to get PackageManager
06-23 15:22:01.720  1799  1819 E ApplicationHelper: Fail to get PackageManager
06-23 15:22:01.747  1132  1181 I libPerfCtl: xgfGetFPS pid:1164 fps:-1
06-23 15:22:01.747  1132  1181 I libPerfCtl: xgfGetFPS pid:2108 fps:-1
06-23 15:22:01.787 17580 17664 I CallFlogger: Creating X.509credential from 3 certificates
06-23 15:22:01.792 17580 17664 I Zinnia  : libzinnia_rust::ffi_trait_wrappers::time_accessor_wrapper: Current time fetched from client: LoggedMlsTime { epoch_seconds: 1782220921, date: "2026-06-23 13:22:01" }
06-23 15:22:01.805 17580 17664 I CallFlogger: Logging client identify information for msisdn Msisdn: [REDACTED], with participant key (hex) ParticipantPublicKey: [REDACTED], and client id ClientId: "c9fa5caf-4ea3-4328-9c10-4b74566b6f3d", with keypair public key (hex) DevicePublicKey: [REDACTED], validity=(LoggedMlsTime { epoch_seconds: 1781574227, date: "2026-06-16 01:43:47" }, LoggedMlsTime { epoch_seconds: 1788054223, date: "2026-08-30 01:43:43" })
06-23 15:22:01.811 17580 17664 I BugleE2eeMls: validateClientBasicFunctionalitySync()
06-23 15:22:01.815 17580 17664 I Zinnia  : libzinnia_rust::ffi_trait_wrappers::time_accessor_wrapper: Current time fetched from client: LoggedMlsTime { epoch_seconds: 1782220921, date: "2026-06-23 13:22:01" }
06-23 15:22:01.852 17580 17664 I BugleE2eeMls: No group information found, returning not found maximum epoch ID. [CONTEXT mls_group_id="MlsGroup(groupId=validation_group_id)" ]
06-23 15:22:01.857 17580 17664 I BugleE2eeMls: Group to delete not found in MlsGroupStates table [CONTEXT mls_group_id="MlsGroup(groupId=validation_group_id)" ]
06-23 15:22:01.860 17580 17664 I CallFlogger: Error occurred: NotFound
06-23 15:22:01.862 17580 17651 I BugleE2eeMls: no certificates need to be refreshed, skip triggering certificate chain download [CONTEXT provisioning_session_id="ddfcf19a-68da-4332-b44e-8df595152721" ]
06-23 15:22:01.955  1135  1212 I libPowerHal: [perfLockAcq] idx:1 hdl:61079 hint:25 pid:1135 tid:1135 duration:10000 lock_user:vendor.mediatek => ret_hdl:61079
06-23 15:22:01.955  1135  1212 I libPowerHal: [PE] MTKPOWER_HINT_APP_TOUCH update cmd:410000, param:1, pr:3
06-23 15:22:01.955  1135  1212 I libPowerHal: [PE] MTKPOWER_HINT_APP_TOUCH update cmd:400000 param:3000000 pr:3
06-23 15:22:01.955  1135  1212 I libPowerHal: [PE] MTKPOWER_HINT_APP_TOUCH update cmd:400100 param:3000000 pr:3
06-23 15:22:01.955  1135  1212 I libPowerHal: value: 1
06-23 15:22:01.955  1135  1212 I libPowerHal: [PE] MTKPOWER_HINT_APP_TOUCH update cmd:410000 param:1 pr:3
06-23 15:22:01.956  1135  1212 I libPowerHal: [setDvfsrcDevFreqOpp] opp:0, freq:3600000000
06-23 15:22:01.956  1135  1212 I libPowerHal: [PE] MTKPOWER_HINT_APP_TOUCH update cmd:1000000 param:0 pr:3
06-23 15:22:01.956  1135  1212 I libPowerHal: [recordCPUFreqInfo] set cluster[0] min(MTKPOWER_HINT_APP_TOUCH): 1700000 max(-1): -1 cluster[1] min(MTKPOWER_HINT_APP_TOUCH): 2000000 max(-1): -1
06-23 15:22:01.956  1135  1212 I libPowerHal: [perfLockAcq] Done for hdl : 61079
06-23 15:22:01.956  1799  1819 I ThreeFingerPointerEventListener: onPointDown... pointIndex = 0, pointId = 0 currentX = 603.5, currentY = 1375.75 mTouchRegion:Rect(43, 96 - 676, 1507)
06-23 15:22:01.959  1799  3762 I mtkpower_client: perf_lock_acq, hdl:61074, dur:1000, num:4, pid:1799, tid:3762
06-23 15:22:01.960  1799  3762 I mtkpower_client: ret_hdl:61080
06-23 15:22:01.960  1135  1212 I libPowerHal: [perfLockAcq] idx:2 hdl:61080 hint:-1 pid:1799 tid:3762 duration:1000 lock_user:system_server => ret_hdl:61080
06-23 15:22:01.960  1135  1212 I libPowerHal: [PE] system_server update ONESHOT(set) cmd:1444200 param:11925 pr:3
06-23 15:22:01.960  1135  1212 I libPowerHal: [PE] system_server update ONESHOT(set) cmd:1444600 param:70 pr:3
06-23 15:22:01.960  1135  1212 I libPowerHal: [perfLockAcq] Done for hdl : 61080
06-23 15:22:02.043  1135  1212 I libPowerHal: [perfLockRel] hdl:61079, idx:1
06-23 15:22:02.044  1135  1212 I libPowerHal: [PD] MTKPOWER_HINT_APP_TOUCH update cmd:410000 param:0, pr:6
06-23 15:22:02.044  1135  1212 I libPowerHal: [PD] MTKPOWER_HINT_APP_TOUCH update cmd:400000 param:-1 pr:6
06-23 15:22:02.044  1135  1212 I libPowerHal: [PD] MTKPOWER_HINT_APP_TOUCH update cmd:400100 param:-1 pr:6
06-23 15:22:02.044  1135  1212 I libPowerHal: value: 0
06-23 15:22:02.044  1135  1212 I libPowerHal: [PD] MTKPOWER_HINT_APP_TOUCH update cmd:410000 param:0 pr:6
06-23 15:22:02.044  1135  1212 I libPowerHal: [PD] MTKPOWER_HINT_APP_TOUCH update cmd:1000000 param:-1 pr:6
06-23 15:22:02.044  1135  1212 I libPowerHal: [recordCPUFreqInfo] set cluster[0] min(-1): -1 max(-1): -1 cluster[1] min(-1): -1 max(-1): -1
06-23 15:22:02.044  1135  1212 I libPowerHal: [perfLockRel] Done for hdl : 61079
06-23 15:22:02.132   377   377 I lowmemorykiller: Kill 'com.instagram.android' (16957), uid 10269, oom_score_adj 905 to free 356980kB rss, 45360kB swap; reason: device is not responding
06-23 15:22:02.142   377   388 E lowmemorykiller: process_mrelease 16957 failed: No such process
06-23 15:22:02.165 11925 11925 I Capacitor/Console: File:  - Line 333 - Msg: undefined
06-23 15:22:02.166 11925 11925 I Capacitor/Console: File:  - Line 333 - Msg: undefined
06-23 15:22:02.211  1164  1164 I BufferQueueProducer: [com.ibrastream.app/com.ibrastream.app.MainActivity#39996](this:0xb400006fd59fa8e0,id:-1,api:0,p:-1,c:1164) queueBuffer: fps=3.15 dur=4448.64 max=3899.68 min=12.88
06-23 15:22:02.213  1112  1127 I hwcomposer: [HWCDisplay] (0 updateFps():3644), (type:1, mode:2) fps:12.569890,dur:1511.55,max:698.84,min:6.42  
06-23 15:22:02.249  1799  4498 I ActivityManager: Process com.instagram.android (pid 16957) has died: cch+5 CEM 
06-23 15:22:02.251  1099  1099 I Zygote  : Process 16957 exited due to signal 9 (Killed)
06-23 15:22:02.253  1799  1832 I libprocessgroup: Removed cgroup /sys/fs/cgroup/uid_10269/pid_16957
06-23 15:22:02.254  1799  1832 W libprocessgroup: RemoveCgroup: /dev/memcg/apps/uid_10269/pid_16957 does not exist.
06-23 15:22:02.256  1799  4498 I ScnModule: [GameDetection] packname: com.instagram.android, apkSize: 217854026. 
06-23 15:22:02.256  1799  4498 I mtkpower_client: [PowerHal_Wrap_notifyAppState] com.instagram.android/com.instagram.android pid=16957 activityId:16957 state:3
06-23 15:22:02.256  1132  1132 I vendor.mediatek.hardware.mtkpower_applist-service.mediatek: packName: com.instagram.android actName: com.instagram.android pid: 16957 activityId: 16957 uid: 10269 state: 3
06-23 15:22:02.256  1132  1132 I MTK_APPList: [notifyAPPstate] com.instagram.android/com.instagram.android, pid=16957, activityId=16957, uid=10269, state:DEAD, fps:-1, win:0
06-23 15:22:02.256  1132  1132 I MTK_APPList: [notifyAPPstate] multi_resumed_app_count: 1
06-23 15:22:02.256  1132  1132 I MTK_APPList: [notifyAPPstate] multi_resumed_app_info[0] com.ibrastream.app/com.ibrastream.app.MainActivity, pid:11925, activityId:249303850, fps:-1, isMultiWindow:0
06-23 15:22:02.256  1132  1132 I MTK_APPList: [getForegroundAPPCount] 1
06-23 15:22:02.256  1132  1132 I MTK_APPList: [notifyAPPstate] pack:com.instagram.android, pid:16957, STATE_DEAD
06-23 15:22:02.256  1132  1132 I MTK_APPList: [notifyNetdUID] 10320
06-23 15:22:02.257  1132  1132 I MTK_APPList: [notifyPID] 11925
06-23 15:22:02.258  1135  1212 I libPowerHal: [perfSetSysInfo] pid type:24, 11925
06-23 15:22:02.261  1098  1589 I netd    : tetherGetStats() -> {[TetherStatsParcel{iface: ccmni0, rxBytes: 59734, rxPackets: 151, txBytes: 105349, txPackets: 265, ifIndex: 0}, TetherStatsParcel{iface: wlan0, rxBytes: 30218537459, rxPackets: 27263631, txBytes: 3455445436, txPackets: 6726350, ifIndex: 0}]} <3.81ms>
06-23 15:22:02.386  2071  2075 I WifiHAL : feature_set=0x8488341a
06-23 15:22:02.548 11925 11925 I Capacitor/Console: File:  - Line 333 - Msg: undefined
06-23 15:22:02.747  1132  1181 I libPerfCtl: xgfGetFPS pid:1164 fps:-1
06-23 15:22:02.747  1132  1181 I libPerfCtl: xgfGetFPS pid:2108 fps:-1
06-23 15:22:02.747  1132  1181 I libPerfCtl: xgfGetFPS pid:11925 fps:-1
06-23 15:22:02.961  1135  1212 I mtkpower@impl: [powerd_req] TIMER_MSG_PERF_LOCK_TIMEOUT hdl:61080
06-23 15:22:02.961  1135  1212 I libPowerHal: [perfLockRel] hdl:61080, idx:2
06-23 15:22:02.962  1135  1212 I libPowerHal: [PD] system_server update ONESHOT(unset) cmd:1444200 param:11925 pr:3
06-23 15:22:02.962  1135  1212 I libPowerHal: [PD] system_server update ONESHOT(unset) cmd:1444600 param:70 pr:3
06-23 15:22:02.962  1799  4498 I mtkpower_client: perf_lock_acq, hdl:61080, dur:1, num:2, pid:1799, tid:4498
06-23 15:22:02.962  1135  1212 I libPowerHal: [perfLockRel] Done for hdl : 61080
06-23 15:22:02.963  1799  4498 I mtkpower_client: ret_hdl:61081
06-23 15:22:02.963  1135  1212 I libPowerHal: [perfLockAcq] idx:1 hdl:61081 hint:-1 pid:1799 tid:4498 duration:1 lock_user:system_server => ret_hdl:61081
06-23 15:22:02.963  1135  1212 I libPowerHal: [PE] system_server update ONESHOT(set) cmd:1444300 param:11925 pr:3
06-23 15:22:02.963  1135  1212 I libPowerHal: [perfLockAcq] Done for hdl : 61081
06-23 15:22:02.963  1799  4498 I mtkpower_client: perf_lock_rel, hdl:61081, tid:4498
06-23 15:22:02.964  1135  1212 I mtkpower@impl: [powerd_req] TIMER_MSG_PERF_LOCK_TIMEOUT hdl:61081
06-23 15:22:02.964  1135  1212 I libPowerHal: [perfLockRel] hdl:61081, idx:1
06-23 15:22:02.964  1135  1212 I libPowerHal: [PD] system_server update ONESHOT(unset) cmd:1444300 param:11925 pr:3
06-23 15:22:02.965  1135  1212 I libPowerHal: [perfLockRel] Done for hdl : 61081
06-23 15:22:02.965  1135  1212 I libPowerHal: [perfLockRel] hdl:61081, idx:-1
06-23 15:22:03.343 11925 16540 E IbraStreamService: Using default Browser User-Agent for: https://api.cobalt.blackcat.sweeux.org/tunnel?id=s9JuEVQInZDXFE6tT_JO9&exp=1782220547274&sig=ZS1sUrc4Iz702QXY9iye2rDAtzrOl-8r3b8iTI1hCWc&sec=6RM79Eg5JRCr66Xn-rf1iLGURnMTQPdUvDcTBbfv3oY&iv=S5SJvc0FId0ICnOhRqdVKw
06-23 15:22:03.345 11925 16540 I CapacitorCookies: Getting cookies at: 'https://api.cobalt.blackcat.sweeux.org/tunnel?id=s9JuEVQInZDXFE6tT_JO9&exp=1782220547274&sig=ZS1sUrc4Iz702QXY9iye2rDAtzrOl-8r3b8iTI1hCWc&sec=6RM79Eg5JRCr66Xn-rf1iLGURnMTQPdUvDcTBbfv3oY&iv=S5SJvc0FId0ICnOhRqdVKw'
06-23 15:22:03.444  1799  1819 E ApplicationHelper: Fail to get PackageManager
06-23 15:22:03.445  1799  1819 E ApplicationHelper: Fail to get PackageManager
06-23 15:22:03.747  1132  1181 I libPerfCtl: xgfGetFPS pid:2108 fps:-1
06-23 15:22:03.748  1132  1181 I libPerfCtl: xgfGetFPS pid:11925 fps:-1
06-23 15:22:03.901  2303  2480 W AudioMediaPlayerWrapper: onPlaybackStateChanged(): com.ibrastream.app tried to update with no new data
06-23 15:22:04.237  1799  1819 I ThreeFingerPointerEventListener: onPointDown... pointIndex = 0, pointId = 0 currentX = 591.5, currentY = 1375.75 mTouchRegion:Rect(43, 96 - 676, 1507)
06-23 15:22:04.237  1135  1212 I libPowerHal: [perfLockAcq] idx:1 hdl:61082 hint:25 pid:1135 tid:1135 duration:10000 lock_user:vendor.mediatek => ret_hdl:61082
06-23 15:22:04.238  1135  1212 I libPowerHal: [PE] MTKPOWER_HINT_APP_TOUCH update cmd:410000, param:1, pr:3
06-23 15:22:04.238  1135  1212 I libPowerHal: [PE] MTKPOWER_HINT_APP_TOUCH update cmd:400000 param:3000000 pr:3
06-23 15:22:04.238  1135  1212 I libPowerHal: [PE] MTKPOWER_HINT_APP_TOUCH update cmd:400100 param:3000000 pr:3
06-23 15:22:04.238  1135  1212 I libPowerHal: value: 1
06-23 15:22:04.238  1135  1212 I libPowerHal: [PE] MTKPOWER_HINT_APP_TOUCH update cmd:410000 param:1 pr:3
06-23 15:22:04.238  1135  1212 I libPowerHal: [setDvfsrcDevFreqOpp] opp:0, freq:3600000000
06-23 15:22:04.238  1135  1212 I libPowerHal: [PE] MTKPOWER_HINT_APP_TOUCH update cmd:1000000 param:0 pr:3
06-23 15:22:04.238  1135  1212 I libPowerHal: [recordCPUFreqInfo] set cluster[0] min(MTKPOWER_HINT_APP_TOUCH): 1700000 max(-1): -1 cluster[1] min(MTKPOWER_HINT_APP_TOUCH): 2000000 max(-1): -1
06-23 15:22:04.238  1135  1212 I libPowerHal: [perfLockAcq] Done for hdl : 61082
06-23 15:22:04.240  1799  3754 I mtkpower_client: perf_lock_acq, hdl:61081, dur:1000, num:4, pid:1799, tid:3754
06-23 15:22:04.240  1799  3754 I mtkpower_client: ret_hdl:61083
06-23 15:22:04.241  1135  1212 I libPowerHal: [perfLockAcq] idx:2 hdl:61083 hint:-1 pid:1799 tid:3754 duration:1000 lock_user:system_server => ret_hdl:61083
06-23 15:22:04.241  1135  1212 I libPowerHal: [PE] system_server update ONESHOT(set) cmd:1444200 param:11925 pr:3
06-23 15:22:04.241  1135  1212 I libPowerHal: [PE] system_server update ONESHOT(set) cmd:1444600 param:70 pr:3
06-23 15:22:04.241  1135  1212 I libPowerHal: [perfLockAcq] Done for hdl : 61083
06-23 15:22:04.325  1135  1212 I libPowerHal: [perfLockRel] hdl:61082, idx:1
06-23 15:22:04.325  1135  1212 I libPowerHal: [PD] MTKPOWER_HINT_APP_TOUCH update cmd:410000 param:0, pr:6
