06-23 15:22:04.326  1135  1212 I libPowerHal: [PD] MTKPOWER_HINT_APP_TOUCH update cmd:400000 param:-1 pr:6
06-23 15:22:04.326  1135  1212 I libPowerHal: [PD] MTKPOWER_HINT_APP_TOUCH update cmd:400100 param:-1 pr:6
06-23 15:22:04.326  1135  1212 I libPowerHal: value: 0
06-23 15:22:04.326  1135  1212 I libPowerHal: [PD] MTKPOWER_HINT_APP_TOUCH update cmd:410000 param:0 pr:6
06-23 15:22:04.326  1135  1212 I libPowerHal: [PD] MTKPOWER_HINT_APP_TOUCH update cmd:1000000 param:-1 pr:6
06-23 15:22:04.327  1135  1212 I libPowerHal: [recordCPUFreqInfo] set cluster[0] min(-1): -1 max(-1): -1 cluster[1] min(-1): -1 max(-1): -1
06-23 15:22:04.328  1135  1212 W LibMBrainProxy: MBrain offline
06-23 15:22:04.328  1135  1212 I libPowerHal: [perfLockRel] Done for hdl : 61082
06-23 15:22:04.445 11925 11925 I Capacitor/Console: File:  - Line 333 - Msg: undefined
06-23 15:22:04.446 11925 11925 I Capacitor/Console: File:  - Line 333 - Msg: undefined
06-23 15:22:04.492  1164  1164 I BufferQueueProducer: [com.ibrastream.app/com.ibrastream.app.MainActivity#39996](this:0xb400006fd59fa8e0,id:-1,api:0,p:-1,c:1164) queueBuffer: fps=8.77 dur=2281.26 max=1936.50 min=10.87
06-23 15:22:04.494  1112  1127 I hwcomposer: [HWCDisplay] (0 updateFps():3644), (type:1, mode:2) fps:8.768938,dur:2280.78,max:1936.58,min:10.31  
06-23 15:22:04.747  1132  1181 I libPerfCtl: xgfGetFPS pid:2108 fps:-1
06-23 15:22:04.748  1132  1181 I libPerfCtl: xgfGetFPS pid:11925 fps:-1
06-23 15:22:04.800  1799  1829 W ActivityManager: pid 1799 system sent binder code 2 with flags 1 to frozen apps and got error -32
06-23 15:22:04.974  1799  1829 W ActivityManager: pid 1799 system sent binder code 2 with flags 1 to frozen apps and got error -32
06-23 15:22:05.028 11925 11925 I Capacitor/Console: File:  - Line 333 - Msg: undefined
06-23 15:22:05.242  1135  1212 I mtkpower@impl: [powerd_req] TIMER_MSG_PERF_LOCK_TIMEOUT hdl:61083
06-23 15:22:05.242  1135  1212 I libPowerHal: [perfLockRel] hdl:61083, idx:2
06-23 15:22:05.242  1799  3754 I mtkpower_client: perf_lock_acq, hdl:61083, dur:1, num:2, pid:1799, tid:3754
06-23 15:22:05.243  1135  1212 I libPowerHal: [PD] system_server update ONESHOT(unset) cmd:1444200 param:11925 pr:3
06-23 15:22:05.243  1135  1212 I libPowerHal: [PD] system_server update ONESHOT(unset) cmd:1444600 param:70 pr:3
06-23 15:22:05.243  1135  1212 I libPowerHal: [perfLockRel] Done for hdl : 61083
06-23 15:22:05.244  1799  3754 I mtkpower_client: ret_hdl:61084
06-23 15:22:05.244  1135  1212 I libPowerHal: [perfLockAcq] idx:1 hdl:61084 hint:-1 pid:1799 tid:3754 duration:1 lock_user:system_server => ret_hdl:61084
06-23 15:22:05.244  1135  1212 I libPowerHal: [PE] system_server update ONESHOT(set) cmd:1444300 param:11925 pr:3
06-23 15:22:05.244  1135  1212 I libPowerHal: [perfLockAcq] Done for hdl : 61084
06-23 15:22:05.245  1799  3754 I mtkpower_client: perf_lock_rel, hdl:61084, tid:3754
06-23 15:22:05.245  1135  1212 I mtkpower@impl: [powerd_req] TIMER_MSG_PERF_LOCK_TIMEOUT hdl:61084
06-23 15:22:05.245  1135  1212 I libPowerHal: [perfLockRel] hdl:61084, idx:1
06-23 15:22:05.246  1135  1212 I libPowerHal: [PD] system_server update ONESHOT(unset) cmd:1444300 param:11925 pr:3
06-23 15:22:05.246  1135  1212 I libPowerHal: [perfLockRel] Done for hdl : 61084
06-23 15:22:05.246  1135  1212 I libPowerHal: [perfLockRel] hdl:61084, idx:-1
06-23 15:22:05.393  2071  2076 I WifiHAL : feature_set=0x8488341a
06-23 15:22:05.517  1135  1212 I libPowerHal: [perfLockAcq] idx:1 hdl:61085 hint:25 pid:1135 tid:1135 duration:10000 lock_user:vendor.mediatek => ret_hdl:61085
06-23 15:22:05.517  1135  1212 I libPowerHal: [PE] MTKPOWER_HINT_APP_TOUCH update cmd:410000, param:1, pr:3
06-23 15:22:05.517  1799  1819 I ThreeFingerPointerEventListener: onPointDown... pointIndex = 0, pointId = 0 currentX = 650.0, currentY = 1379.75 mTouchRegion:Rect(43, 96 - 676, 1507)
06-23 15:22:05.517  1135  1212 I libPowerHal: [PE] MTKPOWER_HINT_APP_TOUCH update cmd:400000 param:3000000 pr:3
06-23 15:22:05.517  1135  1212 I libPowerHal: [PE] MTKPOWER_HINT_APP_TOUCH update cmd:400100 param:3000000 pr:3
06-23 15:22:05.517  1135  1212 I libPowerHal: value: 1
06-23 15:22:05.517  1135  1212 I libPowerHal: [PE] MTKPOWER_HINT_APP_TOUCH update cmd:410000 param:1 pr:3
06-23 15:22:05.517  1135  1212 I libPowerHal: [setDvfsrcDevFreqOpp] opp:0, freq:3600000000
06-23 15:22:05.517  1135  1212 I libPowerHal: [PE] MTKPOWER_HINT_APP_TOUCH update cmd:1000000 param:0 pr:3
06-23 15:22:05.517  1135  1212 I libPowerHal: [recordCPUFreqInfo] set cluster[0] min(MTKPOWER_HINT_APP_TOUCH): 1700000 max(-1): -1 cluster[1] min(MTKPOWER_HINT_APP_TOUCH): 2000000 max(-1): -1
06-23 15:22:05.517  1135  1212 I libPowerHal: [perfLockAcq] Done for hdl : 61085
06-23 15:22:05.520  1799  3754 I mtkpower_client: perf_lock_acq, hdl:61084, dur:1000, num:4, pid:1799, tid:3754
06-23 15:22:05.520  1799  3754 I mtkpower_client: ret_hdl:61086
06-23 15:22:05.520  1135  1212 I libPowerHal: [perfLockAcq] idx:2 hdl:61086 hint:-1 pid:1799 tid:3754 duration:1000 lock_user:system_server => ret_hdl:61086
06-23 15:22:05.521  1135  1212 I libPowerHal: [PE] system_server update ONESHOT(set) cmd:1444200 param:11925 pr:3
06-23 15:22:05.521  1135  1212 I libPowerHal: [PE] system_server update ONESHOT(set) cmd:1444600 param:70 pr:3
06-23 15:22:05.521  1135  1212 I libPowerHal: [perfLockAcq] Done for hdl : 61086
06-23 15:22:05.594  1135  1212 I libPowerHal: [perfLockRel] hdl:61085, idx:1
06-23 15:22:05.594  1135  1212 I libPowerHal: [PD] MTKPOWER_HINT_APP_TOUCH update cmd:410000 param:0, pr:6
06-23 15:22:05.594  1135  1212 I libPowerHal: [PD] MTKPOWER_HINT_APP_TOUCH update cmd:400000 param:-1 pr:6
06-23 15:22:05.594  1135  1212 I libPowerHal: [PD] MTKPOWER_HINT_APP_TOUCH update cmd:400100 param:-1 pr:6
06-23 15:22:05.594  1135  1212 I libPowerHal: value: 0
06-23 15:22:05.594  1135  1212 I libPowerHal: [PD] MTKPOWER_HINT_APP_TOUCH update cmd:410000 param:0 pr:6
06-23 15:22:05.595  1135  1212 I libPowerHal: [PD] MTKPOWER_HINT_APP_TOUCH update cmd:1000000 param:-1 pr:6
06-23 15:22:05.595  1135  1212 I libPowerHal: [recordCPUFreqInfo] set cluster[0] min(-1): -1 max(-1): -1 cluster[1] min(-1): -1 max(-1): -1
06-23 15:22:05.595  1135  1212 I libPowerHal: [perfLockRel] Done for hdl : 61085
06-23 15:22:05.671  1799  3754 I WifiService: releaseWifiLock uid=10320
06-23 15:22:05.705  2303  2480 I bluetooth: avrcp_service.cc:646 SendMediaUpdate: track_changed=false :  play_state=true :  queue=false
06-23 15:22:05.730 11925 11925 I Capacitor/Console: File: https://localhost/assets/index-DdpVATMF.js - Line 73 - Msg: [Cache Hit] Playing pre-resolved track: Eatin' Good
06-23 15:22:05.743 11925 11925 E IbraStreamMedia: CustomPlayerWrapper: setMockDuration=222000
06-23 15:22:05.744 11925 11925 E IbraStreamMedia: CustomPlayerWrapper: setMockPosition=0
06-23 15:22:05.746 11925 11925 E IbraStreamMedia: onMediaItemTransition: reason=3, item=510437812
06-23 15:22:05.746 11925 11925 E IbraStreamMedia: CustomPlayerWrapper: setMockPosition=0
06-23 15:22:05.748  1132  1181 I libPerfCtl: xgfGetFPS pid:2108 fps:-1
06-23 15:22:05.748  1132  1181 I libPerfCtl: xgfGetFPS pid:11925 fps:-1
06-23 15:22:05.758 11925 16547 I CCodecConfig: query failed after returning 8 values (BAD_INDEX)
06-23 15:22:05.759 11925 11974 I CapacitorCookies: Getting cookies at: 'https://monochrome-api.samidy.com/search/?a=Woodcamp'
06-23 15:22:05.761 11925 12477 I CapacitorCookies: Getting cookies at: 'https://resources.tidal.com/images/80241aca/d848/475e/80e3/7a47d1f1a468/640x640.jpg'
06-23 15:22:05.764  1098 18097 I resolv  : GetAddrInfoHandler::run: {135 135 135 983175 10320 0}
06-23 15:22:05.765  1098 18098 I resolv  : res_nmkquery: (QUERY, IN, A)
06-23 15:22:05.766  1098 18099 I resolv  : GetAddrInfoHandler::run: {135 135 135 983175 10320 0}
06-23 15:22:05.767 11925 11975 I CapacitorCookies: Getting cookies at: 'https://spotify-statistics-and-stream-count.p.rapidapi.com/search?q=Woodcamp'
06-23 15:22:05.768  1098 18100 I resolv  : res_nmkquery: (QUERY, IN, A)
06-23 15:22:05.769 11925 18101 E IbraStreamService: Using default Browser User-Agent for: https://api.cobalt.blackcat.sweeux.org/tunnel?id=5bDWDsoKXEVeOiibApR6K&exp=1782220577291&sig=sJrYGLgeVqFz0pm1fpdcLUMHQVQKdL_yL7cgVjCyzvA&sec=J5CGnIhckJsvB1lvdhxJS-hLzcni1JITfTzAxYgxCGo&iv=Atm9zoctHSrpz2dJe6m3Qg
06-23 15:22:05.771  1098 18102 I resolv  : GetAddrInfoHandler::run: {135 135 135 983175 10320 0}
06-23 15:22:05.772 11925 18101 I CapacitorCookies: Getting cookies at: 'https://api.cobalt.blackcat.sweeux.org/tunnel?id=5bDWDsoKXEVeOiibApR6K&exp=1782220577291&sig=sJrYGLgeVqFz0pm1fpdcLUMHQVQKdL_yL7cgVjCyzvA&sec=J5CGnIhckJsvB1lvdhxJS-hLzcni1JITfTzAxYgxCGo&iv=Atm9zoctHSrpz2dJe6m3Qg'
06-23 15:22:05.772  1098 18103 I resolv  : res_nmkquery: (QUERY, IN, A)
06-23 15:22:05.781  2303  2480 W Failed to fetch image at uri=https://resources.tidal.com/images/80241aca/d848/475e/80e3/7a47d1java.io.FileNotFoundException: No content provider: https://resources.tidal.com/images/80241aca/d848/475e/80e3/7a47d1f1a468/640x640.jpg
06-23 15:22:05.781  2303  2480 W Failed to fetch image at uri=https://resources.tidal.com/images/80241aca/d848/475e/80e3/7a47d1	at android.content.ContentResolver.openTypedAssetFileDescriptor(ContentResolver.java:2029)
06-23 15:22:05.781  2303  2480 W Failed to fetch image at uri=https://resources.tidal.com/images/80241aca/d848/475e/80e3/7a47d1	at android.content.ContentResolver.openAssetFileDescriptor(ContentResolver.java:1858)
06-23 15:22:05.781  2303  2480 W Failed to fetch image at uri=https://resources.tidal.com/images/80241aca/d848/475e/80e3/7a47d1	at android.content.ContentResolver.openInputStream(ContentResolver.java:1528)
06-23 15:22:05.781  2303  2480 W Failed to fetch image at uri=https://resources.tidal.com/images/80241aca/d848/475e/80e3/7a47d1	at com.android.bluetooth.audio_util.Image.getImageFromUri(Image.java:200)
06-23 15:22:05.781  2303  2480 W Failed to fetch image at uri=https://resources.tidal.com/images/80241aca/d848/475e/80e3/7a47d1	at com.android.bluetooth.audio_util.Image.setImage(Image.java:164)
06-23 15:22:05.781  2303  2480 W Failed to fetch image at uri=https://resources.tidal.com/images/80241aca/d848/475e/80e3/7a47d1	at com.android.bluetooth.audio_util.Image.<init>(Image.java:139)
06-23 15:22:05.781  2303  2480 W Failed to fetch image at uri=https://resources.tidal.com/images/80241aca/d848/475e/80e3/7a47d1	at com.android.bluetooth.audio_util.Metadata$Builder.fromMediaDescription(Metadata.java:261)
06-23 15:22:05.781  2303  2480 W Failed to fetch image at uri=https://resources.tidal.com/images/80241aca/d848/475e/80e3/7a47d1	at com.android.bluetooth.audio_util.Metadata$Builder.fromMediaMetadata(Metadata.java:182)
06-23 15:22:05.781  2303  2480 W Failed to fetch image at uri=https://resources.tidal.com/images/80241aca/d848/475e/80e3/7a47d1	at com.android.bluetooth.audio_util.Util.toMetadata(Util.java:108)
06-23 15:22:05.781  2303  2480 W Failed to fetch image at uri=https://resources.tidal.com/images/80241aca/d848/475e/80e3/7a47d1	at com.android.bluetooth.audio_util.MediaPlayerWrapper.isMetadataSynced(MediaPlayerWrapper.java:300)
06-23 15:22:05.781  2303  2480 W Failed to fetch image at uri=https://resources.tidal.com/images/80241aca/d848/475e/80e3/7a47d1	at com.android.bluetooth.audio_util.MediaPlayerWrapper$MediaControllerListener.trySendMediaUpdate(MediaPlayerWrapper.java:470)
06-23 15:22:05.781  2303  2480 W Failed to fetch image at uri=https://resources.tidal.com/images/80241aca/d848/475e/80e3/7a47d1	at com.android.bluetooth.audio_util.MediaPlayerWrapper$MediaControllerListener.onQueueChanged(MediaPlayerWrapper.java:583)
06-23 15:22:05.781  2303  2480 W Failed to fetch image at uri=https://resources.tidal.com/images/80241aca/d848/475e/80e3/7a47d1	at android.media.session.MediaController$MessageHandler.handleMessage(MediaController.java:1208)
06-23 15:22:05.781  2303  2480 W Failed to fetch image at uri=https://resources.tidal.com/images/80241aca/d848/475e/80e3/7a47d1	at android.os.Handler.dispatchMessage(Handler.java:107)
06-23 15:22:05.781  2303  2480 W Failed to fetch image at uri=https://resources.tidal.com/images/80241aca/d848/475e/80e3/7a47d1	at android.os.Looper.loopOnce(Looper.java:234)
06-23 15:22:05.781  2303  2480 W Failed to fetch image at uri=https://resources.tidal.com/images/80241aca/d848/475e/80e3/7a47d1	at android.os.Looper.loop(Looper.java:319)
06-23 15:22:05.781  2303  2480 W Failed to fetch image at uri=https://resources.tidal.com/images/80241aca/d848/475e/80e3/7a47d1	at android.os.HandlerThread.run(HandlerThread.java:85)
06-23 15:22:05.781  2303  2480 W Failed to fetch image at uri=https://resources.tidal.com/images/80241aca/d848/475e/80e3/7a47d1java.io.FileNotFoundException: No content provider: https://resources.tidal.com/images/80241aca/d848/475e/80e3/7a47d1f1a468/640x640.jpg
06-23 15:22:05.781  2303  2480 W Failed to fetch image at uri=https://resources.tidal.com/images/80241aca/d848/475e/80e3/7a47d1	at android.content.ContentResolver.openTypedAssetFileDescriptor(ContentResolver.java:2029)
06-23 15:22:05.781  2303  2480 W Failed to fetch image at uri=https://resources.tidal.com/images/80241aca/d848/475e/80e3/7a47d1	at android.content.ContentResolver.openAssetFileDescriptor(ContentResolver.java:1858)
06-23 15:22:05.781  2303  2480 W Failed to fetch image at uri=https://resources.tidal.com/images/80241aca/d848/475e/80e3/7a47d1	at android.content.ContentResolver.openInputStream(ContentResolver.java:1528)
06-23 15:22:05.781  2303  2480 W Failed to fetch image at uri=https://resources.tidal.com/images/80241aca/d848/475e/80e3/7a47d1	at com.android.bluetooth.audio_util.Image.getImageFromUri(Image.java:200)
06-23 15:22:05.781  2303  2480 W Failed to fetch image at uri=https://resources.tidal.com/images/80241aca/d848/475e/80e3/7a47d1	at com.android.bluetooth.audio_util.Image.setImage(Image.java:164)
06-23 15:22:05.781  2303  2480 W Failed to fetch image at uri=https://resources.tidal.com/images/80241aca/d848/475e/80e3/7a47d1	at com.android.bluetooth.audio_util.Image.setImage(Image.java:156)
06-23 15:22:05.781  2303  2480 W Failed to fetch image at uri=https://resources.tidal.com/images/80241aca/d848/475e/80e3/7a47d1	at com.android.bluetooth.audio_util.Image.<init>(Image.java:78)
06-23 15:22:05.781  2303  2480 W Failed to fetch image at uri=https://resources.tidal.com/images/80241aca/d848/475e/80e3/7a47d1	at com.android.bluetooth.audio_util.Metadata$Builder.fromMediaMetadata(Metadata.java:232)
06-23 15:22:05.781  2303  2480 W Failed to fetch image at uri=https://resources.tidal.com/images/80241aca/d848/475e/80e3/7a47d1	at com.android.bluetooth.audio_util.Util.toMetadata(Util.java:108)
06-23 15:22:05.781  2303  2480 W Failed to fetch image at uri=https://resources.tidal.com/images/80241aca/d848/475e/80e3/7a47d1	at com.android.bluetooth.audio_util.MediaPlayerWrapper.isMetadataSynced(MediaPlayerWrapper.java:300)
06-23 15:22:05.781  2303  2480 W Failed to fetch image at uri=https://resources.tidal.com/images/80241aca/d848/475e/80e3/7a47d1	at com.android.bluetooth.audio_util.MediaPlayerWrapper$MediaControllerListener.trySendMediaUpdate(MediaPlayerWrapper.java:470)
06-23 15:22:05.781  2303  2480 W Failed to fetch image at uri=https://resources.tidal.com/images/80241aca/d848/475e/80e3/7a47d1	at com.android.bluetooth.audio_util.MediaPlayerWrapper$MediaControllerListener.onQueueChanged(MediaPlayerWrapper.java:583)
06-23 15:22:05.781  2303  2480 W Failed to fetch image at uri=https://resources.tidal.com/images/80241aca/d848/475e/80e3/7a47d1	at android.media.session.MediaController$MessageHandler.handleMessage(MediaController.java:1208)
06-23 15:22:05.781  2303  2480 W Failed to fetch image at uri=https://resources.tidal.com/images/80241aca/d848/475e/80e3/7a47d1	at android.os.Handler.dispatchMessage(Handler.java:107)
06-23 15:22:05.781  2303  2480 W Failed to fetch image at uri=https://resources.tidal.com/images/80241aca/d848/475e/80e3/7a47d1	at android.os.Looper.loopOnce(Looper.java:234)
06-23 15:22:05.781  2303  2480 W Failed to fetch image at uri=https://resources.tidal.com/images/80241aca/d848/475e/80e3/7a47d1	at android.os.Looper.loop(Looper.java:319)
06-23 15:22:05.781  2303  2480 W Failed to fetch image at uri=https://resources.tidal.com/images/80241aca/d848/475e/80e3/7a47d1	at android.os.HandlerThread.run(HandlerThread.java:85)
06-23 15:22:05.784  2303  2480 W Failed to fetch image at uri=https://resources.tidal.com/images/80241aca/d848/475e/80e3/7a47d1java.io.FileNotFoundException: No content provider: https://resources.tidal.com/images/80241aca/d848/475e/80e3/7a47d1f1a468/640x640.jpg
06-23 15:22:05.784  2303  2480 W Failed to fetch image at uri=https://resources.tidal.com/images/80241aca/d848/475e/80e3/7a47d1	at android.content.ContentResolver.openTypedAssetFileDescriptor(ContentResolver.java:2029)
06-23 15:22:05.784  2303  2480 W Failed to fetch image at uri=https://resources.tidal.com/images/80241aca/d848/475e/80e3/7a47d1	at android.content.ContentResolver.openAssetFileDescriptor(ContentResolver.java:1858)
06-23 15:22:05.784  2303  2480 W Failed to fetch image at uri=https://resources.tidal.com/images/80241aca/d848/475e/80e3/7a47d1	at android.content.ContentResolver.openInputStream(ContentResolver.java:1528)
06-23 15:22:05.784  2303  2480 W Failed to fetch image at uri=https://resources.tidal.com/images/80241aca/d848/475e/80e3/7a47d1	at com.android.bluetooth.audio_util.Image.getImageFromUri(Image.java:200)
06-23 15:22:05.784  2303  2480 W Failed to fetch image at uri=https://resources.tidal.com/images/80241aca/d848/475e/80e3/7a47d1	at com.android.bluetooth.audio_util.Image.setImage(Image.java:164)
06-23 15:22:05.784  2303  2480 W Failed to fetch image at uri=https://resources.tidal.com/images/80241aca/d848/475e/80e3/7a47d1	at com.android.bluetooth.audio_util.Image.<init>(Image.java:139)
06-23 15:22:05.784  2303  2480 W Failed to fetch image at uri=https://resources.tidal.com/images/80241aca/d848/475e/80e3/7a47d1	at com.android.bluetooth.audio_util.Metadata$Builder.fromMediaDescription(Metadata.java:261)
06-23 15:22:05.784  2303  2480 W Failed to fetch image at uri=https://resources.tidal.com/images/80241aca/d848/475e/80e3/7a47d1	at com.android.bluetooth.audio_util.Metadata$Builder.fromMediaMetadata(Metadata.java:182)
06-23 15:22:05.784  2303  2480 W Failed to fetch image at uri=https://resources.tidal.com/images/80241aca/d848/475e/80e3/7a47d1	at com.android.bluetooth.audio_util.Util.toMetadata(Util.java:108)
06-23 15:22:05.784  2303  2480 W Failed to fetch image at uri=https://resources.tidal.com/images/80241aca/d848/475e/80e3/7a47d1	at com.android.bluetooth.audio_util.MediaPlayerWrapper.sendMediaUpdate(MediaPlayerWrapper.java:384)
06-23 15:22:05.784  2303  2480 W Failed to fetch image at uri=https://resources.tidal.com/images/80241aca/d848/475e/80e3/7a47d1	at com.android.bluetooth.audio_util.MediaPlayerWrapper.-$$Nest$msendMediaUpdate(MediaPlayerWrapper.java:0)
06-23 15:22:05.784  2303  2480 W Failed to fetch image at uri=https://resources.tidal.com/images/80241aca/d848/475e/80e3/7a47d1	at com.android.bluetooth.audio_util.MediaPlayerWrapper$MediaControllerListener.trySendMediaUpdate(MediaPlayerWrapper.java:478)
06-23 15:22:05.784  2303  2480 W Failed to fetch image at uri=https://resources.tidal.com/images/80241aca/d848/475e/80e3/7a47d1	at com.android.bluetooth.audio_util.MediaPlayerWrapper$MediaControllerListener.onQueueChanged(MediaPlayerWrapper.java:583)
06-23 15:22:05.784  2303  2480 W Failed to fetch image at uri=https://resources.tidal.com/images/80241aca/d848/475e/80e3/7a47d1	at android.media.session.MediaController$MessageHandler.handleMessage(MediaController.java:1208)
06-23 15:22:05.784  2303  2480 W Failed to fetch image at uri=https://resources.tidal.com/images/80241aca/d848/475e/80e3/7a47d1	at android.os.Handler.dispatchMessage(Handler.java:107)
06-23 15:22:05.784  2303  2480 W Failed to fetch image at uri=https://resources.tidal.com/images/80241aca/d848/475e/80e3/7a47d1	at android.os.Looper.loopOnce(Looper.java:234)
06-23 15:22:05.784  2303  2480 W Failed to fetch image at uri=https://resources.tidal.com/images/80241aca/d848/475e/80e3/7a47d1	at android.os.Looper.loop(Looper.java:319)
06-23 15:22:05.784  2303  2480 W Failed to fetch image at uri=https://resources.tidal.com/images/80241aca/d848/475e/80e3/7a47d1	at android.os.HandlerThread.run(HandlerThread.java:85)
06-23 15:22:05.785  1098 18100 I resolv  : res_nsend: used send_dg 53 terrno: 0
06-23 15:22:05.785  1098 18100 I resolv  : doQuery: rcode=0, ancount=1, return value=53
06-23 15:22:05.785  2303  2480 W Failed to fetch image at uri=https://resources.tidal.com/images/80241aca/d848/475e/80e3/7a47d1java.io.FileNotFoundException: No content provider: https://resources.tidal.com/images/80241aca/d848/475e/80e3/7a47d1f1a468/640x640.jpg
06-23 15:22:05.785  2303  2480 W Failed to fetch image at uri=https://resources.tidal.com/images/80241aca/d848/475e/80e3/7a47d1	at android.content.ContentResolver.openTypedAssetFileDescriptor(ContentResolver.java:2029)
06-23 15:22:05.785  2303  2480 W Failed to fetch image at uri=https://resources.tidal.com/images/80241aca/d848/475e/80e3/7a47d1	at android.content.ContentResolver.openAssetFileDescriptor(ContentResolver.java:1858)
06-23 15:22:05.785  2303  2480 W Failed to fetch image at uri=https://resources.tidal.com/images/80241aca/d848/475e/80e3/7a47d1	at android.content.ContentResolver.openInputStream(ContentResolver.java:1528)
06-23 15:22:05.785  2303  2480 W Failed to fetch image at uri=https://resources.tidal.com/images/80241aca/d848/475e/80e3/7a47d1	at com.android.bluetooth.audio_util.Image.getImageFromUri(Image.java:200)
06-23 15:22:05.785  2303  2480 W Failed to fetch image at uri=https://resources.tidal.com/images/80241aca/d848/475e/80e3/7a47d1	at com.android.bluetooth.audio_util.Image.setImage(Image.java:164)
06-23 15:22:05.785  2303  2480 W Failed to fetch image at uri=https://resources.tidal.com/images/80241aca/d848/475e/80e3/7a47d1	at com.android.bluetooth.audio_util.Image.setImage(Image.java:156)
06-23 15:22:05.785  2303  2480 W Failed to fetch image at uri=https://resources.tidal.com/images/80241aca/d848/475e/80e3/7a47d1	at com.android.bluetooth.audio_util.Image.<init>(Image.java:78)
06-23 15:22:05.785  2303  2480 W Failed to fetch image at uri=https://resources.tidal.com/images/80241aca/d848/475e/80e3/7a47d1	at com.android.bluetooth.audio_util.Metadata$Builder.fromMediaMetadata(Metadata.java:232)
06-23 15:22:05.785  2303  2480 W Failed to fetch image at uri=https://resources.tidal.com/images/80241aca/d848/475e/80e3/7a47d1	at com.android.bluetooth.audio_util.Util.toMetadata(Util.java:108)
06-23 15:22:05.785  2303  2480 W Failed to fetch image at uri=https://resources.tidal.com/images/80241aca/d848/475e/80e3/7a47d1	at com.android.bluetooth.audio_util.MediaPlayerWrapper.sendMediaUpdate(MediaPlayerWrapper.java:384)
06-23 15:22:05.785  2303  2480 W Failed to fetch image at uri=https://resources.tidal.com/images/80241aca/d848/475e/80e3/7a47d1	at com.android.bluetooth.audio_util.MediaPlayerWrapper.-$$Nest$msendMediaUpdate(MediaPlayerWrapper.java:0)
06-23 15:22:05.785  2303  2480 W Failed to fetch image at uri=https://resources.tidal.com/images/80241aca/d848/475e/80e3/7a47d1	at com.android.bluetooth.audio_util.MediaPlayerWrapper$MediaControllerListener.trySendMediaUpdate(MediaPlayerWrapper.java:478)
06-23 15:22:05.785  2303  2480 W Failed to fetch image at uri=https://resources.tidal.com/images/80241aca/d848/475e/80e3/7a47d1	at com.android.bluetooth.audio_util.MediaPlayerWrapper$MediaControllerListener.onQueueChanged(MediaPlayerWrapper.java:583)
06-23 15:22:05.785  2303  2480 W Failed to fetch image at uri=https://resources.tidal.com/images/80241aca/d848/475e/80e3/7a47d1	at android.media.session.MediaController$MessageHandler.handleMessage(MediaController.java:1208)
06-23 15:22:05.785  2303  2480 W Failed to fetch image at uri=https://resources.tidal.com/images/80241aca/d848/475e/80e3/7a47d1	at android.os.Handler.dispatchMessage(Handler.java:107)
06-23 15:22:05.785  2303  2480 W Failed to fetch image at uri=https://resources.tidal.com/images/80241aca/d848/475e/80e3/7a47d1	at android.os.Looper.loopOnce(Looper.java:234)
06-23 15:22:05.785  2303  2480 W Failed to fetch image at uri=https://resources.tidal.com/images/80241aca/d848/475e/80e3/7a47d1	at android.os.Looper.loop(Looper.java:319)
06-23 15:22:05.785  2303  2480 W Failed to fetch image at uri=https://resources.tidal.com/images/80241aca/d848/475e/80e3/7a47d1	at android.os.HandlerThread.run(HandlerThread.java:85)
06-23 15:22:05.786  2303  2480 I bluetooth: avrcp_service.cc:646 SendMediaUpdate: track_changed=true :  play_state=false :  queue=true
06-23 15:22:05.787  2303  2480 W Failed to fetch image at uri=https://resources.tidal.com/images/80241aca/d848/475e/80e3/7a47d1java.io.FileNotFoundException: No content provider: https://resources.tidal.com/images/80241aca/d848/475e/80e3/7a47d1f1a468/640x640.jpg
06-23 15:22:05.787  2303  2480 W Failed to fetch image at uri=https://resources.tidal.com/images/80241aca/d848/475e/80e3/7a47d1	at android.content.ContentResolver.openTypedAssetFileDescriptor(ContentResolver.java:2029)
06-23 15:22:05.787  2303  2480 W Failed to fetch image at uri=https://resources.tidal.com/images/80241aca/d848/475e/80e3/7a47d1	at android.content.ContentResolver.openAssetFileDescriptor(ContentResolver.java:1858)
06-23 15:22:05.787  2303  2480 W Failed to fetch image at uri=https://resources.tidal.com/images/80241aca/d848/475e/80e3/7a47d1	at android.content.ContentResolver.openInputStream(ContentResolver.java:1528)
06-23 15:22:05.787  2303  2480 W Failed to fetch image at uri=https://resources.tidal.com/images/80241aca/d848/475e/80e3/7a47d1	at com.android.bluetooth.audio_util.Image.getImageFromUri(Image.java:200)
06-23 15:22:05.787  2303  2480 W Failed to fetch image at uri=https://resources.tidal.com/images/80241aca/d848/475e/80e3/7a47d1	at com.android.bluetooth.audio_util.Image.setImage(Image.java:164)
06-23 15:22:05.787  2303  2480 W Failed to fetch image at uri=https://resources.tidal.com/images/80241aca/d848/475e/80e3/7a47d1	at com.android.bluetooth.audio_util.Image.<init>(Image.java:139)
06-23 15:22:05.787  2303  2480 W Failed to fetch image at uri=https://resources.tidal.com/images/80241aca/d848/475e/80e3/7a47d1	at com.android.bluetooth.audio_util.Metadata$Builder.fromMediaDescription(Metadata.java:261)
06-23 15:22:05.787  2303  2480 W Failed to fetch image at uri=https://resources.tidal.com/images/80241aca/d848/475e/80e3/7a47d1	at com.android.bluetooth.audio_util.Metadata$Builder.fromMediaMetadata(Metadata.java:182)
06-23 15:22:05.787  2303  2480 W Failed to fetch image at uri=https://resources.tidal.com/images/80241aca/d848/475e/80e3/7a47d1	at com.android.bluetooth.audio_util.Util.toMetadata(Util.java:108)
06-23 15:22:05.787  2303  2480 W Failed to fetch image at uri=https://resources.tidal.com/images/80241aca/d848/475e/80e3/7a47d1	at com.android.bluetooth.audio_util.MediaPlayerWrapper$MediaControllerListener.onMetadataChanged(MediaPlayerWrapper.java:493)
06-23 15:22:05.787  2303  2480 W Failed to fetch image at uri=https://resources.tidal.com/images/80241aca/d848/475e/80e3/7a47d1	at android.media.session.MediaController$MessageHandler.handleMessage(MediaController.java:1205)
06-23 15:22:05.787  2303  2480 W Failed to fetch image at uri=https://resources.tidal.com/images/80241aca/d848/475e/80e3/7a47d1	at android.os.Handler.dispatchMessage(Handler.java:107)
06-23 15:22:05.787  2303  2480 W Failed to fetch image at uri=https://resources.tidal.com/images/80241aca/d848/475e/80e3/7a47d1	at android.os.Looper.loopOnce(Looper.java:234)
06-23 15:22:05.787  2303  2480 W Failed to fetch image at uri=https://resources.tidal.com/images/80241aca/d848/475e/80e3/7a47d1	at android.os.Looper.loop(Looper.java:319)
06-23 15:22:05.787  2303  2480 W Failed to fetch image at uri=https://resources.tidal.com/images/80241aca/d848/475e/80e3/7a47d1	at android.os.HandlerThread.run(HandlerThread.java:85)
06-23 15:22:05.788  2303  2480 W Failed to fetch image at uri=https://resources.tidal.com/images/80241aca/d848/475e/80e3/7a47d1java.io.FileNotFoundException: No content provider: https://resources.tidal.com/images/80241aca/d848/475e/80e3/7a47d1f1a468/640x640.jpg
06-23 15:22:05.788  2303  2480 W Failed to fetch image at uri=https://resources.tidal.com/images/80241aca/d848/475e/80e3/7a47d1	at android.content.ContentResolver.openTypedAssetFileDescriptor(ContentResolver.java:2029)
06-23 15:22:05.788  2303  2480 W Failed to fetch image at uri=https://resources.tidal.com/images/80241aca/d848/475e/80e3/7a47d1	at android.content.ContentResolver.openAssetFileDescriptor(ContentResolver.java:1858)
06-23 15:22:05.788  2303  2480 W Failed to fetch image at uri=https://resources.tidal.com/images/80241aca/d848/475e/80e3/7a47d1	at android.content.ContentResolver.openInputStream(ContentResolver.java:1528)
06-23 15:22:05.788  2303  2480 W Failed to fetch image at uri=https://resources.tidal.com/images/80241aca/d848/475e/80e3/7a47d1	at com.android.bluetooth.audio_util.Image.getImageFromUri(Image.java:200)
06-23 15:22:05.788  2303  2480 W Failed to fetch image at uri=https://resources.tidal.com/images/80241aca/d848/475e/80e3/7a47d1	at com.android.bluetooth.audio_util.Image.setImage(Image.java:164)
06-23 15:22:05.788  2303  2480 W Failed to fetch image at uri=https://resources.tidal.com/images/80241aca/d848/475e/80e3/7a47d1	at com.android.bluetooth.audio_util.Image.setImage(Image.java:156)
06-23 15:22:05.788  2303  2480 W Failed to fetch image at uri=https://resources.tidal.com/images/80241aca/d848/475e/80e3/7a47d1	at com.android.bluetooth.audio_util.Image.<init>(Image.java:78)
06-23 15:22:05.788  2303  2480 W Failed to fetch image at uri=https://resources.tidal.com/images/80241aca/d848/475e/80e3/7a47d1	at com.android.bluetooth.audio_util.Metadata$Builder.fromMediaMetadata(Metadata.java:232)
06-23 15:22:05.788  2303  2480 W Failed to fetch image at uri=https://resources.tidal.com/images/80241aca/d848/475e/80e3/7a47d1	at com.android.bluetooth.audio_util.Util.toMetadata(Util.java:108)
06-23 15:22:05.788  2303  2480 W Failed to fetch image at uri=https://resources.tidal.com/images/80241aca/d848/475e/80e3/7a47d1	at com.android.bluetooth.audio_util.MediaPlayerWrapper$MediaControllerListener.onMetadataChanged(MediaPlayerWrapper.java:493)
06-23 15:22:05.788  2303  2480 W Failed to fetch image at uri=https://resources.tidal.com/images/80241aca/d848/475e/80e3/7a47d1	at android.media.session.MediaController$MessageHandler.handleMessage(MediaController.java:1205)
06-23 15:22:05.788  2303  2480 W Failed to fetch image at uri=https://resources.tidal.com/images/80241aca/d848/475e/80e3/7a47d1	at android.os.Handler.dispatchMessage(Handler.java:107)
06-23 15:22:05.788  2303  2480 W Failed to fetch image at uri=https://resources.tidal.com/images/80241aca/d848/475e/80e3/7a47d1	at android.os.Looper.loopOnce(Looper.java:234)
06-23 15:22:05.788  2303  2480 W Failed to fetch image at uri=https://resources.tidal.com/images/80241aca/d848/475e/80e3/7a47d1	at android.os.Looper.loop(Looper.java:319)
06-23 15:22:05.788  2303  2480 W Failed to fetch image at uri=https://resources.tidal.com/images/80241aca/d848/475e/80e3/7a47d1	at android.os.HandlerThread.run(HandlerThread.java:85)
06-23 15:22:05.789  2303  2480 W Failed to fetch image at uri=https://resources.tidal.com/images/80241aca/d848/475e/80e3/7a47d1java.io.FileNotFoundException: No content provider: https://resources.tidal.com/images/80241aca/d848/475e/80e3/7a47d1f1a468/640x640.jpg
06-23 15:22:05.789  2303  2480 W Failed to fetch image at uri=https://resources.tidal.com/images/80241aca/d848/475e/80e3/7a47d1	at android.content.ContentResolver.openTypedAssetFileDescriptor(ContentResolver.java:2029)
06-23 15:22:05.789  2303  2480 W Failed to fetch image at uri=https://resources.tidal.com/images/80241aca/d848/475e/80e3/7a47d1	at android.content.ContentResolver.openAssetFileDescriptor(ContentResolver.java:1858)
06-23 15:22:05.789  2303  2480 W Failed to fetch image at uri=https://resources.tidal.com/images/80241aca/d848/475e/80e3/7a47d1	at android.content.ContentResolver.openInputStream(ContentResolver.java:1528)
06-23 15:22:05.789  2303  2480 W Failed to fetch image at uri=https://resources.tidal.com/images/80241aca/d848/475e/80e3/7a47d1	at com.android.bluetooth.audio_util.Image.getImageFromUri(Image.java:200)
06-23 15:22:05.789  2303  2480 W Failed to fetch image at uri=https://resources.tidal.com/images/80241aca/d848/475e/80e3/7a47d1	at com.android.bluetooth.audio_util.Image.setImage(Image.java:164)
06-23 15:22:05.789  2303  2480 W Failed to fetch image at uri=https://resources.tidal.com/images/80241aca/d848/475e/80e3/7a47d1	at com.android.bluetooth.audio_util.Image.<init>(Image.java:139)
06-23 15:22:05.789  2303  2480 W Failed to fetch image at uri=https://resources.tidal.com/images/80241aca/d848/475e/80e3/7a47d1	at com.android.bluetooth.audio_util.Metadata$Builder.fromMediaDescription(Metadata.java:261)
06-23 15:22:05.789  2303  2480 W Failed to fetch image at uri=https://resources.tidal.com/images/80241aca/d848/475e/80e3/7a47d1	at com.android.bluetooth.audio_util.Metadata$Builder.fromMediaMetadata(Metadata.java:182)
06-23 15:22:05.789  2303  2480 W Failed to fetch image at uri=https://resources.tidal.com/images/80241aca/d848/475e/80e3/7a47d1	at com.android.bluetooth.audio_util.Util.toMetadata(Util.java:108)
06-23 15:22:05.789  2303  2480 W Failed to fetch image at uri=https://resources.tidal.com/images/80241aca/d848/475e/80e3/7a47d1	at com.android.bluetooth.audio_util.MediaPlayerWrapper$MediaControllerListener.onMetadataChanged(MediaPlayerWrapper.java:512)
06-23 15:22:05.789  2303  2480 W Failed to fetch image at uri=https://resources.tidal.com/images/80241aca/d848/475e/80e3/7a47d1	at android.media.session.MediaController$MessageHandler.handleMessage(MediaController.java:1205)
06-23 15:22:05.789  2303  2480 W Failed to fetch image at uri=https://resources.tidal.com/images/80241aca/d848/475e/80e3/7a47d1	at android.os.Handler.dispatchMessage(Handler.java:107)
06-23 15:22:05.789  2303  2480 W Failed to fetch image at uri=https://resources.tidal.com/images/80241aca/d848/475e/80e3/7a47d1	at android.os.Looper.loopOnce(Looper.java:234)
06-23 15:22:05.789  2303  2480 W Failed to fetch image at uri=https://resources.tidal.com/images/80241aca/d848/475e/80e3/7a47d1	at android.os.Looper.loop(Looper.java:319)
06-23 15:22:05.789  2303  2480 W Failed to fetch image at uri=https://resources.tidal.com/images/80241aca/d848/475e/80e3/7a47d1	at android.os.HandlerThread.run(HandlerThread.java:85)
06-23 15:22:05.789  2303  2480 W Failed to fetch image at uri=https://resources.tidal.com/images/80241aca/d848/475e/80e3/7a47d1java.io.FileNotFoundException: No content provider: https://resources.tidal.com/images/80241aca/d848/475e/80e3/7a47d1f1a468/640x640.jpg
06-23 15:22:05.789  2303  2480 W Failed to fetch image at uri=https://resources.tidal.com/images/80241aca/d848/475e/80e3/7a47d1	at android.content.ContentResolver.openTypedAssetFileDescriptor(ContentResolver.java:2029)
06-23 15:22:05.789  2303  2480 W Failed to fetch image at uri=https://resources.tidal.com/images/80241aca/d848/475e/80e3/7a47d1	at android.content.ContentResolver.openAssetFileDescriptor(ContentResolver.java:1858)
06-23 15:22:05.789  2303  2480 W Failed to fetch image at uri=https://resources.tidal.com/images/80241aca/d848/475e/80e3/7a47d1	at android.content.ContentResolver.openInputStream(ContentResolver.java:1528)
06-23 15:22:05.789  2303  2480 W Failed to fetch image at uri=https://resources.tidal.com/images/80241aca/d848/475e/80e3/7a47d1	at com.android.bluetooth.audio_util.Image.getImageFromUri(Image.java:200)
06-23 15:22:05.789  2303  2480 W Failed to fetch image at uri=https://resources.tidal.com/images/80241aca/d848/475e/80e3/7a47d1	at com.android.bluetooth.audio_util.Image.setImage(Image.java:164)
06-23 15:22:05.789  2303  2480 W Failed to fetch image at uri=https://resources.tidal.com/images/80241aca/d848/475e/80e3/7a47d1	at com.android.bluetooth.audio_util.Image.setImage(Image.java:156)
06-23 15:22:05.789  2303  2480 W Failed to fetch image at uri=https://resources.tidal.com/images/80241aca/d848/475e/80e3/7a47d1	at com.android.bluetooth.audio_util.Image.<init>(Image.java:78)
06-23 15:22:05.789  2303  2480 W Failed to fetch image at uri=https://resources.tidal.com/images/80241aca/d848/475e/80e3/7a47d1	at com.android.bluetooth.audio_util.Metadata$Builder.fromMediaMetadata(Metadata.java:232)
06-23 15:22:05.789  2303  2480 W Failed to fetch image at uri=https://resources.tidal.com/images/80241aca/d848/475e/80e3/7a47d1	at com.android.bluetooth.audio_util.Util.toMetadata(Util.java:108)
06-23 15:22:05.789  2303  2480 W Failed to fetch image at uri=https://resources.tidal.com/images/80241aca/d848/475e/80e3/7a47d1	at com.android.bluetooth.audio_util.MediaPlayerWrapper$MediaControllerListener.onMetadataChanged(MediaPlayerWrapper.java:512)
06-23 15:22:05.789  2303  2480 W Failed to fetch image at uri=https://resources.tidal.com/images/80241aca/d848/475e/80e3/7a47d1	at android.media.session.MediaController$MessageHandler.handleMessage(MediaController.java:1205)
06-23 15:22:05.789  2303  2480 W Failed to fetch image at uri=https://resources.tidal.com/images/80241aca/d848/475e/80e3/7a47d1	at android.os.Handler.dispatchMessage(Handler.java:107)
06-23 15:22:05.789  2303  2480 W Failed to fetch image at uri=https://resources.tidal.com/images/80241aca/d848/475e/80e3/7a47d1	at android.os.Looper.loopOnce(Looper.java:234)
06-23 15:22:05.789  2303  2480 W Failed to fetch image at uri=https://resources.tidal.com/images/80241aca/d848/475e/80e3/7a47d1	at android.os.Looper.loop(Looper.java:319)
06-23 15:22:05.789  2303  2480 W Failed to fetch image at uri=https://resources.tidal.com/images/80241aca/d848/475e/80e3/7a47d1	at android.os.HandlerThread.run(HandlerThread.java:85)
06-23 15:22:05.789  2303  2480 W AudioMediaPlayerWrapper: onMetadataChanged(): com.ibrastream.app tried to update with no new data
06-23 15:22:05.791  2303  2480 W Failed to fetch image at uri=https://resources.tidal.com/images/80241aca/d848/475e/80e3/7a47d1java.io.FileNotFoundException: No content provider: https://resources.tidal.com/images/80241aca/d848/475e/80e3/7a47d1f1a468/640x640.jpg
06-23 15:22:05.791  2303  2480 W Failed to fetch image at uri=https://resources.tidal.com/images/80241aca/d848/475e/80e3/7a47d1	at android.content.ContentResolver.openTypedAssetFileDescriptor(ContentResolver.java:2029)
06-23 15:22:05.791  2303  2480 W Failed to fetch image at uri=https://resources.tidal.com/images/80241aca/d848/475e/80e3/7a47d1	at android.content.ContentResolver.openAssetFileDescriptor(ContentResolver.java:1858)
06-23 15:22:05.791  2303  2480 W Failed to fetch image at uri=https://resources.tidal.com/images/80241aca/d848/475e/80e3/7a47d1	at android.content.ContentResolver.openInputStream(ContentResolver.java:1528)
06-23 15:22:05.791  2303  2480 W Failed to fetch image at uri=https://resources.tidal.com/images/80241aca/d848/475e/80e3/7a47d1	at com.android.bluetooth.audio_util.Image.getImageFromUri(Image.java:200)
06-23 15:22:05.791  2303  2480 W Failed to fetch image at uri=https://resources.tidal.com/images/80241aca/d848/475e/80e3/7a47d1	at com.android.bluetooth.audio_util.Image.setImage(Image.java:164)
06-23 15:22:05.791  2303  2480 W Failed to fetch image at uri=https://resources.tidal.com/images/80241aca/d848/475e/80e3/7a47d1	at com.android.bluetooth.audio_util.Image.<init>(Image.java:139)
06-23 15:22:05.791  2303  2480 W Failed to fetch image at uri=https://resources.tidal.com/images/80241aca/d848/475e/80e3/7a47d1	at com.android.bluetooth.audio_util.Metadata$Builder.fromMediaDescription(Metadata.java:261)
06-23 15:22:05.791  2303  2480 W Failed to fetch image at uri=https://resources.tidal.com/images/80241aca/d848/475e/80e3/7a47d1	at com.android.bluetooth.audio_util.Metadata$Builder.fromMediaMetadata(Metadata.java:182)
06-23 15:22:05.791  2303  2480 W Failed to fetch image at uri=https://resources.tidal.com/images/80241aca/d848/475e/80e3/7a47d1	at com.android.bluetooth.audio_util.Util.toMetadata(Util.java:108)
06-23 15:22:05.791  2303  2480 W Failed to fetch image at uri=https://resources.tidal.com/images/80241aca/d848/475e/80e3/7a47d1	at com.android.bluetooth.audio_util.MediaPlayerWrapper.isMetadataSynced(MediaPlayerWrapper.java:300)
06-23 15:22:05.791  2303  2480 W Failed to fetch image at uri=https://resources.tidal.com/images/80241aca/d848/475e/80e3/7a47d1	at com.android.bluetooth.audio_util.MediaPlayerWrapper$MediaControllerListener.trySendMediaUpdate(MediaPlayerWrapper.java:470)
06-23 15:22:05.791  2303  2480 W Failed to fetch image at uri=https://resources.tidal.com/images/80241aca/d848/475e/80e3/7a47d1	at com.android.bluetooth.audio_util.MediaPlayerWrapper$MediaControllerListener.onMetadataChanged(MediaPlayerWrapper.java:522)
06-23 15:22:05.791  2303  2480 W Failed to fetch image at uri=https://resources.tidal.com/images/80241aca/d848/475e/80e3/7a47d1	at android.media.session.MediaController$MessageHandler.handleMessage(MediaController.java:1205)
06-23 15:22:05.791  2303  2480 W Failed to fetch image at uri=https://resources.tidal.com/images/80241aca/d848/475e/80e3/7a47d1	at android.os.Handler.dispatchMessage(Handler.java:107)
06-23 15:22:05.791  2303  2480 W Failed to fetch image at uri=https://resources.tidal.com/images/80241aca/d848/475e/80e3/7a47d1	at android.os.Looper.loopOnce(Looper.java:234)
06-23 15:22:05.791  2303  2480 W Failed to fetch image at uri=https://resources.tidal.com/images/80241aca/d848/475e/80e3/7a47d1	at android.os.Looper.loop(Looper.java:319)
06-23 15:22:05.791  2303  2480 W Failed to fetch image at uri=https://resources.tidal.com/images/80241aca/d848/475e/80e3/7a47d1	at android.os.HandlerThread.run(HandlerThread.java:85)
06-23 15:22:05.792  2303  2480 W Failed to fetch image at uri=https://resources.tidal.com/images/80241aca/d848/475e/80e3/7a47d1java.io.FileNotFoundException: No content provider: https://resources.tidal.com/images/80241aca/d848/475e/80e3/7a47d1f1a468/640x640.jpg
06-23 15:22:05.792  2303  2480 W Failed to fetch image at uri=https://resources.tidal.com/images/80241aca/d848/475e/80e3/7a47d1	at android.content.ContentResolver.openTypedAssetFileDescriptor(ContentResolver.java:2029)
06-23 15:22:05.792  2303  2480 W Failed to fetch image at uri=https://resources.tidal.com/images/80241aca/d848/475e/80e3/7a47d1	at android.content.ContentResolver.openAssetFileDescriptor(ContentResolver.java:1858)
06-23 15:22:05.792  2303  2480 W Failed to fetch image at uri=https://resources.tidal.com/images/80241aca/d848/475e/80e3/7a47d1	at android.content.ContentResolver.openInputStream(ContentResolver.java:1528)
06-23 15:22:05.792  2303  2480 W Failed to fetch image at uri=https://resources.tidal.com/images/80241aca/d848/475e/80e3/7a47d1	at com.android.bluetooth.audio_util.Image.getImageFromUri(Image.java:200)
06-23 15:22:05.792  2303  2480 W Failed to fetch image at uri=https://resources.tidal.com/images/80241aca/d848/475e/80e3/7a47d1	at com.android.bluetooth.audio_util.Image.setImage(Image.java:164)
06-23 15:22:05.792  2303  2480 W Failed to fetch image at uri=https://resources.tidal.com/images/80241aca/d848/475e/80e3/7a47d1	at com.android.bluetooth.audio_util.Image.setImage(Image.java:156)
06-23 15:22:05.792  2303  2480 W Failed to fetch image at uri=https://resources.tidal.com/images/80241aca/d848/475e/80e3/7a47d1	at com.android.bluetooth.audio_util.Image.<init>(Image.java:78)
06-23 15:22:05.792  2303  2480 W Failed to fetch image at uri=https://resources.tidal.com/images/80241aca/d848/475e/80e3/7a47d1	at com.android.bluetooth.audio_util.Metadata$Builder.fromMediaMetadata(Metadata.java:232)
06-23 15:22:05.792  2303  2480 W Failed to fetch image at uri=https://resources.tidal.com/images/80241aca/d848/475e/80e3/7a47d1	at com.android.bluetooth.audio_util.Util.toMetadata(Util.java:108)
06-23 15:22:05.792  2303  2480 W Failed to fetch image at uri=https://resources.tidal.com/images/80241aca/d848/475e/80e3/7a47d1	at com.android.bluetooth.audio_util.MediaPlayerWrapper.isMetadataSynced(MediaPlayerWrapper.java:300)
06-23 15:22:05.792  2303  2480 W Failed to fetch image at uri=https://resources.tidal.com/images/80241aca/d848/475e/80e3/7a47d1	at com.android.bluetooth.audio_util.MediaPlayerWrapper$MediaControllerListener.trySendMediaUpdate(MediaPlayerWrapper.java:470)
06-23 15:22:05.792  2303  2480 W Failed to fetch image at uri=https://resources.tidal.com/images/80241aca/d848/475e/80e3/7a47d1	at com.android.bluetooth.audio_util.MediaPlayerWrapper$MediaControllerListener.onMetadataChanged(MediaPlayerWrapper.java:522)
06-23 15:22:05.792  2303  2480 W Failed to fetch image at uri=https://resources.tidal.com/images/80241aca/d848/475e/80e3/7a47d1	at android.media.session.MediaController$MessageHandler.handleMessage(MediaController.java:1205)
06-23 15:22:05.792  2303  2480 W Failed to fetch image at uri=https://resources.tidal.com/images/80241aca/d848/475e/80e3/7a47d1	at android.os.Handler.dispatchMessage(Handler.java:107)
06-23 15:22:05.792  2303  2480 W Failed to fetch image at uri=https://resources.tidal.com/images/80241aca/d848/475e/80e3/7a47d1	at android.os.Looper.loopOnce(Looper.java:234)
06-23 15:22:05.792  2303  2480 W Failed to fetch image at uri=https://resources.tidal.com/images/80241aca/d848/475e/80e3/7a47d1	at android.os.Looper.loop(Looper.java:319)
06-23 15:22:05.792  2303  2480 W Failed to fetch image at uri=https://resources.tidal.com/images/80241aca/d848/475e/80e3/7a47d1	at android.os.HandlerThread.run(HandlerThread.java:85)
06-23 15:22:05.793  2303  2480 W Failed to fetch image at uri=https://resources.tidal.com/images/80241aca/d848/475e/80e3/7a47d1java.io.FileNotFoundException: No content provider: https://resources.tidal.com/images/80241aca/d848/475e/80e3/7a47d1f1a468/640x640.jpg
06-23 15:22:05.793  2303  2480 W Failed to fetch image at uri=https://resources.tidal.com/images/80241aca/d848/475e/80e3/7a47d1	at android.content.ContentResolver.openTypedAssetFileDescriptor(ContentResolver.java:2029)
06-23 15:22:05.793  2303  2480 W Failed to fetch image at uri=https://resources.tidal.com/images/80241aca/d848/475e/80e3/7a47d1	at android.content.ContentResolver.openAssetFileDescriptor(ContentResolver.java:1858)
06-23 15:22:05.793  2303  2480 W Failed to fetch image at uri=https://resources.tidal.com/images/80241aca/d848/475e/80e3/7a47d1	at android.content.ContentResolver.openInputStream(ContentResolver.java:1528)
06-23 15:22:05.793  2303  2480 W Failed to fetch image at uri=https://resources.tidal.com/images/80241aca/d848/475e/80e3/7a47d1	at com.android.bluetooth.audio_util.Image.getImageFromUri(Image.java:200)
06-23 15:22:05.793  2303  2480 W Failed to fetch image at uri=https://resources.tidal.com/images/80241aca/d848/475e/80e3/7a47d1	at com.android.bluetooth.audio_util.Image.setImage(Image.java:164)
06-23 15:22:05.793  2303  2480 W Failed to fetch image at uri=https://resources.tidal.com/images/80241aca/d848/475e/80e3/7a47d1	at com.android.bluetooth.audio_util.Image.<init>(Image.java:139)
06-23 15:22:05.793  2303  2480 W Failed to fetch image at uri=https://resources.tidal.com/images/80241aca/d848/475e/80e3/7a47d1	at com.android.bluetooth.audio_util.Metadata$Builder.fromMediaDescription(Metadata.java:261)
06-23 15:22:05.793  2303  2480 W Failed to fetch image at uri=https://resources.tidal.com/images/80241aca/d848/475e/80e3/7a47d1	at com.android.bluetooth.audio_util.Metadata$Builder.fromMediaMetadata(Metadata.java:182)
06-23 15:22:05.793  2303  2480 W Failed to fetch image at uri=https://resources.tidal.com/images/80241aca/d848/475e/80e3/7a47d1	at com.android.bluetooth.audio_util.Util.toMetadata(Util.java:108)
06-23 15:22:05.793  2303  2480 W Failed to fetch image at uri=https://resources.tidal.com/images/80241aca/d848/475e/80e3/7a47d1	at com.android.bluetooth.audio_util.MediaPlayerWrapper.sendMediaUpdate(MediaPlayerWrapper.java:384)
06-23 15:22:05.793  2303  2480 W Failed to fetch image at uri=https://resources.tidal.com/images/80241aca/d848/475e/80e3/7a47d1	at com.android.bluetooth.audio_util.MediaPlayerWrapper.-$$Nest$msendMediaUpdate(MediaPlayerWrapper.java:0)
06-23 15:22:05.793  2303  2480 W Failed to fetch image at uri=https://resources.tidal.com/images/80241aca/d848/475e/80e3/7a47d1	at com.android.bluetooth.audio_util.MediaPlayerWrapper$MediaControllerListener.trySendMediaUpdate(MediaPlayerWrapper.java:478)
06-23 15:22:05.793  2303  2480 W Failed to fetch image at uri=https://resources.tidal.com/images/80241aca/d848/475e/80e3/7a47d1	at com.android.bluetooth.audio_util.MediaPlayerWrapper$MediaControllerListener.onMetadataChanged(MediaPlayerWrapper.java:522)
06-23 15:22:05.793  2303  2480 W Failed to fetch image at uri=https://resources.tidal.com/images/80241aca/d848/475e/80e3/7a47d1	at android.media.session.MediaController$MessageHandler.handleMessage(MediaController.java:1205)
06-23 15:22:05.793  2303  2480 W Failed to fetch image at uri=https://resources.tidal.com/images/80241aca/d848/475e/80e3/7a47d1	at android.os.Handler.dispatchMessage(Handler.java:107)
06-23 15:22:05.793  2303  2480 W Failed to fetch image at uri=https://resources.tidal.com/images/80241aca/d848/475e/80e3/7a47d1	at android.os.Looper.loopOnce(Looper.java:234)
06-23 15:22:05.793  2303  2480 W Failed to fetch image at uri=https://resources.tidal.com/images/80241aca/d848/475e/80e3/7a47d1	at android.os.Looper.loop(Looper.java:319)
06-23 15:22:05.793  2303  2480 W Failed to fetch image at uri=https://resources.tidal.com/images/80241aca/d848/475e/80e3/7a47d1	at android.os.HandlerThread.run(HandlerThread.java:85)
06-23 15:22:05.793  2303  2480 W Failed to fetch image at uri=https://resources.tidal.com/images/80241aca/d848/475e/80e3/7a47d1java.io.FileNotFoundException: No content provider: https://resources.tidal.com/images/80241aca/d848/475e/80e3/7a47d1f1a468/640x640.jpg
