06-23 14:55:02.185  1135  1212 I libPowerHal: [PE] MTKPOWER_HINT_UX_SCROLLING update cmd:404100 param:3000000 pr:3
06-23 14:55:02.185  1135  1212 I libPowerHal: [recordCPUFreqInfo] set cluster[0] min(MTKPOWER_HINT_UX_SCROLLING): 1075000 max(MTKPOWER_HINT_UX_SCROLLING): -1 cluster[1] min(MTKPOWER_HINT_UX_SCROLLING): 1162000 max(MTKPOWER_HINT_UX_SCROLLING): -1
06-23 14:55:02.185  1135  1212 I libPowerHal: [perfLockAcq] Done for hdl : 60774
06-23 14:55:02.186  1135  1212 I libPowerHal: [perfLockAcq] idx:2 hdl:60775 hint:49 pid:1135 tid:1135 duration:3000 lock_user:vendor.mediatek => ret_hdl:60775
06-23 14:55:02.186  1135  1212 I libPowerHal: [PE] MTKPOWER_HINT_UX_SCROLLING_COMMON update cmd:1468000 param:0 pr:3
06-23 14:55:02.186  1135  1212 I libPowerHal: [perfLockAcq] Done for hdl : 60775
06-23 14:55:02.187  1799  2522 I mtkpower_client: ret_hdl:60776
06-23 14:55:02.187  1135  1212 I libPowerHal: cmdSetting - unknown cmd:2000400, scmd:(null) ,param_1:-10993
06-23 14:55:02.187  1135  1212 I libPowerHal: [perfLockAcq] idx:5 hdl:60776 hint:-1 pid:1799 tid:2522 duration:3000 lock_user:system_server => ret_hdl:60776
06-23 14:55:02.187  1135  1212 I libPowerHal: [fpsgo_ctrl_render_thread] 10993, 0xb40000743b84d310
06-23 14:55:02.187  1135  1212 I libPowerHal: [PE] system_server update ONESHOT(set) cmd:2000300 param:10993 pr:3
06-23 14:55:02.187  1135  1212 I libPowerHal: [perfLockAcq] Done for hdl : 60776
06-23 14:55:02.188  1799  2522 I mtkpower_client: perf_lock_rel, hdl:60776, tid:2522
06-23 14:55:02.188  1135  1212 I libPowerHal: [perfLockRel] hdl:60776, idx:5
06-23 14:55:02.189  1135  1212 I libPowerHal: [fpsgo_ctrl_render_thread] 10993, 0xb40000743b84d310
06-23 14:55:02.189  1135  1212 I libPowerHal: [PD] system_server update ONESHOT(unset) cmd:2000300 param:10993 pr:3
06-23 14:55:02.189  1135  1212 I libPowerHal: [perfLockRel] Done for hdl : 60776
06-23 14:55:02.212  5299  5299 I StylusModule: StylusModule.onUpdateToolType():774 Update tool type = 0
06-23 14:55:02.334 16442 16442 I Capacitor/Console: File: https://localhost/assets/index-DifW-20a.js - Line 50 - Msg: Searching video ID for "Nemzzz STAR SIGN" via Piped API: https://pipedapi.kavin.rocks...
06-23 14:55:02.346  2303  2480 W AudioMediaPlayerWrapper: onPlaybackStateChanged(): com.ibrastream.app tried to update with no new data
06-23 14:55:02.490  1164  1251 I SurfaceFlinger: onHandleDestroyed: name=EdgeBackGestureHandler0#39675, layerId=39675, parentId=0
06-23 14:55:02.496  1164  1164 I BufferQueueDebug: [EdgeBackGestureHandler0#39675](this:0xb400006fd598b7f0,id:-1,api:0,p:-1,c:1164) onDestructor()
06-23 14:55:02.555 16442 16442 I Capacitor/Console: File:  - Line 333 - Msg: undefined
06-23 14:55:02.572 16442 16442 I Capacitor/Console: File: https://localhost/assets/index-DifW-20a.js - Line 50 - Msg: Resolved videoId via Piped API https://api.piped.private.coffee: STAR SIGN (wRH-yu1gaN8)
06-23 14:55:02.573 16442 10821 I CapacitorCookies: Getting cookies at: 'https://monochrome-api.samidy.com/search/?a=Nemzzz'
06-23 14:55:02.573 16442 10913 I CapacitorCookies: Getting cookies at: 'https://lrclib.net/api/get?track_name=STAR%20SIGN&artist_name=Nemzzz&duration=150'
06-23 14:55:02.576  1098 11343 I resolv  : GetAddrInfoHandler::run: {135 135 135 983175 10320 0}
06-23 14:55:02.577  1098 11344 I resolv  : res_nmkquery: (QUERY, IN, A)
06-23 14:55:02.578  1098 11344 I resolv  : resolv_cache_lookup: FOUND IN CACHE entry=0xb400006ec3ae82f0
06-23 14:55:02.578  1098 11344 I resolv  : doQuery: rcode=0, ancount=2, return value=75
06-23 14:55:02.581 16442 16442 I Capacitor/Console: File:  - Line 333 - Msg: undefined
06-23 14:55:02.582 16442 10064 I CapacitorCookies: Getting cookies at: 'https://pipedapi.kavin.rocks/search?q=Nemzzz%20STAR%20SIGN&filter=music_songs'
06-23 14:55:02.645 16442 16442 I Capacitor/Console: File: https://localhost/assets/index-DifW-20a.js - Line 50 - Msg: Searching video ID for "Nemzzz STAR SIGN" via Piped API: https://api.piped.private.coffee...
06-23 14:55:02.649 16442 16442 E chromium: [ERROR:components/page_load_metrics/browser/page_load_metrics_update_dispatcher.cc:179] Invalid first_paint 3276.22 s for first_image_paint 3275.28 s
06-23 14:55:02.654 16442 10064 I CapacitorCookies: Getting cookies at: 'https://api.piped.private.coffee/search?q=Nemzzz%20STAR%20SIGN&filter=music_songs'
06-23 14:55:02.686  1135  1212 I mtkpower@impl: [powerd_req] TIMER_MSG_PERF_LOCK_TIMEOUT hdl:60774
06-23 14:55:02.686  1135  1212 I libPowerHal: [perfLockRel] hdl:60774, idx:1
06-23 14:55:02.686  1135  1212 I libPowerHal: [PD] MTKPOWER_HINT_UX_SCROLLING update cmd:1408300 param:40, pr:3
06-23 14:55:02.687  1135  1212 I libPowerHal: [PD] MTKPOWER_HINT_UX_SCROLLING update cmd:400000 param:-1 pr:6
06-23 14:55:02.687  1135  1212 I libPowerHal: [PD] MTKPOWER_HINT_UX_SCROLLING update cmd:404000 param:-1 pr:6
06-23 14:55:02.687  1135  1212 I libPowerHal: [PD] MTKPOWER_HINT_UX_SCROLLING update cmd:400100 param:-1 pr:6
06-23 14:55:02.687  1135  1212 I libPowerHal: [PD] MTKPOWER_HINT_UX_SCROLLING update cmd:404100 param:-1 pr:6
06-23 14:55:02.688  1135  1212 I libPowerHal: [recordCPUFreqInfo] set cluster[0] min(-1): -1 max(-1): -1 cluster[1] min(-1): -1 max(-1): -1
06-23 14:55:02.688  1799  3743 I mtkpower_client: perf_lock_acq, hdl:60776, dur:3000, num:4, pid:1799, tid:3743
06-23 14:55:02.689  1135  1212 W LibMBrainProxy: MBrain offline
06-23 14:55:02.689  1135  1212 I libPowerHal: [perfLockRel] Done for hdl : 60774
06-23 14:55:02.689  1135  1212 I libPowerHal: [perfLockRel] hdl:60775, idx:2
06-23 14:55:02.690  1135  1212 I libPowerHal: [PD] MTKPOWER_HINT_UX_SCROLLING_COMMON update cmd:1468000 param:1 pr:6
06-23 14:55:02.690  1135  1212 I libPowerHal: [perfLockRel] Done for hdl : 60775
06-23 14:55:02.691  1799  3743 I mtkpower_client: ret_hdl:60777
06-23 14:55:02.691  1135  1212 I libPowerHal: cmdSetting - unknown cmd:2000400, scmd:(null) ,param_1:10993
06-23 14:55:02.692  1135  1212 I libPowerHal: [perfLockAcq] idx:1 hdl:60777 hint:-1 pid:1799 tid:3743 duration:3000 lock_user:system_server => ret_hdl:60777
06-23 14:55:02.692  1799  3743 I mtkpower_client: perf_lock_rel, hdl:60777, tid:3743
06-23 14:55:02.692  1135  1212 I libPowerHal: [fpsgo_ctrl_render_thread] -10993, 0xb40000743b8403d0
06-23 14:55:02.692  1135  1212 I libPowerHal: [PE] system_server update ONESHOT(set) cmd:2000300 param:-10993 pr:3
06-23 14:55:02.692  1135  1212 I libPowerHal: [perfLockAcq] Done for hdl : 60777
06-23 14:55:02.692  1135  1212 I libPowerHal: [perfLockRel] hdl:60777, idx:1
06-23 14:55:02.693  1135  1212 I libPowerHal: [fpsgo_ctrl_render_thread] -10993, 0xb40000743b8403d0
06-23 14:55:02.693  1135  1212 I libPowerHal: [PD] system_server update ONESHOT(unset) cmd:2000300 param:-10993 pr:3
06-23 14:55:02.693  1135  1212 I libPowerHal: [perfLockRel] Done for hdl : 60777
06-23 14:55:02.734 16442 16442 I Capacitor/Console: File: https://localhost/assets/index-DifW-20a.js - Line 50 - Msg: Resolved videoId via Piped API https://api.piped.private.coffee: STAR SIGN (wRH-yu1gaN8)
06-23 14:55:02.735 16442 16442 I Capacitor/Console: File: https://localhost/assets/index-DifW-20a.js - Line 73 - Msg: Trying primary deciphering via youtubei.js (Innertube) for Android...
06-23 14:55:02.736 16442 16442 I Capacitor/Console: File: https://localhost/assets/index-DifW-20a.js - Line 50 - Msg: Resolving direct YouTube stream URL via Innertube...
06-23 14:55:02.752 16442 10064 I CapacitorCookies: Getting cookies at: 'https://www.youtube.com/youtubei/v1/player?prettyPrint=false&alt=json'
06-23 14:55:02.756 16442 10039 I CapacitorCookies: Getting cookies at: 'https://www.youtube.com/youtubei/v1/next?prettyPrint=false&alt=json'
06-23 14:55:02.759  1098 11347 I resolv  : GetAddrInfoHandler::run: {135 135 135 983175 10320 0}
06-23 14:55:02.760  1098 11348 I resolv  : res_nmkquery: (QUERY, IN, A)
06-23 14:55:02.760  1098 11348 I resolv  : resolv_cache_lookup: FOUND IN CACHE entry=0xb400006d33ae1e20
06-23 14:55:02.761  1098 11348 I resolv  : doQuery: rcode=0, ancount=17, return value=323
06-23 14:55:02.855 16442 16442 W Capacitor/Console: File: https://localhost/assets/index-DifW-20a.js - Line 50 - Msg: Direct Innertube resolution failed: Error: Request to https://www.youtube.com/youtubei/v1/player?prettyPrint=false&alt=json failed with status code 404
06-23 14:55:02.856 16442 16442 I Capacitor/Console: File: https://localhost/assets/index-DifW-20a.js - Line 50 - Msg: [Downloader] Attempting stream resolution via Cobalt: https://api.qwkuns.me/...
06-23 14:55:02.865 16442 10064 I CapacitorCookies: Getting cookies at: 'https://api.qwkuns.me/'
06-23 14:55:02.868  1098 11350 I resolv  : GetAddrInfoHandler::run: {135 135 135 983175 10320 0}
06-23 14:55:02.869  1098 11351 I resolv  : res_nmkquery: (QUERY, IN, A)
06-23 14:55:02.869  1098 11351 I resolv  : resolv_cache_lookup: FOUND IN CACHE entry=0xb400006e13aecd90
06-23 14:55:02.870  1098 11351 I resolv  : doQuery: rcode=0, ancount=2, return value=63
06-23 14:55:02.914 10934 10940 I dif.elcanomovil: Background young concurrent mark compact GC freed 16MB AllocSpace bytes, 0(0B) LOS objects, 29% free, 41MB/57MB, paused 1.678ms,2.613ms total 124.055ms
06-23 14:55:02.918  2071  2076 I WifiHAL : feature_set=0x8488341a
06-23 14:55:03.085 16442 16442 I Capacitor/Console: File: https://localhost/assets/index-DifW-20a.js - Line 50 - Msg: [Downloader] Attempting stream resolution via Cobalt: https://rue-cobalt.xenon.zone/...
06-23 14:55:03.092 16442 10064 I CapacitorCookies: Getting cookies at: 'https://rue-cobalt.xenon.zone/'
06-23 14:55:03.095  1098 11353 I resolv  : GetAddrInfoHandler::run: {135 135 135 983175 10320 0}
06-23 14:55:03.096  1098 11354 I resolv  : res_nmkquery: (QUERY, IN, A)
06-23 14:55:03.096  1098 11354 I resolv  : resolv_cache_lookup: FOUND IN CACHE entry=0xb400006ec3ae6c30
06-23 14:55:03.096  1098 11354 I resolv  : doQuery: rcode=0, ancount=2, return value=71
06-23 14:55:03.134 10934 10934 W View    : requestLayout() improperly called by K2.a{75aa83c V.ED..... ......ID 65,24-156,59} during layout: running second layout pass
06-23 14:55:03.134 10934 10934 W View    : requestLayout() improperly called by K2.a{b4419c5 V.ED..... ..S..AID 48,24-173,59} during layout: running second layout pass
06-23 14:55:03.134 10934 10934 W View    : requestLayout() improperly called by I2.k{f372f1a VFE...C.. ......ID 0,0-221,84} during layout: running second layout pass
06-23 14:55:03.134 10934 10934 W View    : requestLayout() improperly called by I2.k{2f52a4b VFE...C.. ......ID 221,0-442,84} during layout: running second layout pass
06-23 14:55:03.134 10934 10934 W View    : requestLayout() improperly called by I2.k{6480c28 VFE...C.. ..S..AID 442,0-664,84} during layout: running second layout pass
06-23 14:55:03.134 10934 10934 W View    : requestLayout() improperly called by K2.a{f518d41 V.ED..... ......ID 53,24-168,59} during layout: running second layout pass
06-23 14:55:03.137 16442 16442 E chromium: [ERROR:components/page_load_metrics/browser/page_load_metrics_update_dispatcher.cc:179] Invalid first_paint 3276.22 s for first_image_paint 3275.28 s
06-23 14:55:03.158 10934 10934 I Choreographer: Skipped 76 frames!  The application may be doing too much work on its main thread.
06-23 14:55:03.163  1164  1164 I BufferQueueProducer: [com.adif.elcanomovil/com.adif.elcanomovil.main.MainActivity#39670](this:0xb400006fd5774230,id:-1,api:0,p:-1,c:1164) queueBuffer: fps=13.94 dur=2726.61 max=2235.66 min=10.26
06-23 14:55:03.166 10934 11306 I HWUI    : Davey! duration=932ms; Flags=0, FrameTimelineVsyncId=41183623, IntendedVsync=136503922856973, Vsync=136503989743425, InputEventId=-676361867, HandleInputStart=136504000092981, AnimationStart=136504000094827, PerformTraversalsStart=136504000212750, DrawStart=136504829720981, FrameDeadline=136503942856973, FrameInterval=136503999763827, FrameStartTime=11147742, SyncQueued=136504848265366, SyncStart=136504848329674, IssueDrawCommandsStart=136504849920750, SwapBuffers=136504853601058, FrameCompleted=136504855123750, DequeueBufferDuration=52847, QueueBufferDuration=352692, GpuCompleted=136504855123750, SwapBuffersCompleted=136504854299443, DisplayPresentTime=136499685684058, CommandSubmissionCompleted=136504853601058, 
06-23 14:55:03.181  1132  1181 I libPerfCtl: xgfGetFPS pid:2108 fps:-1
06-23 14:55:03.182  1132  1181 I libPerfCtl: xgfGetFPS pid:10934 fps:-1
06-23 14:55:03.220  1112  1127 I hwcomposer: [HWCDisplay] (0 updateFps():3644), (type:1, mode:2) fps:29.004768,dur:1034.31,max:666.56,min:8.56  
06-23 14:55:03.221 10934 10944 I HWUI    : Davey! duration=908ms; Flags=0, FrameTimelineVsyncId=41183700, IntendedVsync=136504000562899, Vsync=136504846220447, InputEventId=0, HandleInputStart=136504851368981, AnimationStart=136504851371520, PerformTraversalsStart=136504898681289, DrawStart=136504898956981, FrameDeadline=136504879267301, FrameInterval=136504850860981, FrameStartTime=11127073, SyncQueued=136504899267520, SyncStart=136504899421058, IssueDrawCommandsStart=136504901271212, SwapBuffers=136504906582597, FrameCompleted=136504908953674, DequeueBufferDuration=50462, QueueBufferDuration=370693, GpuCompleted=136504908953674, SwapBuffersCompleted=136504907293904, DisplayPresentTime=136499696813981, CommandSubmissionCompleted=136504906582597, 
06-23 14:55:03.414 16442 16442 E chromium: [ERROR:components/page_load_metrics/browser/page_load_metrics_update_dispatcher.cc:179] Invalid first_paint 3276.22 s for first_image_paint 3275.28 s
06-23 14:55:03.477 16442 16442 I Capacitor/Console: File: https://localhost/assets/index-DifW-20a.js - Line 50 - Msg: [Downloader] Cobalt resolved stream: https://rue-cobalt.xenon.zone/tunnel?id=R90gBe4K1Rr2BVeIvh-fw&exp=1782219393435&sig=VepZ7lgphq6XUrITwXNtT6a1x9o3WlQvokm4hhzVx4Q&sec=LVYA6_05t56BYLRHy9Q6q_h_gxAKanuiF_A1kKqVGoc&iv=d4uE-7WzP9fVFoahhNBX_A. Validating accessibility...
06-23 14:55:03.484 16442 10064 I CapacitorCookies: Getting cookies at: 'https://rue-cobalt.xenon.zone/tunnel?id=R90gBe4K1Rr2BVeIvh-fw&exp=1782219393435&sig=VepZ7lgphq6XUrITwXNtT6a1x9o3WlQvokm4hhzVx4Q&sec=LVYA6_05t56BYLRHy9Q6q_h_gxAKanuiF_A1kKqVGoc&iv=d4uE-7WzP9fVFoahhNBX_A'
06-23 14:55:04.182  1132  1181 I libPerfCtl: xgfGetFPS pid:2108 fps:-1
06-23 14:55:04.594 16442 16442 I Capacitor/Console: File: https://localhost/assets/index-DifW-20a.js - Line 50 - Msg: [Downloader] Cobalt stream validated successfully.
06-23 14:55:04.594 16442 16442 I Capacitor/Console: File: https://localhost/assets/index-DifW-20a.js - Line 73 - Msg: Successfully got stream URL via youtubei.js on Android, validating accessibility natively...
06-23 14:55:04.595 16442 16442 I Capacitor/Console: File: https://localhost/assets/index-DifW-20a.js - Line 73 - Msg: Stream URL validated successfully
06-23 14:55:04.597 16442 16442 E IbraStreamMedia: CustomPlayerWrapper: setMockDuration=150000
06-23 14:55:04.597 16442 16442 E IbraStreamMedia: CustomPlayerWrapper: setMockPosition=0
06-23 14:55:04.600 16442 16442 E IbraStreamMedia: onMediaItemTransition: reason=3, item=350639535
06-23 14:55:04.600 16442 16442 E IbraStreamMedia: CustomPlayerWrapper: setMockPosition=0
06-23 14:55:04.605 16442 16442 I Capacitor/Console: File: https://localhost/assets/index-DifW-20a.js - Line 73 - Msg: Native listener: onMediaItemTransition: 350639535
06-23 14:55:04.614 16442 16694 I CapacitorCookies: Getting cookies at: 'https://resources.tidal.com/images/7d528991/2373/4418/b0d9/8ff7409a51fe/640x640.jpg'
06-23 14:55:04.617  1098 11357 I resolv  : GetAddrInfoHandler::run: {135 135 135 983175 10320 0}
06-23 14:55:04.618  1098 11358 I resolv  : res_nmkquery: (QUERY, IN, A)
06-23 14:55:04.618  1098 11358 I resolv  : resolv_cache_lookup: FOUND IN CACHE entry=0xb400006e13afc2d0
06-23 14:55:04.618  1098 11358 I resolv  : doQuery: rcode=0, ancount=1, return value=53
06-23 14:55:04.622  2303  2480 W Failed to fetch image at uri=https://resources.tidal.com/images/7d528991/2373/4418/b0d9/8ff740java.io.FileNotFoundException: No content provider: https://resources.tidal.com/images/7d528991/2373/4418/b0d9/8ff7409a51fe/640x640.jpg
06-23 14:55:04.622  2303  2480 W Failed to fetch image at uri=https://resources.tidal.com/images/7d528991/2373/4418/b0d9/8ff740	at android.content.ContentResolver.openTypedAssetFileDescriptor(ContentResolver.java:2029)
06-23 14:55:04.622  2303  2480 W Failed to fetch image at uri=https://resources.tidal.com/images/7d528991/2373/4418/b0d9/8ff740	at android.content.ContentResolver.openAssetFileDescriptor(ContentResolver.java:1858)
06-23 14:55:04.622  2303  2480 W Failed to fetch image at uri=https://resources.tidal.com/images/7d528991/2373/4418/b0d9/8ff740	at android.content.ContentResolver.openInputStream(ContentResolver.java:1528)
06-23 14:55:04.622  2303  2480 W Failed to fetch image at uri=https://resources.tidal.com/images/7d528991/2373/4418/b0d9/8ff740	at com.android.bluetooth.audio_util.Image.getImageFromUri(Image.java:200)
06-23 14:55:04.622  2303  2480 W Failed to fetch image at uri=https://resources.tidal.com/images/7d528991/2373/4418/b0d9/8ff740	at com.android.bluetooth.audio_util.Image.setImage(Image.java:164)
06-23 14:55:04.622  2303  2480 W Failed to fetch image at uri=https://resources.tidal.com/images/7d528991/2373/4418/b0d9/8ff740	at com.android.bluetooth.audio_util.Image.<init>(Image.java:139)
06-23 14:55:04.622  2303  2480 W Failed to fetch image at uri=https://resources.tidal.com/images/7d528991/2373/4418/b0d9/8ff740	at com.android.bluetooth.audio_util.Metadata$Builder.fromMediaDescription(Metadata.java:261)
06-23 14:55:04.622  2303  2480 W Failed to fetch image at uri=https://resources.tidal.com/images/7d528991/2373/4418/b0d9/8ff740	at com.android.bluetooth.audio_util.Metadata$Builder.fromMediaMetadata(Metadata.java:182)
06-23 14:55:04.622  2303  2480 W Failed to fetch image at uri=https://resources.tidal.com/images/7d528991/2373/4418/b0d9/8ff740	at com.android.bluetooth.audio_util.Util.toMetadata(Util.java:108)
06-23 14:55:04.622  2303  2480 W Failed to fetch image at uri=https://resources.tidal.com/images/7d528991/2373/4418/b0d9/8ff740	at com.android.bluetooth.audio_util.MediaPlayerWrapper.isMetadataSynced(MediaPlayerWrapper.java:300)
06-23 14:55:04.622  2303  2480 W Failed to fetch image at uri=https://resources.tidal.com/images/7d528991/2373/4418/b0d9/8ff740	at com.android.bluetooth.audio_util.MediaPlayerWrapper$MediaControllerListener.trySendMediaUpdate(MediaPlayerWrapper.java:470)
06-23 14:55:04.622  2303  2480 W Failed to fetch image at uri=https://resources.tidal.com/images/7d528991/2373/4418/b0d9/8ff740	at com.android.bluetooth.audio_util.MediaPlayerWrapper$MediaControllerListener.onQueueChanged(MediaPlayerWrapper.java:583)
06-23 14:55:04.622  2303  2480 W Failed to fetch image at uri=https://resources.tidal.com/images/7d528991/2373/4418/b0d9/8ff740	at android.media.session.MediaController$MessageHandler.handleMessage(MediaController.java:1208)
06-23 14:55:04.622  2303  2480 W Failed to fetch image at uri=https://resources.tidal.com/images/7d528991/2373/4418/b0d9/8ff740	at android.os.Handler.dispatchMessage(Handler.java:107)
06-23 14:55:04.622  2303  2480 W Failed to fetch image at uri=https://resources.tidal.com/images/7d528991/2373/4418/b0d9/8ff740	at android.os.Looper.loopOnce(Looper.java:234)
06-23 14:55:04.622  2303  2480 W Failed to fetch image at uri=https://resources.tidal.com/images/7d528991/2373/4418/b0d9/8ff740	at android.os.Looper.loop(Looper.java:319)
06-23 14:55:04.622  2303  2480 W Failed to fetch image at uri=https://resources.tidal.com/images/7d528991/2373/4418/b0d9/8ff740	at android.os.HandlerThread.run(HandlerThread.java:85)
06-23 14:55:04.622  2303  2480 W Failed to fetch image at uri=https://resources.tidal.com/images/7d528991/2373/4418/b0d9/8ff740java.io.FileNotFoundException: No content provider: https://resources.tidal.com/images/7d528991/2373/4418/b0d9/8ff7409a51fe/640x640.jpg
06-23 14:55:04.622  2303  2480 W Failed to fetch image at uri=https://resources.tidal.com/images/7d528991/2373/4418/b0d9/8ff740	at android.content.ContentResolver.openTypedAssetFileDescriptor(ContentResolver.java:2029)
06-23 14:55:04.622  2303  2480 W Failed to fetch image at uri=https://resources.tidal.com/images/7d528991/2373/4418/b0d9/8ff740	at android.content.ContentResolver.openAssetFileDescriptor(ContentResolver.java:1858)
06-23 14:55:04.622  2303  2480 W Failed to fetch image at uri=https://resources.tidal.com/images/7d528991/2373/4418/b0d9/8ff740	at android.content.ContentResolver.openInputStream(ContentResolver.java:1528)
06-23 14:55:04.622  2303  2480 W Failed to fetch image at uri=https://resources.tidal.com/images/7d528991/2373/4418/b0d9/8ff740	at com.android.bluetooth.audio_util.Image.getImageFromUri(Image.java:200)
06-23 14:55:04.622  2303  2480 W Failed to fetch image at uri=https://resources.tidal.com/images/7d528991/2373/4418/b0d9/8ff740	at com.android.bluetooth.audio_util.Image.setImage(Image.java:164)
06-23 14:55:04.622  2303  2480 W Failed to fetch image at uri=https://resources.tidal.com/images/7d528991/2373/4418/b0d9/8ff740	at com.android.bluetooth.audio_util.Image.setImage(Image.java:156)
06-23 14:55:04.622  2303  2480 W Failed to fetch image at uri=https://resources.tidal.com/images/7d528991/2373/4418/b0d9/8ff740	at com.android.bluetooth.audio_util.Image.<init>(Image.java:78)
06-23 14:55:04.622  2303  2480 W Failed to fetch image at uri=https://resources.tidal.com/images/7d528991/2373/4418/b0d9/8ff740	at com.android.bluetooth.audio_util.Metadata$Builder.fromMediaMetadata(Metadata.java:232)
06-23 14:55:04.622  2303  2480 W Failed to fetch image at uri=https://resources.tidal.com/images/7d528991/2373/4418/b0d9/8ff740	at com.android.bluetooth.audio_util.Util.toMetadata(Util.java:108)
06-23 14:55:04.622  2303  2480 W Failed to fetch image at uri=https://resources.tidal.com/images/7d528991/2373/4418/b0d9/8ff740	at com.android.bluetooth.audio_util.MediaPlayerWrapper.isMetadataSynced(MediaPlayerWrapper.java:300)
06-23 14:55:04.622  2303  2480 W Failed to fetch image at uri=https://resources.tidal.com/images/7d528991/2373/4418/b0d9/8ff740	at com.android.bluetooth.audio_util.MediaPlayerWrapper$MediaControllerListener.trySendMediaUpdate(MediaPlayerWrapper.java:470)
06-23 14:55:04.622  2303  2480 W Failed to fetch image at uri=https://resources.tidal.com/images/7d528991/2373/4418/b0d9/8ff740	at com.android.bluetooth.audio_util.MediaPlayerWrapper$MediaControllerListener.onQueueChanged(MediaPlayerWrapper.java:583)
06-23 14:55:04.622  2303  2480 W Failed to fetch image at uri=https://resources.tidal.com/images/7d528991/2373/4418/b0d9/8ff740	at android.media.session.MediaController$MessageHandler.handleMessage(MediaController.java:1208)
06-23 14:55:04.622  2303  2480 W Failed to fetch image at uri=https://resources.tidal.com/images/7d528991/2373/4418/b0d9/8ff740	at android.os.Handler.dispatchMessage(Handler.java:107)
06-23 14:55:04.622  2303  2480 W Failed to fetch image at uri=https://resources.tidal.com/images/7d528991/2373/4418/b0d9/8ff740	at android.os.Looper.loopOnce(Looper.java:234)
06-23 14:55:04.622  2303  2480 W Failed to fetch image at uri=https://resources.tidal.com/images/7d528991/2373/4418/b0d9/8ff740	at android.os.Looper.loop(Looper.java:319)
06-23 14:55:04.622  2303  2480 W Failed to fetch image at uri=https://resources.tidal.com/images/7d528991/2373/4418/b0d9/8ff740	at android.os.HandlerThread.run(HandlerThread.java:85)
06-23 14:55:04.623  2303  2480 W Failed to fetch image at uri=https://resources.tidal.com/images/7d528991/2373/4418/b0d9/8ff740java.io.FileNotFoundException: No content provider: https://resources.tidal.com/images/7d528991/2373/4418/b0d9/8ff7409a51fe/640x640.jpg
06-23 14:55:04.623  2303  2480 W Failed to fetch image at uri=https://resources.tidal.com/images/7d528991/2373/4418/b0d9/8ff740	at android.content.ContentResolver.openTypedAssetFileDescriptor(ContentResolver.java:2029)
06-23 14:55:04.623  2303  2480 W Failed to fetch image at uri=https://resources.tidal.com/images/7d528991/2373/4418/b0d9/8ff740	at android.content.ContentResolver.openAssetFileDescriptor(ContentResolver.java:1858)
06-23 14:55:04.623  2303  2480 W Failed to fetch image at uri=https://resources.tidal.com/images/7d528991/2373/4418/b0d9/8ff740	at android.content.ContentResolver.openInputStream(ContentResolver.java:1528)
06-23 14:55:04.623  2303  2480 W Failed to fetch image at uri=https://resources.tidal.com/images/7d528991/2373/4418/b0d9/8ff740	at com.android.bluetooth.audio_util.Image.getImageFromUri(Image.java:200)
06-23 14:55:04.623  2303  2480 W Failed to fetch image at uri=https://resources.tidal.com/images/7d528991/2373/4418/b0d9/8ff740	at com.android.bluetooth.audio_util.Image.setImage(Image.java:164)
06-23 14:55:04.623  2303  2480 W Failed to fetch image at uri=https://resources.tidal.com/images/7d528991/2373/4418/b0d9/8ff740	at com.android.bluetooth.audio_util.Image.<init>(Image.java:139)
06-23 14:55:04.623  2303  2480 W Failed to fetch image at uri=https://resources.tidal.com/images/7d528991/2373/4418/b0d9/8ff740	at com.android.bluetooth.audio_util.Metadata$Builder.fromMediaDescription(Metadata.java:261)
06-23 14:55:04.623  2303  2480 W Failed to fetch image at uri=https://resources.tidal.com/images/7d528991/2373/4418/b0d9/8ff740	at com.android.bluetooth.audio_util.Metadata$Builder.fromMediaMetadata(Metadata.java:182)
06-23 14:55:04.623  2303  2480 W Failed to fetch image at uri=https://resources.tidal.com/images/7d528991/2373/4418/b0d9/8ff740	at com.android.bluetooth.audio_util.Util.toMetadata(Util.java:108)
06-23 14:55:04.623  2303  2480 W Failed to fetch image at uri=https://resources.tidal.com/images/7d528991/2373/4418/b0d9/8ff740	at com.android.bluetooth.audio_util.MediaPlayerWrapper.sendMediaUpdate(MediaPlayerWrapper.java:384)
06-23 14:55:04.623  2303  2480 W Failed to fetch image at uri=https://resources.tidal.com/images/7d528991/2373/4418/b0d9/8ff740	at com.android.bluetooth.audio_util.MediaPlayerWrapper.-$$Nest$msendMediaUpdate(MediaPlayerWrapper.java:0)
06-23 14:55:04.623  2303  2480 W Failed to fetch image at uri=https://resources.tidal.com/images/7d528991/2373/4418/b0d9/8ff740	at com.android.bluetooth.audio_util.MediaPlayerWrapper$MediaControllerListener.trySendMediaUpdate(MediaPlayerWrapper.java:478)
06-23 14:55:04.623  2303  2480 W Failed to fetch image at uri=https://resources.tidal.com/images/7d528991/2373/4418/b0d9/8ff740	at com.android.bluetooth.audio_util.MediaPlayerWrapper$MediaControllerListener.onQueueChanged(MediaPlayerWrapper.java:583)
06-23 14:55:04.623  2303  2480 W Failed to fetch image at uri=https://resources.tidal.com/images/7d528991/2373/4418/b0d9/8ff740	at android.media.session.MediaController$MessageHandler.handleMessage(MediaController.java:1208)
06-23 14:55:04.623  2303  2480 W Failed to fetch image at uri=https://resources.tidal.com/images/7d528991/2373/4418/b0d9/8ff740	at android.os.Handler.dispatchMessage(Handler.java:107)
06-23 14:55:04.623  2303  2480 W Failed to fetch image at uri=https://resources.tidal.com/images/7d528991/2373/4418/b0d9/8ff740	at android.os.Looper.loopOnce(Looper.java:234)
06-23 14:55:04.623  2303  2480 W Failed to fetch image at uri=https://resources.tidal.com/images/7d528991/2373/4418/b0d9/8ff740	at android.os.Looper.loop(Looper.java:319)
06-23 14:55:04.623  2303  2480 W Failed to fetch image at uri=https://resources.tidal.com/images/7d528991/2373/4418/b0d9/8ff740	at android.os.HandlerThread.run(HandlerThread.java:85)
06-23 14:55:04.623  2303  2480 W Failed to fetch image at uri=https://resources.tidal.com/images/7d528991/2373/4418/b0d9/8ff740java.io.FileNotFoundException: No content provider: https://resources.tidal.com/images/7d528991/2373/4418/b0d9/8ff7409a51fe/640x640.jpg
06-23 14:55:04.623  2303  2480 W Failed to fetch image at uri=https://resources.tidal.com/images/7d528991/2373/4418/b0d9/8ff740	at android.content.ContentResolver.openTypedAssetFileDescriptor(ContentResolver.java:2029)
06-23 14:55:04.623  2303  2480 W Failed to fetch image at uri=https://resources.tidal.com/images/7d528991/2373/4418/b0d9/8ff740	at android.content.ContentResolver.openAssetFileDescriptor(ContentResolver.java:1858)
06-23 14:55:04.623  2303  2480 W Failed to fetch image at uri=https://resources.tidal.com/images/7d528991/2373/4418/b0d9/8ff740	at android.content.ContentResolver.openInputStream(ContentResolver.java:1528)
06-23 14:55:04.623  2303  2480 W Failed to fetch image at uri=https://resources.tidal.com/images/7d528991/2373/4418/b0d9/8ff740	at com.android.bluetooth.audio_util.Image.getImageFromUri(Image.java:200)
06-23 14:55:04.623  2303  2480 W Failed to fetch image at uri=https://resources.tidal.com/images/7d528991/2373/4418/b0d9/8ff740	at com.android.bluetooth.audio_util.Image.setImage(Image.java:164)
06-23 14:55:04.623  2303  2480 W Failed to fetch image at uri=https://resources.tidal.com/images/7d528991/2373/4418/b0d9/8ff740	at com.android.bluetooth.audio_util.Image.setImage(Image.java:156)
06-23 14:55:04.623  2303  2480 W Failed to fetch image at uri=https://resources.tidal.com/images/7d528991/2373/4418/b0d9/8ff740	at com.android.bluetooth.audio_util.Image.<init>(Image.java:78)
06-23 14:55:04.623  2303  2480 W Failed to fetch image at uri=https://resources.tidal.com/images/7d528991/2373/4418/b0d9/8ff740	at com.android.bluetooth.audio_util.Metadata$Builder.fromMediaMetadata(Metadata.java:232)
06-23 14:55:04.623  2303  2480 W Failed to fetch image at uri=https://resources.tidal.com/images/7d528991/2373/4418/b0d9/8ff740	at com.android.bluetooth.audio_util.Util.toMetadata(Util.java:108)
06-23 14:55:04.623  2303  2480 W Failed to fetch image at uri=https://resources.tidal.com/images/7d528991/2373/4418/b0d9/8ff740	at com.android.bluetooth.audio_util.MediaPlayerWrapper.sendMediaUpdate(MediaPlayerWrapper.java:384)
06-23 14:55:04.623  2303  2480 W Failed to fetch image at uri=https://resources.tidal.com/images/7d528991/2373/4418/b0d9/8ff740	at com.android.bluetooth.audio_util.MediaPlayerWrapper.-$$Nest$msendMediaUpdate(MediaPlayerWrapper.java:0)
06-23 14:55:04.623  2303  2480 W Failed to fetch image at uri=https://resources.tidal.com/images/7d528991/2373/4418/b0d9/8ff740	at com.android.bluetooth.audio_util.MediaPlayerWrapper$MediaControllerListener.trySendMediaUpdate(MediaPlayerWrapper.java:478)
06-23 14:55:04.623  2303  2480 W Failed to fetch image at uri=https://resources.tidal.com/images/7d528991/2373/4418/b0d9/8ff740	at com.android.bluetooth.audio_util.MediaPlayerWrapper$MediaControllerListener.onQueueChanged(MediaPlayerWrapper.java:583)
06-23 14:55:04.623  2303  2480 W Failed to fetch image at uri=https://resources.tidal.com/images/7d528991/2373/4418/b0d9/8ff740	at android.media.session.MediaController$MessageHandler.handleMessage(MediaController.java:1208)
06-23 14:55:04.623  2303  2480 W Failed to fetch image at uri=https://resources.tidal.com/images/7d528991/2373/4418/b0d9/8ff740	at android.os.Handler.dispatchMessage(Handler.java:107)
06-23 14:55:04.623  2303  2480 W Failed to fetch image at uri=https://resources.tidal.com/images/7d528991/2373/4418/b0d9/8ff740	at android.os.Looper.loopOnce(Looper.java:234)
06-23 14:55:04.623  2303  2480 W Failed to fetch image at uri=https://resources.tidal.com/images/7d528991/2373/4418/b0d9/8ff740	at android.os.Looper.loop(Looper.java:319)
06-23 14:55:04.623  2303  2480 W Failed to fetch image at uri=https://resources.tidal.com/images/7d528991/2373/4418/b0d9/8ff740	at android.os.HandlerThread.run(HandlerThread.java:85)
06-23 14:55:04.624  2303  2480 I bluetooth: avrcp_service.cc:646 SendMediaUpdate: track_changed=true :  play_state=false :  queue=true
06-23 14:55:04.624  2303  2480 W Failed to fetch image at uri=https://resources.tidal.com/images/7d528991/2373/4418/b0d9/8ff740java.io.FileNotFoundException: No content provider: https://resources.tidal.com/images/7d528991/2373/4418/b0d9/8ff7409a51fe/640x640.jpg
06-23 14:55:04.624  2303  2480 W Failed to fetch image at uri=https://resources.tidal.com/images/7d528991/2373/4418/b0d9/8ff740	at android.content.ContentResolver.openTypedAssetFileDescriptor(ContentResolver.java:2029)
06-23 14:55:04.624  2303  2480 W Failed to fetch image at uri=https://resources.tidal.com/images/7d528991/2373/4418/b0d9/8ff740	at android.content.ContentResolver.openAssetFileDescriptor(ContentResolver.java:1858)
06-23 14:55:04.624  2303  2480 W Failed to fetch image at uri=https://resources.tidal.com/images/7d528991/2373/4418/b0d9/8ff740	at android.content.ContentResolver.openInputStream(ContentResolver.java:1528)
06-23 14:55:04.624  2303  2480 W Failed to fetch image at uri=https://resources.tidal.com/images/7d528991/2373/4418/b0d9/8ff740	at com.android.bluetooth.audio_util.Image.getImageFromUri(Image.java:200)
06-23 14:55:04.624  2303  2480 W Failed to fetch image at uri=https://resources.tidal.com/images/7d528991/2373/4418/b0d9/8ff740	at com.android.bluetooth.audio_util.Image.setImage(Image.java:164)
06-23 14:55:04.624  2303  2480 W Failed to fetch image at uri=https://resources.tidal.com/images/7d528991/2373/4418/b0d9/8ff740	at com.android.bluetooth.audio_util.Image.<init>(Image.java:139)
06-23 14:55:04.624  2303  2480 W Failed to fetch image at uri=https://resources.tidal.com/images/7d528991/2373/4418/b0d9/8ff740	at com.android.bluetooth.audio_util.Metadata$Builder.fromMediaDescription(Metadata.java:261)
06-23 14:55:04.624  2303  2480 W Failed to fetch image at uri=https://resources.tidal.com/images/7d528991/2373/4418/b0d9/8ff740	at com.android.bluetooth.audio_util.Metadata$Builder.fromMediaMetadata(Metadata.java:182)
06-23 14:55:04.624  2303  2480 W Failed to fetch image at uri=https://resources.tidal.com/images/7d528991/2373/4418/b0d9/8ff740	at com.android.bluetooth.audio_util.Util.toMetadata(Util.java:108)
06-23 14:55:04.624  2303  2480 W Failed to fetch image at uri=https://resources.tidal.com/images/7d528991/2373/4418/b0d9/8ff740	at com.android.bluetooth.audio_util.MediaPlayerWrapper$MediaControllerListener.onMetadataChanged(MediaPlayerWrapper.java:493)
06-23 14:55:04.624  2303  2480 W Failed to fetch image at uri=https://resources.tidal.com/images/7d528991/2373/4418/b0d9/8ff740	at android.media.session.MediaController$MessageHandler.handleMessage(MediaController.java:1205)
06-23 14:55:04.624  2303  2480 W Failed to fetch image at uri=https://resources.tidal.com/images/7d528991/2373/4418/b0d9/8ff740	at android.os.Handler.dispatchMessage(Handler.java:107)
06-23 14:55:04.624  2303  2480 W Failed to fetch image at uri=https://resources.tidal.com/images/7d528991/2373/4418/b0d9/8ff740	at android.os.Looper.loopOnce(Looper.java:234)
06-23 14:55:04.624  2303  2480 W Failed to fetch image at uri=https://resources.tidal.com/images/7d528991/2373/4418/b0d9/8ff740	at android.os.Looper.loop(Looper.java:319)
06-23 14:55:04.624  2303  2480 W Failed to fetch image at uri=https://resources.tidal.com/images/7d528991/2373/4418/b0d9/8ff740	at android.os.HandlerThread.run(HandlerThread.java:85)
06-23 14:55:04.624  2303  2480 W Failed to fetch image at uri=https://resources.tidal.com/images/7d528991/2373/4418/b0d9/8ff740java.io.FileNotFoundException: No content provider: https://resources.tidal.com/images/7d528991/2373/4418/b0d9/8ff7409a51fe/640x640.jpg
06-23 14:55:04.624  2303  2480 W Failed to fetch image at uri=https://resources.tidal.com/images/7d528991/2373/4418/b0d9/8ff740	at android.content.ContentResolver.openTypedAssetFileDescriptor(ContentResolver.java:2029)
06-23 14:55:04.624  2303  2480 W Failed to fetch image at uri=https://resources.tidal.com/images/7d528991/2373/4418/b0d9/8ff740	at android.content.ContentResolver.openAssetFileDescriptor(ContentResolver.java:1858)
06-23 14:55:04.624  2303  2480 W Failed to fetch image at uri=https://resources.tidal.com/images/7d528991/2373/4418/b0d9/8ff740	at android.content.ContentResolver.openInputStream(ContentResolver.java:1528)
06-23 14:55:04.624  2303  2480 W Failed to fetch image at uri=https://resources.tidal.com/images/7d528991/2373/4418/b0d9/8ff740	at com.android.bluetooth.audio_util.Image.getImageFromUri(Image.java:200)
06-23 14:55:04.624  2303  2480 W Failed to fetch image at uri=https://resources.tidal.com/images/7d528991/2373/4418/b0d9/8ff740	at com.android.bluetooth.audio_util.Image.setImage(Image.java:164)
06-23 14:55:04.624  2303  2480 W Failed to fetch image at uri=https://resources.tidal.com/images/7d528991/2373/4418/b0d9/8ff740	at com.android.bluetooth.audio_util.Image.setImage(Image.java:156)
06-23 14:55:04.624  2303  2480 W Failed to fetch image at uri=https://resources.tidal.com/images/7d528991/2373/4418/b0d9/8ff740	at com.android.bluetooth.audio_util.Image.<init>(Image.java:78)
06-23 14:55:04.624  2303  2480 W Failed to fetch image at uri=https://resources.tidal.com/images/7d528991/2373/4418/b0d9/8ff740	at com.android.bluetooth.audio_util.Metadata$Builder.fromMediaMetadata(Metadata.java:232)
06-23 14:55:04.624  2303  2480 W Failed to fetch image at uri=https://resources.tidal.com/images/7d528991/2373/4418/b0d9/8ff740	at com.android.bluetooth.audio_util.Util.toMetadata(Util.java:108)
06-23 14:55:04.624  2303  2480 W Failed to fetch image at uri=https://resources.tidal.com/images/7d528991/2373/4418/b0d9/8ff740	at com.android.bluetooth.audio_util.MediaPlayerWrapper$MediaControllerListener.onMetadataChanged(MediaPlayerWrapper.java:493)
06-23 14:55:04.624  2303  2480 W Failed to fetch image at uri=https://resources.tidal.com/images/7d528991/2373/4418/b0d9/8ff740	at android.media.session.MediaController$MessageHandler.handleMessage(MediaController.java:1205)
06-23 14:55:04.624  2303  2480 W Failed to fetch image at uri=https://resources.tidal.com/images/7d528991/2373/4418/b0d9/8ff740	at android.os.Handler.dispatchMessage(Handler.java:107)
06-23 14:55:04.624  2303  2480 W Failed to fetch image at uri=https://resources.tidal.com/images/7d528991/2373/4418/b0d9/8ff740	at android.os.Looper.loopOnce(Looper.java:234)
06-23 14:55:04.624  2303  2480 W Failed to fetch image at uri=https://resources.tidal.com/images/7d528991/2373/4418/b0d9/8ff740	at android.os.Looper.loop(Looper.java:319)
06-23 14:55:04.624  2303  2480 W Failed to fetch image at uri=https://resources.tidal.com/images/7d528991/2373/4418/b0d9/8ff740	at android.os.HandlerThread.run(HandlerThread.java:85)
06-23 14:55:04.625  2303  2480 W Failed to fetch image at uri=https://resources.tidal.com/images/7d528991/2373/4418/b0d9/8ff740java.io.FileNotFoundException: No content provider: https://resources.tidal.com/images/7d528991/2373/4418/b0d9/8ff7409a51fe/640x640.jpg
06-23 14:55:04.625  2303  2480 W Failed to fetch image at uri=https://resources.tidal.com/images/7d528991/2373/4418/b0d9/8ff740	at android.content.ContentResolver.openTypedAssetFileDescriptor(ContentResolver.java:2029)
06-23 14:55:04.625  2303  2480 W Failed to fetch image at uri=https://resources.tidal.com/images/7d528991/2373/4418/b0d9/8ff740	at android.content.ContentResolver.openAssetFileDescriptor(ContentResolver.java:1858)
06-23 14:55:04.625  2303  2480 W Failed to fetch image at uri=https://resources.tidal.com/images/7d528991/2373/4418/b0d9/8ff740	at android.content.ContentResolver.openInputStream(ContentResolver.java:1528)
06-23 14:55:04.625  2303  2480 W Failed to fetch image at uri=https://resources.tidal.com/images/7d528991/2373/4418/b0d9/8ff740	at com.android.bluetooth.audio_util.Image.getImageFromUri(Image.java:200)
06-23 14:55:04.625  2303  2480 W Failed to fetch image at uri=https://resources.tidal.com/images/7d528991/2373/4418/b0d9/8ff740	at com.android.bluetooth.audio_util.Image.setImage(Image.java:164)
06-23 14:55:04.625  2303  2480 W Failed to fetch image at uri=https://resources.tidal.com/images/7d528991/2373/4418/b0d9/8ff740	at com.android.bluetooth.audio_util.Image.<init>(Image.java:139)
06-23 14:55:04.625  2303  2480 W Failed to fetch image at uri=https://resources.tidal.com/images/7d528991/2373/4418/b0d9/8ff740	at com.android.bluetooth.audio_util.Metadata$Builder.fromMediaDescription(Metadata.java:261)
06-23 14:55:04.625  2303  2480 W Failed to fetch image at uri=https://resources.tidal.com/images/7d528991/2373/4418/b0d9/8ff740	at com.android.bluetooth.audio_util.Metadata$Builder.fromMediaMetadata(Metadata.java:182)
06-23 14:55:04.625  2303  2480 W Failed to fetch image at uri=https://resources.tidal.com/images/7d528991/2373/4418/b0d9/8ff740	at com.android.bluetooth.audio_util.Util.toMetadata(Util.java:108)
06-23 14:55:04.625  2303  2480 W Failed to fetch image at uri=https://resources.tidal.com/images/7d528991/2373/4418/b0d9/8ff740	at com.android.bluetooth.audio_util.MediaPlayerWrapper$MediaControllerListener.onMetadataChanged(MediaPlayerWrapper.java:512)
06-23 14:55:04.625  2303  2480 W Failed to fetch image at uri=https://resources.tidal.com/images/7d528991/2373/4418/b0d9/8ff740	at android.media.session.MediaController$MessageHandler.handleMessage(MediaController.java:1205)
06-23 14:55:04.625  2303  2480 W Failed to fetch image at uri=https://resources.tidal.com/images/7d528991/2373/4418/b0d9/8ff740	at android.os.Handler.dispatchMessage(Handler.java:107)
06-23 14:55:04.625  2303  2480 W Failed to fetch image at uri=https://resources.tidal.com/images/7d528991/2373/4418/b0d9/8ff740	at android.os.Looper.loopOnce(Looper.java:234)
06-23 14:55:04.625  2303  2480 W Failed to fetch image at uri=https://resources.tidal.com/images/7d528991/2373/4418/b0d9/8ff740	at android.os.Looper.loop(Looper.java:319)
06-23 14:55:04.625  2303  2480 W Failed to fetch image at uri=https://resources.tidal.com/images/7d528991/2373/4418/b0d9/8ff740	at android.os.HandlerThread.run(HandlerThread.java:85)
06-23 14:55:04.625  2303  2480 W Failed to fetch image at uri=https://resources.tidal.com/images/7d528991/2373/4418/b0d9/8ff740java.io.FileNotFoundException: No content provider: https://resources.tidal.com/images/7d528991/2373/4418/b0d9/8ff7409a51fe/640x640.jpg
06-23 14:55:04.625  2303  2480 W Failed to fetch image at uri=https://resources.tidal.com/images/7d528991/2373/4418/b0d9/8ff740	at android.content.ContentResolver.openTypedAssetFileDescriptor(ContentResolver.java:2029)
06-23 14:55:04.625  2303  2480 W Failed to fetch image at uri=https://resources.tidal.com/images/7d528991/2373/4418/b0d9/8ff740	at android.content.ContentResolver.openAssetFileDescriptor(ContentResolver.java:1858)
06-23 14:55:04.625  2303  2480 W Failed to fetch image at uri=https://resources.tidal.com/images/7d528991/2373/4418/b0d9/8ff740	at android.content.ContentResolver.openInputStream(ContentResolver.java:1528)
06-23 14:55:04.625  2303  2480 W Failed to fetch image at uri=https://resources.tidal.com/images/7d528991/2373/4418/b0d9/8ff740	at com.android.bluetooth.audio_util.Image.getImageFromUri(Image.java:200)
06-23 14:55:04.625  2303  2480 W Failed to fetch image at uri=https://resources.tidal.com/images/7d528991/2373/4418/b0d9/8ff740	at com.android.bluetooth.audio_util.Image.setImage(Image.java:164)
06-23 14:55:04.625  2303  2480 W Failed to fetch image at uri=https://resources.tidal.com/images/7d528991/2373/4418/b0d9/8ff740	at com.android.bluetooth.audio_util.Image.setImage(Image.java:156)
06-23 14:55:04.625  2303  2480 W Failed to fetch image at uri=https://resources.tidal.com/images/7d528991/2373/4418/b0d9/8ff740	at com.android.bluetooth.audio_util.Image.<init>(Image.java:78)
06-23 14:55:04.625  2303  2480 W Failed to fetch image at uri=https://resources.tidal.com/images/7d528991/2373/4418/b0d9/8ff740	at com.android.bluetooth.audio_util.Metadata$Builder.fromMediaMetadata(Metadata.java:232)
06-23 14:55:04.625  2303  2480 W Failed to fetch image at uri=https://resources.tidal.com/images/7d528991/2373/4418/b0d9/8ff740	at com.android.bluetooth.audio_util.Util.toMetadata(Util.java:108)
06-23 14:55:04.625  2303  2480 W Failed to fetch image at uri=https://resources.tidal.com/images/7d528991/2373/4418/b0d9/8ff740	at com.android.bluetooth.audio_util.MediaPlayerWrapper$MediaControllerListener.onMetadataChanged(MediaPlayerWrapper.java:512)
06-23 14:55:04.625  2303  2480 W Failed to fetch image at uri=https://resources.tidal.com/images/7d528991/2373/4418/b0d9/8ff740	at android.media.session.MediaController$MessageHandler.handleMessage(MediaController.java:1205)
06-23 14:55:04.625  2303  2480 W Failed to fetch image at uri=https://resources.tidal.com/images/7d528991/2373/4418/b0d9/8ff740	at android.os.Handler.dispatchMessage(Handler.java:107)
06-23 14:55:04.625  2303  2480 W Failed to fetch image at uri=https://resources.tidal.com/images/7d528991/2373/4418/b0d9/8ff740	at android.os.Looper.loopOnce(Looper.java:234)
06-23 14:55:04.625  2303  2480 W Failed to fetch image at uri=https://resources.tidal.com/images/7d528991/2373/4418/b0d9/8ff740	at android.os.Looper.loop(Looper.java:319)
06-23 14:55:04.625  2303  2480 W Failed to fetch image at uri=https://resources.tidal.com/images/7d528991/2373/4418/b0d9/8ff740	at android.os.HandlerThread.run(HandlerThread.java:85)
06-23 14:55:04.625  2303  2480 W AudioMediaPlayerWrapper: onMetadataChanged(): com.ibrastream.app tried to update with no new data
06-23 14:55:04.626  2303  2480 W Failed to fetch image at uri=https://resources.tidal.com/images/7d528991/2373/4418/b0d9/8ff740java.io.FileNotFoundException: No content provider: https://resources.tidal.com/images/7d528991/2373/4418/b0d9/8ff7409a51fe/640x640.jpg
06-23 14:55:04.626  2303  2480 W Failed to fetch image at uri=https://resources.tidal.com/images/7d528991/2373/4418/b0d9/8ff740	at android.content.ContentResolver.openTypedAssetFileDescriptor(ContentResolver.java:2029)
06-23 14:55:04.626  2303  2480 W Failed to fetch image at uri=https://resources.tidal.com/images/7d528991/2373/4418/b0d9/8ff740	at android.content.ContentResolver.openAssetFileDescriptor(ContentResolver.java:1858)
06-23 14:55:04.626  2303  2480 W Failed to fetch image at uri=https://resources.tidal.com/images/7d528991/2373/4418/b0d9/8ff740	at android.content.ContentResolver.openInputStream(ContentResolver.java:1528)
06-23 14:55:04.626  2303  2480 W Failed to fetch image at uri=https://resources.tidal.com/images/7d528991/2373/4418/b0d9/8ff740	at com.android.bluetooth.audio_util.Image.getImageFromUri(Image.java:200)
06-23 14:55:04.626  2303  2480 W Failed to fetch image at uri=https://resources.tidal.com/images/7d528991/2373/4418/b0d9/8ff740	at com.android.bluetooth.audio_util.Image.setImage(Image.java:164)
06-23 14:55:04.626  2303  2480 W Failed to fetch image at uri=https://resources.tidal.com/images/7d528991/2373/4418/b0d9/8ff740	at com.android.bluetooth.audio_util.Image.<init>(Image.java:139)
06-23 14:55:04.626  2303  2480 W Failed to fetch image at uri=https://resources.tidal.com/images/7d528991/2373/4418/b0d9/8ff740	at com.android.bluetooth.audio_util.Metadata$Builder.fromMediaDescription(Metadata.java:261)
06-23 14:55:04.626  2303  2480 W Failed to fetch image at uri=https://resources.tidal.com/images/7d528991/2373/4418/b0d9/8ff740	at com.android.bluetooth.audio_util.Metadata$Builder.fromMediaMetadata(Metadata.java:182)
06-23 14:55:04.626  2303  2480 W Failed to fetch image at uri=https://resources.tidal.com/images/7d528991/2373/4418/b0d9/8ff740	at com.android.bluetooth.audio_util.Util.toMetadata(Util.java:108)
06-23 14:55:04.626  2303  2480 W Failed to fetch image at uri=https://resources.tidal.com/images/7d528991/2373/4418/b0d9/8ff740	at com.android.bluetooth.audio_util.MediaPlayerWrapper.isMetadataSynced(MediaPlayerWrapper.java:300)
06-23 14:55:04.626  2303  2480 W Failed to fetch image at uri=https://resources.tidal.com/images/7d528991/2373/4418/b0d9/8ff740	at com.android.bluetooth.audio_util.MediaPlayerWrapper$MediaControllerListener.trySendMediaUpdate(MediaPlayerWrapper.java:470)
06-23 14:55:04.626  2303  2480 W Failed to fetch image at uri=https://resources.tidal.com/images/7d528991/2373/4418/b0d9/8ff740	at com.android.bluetooth.audio_util.MediaPlayerWrapper$MediaControllerListener.onMetadataChanged(MediaPlayerWrapper.java:522)
06-23 14:55:04.626  2303  2480 W Failed to fetch image at uri=https://resources.tidal.com/images/7d528991/2373/4418/b0d9/8ff740	at android.media.session.MediaController$MessageHandler.handleMessage(MediaController.java:1205)
06-23 14:55:04.626  2303  2480 W Failed to fetch image at uri=https://resources.tidal.com/images/7d528991/2373/4418/b0d9/8ff740	at android.os.Handler.dispatchMessage(Handler.java:107)
06-23 14:55:04.626  2303  2480 W Failed to fetch image at uri=https://resources.tidal.com/images/7d528991/2373/4418/b0d9/8ff740	at android.os.Looper.loopOnce(Looper.java:234)
06-23 14:55:04.626  2303  2480 W Failed to fetch image at uri=https://resources.tidal.com/images/7d528991/2373/4418/b0d9/8ff740	at android.os.Looper.loop(Looper.java:319)
06-23 14:55:04.626  2303  2480 W Failed to fetch image at uri=https://resources.tidal.com/images/7d528991/2373/4418/b0d9/8ff740	at android.os.HandlerThread.run(HandlerThread.java:85)
06-23 14:55:04.626  2303  2480 W Failed to fetch image at uri=https://resources.tidal.com/images/7d528991/2373/4418/b0d9/8ff740java.io.FileNotFoundException: No content provider: https://resources.tidal.com/images/7d528991/2373/4418/b0d9/8ff7409a51fe/640x640.jpg
06-23 14:55:04.626  2303  2480 W Failed to fetch image at uri=https://resources.tidal.com/images/7d528991/2373/4418/b0d9/8ff740	at android.content.ContentResolver.openTypedAssetFileDescriptor(ContentResolver.java:2029)
06-23 14:55:04.626  2303  2480 W Failed to fetch image at uri=https://resources.tidal.com/images/7d528991/2373/4418/b0d9/8ff740	at android.content.ContentResolver.openAssetFileDescriptor(ContentResolver.java:1858)
06-23 14:55:04.626  2303  2480 W Failed to fetch image at uri=https://resources.tidal.com/images/7d528991/2373/4418/b0d9/8ff740	at android.content.ContentResolver.openInputStream(ContentResolver.java:1528)
06-23 14:55:04.626  2303  2480 W Failed to fetch image at uri=https://resources.tidal.com/images/7d528991/2373/4418/b0d9/8ff740	at com.android.bluetooth.audio_util.Image.getImageFromUri(Image.java:200)
06-23 14:55:04.626  2303  2480 W Failed to fetch image at uri=https://resources.tidal.com/images/7d528991/2373/4418/b0d9/8ff740	at com.android.bluetooth.audio_util.Image.setImage(Image.java:164)
