06-23 14:55:08.604 16442 16442 E chromium: [ERROR:components/page_load_metrics/browser/page_load_metrics_update_dispatcher.cc:179] Invalid first_paint 3276.22 s for first_image_paint 3275.28 s
06-23 14:55:08.673 16442 16447 I .ibrastream.app: Background young concurrent mark compact GC freed 6613KB AllocSpace bytes, 37(1216KB) LOS objects, 30% free, 17MB/24MB, paused 1.162ms,9.913ms total 50.494ms
06-23 14:55:08.684 16442 16442 I Capacitor/Console: File: https://localhost/assets/index-DifW-20a.js - Line 50 - Msg: Searching video ID for "Dave Trojan Horse" via Piped API: https://api.piped.private.coffee...
06-23 14:55:08.688 16442 16442 I Capacitor/Console: File: https://localhost/assets/index-DifW-20a.js - Line 50 - Msg: Searching video ID for "Dave Trojan Horse" via Piped API: https://api.piped.private.coffee...
06-23 14:55:08.699 16442  9809 I CapacitorCookies: Getting cookies at: 'https://api.piped.private.coffee/search?q=Dave%20Trojan%20Horse&filter=music_songs'
06-23 14:55:08.700 16442 10039 I CapacitorCookies: Getting cookies at: 'https://api.piped.private.coffee/search?q=Dave%20Trojan%20Horse&filter=music_songs'
06-23 14:55:08.702  1098 11388 I resolv  : GetAddrInfoHandler::run: {135 135 135 983175 10320 0}
06-23 14:55:08.702  1098 11389 I resolv  : GetAddrInfoHandler::run: {135 135 135 983175 10320 0}
06-23 14:55:08.703  1098 11390 I resolv  : res_nmkquery: (QUERY, IN, A)
06-23 14:55:08.703  1098 11391 I resolv  : res_nmkquery: (QUERY, IN, A)
06-23 14:55:08.703  1098 11391 I resolv  : resolv_cache_lookup: FOUND IN CACHE entry=0xb400006da3adae90
06-23 14:55:08.703  1098 11391 I resolv  : doQuery: rcode=0, ancount=2, return value=89
06-23 14:55:08.703  1098 11390 I resolv  : resolv_cache_lookup: FOUND IN CACHE entry=0xb400006da3adae90
06-23 14:55:08.703  1098 11390 I resolv  : doQuery: rcode=0, ancount=2, return value=89
06-23 14:55:08.865  1135  1212 I mtkpower@impl: [powerd_req] TIMER_MSG_PERF_LOCK_TIMEOUT hdl:60740
06-23 14:55:08.865  1135  1212 I libPowerHal: [perfLockRel] hdl:60740, idx:3
06-23 14:55:08.865  1135  1212 I libPowerHal: [PD] MTKPOWER_HINT_EXT_LAUNCH update cmd:2024000 param:5, pr:6
06-23 14:55:08.866  1135  1212 I libPowerHal: [PD] MTKPOWER_HINT_EXT_LAUNCH update cmd:1408300 param:0, pr:6
06-23 14:55:08.867  1135  1212 I libPowerHal: [PD] MTKPOWER_HINT_EXT_LAUNCH update cmd:1000000 param:-1 pr:6
06-23 14:55:08.868  1135  1212 I libPowerHal: [perfLockRel] Done for hdl : 60740
06-23 14:55:08.938  2071  2076 I WifiHAL : feature_set=0x8488341a
06-23 14:55:09.003 16442 16442 I Capacitor/Console: File: https://localhost/assets/index-DifW-20a.js - Line 50 - Msg: Resolved videoId via Piped API https://api.piped.private.coffee: Trojan Horse (OdQbKwW8-3E)
06-23 14:55:09.003 16442 16442 I Capacitor/Console: File: https://localhost/assets/index-DifW-20a.js - Line 73 - Msg: Trying primary deciphering via youtubei.js (Innertube) for Android...
06-23 14:55:09.004 16442 16442 I Capacitor/Console: File: https://localhost/assets/index-DifW-20a.js - Line 50 - Msg: Resolving direct YouTube stream URL via Innertube...
06-23 14:55:09.022 16442  9809 I CapacitorCookies: Getting cookies at: 'https://www.youtube.com/youtubei/v1/player?prettyPrint=false&alt=json'
06-23 14:55:09.025 16442 10927 I CapacitorCookies: Getting cookies at: 'https://www.youtube.com/youtubei/v1/next?prettyPrint=false&alt=json'
06-23 14:55:09.049 16442 16442 I Capacitor/Console: File: https://localhost/assets/index-DifW-20a.js - Line 50 - Msg: [Downloader] Cobalt stream validated successfully.
06-23 14:55:09.050 16442 16442 I Capacitor/Console: File: https://localhost/assets/index-DifW-20a.js - Line 73 - Msg: Successfully got stream URL via youtubei.js on Android, validating accessibility natively...
06-23 14:55:09.050 16442 16442 I Capacitor/Console: File: https://localhost/assets/index-DifW-20a.js - Line 73 - Msg: Stream URL validated successfully
06-23 14:55:09.064 16442 16442 E chromium: [ERROR:components/page_load_metrics/browser/page_load_metrics_update_dispatcher.cc:179] Invalid first_paint 3276.22 s for first_image_paint 3275.28 s
06-23 14:55:09.129 16442 16442 I Capacitor/Console: File: https://localhost/assets/index-DifW-20a.js - Line 50 - Msg: Resolved videoId via Piped API https://api.piped.private.coffee: Trojan Horse (OdQbKwW8-3E)
06-23 14:55:09.130 16442 16442 I Capacitor/Console: File: https://localhost/assets/index-DifW-20a.js - Line 73 - Msg: Trying primary deciphering via youtubei.js (Innertube) for Android...
06-23 14:55:09.130 16442 16442 I Capacitor/Console: File: https://localhost/assets/index-DifW-20a.js - Line 50 - Msg: Resolving direct YouTube stream URL via Innertube...
06-23 14:55:09.149 16442 10039 I CapacitorCookies: Getting cookies at: 'https://www.youtube.com/youtubei/v1/player?prettyPrint=false&alt=json'
06-23 14:55:09.151 16442 10064 I CapacitorCookies: Getting cookies at: 'https://www.youtube.com/youtubei/v1/next?prettyPrint=false&alt=json'
06-23 14:55:09.228 16442 16442 W Capacitor/Console: File: https://localhost/assets/index-DifW-20a.js - Line 50 - Msg: Direct Innertube resolution failed: Error: Request to https://www.youtube.com/youtubei/v1/player?prettyPrint=false&alt=json failed with status code 404
06-23 14:55:09.228 16442 16442 I Capacitor/Console: File: https://localhost/assets/index-DifW-20a.js - Line 50 - Msg: [Downloader] Attempting stream resolution via Cobalt: https://api.qwkuns.me/...
06-23 14:55:09.233 16442  9809 I CapacitorCookies: Getting cookies at: 'https://api.qwkuns.me/'
06-23 14:55:09.514 16442 16442 I Capacitor/Console: File: https://localhost/assets/index-DifW-20a.js - Line 50 - Msg: [Downloader] Attempting stream resolution via Cobalt: https://rue-cobalt.xenon.zone/...
06-23 14:55:09.520 16442 16442 W Capacitor/Console: File: https://localhost/assets/index-DifW-20a.js - Line 50 - Msg: Direct Innertube resolution failed: Error: Request to https://www.youtube.com/youtubei/v1/player?prettyPrint=false&alt=json failed with status code 404
06-23 14:55:09.520 16442 16442 I Capacitor/Console: File: https://localhost/assets/index-DifW-20a.js - Line 50 - Msg: [Downloader] Attempting stream resolution via Cobalt: https://api.qwkuns.me/...
06-23 14:55:09.529 16442 16442 I Capacitor/Console: File:  - Line 333 - Msg: undefined
06-23 14:55:09.529 16442  9809 I CapacitorCookies: Getting cookies at: 'https://rue-cobalt.xenon.zone/'
06-23 14:55:09.531 16442 10039 I CapacitorCookies: Getting cookies at: 'https://api.qwkuns.me/'
06-23 14:55:09.603 16442 16442 I Capacitor/Console: File: https://localhost/assets/index-DifW-20a.js - Line 50 - Msg: [Downloader] Attempting stream resolution via Cobalt: https://rue-cobalt.xenon.zone/...
06-23 14:55:09.611 16442 16442 E chromium: [ERROR:components/page_load_metrics/browser/page_load_metrics_update_dispatcher.cc:179] Invalid first_paint 3276.22 s for first_image_paint 3275.28 s
06-23 14:55:09.612 16442 10039 I CapacitorCookies: Getting cookies at: 'https://rue-cobalt.xenon.zone/'
06-23 14:55:09.952 16442 16442 I Capacitor/Console: File: https://localhost/assets/index-DifW-20a.js - Line 50 - Msg: [Downloader] Cobalt resolved stream: https://rue-cobalt.xenon.zone/tunnel?id=YVuaNfSCN2fyCJQ1TuNHa&exp=1782219399915&sig=FUqzzGvk873l2VN2auVhDYvP-K9dBwy6pro1wUitqM0&sec=FnxiB1dmsrvVc8PXYoVWSpKELW2of6bBgpDZxf_f7v0&iv=msef321hib2UltwNq6VZqg. Validating accessibility...
06-23 14:55:09.959 16442  9809 I CapacitorCookies: Getting cookies at: 'https://rue-cobalt.xenon.zone/tunnel?id=YVuaNfSCN2fyCJQ1TuNHa&exp=1782219399915&sig=FUqzzGvk873l2VN2auVhDYvP-K9dBwy6pro1wUitqM0&sec=FnxiB1dmsrvVc8PXYoVWSpKELW2of6bBgpDZxf_f7v0&iv=msef321hib2UltwNq6VZqg'
06-23 14:55:10.126 16442 16442 I Capacitor/Console: File: https://localhost/assets/index-DifW-20a.js - Line 50 - Msg: [Downloader] Cobalt resolved stream: https://rue-cobalt.xenon.zone/tunnel?id=c2KH4pGsGZOI8ROWO8-52&exp=1782219400087&sig=XoRWhH_FkSljTcDgcvBDNxl_BWQ1j037a4W8rKSG6Cc&sec=4BvYu3_NpemDjgCstuEk2NabQBUKE85pzfxRvqK5aD0&iv=M8Sr0l9SumV3beN-ObiJ5w. Validating accessibility...
06-23 14:55:10.134 16442 10039 I CapacitorCookies: Getting cookies at: 'https://rue-cobalt.xenon.zone/tunnel?id=c2KH4pGsGZOI8ROWO8-52&exp=1782219400087&sig=XoRWhH_FkSljTcDgcvBDNxl_BWQ1j037a4W8rKSG6Cc&sec=4BvYu3_NpemDjgCstuEk2NabQBUKE85pzfxRvqK5aD0&iv=M8Sr0l9SumV3beN-ObiJ5w'
06-23 14:55:10.419  1799  1799 W libc    : Access denied finding property "vendor.mbrain.battery"
06-23 14:55:10.428  1799  1821 I DisplayDeviceRepository: Display device changed render timings: "Pantalla integrada", renderFrameRate=60.0, presentationDeadlineNanos=28600000, appVsyncOffsetNanos=2400001
06-23 14:55:10.436  1164  1164 I BufferQueueProducer: [StatusBar#94](this:0xb400006fd5916be0,id:-1,api:0,p:-1,c:1164) queueBuffer: fps=0.29 dur=10500.22 max=9743.31 min=100.68
06-23 14:55:10.437  1112  1127 I hwcomposer: [HWCDisplay] (0 updateFps():3644), (type:1, mode:2) fps:0.470839,dur:4247.74,max:4237.50,min:10.24  
06-23 14:55:10.911 16442 16442 I Capacitor/Console: File: https://localhost/assets/index-DifW-20a.js - Line 50 - Msg: [Downloader] Cobalt stream validated successfully.
06-23 14:55:10.912 16442 16442 I Capacitor/Console: File: https://localhost/assets/index-DifW-20a.js - Line 73 - Msg: Successfully got stream URL via youtubei.js on Android, validating accessibility natively...
06-23 14:55:10.912 16442 16442 I Capacitor/Console: File: https://localhost/assets/index-DifW-20a.js - Line 73 - Msg: Stream URL validated successfully
06-23 14:55:10.913 16442 16442 I Capacitor/Console: File: https://localhost/assets/index-DifW-20a.js - Line 73 - Msg: [Pre-Resolve] Pre-resolved track: Trojan Horse
06-23 14:55:10.917 16442 16442 E IbraStreamMedia: Native: added next media item. mediaId=460209105, count=2
06-23 14:55:10.933 16442 16442 I Capacitor/Console: File:  - Line 333 - Msg: undefined
06-23 14:55:10.938 16442 16442 I Capacitor/Console: File: https://localhost/assets/index-DifW-20a.js - Line 50 - Msg: [Downloader] Cobalt stream validated successfully.
06-23 14:55:10.938 16442 16442 I Capacitor/Console: File: https://localhost/assets/index-DifW-20a.js - Line 73 - Msg: Successfully got stream URL via youtubei.js on Android, validating accessibility natively...
06-23 14:55:10.939 16442 16442 I Capacitor/Console: File: https://localhost/assets/index-DifW-20a.js - Line 73 - Msg: Stream URL validated successfully
06-23 14:55:10.951 16442 16442 E IbraStreamMedia: CustomPlayerWrapper: setMockDuration=249000
06-23 14:55:10.951 16442 16442 E IbraStreamMedia: CustomPlayerWrapper: setMockPosition=0
06-23 14:55:10.953 16442 16442 E IbraStreamMedia: onMediaItemTransition: reason=3, item=460209105
06-23 14:55:10.953 16442 16442 E IbraStreamMedia: CustomPlayerWrapper: setMockPosition=0
06-23 14:55:10.955 16442 10039 I CapacitorCookies: Getting cookies at: 'https://www.youtube.com/youtubei/v1/player?prettyPrint=false&alt=json'
06-23 14:55:10.957  2303  2480 I bluetooth: avrcp_service.cc:646 SendMediaUpdate: track_changed=false :  play_state=false :  queue=true
06-23 14:55:10.958 16442 16442 I Capacitor/Console: File: https://localhost/assets/index-DifW-20a.js - Line 73 - Msg: Native listener: onMediaItemTransition: 460209105
06-23 14:55:10.958  2303  2480 W AudioMediaPlayerWrapper: onPlaybackStateChanged(): com.ibrastream.app tried to update with no new data
06-23 14:55:10.967 16442 16694 I CapacitorCookies: Getting cookies at: 'https://resources.tidal.com/images/0cacc611/0fb0/4643/8da3/7931ca8ee224/640x640.jpg'
06-23 14:55:10.971  1098 11402 I resolv  : GetAddrInfoHandler::run: {135 135 135 983175 10320 0}
06-23 14:55:10.972  1098 11403 I resolv  : res_nmkquery: (QUERY, IN, A)
06-23 14:55:10.972  1098 11403 I resolv  : resolv_cache_lookup: FOUND IN CACHE entry=0xb400006e13afc2d0
06-23 14:55:10.972  1098 11403 I resolv  : doQuery: rcode=0, ancount=1, return value=53
06-23 14:55:10.974  2303  2480 W Failed to fetch image at uri=https://resources.tidal.com/images/0cacc611/0fb0/4643/8da3/7931cajava.io.FileNotFoundException: No content provider: https://resources.tidal.com/images/0cacc611/0fb0/4643/8da3/7931ca8ee224/640x640.jpg
06-23 14:55:10.974  2303  2480 W Failed to fetch image at uri=https://resources.tidal.com/images/0cacc611/0fb0/4643/8da3/7931ca	at android.content.ContentResolver.openTypedAssetFileDescriptor(ContentResolver.java:2029)
06-23 14:55:10.974  2303  2480 W Failed to fetch image at uri=https://resources.tidal.com/images/0cacc611/0fb0/4643/8da3/7931ca	at android.content.ContentResolver.openAssetFileDescriptor(ContentResolver.java:1858)
06-23 14:55:10.974  2303  2480 W Failed to fetch image at uri=https://resources.tidal.com/images/0cacc611/0fb0/4643/8da3/7931ca	at android.content.ContentResolver.openInputStream(ContentResolver.java:1528)
06-23 14:55:10.974  2303  2480 W Failed to fetch image at uri=https://resources.tidal.com/images/0cacc611/0fb0/4643/8da3/7931ca	at com.android.bluetooth.audio_util.Image.getImageFromUri(Image.java:200)
06-23 14:55:10.974  2303  2480 W Failed to fetch image at uri=https://resources.tidal.com/images/0cacc611/0fb0/4643/8da3/7931ca	at com.android.bluetooth.audio_util.Image.setImage(Image.java:164)
06-23 14:55:10.974  2303  2480 W Failed to fetch image at uri=https://resources.tidal.com/images/0cacc611/0fb0/4643/8da3/7931ca	at com.android.bluetooth.audio_util.Image.<init>(Image.java:139)
06-23 14:55:10.974  2303  2480 W Failed to fetch image at uri=https://resources.tidal.com/images/0cacc611/0fb0/4643/8da3/7931ca	at com.android.bluetooth.audio_util.Metadata$Builder.fromMediaDescription(Metadata.java:261)
06-23 14:55:10.974  2303  2480 W Failed to fetch image at uri=https://resources.tidal.com/images/0cacc611/0fb0/4643/8da3/7931ca	at com.android.bluetooth.audio_util.Metadata$Builder.fromMediaMetadata(Metadata.java:182)
06-23 14:55:10.974  2303  2480 W Failed to fetch image at uri=https://resources.tidal.com/images/0cacc611/0fb0/4643/8da3/7931ca	at com.android.bluetooth.audio_util.Util.toMetadata(Util.java:108)
06-23 14:55:10.974  2303  2480 W Failed to fetch image at uri=https://resources.tidal.com/images/0cacc611/0fb0/4643/8da3/7931ca	at com.android.bluetooth.audio_util.MediaPlayerWrapper.isMetadataSynced(MediaPlayerWrapper.java:300)
06-23 14:55:10.974  2303  2480 W Failed to fetch image at uri=https://resources.tidal.com/images/0cacc611/0fb0/4643/8da3/7931ca	at com.android.bluetooth.audio_util.MediaPlayerWrapper$MediaControllerListener.trySendMediaUpdate(MediaPlayerWrapper.java:470)
06-23 14:55:10.974  2303  2480 W Failed to fetch image at uri=https://resources.tidal.com/images/0cacc611/0fb0/4643/8da3/7931ca	at com.android.bluetooth.audio_util.MediaPlayerWrapper$MediaControllerListener.onQueueChanged(MediaPlayerWrapper.java:583)
06-23 14:55:10.974  2303  2480 W Failed to fetch image at uri=https://resources.tidal.com/images/0cacc611/0fb0/4643/8da3/7931ca	at android.media.session.MediaController$MessageHandler.handleMessage(MediaController.java:1208)
06-23 14:55:10.974  2303  2480 W Failed to fetch image at uri=https://resources.tidal.com/images/0cacc611/0fb0/4643/8da3/7931ca	at android.os.Handler.dispatchMessage(Handler.java:107)
06-23 14:55:10.974  2303  2480 W Failed to fetch image at uri=https://resources.tidal.com/images/0cacc611/0fb0/4643/8da3/7931ca	at android.os.Looper.loopOnce(Looper.java:234)
06-23 14:55:10.974  2303  2480 W Failed to fetch image at uri=https://resources.tidal.com/images/0cacc611/0fb0/4643/8da3/7931ca	at android.os.Looper.loop(Looper.java:319)
06-23 14:55:10.974  2303  2480 W Failed to fetch image at uri=https://resources.tidal.com/images/0cacc611/0fb0/4643/8da3/7931ca	at android.os.HandlerThread.run(HandlerThread.java:85)
06-23 14:55:10.974  2303  2480 W Failed to fetch image at uri=https://resources.tidal.com/images/0cacc611/0fb0/4643/8da3/7931cajava.io.FileNotFoundException: No content provider: https://resources.tidal.com/images/0cacc611/0fb0/4643/8da3/7931ca8ee224/640x640.jpg
06-23 14:55:10.974  2303  2480 W Failed to fetch image at uri=https://resources.tidal.com/images/0cacc611/0fb0/4643/8da3/7931ca	at android.content.ContentResolver.openTypedAssetFileDescriptor(ContentResolver.java:2029)
06-23 14:55:10.974  2303  2480 W Failed to fetch image at uri=https://resources.tidal.com/images/0cacc611/0fb0/4643/8da3/7931ca	at android.content.ContentResolver.openAssetFileDescriptor(ContentResolver.java:1858)
06-23 14:55:10.974  2303  2480 W Failed to fetch image at uri=https://resources.tidal.com/images/0cacc611/0fb0/4643/8da3/7931ca	at android.content.ContentResolver.openInputStream(ContentResolver.java:1528)
06-23 14:55:10.974  2303  2480 W Failed to fetch image at uri=https://resources.tidal.com/images/0cacc611/0fb0/4643/8da3/7931ca	at com.android.bluetooth.audio_util.Image.getImageFromUri(Image.java:200)
06-23 14:55:10.974  2303  2480 W Failed to fetch image at uri=https://resources.tidal.com/images/0cacc611/0fb0/4643/8da3/7931ca	at com.android.bluetooth.audio_util.Image.setImage(Image.java:164)
06-23 14:55:10.974  2303  2480 W Failed to fetch image at uri=https://resources.tidal.com/images/0cacc611/0fb0/4643/8da3/7931ca	at com.android.bluetooth.audio_util.Image.setImage(Image.java:156)
06-23 14:55:10.974  2303  2480 W Failed to fetch image at uri=https://resources.tidal.com/images/0cacc611/0fb0/4643/8da3/7931ca	at com.android.bluetooth.audio_util.Image.<init>(Image.java:78)
06-23 14:55:10.974  2303  2480 W Failed to fetch image at uri=https://resources.tidal.com/images/0cacc611/0fb0/4643/8da3/7931ca	at com.android.bluetooth.audio_util.Metadata$Builder.fromMediaMetadata(Metadata.java:232)
06-23 14:55:10.974  2303  2480 W Failed to fetch image at uri=https://resources.tidal.com/images/0cacc611/0fb0/4643/8da3/7931ca	at com.android.bluetooth.audio_util.Util.toMetadata(Util.java:108)
06-23 14:55:10.974  2303  2480 W Failed to fetch image at uri=https://resources.tidal.com/images/0cacc611/0fb0/4643/8da3/7931ca	at com.android.bluetooth.audio_util.MediaPlayerWrapper.isMetadataSynced(MediaPlayerWrapper.java:300)
06-23 14:55:10.974  2303  2480 W Failed to fetch image at uri=https://resources.tidal.com/images/0cacc611/0fb0/4643/8da3/7931ca	at com.android.bluetooth.audio_util.MediaPlayerWrapper$MediaControllerListener.trySendMediaUpdate(MediaPlayerWrapper.java:470)
06-23 14:55:10.974  2303  2480 W Failed to fetch image at uri=https://resources.tidal.com/images/0cacc611/0fb0/4643/8da3/7931ca	at com.android.bluetooth.audio_util.MediaPlayerWrapper$MediaControllerListener.onQueueChanged(MediaPlayerWrapper.java:583)
06-23 14:55:10.974  2303  2480 W Failed to fetch image at uri=https://resources.tidal.com/images/0cacc611/0fb0/4643/8da3/7931ca	at android.media.session.MediaController$MessageHandler.handleMessage(MediaController.java:1208)
06-23 14:55:10.974  2303  2480 W Failed to fetch image at uri=https://resources.tidal.com/images/0cacc611/0fb0/4643/8da3/7931ca	at android.os.Handler.dispatchMessage(Handler.java:107)
06-23 14:55:10.974  2303  2480 W Failed to fetch image at uri=https://resources.tidal.com/images/0cacc611/0fb0/4643/8da3/7931ca	at android.os.Looper.loopOnce(Looper.java:234)
06-23 14:55:10.974  2303  2480 W Failed to fetch image at uri=https://resources.tidal.com/images/0cacc611/0fb0/4643/8da3/7931ca	at android.os.Looper.loop(Looper.java:319)
06-23 14:55:10.974  2303  2480 W Failed to fetch image at uri=https://resources.tidal.com/images/0cacc611/0fb0/4643/8da3/7931ca	at android.os.HandlerThread.run(HandlerThread.java:85)
06-23 14:55:10.975  2303  2480 W Failed to fetch image at uri=https://resources.tidal.com/images/0cacc611/0fb0/4643/8da3/7931cajava.io.FileNotFoundException: No content provider: https://resources.tidal.com/images/0cacc611/0fb0/4643/8da3/7931ca8ee224/640x640.jpg
06-23 14:55:10.975  2303  2480 W Failed to fetch image at uri=https://resources.tidal.com/images/0cacc611/0fb0/4643/8da3/7931ca	at android.content.ContentResolver.openTypedAssetFileDescriptor(ContentResolver.java:2029)
06-23 14:55:10.975  2303  2480 W Failed to fetch image at uri=https://resources.tidal.com/images/0cacc611/0fb0/4643/8da3/7931ca	at android.content.ContentResolver.openAssetFileDescriptor(ContentResolver.java:1858)
06-23 14:55:10.975  2303  2480 W Failed to fetch image at uri=https://resources.tidal.com/images/0cacc611/0fb0/4643/8da3/7931ca	at android.content.ContentResolver.openInputStream(ContentResolver.java:1528)
06-23 14:55:10.975  2303  2480 W Failed to fetch image at uri=https://resources.tidal.com/images/0cacc611/0fb0/4643/8da3/7931ca	at com.android.bluetooth.audio_util.Image.getImageFromUri(Image.java:200)
06-23 14:55:10.975  2303  2480 W Failed to fetch image at uri=https://resources.tidal.com/images/0cacc611/0fb0/4643/8da3/7931ca	at com.android.bluetooth.audio_util.Image.setImage(Image.java:164)
06-23 14:55:10.975  2303  2480 W Failed to fetch image at uri=https://resources.tidal.com/images/0cacc611/0fb0/4643/8da3/7931ca	at com.android.bluetooth.audio_util.Image.<init>(Image.java:139)
06-23 14:55:10.975  2303  2480 W Failed to fetch image at uri=https://resources.tidal.com/images/0cacc611/0fb0/4643/8da3/7931ca	at com.android.bluetooth.audio_util.Metadata$Builder.fromMediaDescription(Metadata.java:261)
06-23 14:55:10.975  2303  2480 W Failed to fetch image at uri=https://resources.tidal.com/images/0cacc611/0fb0/4643/8da3/7931ca	at com.android.bluetooth.audio_util.Metadata$Builder.fromMediaMetadata(Metadata.java:182)
06-23 14:55:10.975  2303  2480 W Failed to fetch image at uri=https://resources.tidal.com/images/0cacc611/0fb0/4643/8da3/7931ca	at com.android.bluetooth.audio_util.Util.toMetadata(Util.java:108)
06-23 14:55:10.975  2303  2480 W Failed to fetch image at uri=https://resources.tidal.com/images/0cacc611/0fb0/4643/8da3/7931ca	at com.android.bluetooth.audio_util.MediaPlayerWrapper.sendMediaUpdate(MediaPlayerWrapper.java:384)
06-23 14:55:10.975  2303  2480 W Failed to fetch image at uri=https://resources.tidal.com/images/0cacc611/0fb0/4643/8da3/7931ca	at com.android.bluetooth.audio_util.MediaPlayerWrapper.-$$Nest$msendMediaUpdate(MediaPlayerWrapper.java:0)
06-23 14:55:10.975  2303  2480 W Failed to fetch image at uri=https://resources.tidal.com/images/0cacc611/0fb0/4643/8da3/7931ca	at com.android.bluetooth.audio_util.MediaPlayerWrapper$MediaControllerListener.trySendMediaUpdate(MediaPlayerWrapper.java:478)
06-23 14:55:10.975  2303  2480 W Failed to fetch image at uri=https://resources.tidal.com/images/0cacc611/0fb0/4643/8da3/7931ca	at com.android.bluetooth.audio_util.MediaPlayerWrapper$MediaControllerListener.onQueueChanged(MediaPlayerWrapper.java:583)
06-23 14:55:10.975  2303  2480 W Failed to fetch image at uri=https://resources.tidal.com/images/0cacc611/0fb0/4643/8da3/7931ca	at android.media.session.MediaController$MessageHandler.handleMessage(MediaController.java:1208)
06-23 14:55:10.975  2303  2480 W Failed to fetch image at uri=https://resources.tidal.com/images/0cacc611/0fb0/4643/8da3/7931ca	at android.os.Handler.dispatchMessage(Handler.java:107)
06-23 14:55:10.975  2303  2480 W Failed to fetch image at uri=https://resources.tidal.com/images/0cacc611/0fb0/4643/8da3/7931ca	at android.os.Looper.loopOnce(Looper.java:234)
06-23 14:55:10.975  2303  2480 W Failed to fetch image at uri=https://resources.tidal.com/images/0cacc611/0fb0/4643/8da3/7931ca	at android.os.Looper.loop(Looper.java:319)
06-23 14:55:10.975  2303  2480 W Failed to fetch image at uri=https://resources.tidal.com/images/0cacc611/0fb0/4643/8da3/7931ca	at android.os.HandlerThread.run(HandlerThread.java:85)
06-23 14:55:10.975  2303  2480 W Failed to fetch image at uri=https://resources.tidal.com/images/0cacc611/0fb0/4643/8da3/7931cajava.io.FileNotFoundException: No content provider: https://resources.tidal.com/images/0cacc611/0fb0/4643/8da3/7931ca8ee224/640x640.jpg
06-23 14:55:10.975  2303  2480 W Failed to fetch image at uri=https://resources.tidal.com/images/0cacc611/0fb0/4643/8da3/7931ca	at android.content.ContentResolver.openTypedAssetFileDescriptor(ContentResolver.java:2029)
06-23 14:55:10.975  2303  2480 W Failed to fetch image at uri=https://resources.tidal.com/images/0cacc611/0fb0/4643/8da3/7931ca	at android.content.ContentResolver.openAssetFileDescriptor(ContentResolver.java:1858)
06-23 14:55:10.975  2303  2480 W Failed to fetch image at uri=https://resources.tidal.com/images/0cacc611/0fb0/4643/8da3/7931ca	at android.content.ContentResolver.openInputStream(ContentResolver.java:1528)
06-23 14:55:10.975  2303  2480 W Failed to fetch image at uri=https://resources.tidal.com/images/0cacc611/0fb0/4643/8da3/7931ca	at com.android.bluetooth.audio_util.Image.getImageFromUri(Image.java:200)
06-23 14:55:10.975  2303  2480 W Failed to fetch image at uri=https://resources.tidal.com/images/0cacc611/0fb0/4643/8da3/7931ca	at com.android.bluetooth.audio_util.Image.setImage(Image.java:164)
06-23 14:55:10.975  2303  2480 W Failed to fetch image at uri=https://resources.tidal.com/images/0cacc611/0fb0/4643/8da3/7931ca	at com.android.bluetooth.audio_util.Image.setImage(Image.java:156)
06-23 14:55:10.975  2303  2480 W Failed to fetch image at uri=https://resources.tidal.com/images/0cacc611/0fb0/4643/8da3/7931ca	at com.android.bluetooth.audio_util.Image.<init>(Image.java:78)
06-23 14:55:10.975  2303  2480 W Failed to fetch image at uri=https://resources.tidal.com/images/0cacc611/0fb0/4643/8da3/7931ca	at com.android.bluetooth.audio_util.Metadata$Builder.fromMediaMetadata(Metadata.java:232)
06-23 14:55:10.975  2303  2480 W Failed to fetch image at uri=https://resources.tidal.com/images/0cacc611/0fb0/4643/8da3/7931ca	at com.android.bluetooth.audio_util.Util.toMetadata(Util.java:108)
06-23 14:55:10.975  2303  2480 W Failed to fetch image at uri=https://resources.tidal.com/images/0cacc611/0fb0/4643/8da3/7931ca	at com.android.bluetooth.audio_util.MediaPlayerWrapper.sendMediaUpdate(MediaPlayerWrapper.java:384)
06-23 14:55:10.975  2303  2480 W Failed to fetch image at uri=https://resources.tidal.com/images/0cacc611/0fb0/4643/8da3/7931ca	at com.android.bluetooth.audio_util.MediaPlayerWrapper.-$$Nest$msendMediaUpdate(MediaPlayerWrapper.java:0)
06-23 14:55:10.975  2303  2480 W Failed to fetch image at uri=https://resources.tidal.com/images/0cacc611/0fb0/4643/8da3/7931ca	at com.android.bluetooth.audio_util.MediaPlayerWrapper$MediaControllerListener.trySendMediaUpdate(MediaPlayerWrapper.java:478)
06-23 14:55:10.975  2303  2480 W Failed to fetch image at uri=https://resources.tidal.com/images/0cacc611/0fb0/4643/8da3/7931ca	at com.android.bluetooth.audio_util.MediaPlayerWrapper$MediaControllerListener.onQueueChanged(MediaPlayerWrapper.java:583)
06-23 14:55:10.975  2303  2480 W Failed to fetch image at uri=https://resources.tidal.com/images/0cacc611/0fb0/4643/8da3/7931ca	at android.media.session.MediaController$MessageHandler.handleMessage(MediaController.java:1208)
06-23 14:55:10.975  2303  2480 W Failed to fetch image at uri=https://resources.tidal.com/images/0cacc611/0fb0/4643/8da3/7931ca	at android.os.Handler.dispatchMessage(Handler.java:107)
06-23 14:55:10.975  2303  2480 W Failed to fetch image at uri=https://resources.tidal.com/images/0cacc611/0fb0/4643/8da3/7931ca	at android.os.Looper.loopOnce(Looper.java:234)
06-23 14:55:10.975  2303  2480 W Failed to fetch image at uri=https://resources.tidal.com/images/0cacc611/0fb0/4643/8da3/7931ca	at android.os.Looper.loop(Looper.java:319)
06-23 14:55:10.975  2303  2480 W Failed to fetch image at uri=https://resources.tidal.com/images/0cacc611/0fb0/4643/8da3/7931ca	at android.os.HandlerThread.run(HandlerThread.java:85)
06-23 14:55:10.976  2303  2480 I bluetooth: avrcp_service.cc:646 SendMediaUpdate: track_changed=true :  play_state=false :  queue=true
06-23 14:55:10.977  2303  2480 W Failed to fetch image at uri=https://resources.tidal.com/images/0cacc611/0fb0/4643/8da3/7931cajava.io.FileNotFoundException: No content provider: https://resources.tidal.com/images/0cacc611/0fb0/4643/8da3/7931ca8ee224/640x640.jpg
06-23 14:55:10.977  2303  2480 W Failed to fetch image at uri=https://resources.tidal.com/images/0cacc611/0fb0/4643/8da3/7931ca	at android.content.ContentResolver.openTypedAssetFileDescriptor(ContentResolver.java:2029)
06-23 14:55:10.977  2303  2480 W Failed to fetch image at uri=https://resources.tidal.com/images/0cacc611/0fb0/4643/8da3/7931ca	at android.content.ContentResolver.openAssetFileDescriptor(ContentResolver.java:1858)
06-23 14:55:10.977  2303  2480 W Failed to fetch image at uri=https://resources.tidal.com/images/0cacc611/0fb0/4643/8da3/7931ca	at android.content.ContentResolver.openInputStream(ContentResolver.java:1528)
06-23 14:55:10.977  2303  2480 W Failed to fetch image at uri=https://resources.tidal.com/images/0cacc611/0fb0/4643/8da3/7931ca	at com.android.bluetooth.audio_util.Image.getImageFromUri(Image.java:200)
06-23 14:55:10.977  2303  2480 W Failed to fetch image at uri=https://resources.tidal.com/images/0cacc611/0fb0/4643/8da3/7931ca	at com.android.bluetooth.audio_util.Image.setImage(Image.java:164)
06-23 14:55:10.977  2303  2480 W Failed to fetch image at uri=https://resources.tidal.com/images/0cacc611/0fb0/4643/8da3/7931ca	at com.android.bluetooth.audio_util.Image.<init>(Image.java:139)
06-23 14:55:10.977  2303  2480 W Failed to fetch image at uri=https://resources.tidal.com/images/0cacc611/0fb0/4643/8da3/7931ca	at com.android.bluetooth.audio_util.Metadata$Builder.fromMediaDescription(Metadata.java:261)
06-23 14:55:10.977  2303  2480 W Failed to fetch image at uri=https://resources.tidal.com/images/0cacc611/0fb0/4643/8da3/7931ca	at com.android.bluetooth.audio_util.Metadata$Builder.fromMediaMetadata(Metadata.java:182)
06-23 14:55:10.977  2303  2480 W Failed to fetch image at uri=https://resources.tidal.com/images/0cacc611/0fb0/4643/8da3/7931ca	at com.android.bluetooth.audio_util.Util.toMetadata(Util.java:108)
06-23 14:55:10.977  2303  2480 W Failed to fetch image at uri=https://resources.tidal.com/images/0cacc611/0fb0/4643/8da3/7931ca	at com.android.bluetooth.audio_util.MediaPlayerWrapper$MediaControllerListener.onMetadataChanged(MediaPlayerWrapper.java:493)
06-23 14:55:10.977  2303  2480 W Failed to fetch image at uri=https://resources.tidal.com/images/0cacc611/0fb0/4643/8da3/7931ca	at android.media.session.MediaController$MessageHandler.handleMessage(MediaController.java:1205)
06-23 14:55:10.977  2303  2480 W Failed to fetch image at uri=https://resources.tidal.com/images/0cacc611/0fb0/4643/8da3/7931ca	at android.os.Handler.dispatchMessage(Handler.java:107)
06-23 14:55:10.977  2303  2480 W Failed to fetch image at uri=https://resources.tidal.com/images/0cacc611/0fb0/4643/8da3/7931ca	at android.os.Looper.loopOnce(Looper.java:234)
06-23 14:55:10.977  2303  2480 W Failed to fetch image at uri=https://resources.tidal.com/images/0cacc611/0fb0/4643/8da3/7931ca	at android.os.Looper.loop(Looper.java:319)
06-23 14:55:10.977  2303  2480 W Failed to fetch image at uri=https://resources.tidal.com/images/0cacc611/0fb0/4643/8da3/7931ca	at android.os.HandlerThread.run(HandlerThread.java:85)
06-23 14:55:10.977  2303  2480 W Failed to fetch image at uri=https://resources.tidal.com/images/0cacc611/0fb0/4643/8da3/7931cajava.io.FileNotFoundException: No content provider: https://resources.tidal.com/images/0cacc611/0fb0/4643/8da3/7931ca8ee224/640x640.jpg
06-23 14:55:10.977  2303  2480 W Failed to fetch image at uri=https://resources.tidal.com/images/0cacc611/0fb0/4643/8da3/7931ca	at android.content.ContentResolver.openTypedAssetFileDescriptor(ContentResolver.java:2029)
06-23 14:55:10.977  2303  2480 W Failed to fetch image at uri=https://resources.tidal.com/images/0cacc611/0fb0/4643/8da3/7931ca	at android.content.ContentResolver.openAssetFileDescriptor(ContentResolver.java:1858)
06-23 14:55:10.977  2303  2480 W Failed to fetch image at uri=https://resources.tidal.com/images/0cacc611/0fb0/4643/8da3/7931ca	at android.content.ContentResolver.openInputStream(ContentResolver.java:1528)
06-23 14:55:10.977  2303  2480 W Failed to fetch image at uri=https://resources.tidal.com/images/0cacc611/0fb0/4643/8da3/7931ca	at com.android.bluetooth.audio_util.Image.getImageFromUri(Image.java:200)
06-23 14:55:10.977  2303  2480 W Failed to fetch image at uri=https://resources.tidal.com/images/0cacc611/0fb0/4643/8da3/7931ca	at com.android.bluetooth.audio_util.Image.setImage(Image.java:164)
06-23 14:55:10.977  2303  2480 W Failed to fetch image at uri=https://resources.tidal.com/images/0cacc611/0fb0/4643/8da3/7931ca	at com.android.bluetooth.audio_util.Image.setImage(Image.java:156)
06-23 14:55:10.977  2303  2480 W Failed to fetch image at uri=https://resources.tidal.com/images/0cacc611/0fb0/4643/8da3/7931ca	at com.android.bluetooth.audio_util.Image.<init>(Image.java:78)
06-23 14:55:10.977  2303  2480 W Failed to fetch image at uri=https://resources.tidal.com/images/0cacc611/0fb0/4643/8da3/7931ca	at com.android.bluetooth.audio_util.Metadata$Builder.fromMediaMetadata(Metadata.java:232)
06-23 14:55:10.977  2303  2480 W Failed to fetch image at uri=https://resources.tidal.com/images/0cacc611/0fb0/4643/8da3/7931ca	at com.android.bluetooth.audio_util.Util.toMetadata(Util.java:108)
06-23 14:55:10.977  2303  2480 W Failed to fetch image at uri=https://resources.tidal.com/images/0cacc611/0fb0/4643/8da3/7931ca	at com.android.bluetooth.audio_util.MediaPlayerWrapper$MediaControllerListener.onMetadataChanged(MediaPlayerWrapper.java:493)
06-23 14:55:10.977  2303  2480 W Failed to fetch image at uri=https://resources.tidal.com/images/0cacc611/0fb0/4643/8da3/7931ca	at android.media.session.MediaController$MessageHandler.handleMessage(MediaController.java:1205)
06-23 14:55:10.977  2303  2480 W Failed to fetch image at uri=https://resources.tidal.com/images/0cacc611/0fb0/4643/8da3/7931ca	at android.os.Handler.dispatchMessage(Handler.java:107)
06-23 14:55:10.977  2303  2480 W Failed to fetch image at uri=https://resources.tidal.com/images/0cacc611/0fb0/4643/8da3/7931ca	at android.os.Looper.loopOnce(Looper.java:234)
06-23 14:55:10.977  2303  2480 W Failed to fetch image at uri=https://resources.tidal.com/images/0cacc611/0fb0/4643/8da3/7931ca	at android.os.Looper.loop(Looper.java:319)
06-23 14:55:10.977  2303  2480 W Failed to fetch image at uri=https://resources.tidal.com/images/0cacc611/0fb0/4643/8da3/7931ca	at android.os.HandlerThread.run(HandlerThread.java:85)
06-23 14:55:10.978  2303  2480 W Failed to fetch image at uri=https://resources.tidal.com/images/0cacc611/0fb0/4643/8da3/7931cajava.io.FileNotFoundException: No content provider: https://resources.tidal.com/images/0cacc611/0fb0/4643/8da3/7931ca8ee224/640x640.jpg
06-23 14:55:10.978  2303  2480 W Failed to fetch image at uri=https://resources.tidal.com/images/0cacc611/0fb0/4643/8da3/7931ca	at android.content.ContentResolver.openTypedAssetFileDescriptor(ContentResolver.java:2029)
06-23 14:55:10.978  2303  2480 W Failed to fetch image at uri=https://resources.tidal.com/images/0cacc611/0fb0/4643/8da3/7931ca	at android.content.ContentResolver.openAssetFileDescriptor(ContentResolver.java:1858)
06-23 14:55:10.978  2303  2480 W Failed to fetch image at uri=https://resources.tidal.com/images/0cacc611/0fb0/4643/8da3/7931ca	at android.content.ContentResolver.openInputStream(ContentResolver.java:1528)
06-23 14:55:10.978  2303  2480 W Failed to fetch image at uri=https://resources.tidal.com/images/0cacc611/0fb0/4643/8da3/7931ca	at com.android.bluetooth.audio_util.Image.getImageFromUri(Image.java:200)
06-23 14:55:10.978  2303  2480 W Failed to fetch image at uri=https://resources.tidal.com/images/0cacc611/0fb0/4643/8da3/7931ca	at com.android.bluetooth.audio_util.Image.setImage(Image.java:164)
06-23 14:55:10.978  2303  2480 W Failed to fetch image at uri=https://resources.tidal.com/images/0cacc611/0fb0/4643/8da3/7931ca	at com.android.bluetooth.audio_util.Image.<init>(Image.java:139)
06-23 14:55:10.978  2303  2480 W Failed to fetch image at uri=https://resources.tidal.com/images/0cacc611/0fb0/4643/8da3/7931ca	at com.android.bluetooth.audio_util.Metadata$Builder.fromMediaDescription(Metadata.java:261)
06-23 14:55:10.978  2303  2480 W Failed to fetch image at uri=https://resources.tidal.com/images/0cacc611/0fb0/4643/8da3/7931ca	at com.android.bluetooth.audio_util.Metadata$Builder.fromMediaMetadata(Metadata.java:182)
06-23 14:55:10.978  2303  2480 W Failed to fetch image at uri=https://resources.tidal.com/images/0cacc611/0fb0/4643/8da3/7931ca	at com.android.bluetooth.audio_util.Util.toMetadata(Util.java:108)
06-23 14:55:10.978  2303  2480 W Failed to fetch image at uri=https://resources.tidal.com/images/0cacc611/0fb0/4643/8da3/7931ca	at com.android.bluetooth.audio_util.MediaPlayerWrapper$MediaControllerListener.onMetadataChanged(MediaPlayerWrapper.java:512)
06-23 14:55:10.978  2303  2480 W Failed to fetch image at uri=https://resources.tidal.com/images/0cacc611/0fb0/4643/8da3/7931ca	at android.media.session.MediaController$MessageHandler.handleMessage(MediaController.java:1205)
06-23 14:55:10.978  2303  2480 W Failed to fetch image at uri=https://resources.tidal.com/images/0cacc611/0fb0/4643/8da3/7931ca	at android.os.Handler.dispatchMessage(Handler.java:107)
06-23 14:55:10.978  2303  2480 W Failed to fetch image at uri=https://resources.tidal.com/images/0cacc611/0fb0/4643/8da3/7931ca	at android.os.Looper.loopOnce(Looper.java:234)
06-23 14:55:10.978  2303  2480 W Failed to fetch image at uri=https://resources.tidal.com/images/0cacc611/0fb0/4643/8da3/7931ca	at android.os.Looper.loop(Looper.java:319)
06-23 14:55:10.978  2303  2480 W Failed to fetch image at uri=https://resources.tidal.com/images/0cacc611/0fb0/4643/8da3/7931ca	at android.os.HandlerThread.run(HandlerThread.java:85)
06-23 14:55:10.979  2303  2480 W Failed to fetch image at uri=https://resources.tidal.com/images/0cacc611/0fb0/4643/8da3/7931cajava.io.FileNotFoundException: No content provider: https://resources.tidal.com/images/0cacc611/0fb0/4643/8da3/7931ca8ee224/640x640.jpg
06-23 14:55:10.979  2303  2480 W Failed to fetch image at uri=https://resources.tidal.com/images/0cacc611/0fb0/4643/8da3/7931ca	at android.content.ContentResolver.openTypedAssetFileDescriptor(ContentResolver.java:2029)
06-23 14:55:10.979  2303  2480 W Failed to fetch image at uri=https://resources.tidal.com/images/0cacc611/0fb0/4643/8da3/7931ca	at android.content.ContentResolver.openAssetFileDescriptor(ContentResolver.java:1858)
06-23 14:55:10.979  2303  2480 W Failed to fetch image at uri=https://resources.tidal.com/images/0cacc611/0fb0/4643/8da3/7931ca	at android.content.ContentResolver.openInputStream(ContentResolver.java:1528)
06-23 14:55:10.979  2303  2480 W Failed to fetch image at uri=https://resources.tidal.com/images/0cacc611/0fb0/4643/8da3/7931ca	at com.android.bluetooth.audio_util.Image.getImageFromUri(Image.java:200)
06-23 14:55:10.979  2303  2480 W Failed to fetch image at uri=https://resources.tidal.com/images/0cacc611/0fb0/4643/8da3/7931ca	at com.android.bluetooth.audio_util.Image.setImage(Image.java:164)
06-23 14:55:10.979  2303  2480 W Failed to fetch image at uri=https://resources.tidal.com/images/0cacc611/0fb0/4643/8da3/7931ca	at com.android.bluetooth.audio_util.Image.setImage(Image.java:156)
06-23 14:55:10.979  2303  2480 W Failed to fetch image at uri=https://resources.tidal.com/images/0cacc611/0fb0/4643/8da3/7931ca	at com.android.bluetooth.audio_util.Image.<init>(Image.java:78)
06-23 14:55:10.979  2303  2480 W Failed to fetch image at uri=https://resources.tidal.com/images/0cacc611/0fb0/4643/8da3/7931ca	at com.android.bluetooth.audio_util.Metadata$Builder.fromMediaMetadata(Metadata.java:232)
06-23 14:55:10.979  2303  2480 W Failed to fetch image at uri=https://resources.tidal.com/images/0cacc611/0fb0/4643/8da3/7931ca	at com.android.bluetooth.audio_util.Util.toMetadata(Util.java:108)
06-23 14:55:10.979  2303  2480 W Failed to fetch image at uri=https://resources.tidal.com/images/0cacc611/0fb0/4643/8da3/7931ca	at com.android.bluetooth.audio_util.MediaPlayerWrapper$MediaControllerListener.onMetadataChanged(MediaPlayerWrapper.java:512)
06-23 14:55:10.979  2303  2480 W Failed to fetch image at uri=https://resources.tidal.com/images/0cacc611/0fb0/4643/8da3/7931ca	at android.media.session.MediaController$MessageHandler.handleMessage(MediaController.java:1205)
06-23 14:55:10.979  2303  2480 W Failed to fetch image at uri=https://resources.tidal.com/images/0cacc611/0fb0/4643/8da3/7931ca	at android.os.Handler.dispatchMessage(Handler.java:107)
06-23 14:55:10.979  2303  2480 W Failed to fetch image at uri=https://resources.tidal.com/images/0cacc611/0fb0/4643/8da3/7931ca	at android.os.Looper.loopOnce(Looper.java:234)
06-23 14:55:10.979  2303  2480 W Failed to fetch image at uri=https://resources.tidal.com/images/0cacc611/0fb0/4643/8da3/7931ca	at android.os.Looper.loop(Looper.java:319)
06-23 14:55:10.979  2303  2480 W Failed to fetch image at uri=https://resources.tidal.com/images/0cacc611/0fb0/4643/8da3/7931ca	at android.os.HandlerThread.run(HandlerThread.java:85)
06-23 14:55:10.979  2303  2480 W AudioMediaPlayerWrapper: onMetadataChanged(): com.ibrastream.app tried to update with no new data
06-23 14:55:10.980  2303  2480 W Failed to fetch image at uri=https://resources.tidal.com/images/0cacc611/0fb0/4643/8da3/7931cajava.io.FileNotFoundException: No content provider: https://resources.tidal.com/images/0cacc611/0fb0/4643/8da3/7931ca8ee224/640x640.jpg
06-23 14:55:10.980  2303  2480 W Failed to fetch image at uri=https://resources.tidal.com/images/0cacc611/0fb0/4643/8da3/7931ca	at android.content.ContentResolver.openTypedAssetFileDescriptor(ContentResolver.java:2029)
06-23 14:55:10.980  2303  2480 W Failed to fetch image at uri=https://resources.tidal.com/images/0cacc611/0fb0/4643/8da3/7931ca	at android.content.ContentResolver.openAssetFileDescriptor(ContentResolver.java:1858)
06-23 14:55:10.980  2303  2480 W Failed to fetch image at uri=https://resources.tidal.com/images/0cacc611/0fb0/4643/8da3/7931ca	at android.content.ContentResolver.openInputStream(ContentResolver.java:1528)
06-23 14:55:10.980  2303  2480 W Failed to fetch image at uri=https://resources.tidal.com/images/0cacc611/0fb0/4643/8da3/7931ca	at com.android.bluetooth.audio_util.Image.getImageFromUri(Image.java:200)
06-23 14:55:10.980  2303  2480 W Failed to fetch image at uri=https://resources.tidal.com/images/0cacc611/0fb0/4643/8da3/7931ca	at com.android.bluetooth.audio_util.Image.setImage(Image.java:164)
06-23 14:55:10.980  2303  2480 W Failed to fetch image at uri=https://resources.tidal.com/images/0cacc611/0fb0/4643/8da3/7931ca	at com.android.bluetooth.audio_util.Image.<init>(Image.java:139)
06-23 14:55:10.980  2303  2480 W Failed to fetch image at uri=https://resources.tidal.com/images/0cacc611/0fb0/4643/8da3/7931ca	at com.android.bluetooth.audio_util.Metadata$Builder.fromMediaDescription(Metadata.java:261)
06-23 14:55:10.980  2303  2480 W Failed to fetch image at uri=https://resources.tidal.com/images/0cacc611/0fb0/4643/8da3/7931ca	at com.android.bluetooth.audio_util.Metadata$Builder.fromMediaMetadata(Metadata.java:182)
06-23 14:55:10.980  2303  2480 W Failed to fetch image at uri=https://resources.tidal.com/images/0cacc611/0fb0/4643/8da3/7931ca	at com.android.bluetooth.audio_util.Util.toMetadata(Util.java:108)
06-23 14:55:10.980  2303  2480 W Failed to fetch image at uri=https://resources.tidal.com/images/0cacc611/0fb0/4643/8da3/7931ca	at com.android.bluetooth.audio_util.MediaPlayerWrapper.isMetadataSynced(MediaPlayerWrapper.java:300)
06-23 14:55:10.980  2303  2480 W Failed to fetch image at uri=https://resources.tidal.com/images/0cacc611/0fb0/4643/8da3/7931ca	at com.android.bluetooth.audio_util.MediaPlayerWrapper$MediaControllerListener.trySendMediaUpdate(MediaPlayerWrapper.java:470)
06-23 14:55:10.980  2303  2480 W Failed to fetch image at uri=https://resources.tidal.com/images/0cacc611/0fb0/4643/8da3/7931ca	at com.android.bluetooth.audio_util.MediaPlayerWrapper$MediaControllerListener.onMetadataChanged(MediaPlayerWrapper.java:522)
06-23 14:55:10.980  2303  2480 W Failed to fetch image at uri=https://resources.tidal.com/images/0cacc611/0fb0/4643/8da3/7931ca	at android.media.session.MediaController$MessageHandler.handleMessage(MediaController.java:1205)
06-23 14:55:10.980  2303  2480 W Failed to fetch image at uri=https://resources.tidal.com/images/0cacc611/0fb0/4643/8da3/7931ca	at android.os.Handler.dispatchMessage(Handler.java:107)
06-23 14:55:10.980  2303  2480 W Failed to fetch image at uri=https://resources.tidal.com/images/0cacc611/0fb0/4643/8da3/7931ca	at android.os.Looper.loopOnce(Looper.java:234)
06-23 14:55:10.980  2303  2480 W Failed to fetch image at uri=https://resources.tidal.com/images/0cacc611/0fb0/4643/8da3/7931ca	at android.os.Looper.loop(Looper.java:319)
06-23 14:55:10.980  2303  2480 W Failed to fetch image at uri=https://resources.tidal.com/images/0cacc611/0fb0/4643/8da3/7931ca	at android.os.HandlerThread.run(HandlerThread.java:85)
06-23 14:55:10.980  2303  2480 W Failed to fetch image at uri=https://resources.tidal.com/images/0cacc611/0fb0/4643/8da3/7931cajava.io.FileNotFoundException: No content provider: https://resources.tidal.com/images/0cacc611/0fb0/4643/8da3/7931ca8ee224/640x640.jpg
06-23 14:55:10.980  2303  2480 W Failed to fetch image at uri=https://resources.tidal.com/images/0cacc611/0fb0/4643/8da3/7931ca	at android.content.ContentResolver.openTypedAssetFileDescriptor(ContentResolver.java:2029)
06-23 14:55:10.980  2303  2480 W Failed to fetch image at uri=https://resources.tidal.com/images/0cacc611/0fb0/4643/8da3/7931ca	at android.content.ContentResolver.openAssetFileDescriptor(ContentResolver.java:1858)
06-23 14:55:10.980  2303  2480 W Failed to fetch image at uri=https://resources.tidal.com/images/0cacc611/0fb0/4643/8da3/7931ca	at android.content.ContentResolver.openInputStream(ContentResolver.java:1528)
06-23 14:55:10.980  2303  2480 W Failed to fetch image at uri=https://resources.tidal.com/images/0cacc611/0fb0/4643/8da3/7931ca	at com.android.bluetooth.audio_util.Image.getImageFromUri(Image.java:200)
06-23 14:55:10.980  2303  2480 W Failed to fetch image at uri=https://resources.tidal.com/images/0cacc611/0fb0/4643/8da3/7931ca	at com.android.bluetooth.audio_util.Image.setImage(Image.java:164)
06-23 14:55:10.980  2303  2480 W Failed to fetch image at uri=https://resources.tidal.com/images/0cacc611/0fb0/4643/8da3/7931ca	at com.android.bluetooth.audio_util.Image.setImage(Image.java:156)
06-23 14:55:10.980  2303  2480 W Failed to fetch image at uri=https://resources.tidal.com/images/0cacc611/0fb0/4643/8da3/7931ca	at com.android.bluetooth.audio_util.Image.<init>(Image.java:78)
06-23 14:55:10.980  2303  2480 W Failed to fetch image at uri=https://resources.tidal.com/images/0cacc611/0fb0/4643/8da3/7931ca	at com.android.bluetooth.audio_util.Metadata$Builder.fromMediaMetadata(Metadata.java:232)
06-23 14:55:10.980  2303  2480 W Failed to fetch image at uri=https://resources.tidal.com/images/0cacc611/0fb0/4643/8da3/7931ca	at com.android.bluetooth.audio_util.Util.toMetadata(Util.java:108)
06-23 14:55:10.980  2303  2480 W Failed to fetch image at uri=https://resources.tidal.com/images/0cacc611/0fb0/4643/8da3/7931ca	at com.android.bluetooth.audio_util.MediaPlayerWrapper.isMetadataSynced(MediaPlayerWrapper.java:300)
06-23 14:55:10.980  2303  2480 W Failed to fetch image at uri=https://resources.tidal.com/images/0cacc611/0fb0/4643/8da3/7931ca	at com.android.bluetooth.audio_util.MediaPlayerWrapper$MediaControllerListener.trySendMediaUpdate(MediaPlayerWrapper.java:470)
06-23 14:55:10.980  2303  2480 W Failed to fetch image at uri=https://resources.tidal.com/images/0cacc611/0fb0/4643/8da3/7931ca	at com.android.bluetooth.audio_util.MediaPlayerWrapper$MediaControllerListener.onMetadataChanged(MediaPlayerWrapper.java:522)
06-23 14:55:10.980  2303  2480 W Failed to fetch image at uri=https://resources.tidal.com/images/0cacc611/0fb0/4643/8da3/7931ca	at android.media.session.MediaController$MessageHandler.handleMessage(MediaController.java:1205)
06-23 14:55:10.980  2303  2480 W Failed to fetch image at uri=https://resources.tidal.com/images/0cacc611/0fb0/4643/8da3/7931ca	at android.os.Handler.dispatchMessage(Handler.java:107)
06-23 14:55:10.980  2303  2480 W Failed to fetch image at uri=https://resources.tidal.com/images/0cacc611/0fb0/4643/8da3/7931ca	at android.os.Looper.loopOnce(Looper.java:234)
06-23 14:55:10.980  2303  2480 W Failed to fetch image at uri=https://resources.tidal.com/images/0cacc611/0fb0/4643/8da3/7931ca	at android.os.Looper.loop(Looper.java:319)
06-23 14:55:10.980  2303  2480 W Failed to fetch image at uri=https://resources.tidal.com/images/0cacc611/0fb0/4643/8da3/7931ca	at android.os.HandlerThread.run(HandlerThread.java:85)
06-23 14:55:10.981  2303  2480 W Failed to fetch image at uri=https://resources.tidal.com/images/0cacc611/0fb0/4643/8da3/7931cajava.io.FileNotFoundException: No content provider: https://resources.tidal.com/images/0cacc611/0fb0/4643/8da3/7931ca8ee224/640x640.jpg
06-23 14:55:10.981  2303  2480 W Failed to fetch image at uri=https://resources.tidal.com/images/0cacc611/0fb0/4643/8da3/7931ca	at android.content.ContentResolver.openTypedAssetFileDescriptor(ContentResolver.java:2029)
06-23 14:55:10.981  2303  2480 W Failed to fetch image at uri=https://resources.tidal.com/images/0cacc611/0fb0/4643/8da3/7931ca	at android.content.ContentResolver.openAssetFileDescriptor(ContentResolver.java:1858)
06-23 14:55:10.981  2303  2480 W Failed to fetch image at uri=https://resources.tidal.com/images/0cacc611/0fb0/4643/8da3/7931ca	at android.content.ContentResolver.openInputStream(ContentResolver.java:1528)
06-23 14:55:10.981  2303  2480 W Failed to fetch image at uri=https://resources.tidal.com/images/0cacc611/0fb0/4643/8da3/7931ca	at com.android.bluetooth.audio_util.Image.getImageFromUri(Image.java:200)
06-23 14:55:10.981  2303  2480 W Failed to fetch image at uri=https://resources.tidal.com/images/0cacc611/0fb0/4643/8da3/7931ca	at com.android.bluetooth.audio_util.Image.setImage(Image.java:164)
06-23 14:55:10.981  2303  2480 W Failed to fetch image at uri=https://resources.tidal.com/images/0cacc611/0fb0/4643/8da3/7931ca	at com.android.bluetooth.audio_util.Image.<init>(Image.java:139)
