06-23 13:41:13.066  2303  2480 W Failed to fetch image at uri=https://resources.tidal.com/images/80241aca/d848/475e/80e3/7a47d1	at com.android.bluetooth.audio_util.Image.setImage(Image.java:164)
06-23 13:41:13.066  2303  2480 W Failed to fetch image at uri=https://resources.tidal.com/images/80241aca/d848/475e/80e3/7a47d1	at com.android.bluetooth.audio_util.Image.<init>(Image.java:139)
06-23 13:41:13.066  2303  2480 W Failed to fetch image at uri=https://resources.tidal.com/images/80241aca/d848/475e/80e3/7a47d1	at com.android.bluetooth.audio_util.Metadata$Builder.fromMediaDescription(Metadata.java:261)
06-23 13:41:13.066  2303  2480 W Failed to fetch image at uri=https://resources.tidal.com/images/80241aca/d848/475e/80e3/7a47d1	at com.android.bluetooth.audio_util.Metadata$Builder.fromMediaMetadata(Metadata.java:182)
06-23 13:41:13.066  2303  2480 W Failed to fetch image at uri=https://resources.tidal.com/images/80241aca/d848/475e/80e3/7a47d1	at com.android.bluetooth.audio_util.Util.toMetadata(Util.java:108)
06-23 13:41:13.066  2303  2480 W Failed to fetch image at uri=https://resources.tidal.com/images/80241aca/d848/475e/80e3/7a47d1	at com.android.bluetooth.audio_util.MediaPlayerWrapper.isMetadataSynced(MediaPlayerWrapper.java:300)
06-23 13:41:13.066  2303  2480 W Failed to fetch image at uri=https://resources.tidal.com/images/80241aca/d848/475e/80e3/7a47d1	at com.android.bluetooth.audio_util.MediaPlayerWrapper$MediaControllerListener.trySendMediaUpdate(MediaPlayerWrapper.java:470)
06-23 13:41:13.066  2303  2480 W Failed to fetch image at uri=https://resources.tidal.com/images/80241aca/d848/475e/80e3/7a47d1	at com.android.bluetooth.audio_util.MediaPlayerWrapper$MediaControllerListener.onPlaybackStateChanged(MediaPlayerWrapper.java:555)
06-23 13:41:13.066  2303  2480 W Failed to fetch image at uri=https://resources.tidal.com/images/80241aca/d848/475e/80e3/7a47d1	at android.media.session.MediaController$MessageHandler.handleMessage(MediaController.java:1202)
06-23 13:41:13.066  2303  2480 W Failed to fetch image at uri=https://resources.tidal.com/images/80241aca/d848/475e/80e3/7a47d1	at android.os.Handler.dispatchMessage(Handler.java:107)
06-23 13:41:13.066  2303  2480 W Failed to fetch image at uri=https://resources.tidal.com/images/80241aca/d848/475e/80e3/7a47d1	at android.os.Looper.loopOnce(Looper.java:234)
06-23 13:41:13.066  2303  2480 W Failed to fetch image at uri=https://resources.tidal.com/images/80241aca/d848/475e/80e3/7a47d1	at android.os.Looper.loop(Looper.java:319)
06-23 13:41:13.066  2303  2480 W Failed to fetch image at uri=https://resources.tidal.com/images/80241aca/d848/475e/80e3/7a47d1	at android.os.HandlerThread.run(HandlerThread.java:85)
06-23 13:41:13.067  2303  2480 W Failed to fetch image at uri=https://resources.tidal.com/images/80241aca/d848/475e/80e3/7a47d1java.io.FileNotFoundException: No content provider: https://resources.tidal.com/images/80241aca/d848/475e/80e3/7a47d1f1a468/640x640.jpg
06-23 13:41:13.067  2303  2480 W Failed to fetch image at uri=https://resources.tidal.com/images/80241aca/d848/475e/80e3/7a47d1	at android.content.ContentResolver.openTypedAssetFileDescriptor(ContentResolver.java:2029)
06-23 13:41:13.067  2303  2480 W Failed to fetch image at uri=https://resources.tidal.com/images/80241aca/d848/475e/80e3/7a47d1	at android.content.ContentResolver.openAssetFileDescriptor(ContentResolver.java:1858)
06-23 13:41:13.067  2303  2480 W Failed to fetch image at uri=https://resources.tidal.com/images/80241aca/d848/475e/80e3/7a47d1	at android.content.ContentResolver.openInputStream(ContentResolver.java:1528)
06-23 13:41:13.067  2303  2480 W Failed to fetch image at uri=https://resources.tidal.com/images/80241aca/d848/475e/80e3/7a47d1	at com.android.bluetooth.audio_util.Image.getImageFromUri(Image.java:200)
06-23 13:41:13.067  2303  2480 W Failed to fetch image at uri=https://resources.tidal.com/images/80241aca/d848/475e/80e3/7a47d1	at com.android.bluetooth.audio_util.Image.setImage(Image.java:164)
06-23 13:41:13.067  2303  2480 W Failed to fetch image at uri=https://resources.tidal.com/images/80241aca/d848/475e/80e3/7a47d1	at com.android.bluetooth.audio_util.Image.setImage(Image.java:156)
06-23 13:41:13.067  2303  2480 W Failed to fetch image at uri=https://resources.tidal.com/images/80241aca/d848/475e/80e3/7a47d1	at com.android.bluetooth.audio_util.Image.<init>(Image.java:78)
06-23 13:41:13.067  2303  2480 W Failed to fetch image at uri=https://resources.tidal.com/images/80241aca/d848/475e/80e3/7a47d1	at com.android.bluetooth.audio_util.Metadata$Builder.fromMediaMetadata(Metadata.java:232)
06-23 13:41:13.067  2303  2480 W Failed to fetch image at uri=https://resources.tidal.com/images/80241aca/d848/475e/80e3/7a47d1	at com.android.bluetooth.audio_util.Util.toMetadata(Util.java:108)
06-23 13:41:13.067  2303  2480 W Failed to fetch image at uri=https://resources.tidal.com/images/80241aca/d848/475e/80e3/7a47d1	at com.android.bluetooth.audio_util.MediaPlayerWrapper.isMetadataSynced(MediaPlayerWrapper.java:300)
06-23 13:41:13.067  2303  2480 W Failed to fetch image at uri=https://resources.tidal.com/images/80241aca/d848/475e/80e3/7a47d1	at com.android.bluetooth.audio_util.MediaPlayerWrapper$MediaControllerListener.trySendMediaUpdate(MediaPlayerWrapper.java:470)
06-23 13:41:13.067  2303  2480 W Failed to fetch image at uri=https://resources.tidal.com/images/80241aca/d848/475e/80e3/7a47d1	at com.android.bluetooth.audio_util.MediaPlayerWrapper$MediaControllerListener.onPlaybackStateChanged(MediaPlayerWrapper.java:555)
06-23 13:41:13.067  2303  2480 W Failed to fetch image at uri=https://resources.tidal.com/images/80241aca/d848/475e/80e3/7a47d1	at android.media.session.MediaController$MessageHandler.handleMessage(MediaController.java:1202)
06-23 13:41:13.067  2303  2480 W Failed to fetch image at uri=https://resources.tidal.com/images/80241aca/d848/475e/80e3/7a47d1	at android.os.Handler.dispatchMessage(Handler.java:107)
06-23 13:41:13.067  2303  2480 W Failed to fetch image at uri=https://resources.tidal.com/images/80241aca/d848/475e/80e3/7a47d1	at android.os.Looper.loopOnce(Looper.java:234)
06-23 13:41:13.067  2303  2480 W Failed to fetch image at uri=https://resources.tidal.com/images/80241aca/d848/475e/80e3/7a47d1	at android.os.Looper.loop(Looper.java:319)
06-23 13:41:13.067  2303  2480 W Failed to fetch image at uri=https://resources.tidal.com/images/80241aca/d848/475e/80e3/7a47d1	at android.os.HandlerThread.run(HandlerThread.java:85)
06-23 13:41:13.068  2303  2480 W Failed to fetch image at uri=https://resources.tidal.com/images/80241aca/d848/475e/80e3/7a47d1java.io.FileNotFoundException: No content provider: https://resources.tidal.com/images/80241aca/d848/475e/80e3/7a47d1f1a468/640x640.jpg
06-23 13:41:13.068  2303  2480 W Failed to fetch image at uri=https://resources.tidal.com/images/80241aca/d848/475e/80e3/7a47d1	at android.content.ContentResolver.openTypedAssetFileDescriptor(ContentResolver.java:2029)
06-23 13:41:13.068  2303  2480 W Failed to fetch image at uri=https://resources.tidal.com/images/80241aca/d848/475e/80e3/7a47d1	at android.content.ContentResolver.openAssetFileDescriptor(ContentResolver.java:1858)
06-23 13:41:13.068  2303  2480 W Failed to fetch image at uri=https://resources.tidal.com/images/80241aca/d848/475e/80e3/7a47d1	at android.content.ContentResolver.openInputStream(ContentResolver.java:1528)
06-23 13:41:13.068  2303  2480 W Failed to fetch image at uri=https://resources.tidal.com/images/80241aca/d848/475e/80e3/7a47d1	at com.android.bluetooth.audio_util.Image.getImageFromUri(Image.java:200)
06-23 13:41:13.068  2303  2480 W Failed to fetch image at uri=https://resources.tidal.com/images/80241aca/d848/475e/80e3/7a47d1	at com.android.bluetooth.audio_util.Image.setImage(Image.java:164)
06-23 13:41:13.068  2303  2480 W Failed to fetch image at uri=https://resources.tidal.com/images/80241aca/d848/475e/80e3/7a47d1	at com.android.bluetooth.audio_util.Image.<init>(Image.java:139)
06-23 13:41:13.068  2303  2480 W Failed to fetch image at uri=https://resources.tidal.com/images/80241aca/d848/475e/80e3/7a47d1	at com.android.bluetooth.audio_util.Metadata$Builder.fromMediaDescription(Metadata.java:261)
06-23 13:41:13.068  2303  2480 W Failed to fetch image at uri=https://resources.tidal.com/images/80241aca/d848/475e/80e3/7a47d1	at com.android.bluetooth.audio_util.Metadata$Builder.fromMediaMetadata(Metadata.java:182)
06-23 13:41:13.068  2303  2480 W Failed to fetch image at uri=https://resources.tidal.com/images/80241aca/d848/475e/80e3/7a47d1	at com.android.bluetooth.audio_util.Util.toMetadata(Util.java:108)
06-23 13:41:13.068  2303  2480 W Failed to fetch image at uri=https://resources.tidal.com/images/80241aca/d848/475e/80e3/7a47d1	at com.android.bluetooth.audio_util.MediaPlayerWrapper.sendMediaUpdate(MediaPlayerWrapper.java:384)
06-23 13:41:13.068  2303  2480 W Failed to fetch image at uri=https://resources.tidal.com/images/80241aca/d848/475e/80e3/7a47d1	at com.android.bluetooth.audio_util.MediaPlayerWrapper.-$$Nest$msendMediaUpdate(MediaPlayerWrapper.java:0)
06-23 13:41:13.068  2303  2480 W Failed to fetch image at uri=https://resources.tidal.com/images/80241aca/d848/475e/80e3/7a47d1	at com.android.bluetooth.audio_util.MediaPlayerWrapper$MediaControllerListener.trySendMediaUpdate(MediaPlayerWrapper.java:478)
06-23 13:41:13.068  2303  2480 W Failed to fetch image at uri=https://resources.tidal.com/images/80241aca/d848/475e/80e3/7a47d1	at com.android.bluetooth.audio_util.MediaPlayerWrapper$MediaControllerListener.onPlaybackStateChanged(MediaPlayerWrapper.java:555)
06-23 13:41:13.068  2303  2480 W Failed to fetch image at uri=https://resources.tidal.com/images/80241aca/d848/475e/80e3/7a47d1	at android.media.session.MediaController$MessageHandler.handleMessage(MediaController.java:1202)
06-23 13:41:13.068  2303  2480 W Failed to fetch image at uri=https://resources.tidal.com/images/80241aca/d848/475e/80e3/7a47d1	at android.os.Handler.dispatchMessage(Handler.java:107)
06-23 13:41:13.068  2303  2480 W Failed to fetch image at uri=https://resources.tidal.com/images/80241aca/d848/475e/80e3/7a47d1	at android.os.Looper.loopOnce(Looper.java:234)
06-23 13:41:13.068  2303  2480 W Failed to fetch image at uri=https://resources.tidal.com/images/80241aca/d848/475e/80e3/7a47d1	at android.os.Looper.loop(Looper.java:319)
06-23 13:41:13.068  2303  2480 W Failed to fetch image at uri=https://resources.tidal.com/images/80241aca/d848/475e/80e3/7a47d1	at android.os.HandlerThread.run(HandlerThread.java:85)
06-23 13:41:13.069  2303  2480 W Failed to fetch image at uri=https://resources.tidal.com/images/80241aca/d848/475e/80e3/7a47d1java.io.FileNotFoundException: No content provider: https://resources.tidal.com/images/80241aca/d848/475e/80e3/7a47d1f1a468/640x640.jpg
06-23 13:41:13.069  2303  2480 W Failed to fetch image at uri=https://resources.tidal.com/images/80241aca/d848/475e/80e3/7a47d1	at android.content.ContentResolver.openTypedAssetFileDescriptor(ContentResolver.java:2029)
06-23 13:41:13.069  2303  2480 W Failed to fetch image at uri=https://resources.tidal.com/images/80241aca/d848/475e/80e3/7a47d1	at android.content.ContentResolver.openAssetFileDescriptor(ContentResolver.java:1858)
06-23 13:41:13.069  2303  2480 W Failed to fetch image at uri=https://resources.tidal.com/images/80241aca/d848/475e/80e3/7a47d1	at android.content.ContentResolver.openInputStream(ContentResolver.java:1528)
06-23 13:41:13.069  2303  2480 W Failed to fetch image at uri=https://resources.tidal.com/images/80241aca/d848/475e/80e3/7a47d1	at com.android.bluetooth.audio_util.Image.getImageFromUri(Image.java:200)
06-23 13:41:13.069  2303  2480 W Failed to fetch image at uri=https://resources.tidal.com/images/80241aca/d848/475e/80e3/7a47d1	at com.android.bluetooth.audio_util.Image.setImage(Image.java:164)
06-23 13:41:13.069  2303  2480 W Failed to fetch image at uri=https://resources.tidal.com/images/80241aca/d848/475e/80e3/7a47d1	at com.android.bluetooth.audio_util.Image.setImage(Image.java:156)
06-23 13:41:13.069  2303  2480 W Failed to fetch image at uri=https://resources.tidal.com/images/80241aca/d848/475e/80e3/7a47d1	at com.android.bluetooth.audio_util.Image.<init>(Image.java:78)
06-23 13:41:13.069  2303  2480 W Failed to fetch image at uri=https://resources.tidal.com/images/80241aca/d848/475e/80e3/7a47d1	at com.android.bluetooth.audio_util.Metadata$Builder.fromMediaMetadata(Metadata.java:232)
06-23 13:41:13.069  2303  2480 W Failed to fetch image at uri=https://resources.tidal.com/images/80241aca/d848/475e/80e3/7a47d1	at com.android.bluetooth.audio_util.Util.toMetadata(Util.java:108)
06-23 13:41:13.069  2303  2480 W Failed to fetch image at uri=https://resources.tidal.com/images/80241aca/d848/475e/80e3/7a47d1	at com.android.bluetooth.audio_util.MediaPlayerWrapper.sendMediaUpdate(MediaPlayerWrapper.java:384)
06-23 13:41:13.069  2303  2480 W Failed to fetch image at uri=https://resources.tidal.com/images/80241aca/d848/475e/80e3/7a47d1	at com.android.bluetooth.audio_util.MediaPlayerWrapper.-$$Nest$msendMediaUpdate(MediaPlayerWrapper.java:0)
06-23 13:41:13.069  2303  2480 W Failed to fetch image at uri=https://resources.tidal.com/images/80241aca/d848/475e/80e3/7a47d1	at com.android.bluetooth.audio_util.MediaPlayerWrapper$MediaControllerListener.trySendMediaUpdate(MediaPlayerWrapper.java:478)
06-23 13:41:13.069  2303  2480 W Failed to fetch image at uri=https://resources.tidal.com/images/80241aca/d848/475e/80e3/7a47d1	at com.android.bluetooth.audio_util.MediaPlayerWrapper$MediaControllerListener.onPlaybackStateChanged(MediaPlayerWrapper.java:555)
06-23 13:41:13.069  2303  2480 W Failed to fetch image at uri=https://resources.tidal.com/images/80241aca/d848/475e/80e3/7a47d1	at android.media.session.MediaController$MessageHandler.handleMessage(MediaController.java:1202)
06-23 13:41:13.069  2303  2480 W Failed to fetch image at uri=https://resources.tidal.com/images/80241aca/d848/475e/80e3/7a47d1	at android.os.Handler.dispatchMessage(Handler.java:107)
06-23 13:41:13.069  2303  2480 W Failed to fetch image at uri=https://resources.tidal.com/images/80241aca/d848/475e/80e3/7a47d1	at android.os.Looper.loopOnce(Looper.java:234)
06-23 13:41:13.069  2303  2480 W Failed to fetch image at uri=https://resources.tidal.com/images/80241aca/d848/475e/80e3/7a47d1	at android.os.Looper.loop(Looper.java:319)
06-23 13:41:13.069  2303  2480 W Failed to fetch image at uri=https://resources.tidal.com/images/80241aca/d848/475e/80e3/7a47d1	at android.os.HandlerThread.run(HandlerThread.java:85)
06-23 13:41:13.070  2303  2480 I bluetooth: avrcp_service.cc:646 SendMediaUpdate: track_changed=false :  play_state=true :  queue=false
06-23 13:41:13.074 13106 13106 I Capacitor/Console: File:  - Line 333 - Msg: undefined
06-23 13:41:13.080  1799  2111 I ActivityManager: Background started FGS: Allowed [callingPackage: com.ibrastream.app; callingUid: 10320; uidState: TOP ; uidBFSL: [BFSL]; intent: Intent { cmp=com.ibrastream.app/.PlaybackService }; code:PROC_STATE_TOP; tempAllowListReason:<null>; targetSdkVersion:36; callerTargetSdkVersion:36; startForegroundCount:9; bindFromPackage:null: isBindService:false]
06-23 13:41:13.102  1799  1812 W System  : A resource failed to call close. 
06-23 13:41:13.102  1799  1812 W System  : A resource failed to call close. 
06-23 13:41:13.105  1799  1812 W System  : A resource failed to call close. 
06-23 13:41:13.105  1799  1812 W System  : A resource failed to call close. 
06-23 13:41:13.107  1799  1812 W System  : A resource failed to call close. 
06-23 13:41:13.107  1799  1812 W System  : A resource failed to call close. 
06-23 13:41:13.182  1098  1589 I netd    : tetherGetStats() -> {[TetherStatsParcel{iface: ccmni0, rxBytes: 59734, rxPackets: 151, txBytes: 105349, txPackets: 265, ifIndex: 0}, TetherStatsParcel{iface: wlan0, rxBytes: 30200349394, rxPackets: 27210135, txBytes: 3394322121, txPackets: 6657154, ifIndex: 0}]} <3.13ms>
06-23 13:41:13.183  1132  1181 I libPerfCtl: xgfGetFPS pid:2108 fps:-1
06-23 13:41:13.183  1132  1181 I libPerfCtl: xgfGetFPS pid:13106 fps:-1
06-23 13:41:13.199  1799  1799 W NotificationHistory: Attempted to add notif for locked/gone/disabled user 0
06-23 13:41:13.200  1098  1589 I netd    : bandwidthSetGlobalAlert(2097152) <0.60ms>
06-23 13:41:13.222  1098  1589 I netd    : bandwidthRemoveInterfaceQuota(ccmni0) <5.06ms>
06-23 13:41:13.227  1098  1589 I netd    : bandwidthSetInterfaceQuota(ccmni0, 9223372036854775807) <4.38ms>
06-23 13:41:13.243 13106 13106 I Capacitor/Console: File:  - Line 333 - Msg: undefined
06-23 13:41:13.280  2303  2480 I bluetooth: avrcp_service.cc:646 SendMediaUpdate: track_changed=true :  play_state=false :  queue=false
06-23 13:41:13.288  1799  2111 W ParceledListSlice: Element #9 is 20992 bytes.
06-23 13:41:13.288  1799  2111 W ParceledListSlice: Element #10 is 21008 bytes.
06-23 13:41:13.350  2108  2108 W ConstraintSet: id unknown center_vertical_guideline
06-23 13:41:13.351  2108  2108 W ConstraintSet: id unknown action_button_guideline
06-23 13:41:13.351  2108  2108 W ConstraintSet: id unknown icon
06-23 13:41:13.351  2108  2108 W ConstraintSet: id unknown media_seamless
06-23 13:41:13.351  2108  2108 W ConstraintSet: id unknown media_action_barrier_start
06-23 13:41:13.351  2108  2108 W ConstraintSet: id unknown media_action_barrier_end
06-23 13:41:13.351  2108  2108 W ConstraintSet: id unknown media_action_barrier_top
06-23 13:41:13.351  2108  2108 W ConstraintSet: id unknown remove_text
06-23 13:41:13.351  2108  2108 W ConstraintSet: id unknown settings
06-23 13:41:13.351  2108  2108 W ConstraintSet: id unknown dismiss
06-23 13:41:13.351  2108  2108 W ConstraintSet: id unknown cancel
06-23 13:41:13.365  2108  2108 W ConstraintSet: id unknown center_vertical_guideline
06-23 13:41:13.365  2108  2108 W ConstraintSet: id unknown action_button_guideline
06-23 13:41:13.365  2108  2108 W ConstraintSet: id unknown icon
06-23 13:41:13.365  2108  2108 W ConstraintSet: id unknown media_seamless
06-23 13:41:13.365  2108  2108 W ConstraintSet: id unknown media_action_barrier_start
06-23 13:41:13.366  2108  2108 W ConstraintSet: id unknown media_action_barrier_end
06-23 13:41:13.366  2108  2108 W ConstraintSet: id unknown media_action_barrier_top
06-23 13:41:13.366  2108  2108 W ConstraintSet: id unknown remove_text
06-23 13:41:13.366  2108  2108 W ConstraintSet: id unknown settings
06-23 13:41:13.366  2108  2108 W ConstraintSet: id unknown dismiss
06-23 13:41:13.366  2108  2108 W ConstraintSet: id unknown cancel
06-23 13:41:13.370  2108  2108 W ConstraintSet: id unknown center_vertical_guideline
06-23 13:41:13.370  2108  2108 W ConstraintSet: id unknown action_button_guideline
06-23 13:41:13.370  2108  2108 W ConstraintSet: id unknown icon
06-23 13:41:13.370  2108  2108 W ConstraintSet: id unknown media_seamless
06-23 13:41:13.370  2108  2108 W ConstraintSet: id unknown media_action_barrier_start
06-23 13:41:13.370  2108  2108 W ConstraintSet: id unknown media_action_barrier_end
06-23 13:41:13.370  2108  2108 W ConstraintSet: id unknown media_action_barrier_top
06-23 13:41:13.370  2108  2108 W ConstraintSet: id unknown remove_text
06-23 13:41:13.370  2108  2108 W ConstraintSet: id unknown settings
06-23 13:41:13.370  2108  2108 W ConstraintSet: id unknown dismiss
06-23 13:41:13.370  2108  2108 W ConstraintSet: id unknown cancel
06-23 13:41:13.536  1164  1571 E SurfaceFlinger: MtkDuration override mode is disabled
06-23 13:41:13.536  1164  1571 I PowerHalWrapper: updateFps(): 60
06-23 13:41:13.542  2108  2108 W ConstraintSet: id unknown center_vertical_guideline
06-23 13:41:13.542  2108  2108 W ConstraintSet: id unknown action_button_guideline
06-23 13:41:13.542  2108  2108 W ConstraintSet: id unknown icon
06-23 13:41:13.542  2108  2108 W ConstraintSet: id unknown media_seamless
06-23 13:41:13.542  2108  2108 W ConstraintSet: id unknown media_action_barrier_start
06-23 13:41:13.542  2108  2108 W ConstraintSet: id unknown media_action_barrier_end
06-23 13:41:13.542  2108  2108 W ConstraintSet: id unknown media_action_barrier_top
06-23 13:41:13.542  2108  2108 W ConstraintSet: id unknown remove_text
06-23 13:41:13.542  2108  2108 W ConstraintSet: id unknown settings
06-23 13:41:13.542  2108  2108 W ConstraintSet: id unknown dismiss
06-23 13:41:13.542  2108  2108 W ConstraintSet: id unknown cancel
06-23 13:41:13.547  1112  1127 I hwcomposer: [HWCDisplay] (0 setActiveConfigWithConstraints():4091), config:0  
06-23 13:41:13.547  1112  1127 I hwcomposer: [HWCDisplay] (0 setActiveConfigWithConstraints():4141), now 132075240138025, diff 327769, estimated_applied_time 11111111 queued_size:0  
06-23 13:41:13.549  1112  1127 I hwcomposer: [HWCDisplay] (0 updateFps():3644), (type:1, mode:2) fps:54.900303,dur:1202.18,max:256.57,min:9.66  
06-23 13:41:13.557  1164  1164 I PowerHalWrapper: updateFps(): 60
06-23 13:41:13.558  1164  1164 I PowerHalWrapper: updateFps(): 60
06-23 13:41:13.560  2108  2115 I ndroid.systemui: Background young concurrent mark compact GC freed 9288KB AllocSpace bytes, 26(1868KB) LOS objects, 10% free, 45MB/50MB, paused 977us,9.326ms total 73.514ms
06-23 13:41:13.563  1112  1579 I hwcomposer: [HWCDisplay] (0 updateAppliedConfigState():4337), applied config complete[idx:132075251249136, config:0]  
06-23 13:41:13.564  2071  2071 I WifiHAL : feature_set=0x8488341a
06-23 13:41:13.569  3706  5658 I ModemStats: [DataStallDetectService] onCapabilitiesChanged networkCapabilities=[ Transports: WIFI Capabilities: NOT_METERED&INTERNET&NOT_RESTRICTED&TRUSTED&NOT_VPN&VALIDATED&NOT_ROAMING&FOREGROUND&NOT_CONGESTED&NOT_SUSPENDED&NOT_VCN_MANAGED&NOT_BANDWIDTH_CONSTRAINED LinkUpBandwidth>=12000Kbps LinkDnBandwidth>=60000Kbps TransportInfo: <SSID: <unknown ssid>, BSSID: 02:00:00:00:00:00, MAC: 02:00:00:00:00:00, IP: /192.168.1.134, Security type: 2, Supplicant state: COMPLETED, Wi-Fi standard: 11ac, RSSI: -59, Link speed: 390Mbps, Tx Link speed: 390Mbps, Max Supported Tx Link speed: 433Mbps, Calculated Tx : 0Mbps, Rx Link speed: 433Mbps, Max Supported Rx Link speed: 433Mbps, Calculated Rx : 0Mbps, Frequency: 5300MHz, Net ID: -1, Metered hint: false, score: 100, isUsable: true, CarrierMerged: false, SubscriptionId: -1, IsPrimary: -1, Trusted: true, Restricted: false, Ephemeral: false, OEM paid: false, OEM private: false, OSU AP: false, FQDN: <none>, Provider friendly name: <none>, Requesting package name: <none><none>MLO Information: , Is TID-To-Link negotiation supported by the AP: false, AP MLD Address: <none>, AP MLO Link Id: <none>, AP MLO Affiliated links: <none>, Vendor Data: <none>> SignalStrength: -59 UnderlyingNetworks: Null]
06-23 13:41:13.569  3706  5658 I ModemStats: [DataStallDetectService] onCapabilitiesChanged NET_CAPABILITY_VALIDATED=true
06-23 13:41:13.569  3706  5658 I ModemStats: [DataStallDetectService] onCapabilitiesChanged mDataStallManager.mDataStallInstance=null
06-23 13:41:13.569  3706  5658 I ModemStats: [DataStallDetectService] onCapabilitiesChanged mDataStallSmart5gManager.mDataStallInstance=null
06-23 13:41:13.573 13959 14189 I BugleRcsEngine: handleMessage processing message:[NOTIFY_UPTIME_IGNORE_STATE_CHANGED] with [non-null]:RcsEngineImpl reference [CONTEXT log_prefix="RcsEngineImpl[DUAL_REG]:[5059adf4-7b8d]>Handler" thread_id=2028 ]
06-23 13:41:13.573 13959 14099 I BugleRcsEngine: Connected state: [1], networkType: [WIFI] [CONTEXT thread_id=2025 ]
06-23 13:41:13.584   988 12465 I NearbyMediums: Wifi changed new SSID: <unknown ssid>
06-23 13:41:13.584   988 12465 I NearbyMediums: WifiLanConnectivityInfo is not changed, skip notify.
06-23 13:41:13.622  1164  1571 E SurfaceFlinger: MtkDuration override mode is disabled
06-23 13:41:13.622  1164  1571 I PowerHalWrapper: updateFps(): 90
06-23 13:41:13.623  2108  2115 I ndroid.systemui: Background young concurrent mark compact GC freed 4964KB AllocSpace bytes, 0(0B) LOS objects, 10% free, 45MB/50MB, paused 580us,8.087ms total 63.104ms
06-23 13:41:13.630  1164  1164 I BufferQueueProducer: [StatusBar#94](this:0xb400006fd5916be0,id:-1,api:0,p:-1,c:1164) queueBuffer: fps=0.17 dur=6059.55 max=6059.55 min=6059.55
06-23 13:41:13.631  1112  1127 I hwcomposer: [HWCDisplay] (0 setActiveConfigWithConstraints():4091), config:1  
06-23 13:41:13.632  1112  1127 I hwcomposer: [HWCDisplay] (0 setActiveConfigWithConstraints():4141), now 132075324695563, diff 314846, estimated_applied_time 16666667 queued_size:0  
06-23 13:41:13.647  1164  1164 I PowerHalWrapper: updateFps(): 90
06-23 13:41:13.648  1164  1164 I PowerHalWrapper: updateFps(): 90
06-23 13:41:13.658  1112  1579 I hwcomposer: [HWCDisplay] (0 updateAppliedConfigState():4337), applied config complete[idx:132075341362230, config:1]  
06-23 13:41:13.699  2108  2115 I ndroid.systemui: Background young concurrent mark compact GC freed 3676KB AllocSpace bytes, 2(76KB) LOS objects, 7% free, 46MB/50MB, paused 621us,7.547ms total 62.646ms
06-23 13:41:13.728  1799  1819 E ApplicationHelper: Fail to get PackageManager
06-23 13:41:13.730  1799  1819 E ApplicationHelper: Fail to get PackageManager
06-23 13:41:13.731  1098  1589 I netd    : tetherGetStats() -> {[TetherStatsParcel{iface: ccmni0, rxBytes: 59734, rxPackets: 151, txBytes: 105349, txPackets: 265, ifIndex: 0}, TetherStatsParcel{iface: wlan0, rxBytes: 30200349394, rxPackets: 27210135, txBytes: 3394322121, txPackets: 6657154, ifIndex: 0}]} <2.60ms>
06-23 13:41:13.766 13106 13266 E ExoPlayerImplInternal: Playback error
06-23 13:41:13.766 13106 13266 E ExoPlayerImplInternal:   androidx.media3.exoplayer.ExoPlaybackException: Source error
06-23 13:41:13.766 13106 13266 E ExoPlayerImplInternal:       at androidx.media3.exoplayer.ExoPlayerImplInternal.handleIoException(ExoPlayerImplInternal.java:737)
06-23 13:41:13.766 13106 13266 E ExoPlayerImplInternal:       at androidx.media3.exoplayer.ExoPlayerImplInternal.handleMessage(ExoPlayerImplInternal.java:707)
06-23 13:41:13.766 13106 13266 E ExoPlayerImplInternal:       at android.os.Handler.dispatchMessage(Handler.java:103)
06-23 13:41:13.766 13106 13266 E ExoPlayerImplInternal:       at android.os.Looper.loopOnce(Looper.java:234)
06-23 13:41:13.766 13106 13266 E ExoPlayerImplInternal:       at android.os.Looper.loop(Looper.java:319)
06-23 13:41:13.766 13106 13266 E ExoPlayerImplInternal:       at android.os.HandlerThread.run(HandlerThread.java:85)
06-23 13:41:13.766 13106 13266 E ExoPlayerImplInternal:   Caused by: androidx.media3.exoplayer.source.UnrecognizedInputFormatException: None of the available extractors (FlvExtractor, FlacExtractor, WavExtractor, FragmentedMp4Extractor, Mp4Extractor, AmrExtractor, PsExtractor, OggExtractor, TsExtractor, MatroskaExtractor, AdtsExtractor, Ac3Extractor, Ac4Extractor, Mp3Extractor, AviExtractor, JpegExtractor, PngExtractor, WebpExtractor, BmpExtractor, HeifExtractor, AvifExtractor) could read the stream. {contentIsMalformed=false, dataType=1}
06-23 13:41:13.766 13106 13266 E ExoPlayerImplInternal:       at androidx.media3.exoplayer.source.BundledExtractorsAdapter.init(BundledExtractorsAdapter.java:108)
06-23 13:41:13.766 13106 13266 E ExoPlayerImplInternal:       at androidx.media3.exoplayer.source.ProgressiveMediaPeriod$ExtractingLoadable.load(ProgressiveMediaPeriod.java:1100)
06-23 13:41:13.766 13106 13266 E ExoPlayerImplInternal:       at androidx.media3.exoplayer.upstream.Loader$LoadTask.run(Loader.java:450)
06-23 13:41:13.766 13106 13266 E ExoPlayerImplInternal:       at java.util.concurrent.ThreadPoolExecutor.runWorker(ThreadPoolExecutor.java:1100)
06-23 13:41:13.766 13106 13266 E ExoPlayerImplInternal:       at java.util.concurrent.ThreadPoolExecutor$Worker.run(ThreadPoolExecutor.java:624)
06-23 13:41:13.766 13106 13266 E ExoPlayerImplInternal:       at java.lang.Thread.run(Thread.java:1572)
06-23 13:41:13.770  1799  3756 I WifiService: releaseWifiLock uid=10320
06-23 13:41:13.786 13106 13106 E IbraStreamMedia: Player Error: Source error
06-23 13:41:13.786 13106 13106 E IbraStreamMedia: androidx.media3.exoplayer.ExoPlaybackException: Source error
06-23 13:41:13.786 13106 13106 E IbraStreamMedia: 	at androidx.media3.exoplayer.ExoPlayerImplInternal.handleIoException(ExoPlayerImplInternal.java:737)
06-23 13:41:13.786 13106 13106 E IbraStreamMedia: 	at androidx.media3.exoplayer.ExoPlayerImplInternal.handleMessage(ExoPlayerImplInternal.java:707)
06-23 13:41:13.786 13106 13106 E IbraStreamMedia: 	at android.os.Handler.dispatchMessage(Handler.java:103)
06-23 13:41:13.786 13106 13106 E IbraStreamMedia: 	at android.os.Looper.loopOnce(Looper.java:234)
06-23 13:41:13.786 13106 13106 E IbraStreamMedia: 	at android.os.Looper.loop(Looper.java:319)
06-23 13:41:13.786 13106 13106 E IbraStreamMedia: 	at android.os.HandlerThread.run(HandlerThread.java:85)
06-23 13:41:13.786 13106 13106 E IbraStreamMedia: Caused by: androidx.media3.exoplayer.source.UnrecognizedInputFormatException: None of the available extractors (FlvExtractor, FlacExtractor, WavExtractor, FragmentedMp4Extractor, Mp4Extractor, AmrExtractor, PsExtractor, OggExtractor, TsExtractor, MatroskaExtractor, AdtsExtractor, Ac3Extractor, Ac4Extractor, Mp3Extractor, AviExtractor, JpegExtractor, PngExtractor, WebpExtractor, BmpExtractor, HeifExtractor, AvifExtractor) could read the stream. {contentIsMalformed=false, dataType=1}
06-23 13:41:13.786 13106 13106 E IbraStreamMedia: 	at androidx.media3.exoplayer.source.BundledExtractorsAdapter.init(BundledExtractorsAdapter.java:108)
06-23 13:41:13.786 13106 13106 E IbraStreamMedia: 	at androidx.media3.exoplayer.source.ProgressiveMediaPeriod$ExtractingLoadable.load(ProgressiveMediaPeriod.java:1100)
06-23 13:41:13.786 13106 13106 E IbraStreamMedia: 	at androidx.media3.exoplayer.upstream.Loader$LoadTask.run(Loader.java:450)
06-23 13:41:13.786 13106 13106 E IbraStreamMedia: 	at java.util.concurrent.ThreadPoolExecutor.runWorker(ThreadPoolExecutor.java:1100)
06-23 13:41:13.786 13106 13106 E IbraStreamMedia: 	at java.util.concurrent.ThreadPoolExecutor$Worker.run(ThreadPoolExecutor.java:624)
06-23 13:41:13.786 13106 13106 E IbraStreamMedia: 	at java.lang.Thread.run(Thread.java:1572)
06-23 13:41:13.792  1799  3756 W ForegroundServiceTypeLoggerModule: Logger should be tracking FGS types correctly for UID 10320 in package com.ibrastream.app
06-23 13:41:13.796 13106 13106 E Capacitor/Console: File: https://localhost/assets/index-hMRD2WDx.js - Line 73 - Msg: Native playback error: Source error
06-23 13:41:13.802  2303  2480 I bluetooth: avrcp_service.cc:646 SendMediaUpdate: track_changed=false :  play_state=true :  queue=false
06-23 13:41:13.804  2303  2480 W AudioMediaPlayerWrapper: onPlaybackStateChanged(): com.ibrastream.app tried to update with no new data
06-23 13:41:13.820 13106 13111 I .ibrastream.app: Background concurrent mark compact GC freed 2153KB AllocSpace bytes, 534(11MB) LOS objects, 66% free, 7248KB/21MB, paused 1.480ms,5.338ms total 54.921ms
06-23 13:41:13.873  1164  1571 E SurfaceFlinger: MtkDuration override mode is disabled
06-23 13:41:13.873  1164  1571 I PowerHalWrapper: updateFps(): 60
06-23 13:41:13.882  1112  1127 I hwcomposer: [HWCDisplay] (0 setActiveConfigWithConstraints():4091), config:0  
06-23 13:41:13.882  1112  1127 I hwcomposer: [HWCDisplay] (0 setActiveConfigWithConstraints():4141), now 132075574722871, diff 330077, estimated_applied_time 11111111 queued_size:0  
06-23 13:41:13.892  1164  1164 I PowerHalWrapper: updateFps(): 60
06-23 13:41:13.893  1164  1164 I PowerHalWrapper: updateFps(): 60
06-23 13:41:13.897  1112  1579 I hwcomposer: [HWCDisplay] (0 updateAppliedConfigState():4337), applied config complete[idx:132075585833982, config:0]  
06-23 13:41:13.911  2108  2115 I ndroid.systemui: Background concurrent mark compact GC freed 14MB AllocSpace bytes, 102(11MB) LOS objects, 44% free, 29MB/53MB, paused 1.729ms,7.932ms total 211.795ms
06-23 13:41:13.913 13106 13106 I Capacitor/Console: File:  - Line 333 - Msg: undefined
06-23 13:41:13.933  2108  2117 W ndroid.systemui: ApkAssets: Deleting an ApkAssets object '<empty> and /data/app/~~WOE6e7-rwSF4AecwxIcfmw==/com.ibrastream.app-yyBpJKcNhmMNLk9rEoF32g==/base.apk' with 1 weak references
06-23 13:41:13.940  1164  1571 E SurfaceFlinger: MtkDuration override mode is disabled
06-23 13:41:13.940  1164  1571 I PowerHalWrapper: updateFps(): 90
06-23 13:41:13.948  1164  1164 I BufferQueueProducer: [com.ibrastream.app/com.ibrastream.app.MainActivity#39274](this:0xb400006fd598b7f0,id:-1,api:0,p:-1,c:1164) queueBuffer: fps=35.94 dur=1446.79 max=656.61 min=10.80
06-23 13:41:13.948  1112  1127 I hwcomposer: [HWCDisplay] (0 setActiveConfigWithConstraints():4091), config:1  
06-23 13:41:13.948  1112  1127 I hwcomposer: [HWCDisplay] (0 setActiveConfigWithConstraints():4141), now 132075641606640, diff 253000, estimated_applied_time 16666667 queued_size:0  
06-23 13:41:13.958  2108  2117 W ndroid.systemui: ApkAssets: Deleting an ApkAssets object '<empty> and /data/app/~~oJAR1lfuUrF8mC9XqywUng==/com.ibrastream.app-DXmJ-RL95QrY5d7_93iIZA==/base.apk' with 1 weak references
06-23 13:41:13.964  1164  1164 I PowerHalWrapper: updateFps(): 90
06-23 13:41:13.966  1164  1164 I PowerHalWrapper: updateFps(): 90
06-23 13:41:13.975  1112  1579 I hwcomposer: [HWCDisplay] (0 updateAppliedConfigState():4337), applied config complete[idx:132075658273307, config:1]  
06-23 13:41:14.078   988 12465 I NearbySharing: Network state changed: NetworkState(isRestricted=false, isOnline=true, isCongested=false, isMetered=false, isWifiConnected=true)
06-23 13:41:14.157  2108  2108 W ConstraintSet: id unknown center_vertical_guideline
06-23 13:41:14.157  2108  2108 W ConstraintSet: id unknown action_button_guideline
06-23 13:41:14.157  2108  2108 W ConstraintSet: id unknown icon
06-23 13:41:14.157  2108  2108 W ConstraintSet: id unknown media_seamless
06-23 13:41:14.157  2108  2108 W ConstraintSet: id unknown media_action_barrier_start
06-23 13:41:14.157  2108  2108 W ConstraintSet: id unknown media_action_barrier_end
06-23 13:41:14.157  2108  2108 W ConstraintSet: id unknown media_action_barrier_top
06-23 13:41:14.157  2108  2108 W ConstraintSet: id unknown remove_text
06-23 13:41:14.157  2108  2108 W ConstraintSet: id unknown settings
06-23 13:41:14.157  2108  2108 W ConstraintSet: id unknown dismiss
06-23 13:41:14.157  2108  2108 W ConstraintSet: id unknown cancel
06-23 13:41:14.165 13106 13106 I Capacitor/Console: File: https://localhost/assets/index-hMRD2WDx.js - Line 73 - Msg: [Pre-Resolve] Pre-resolving track: M├ís me quiero yo
06-23 13:41:14.166 13106 13106 I Capacitor/Console: File: https://localhost/assets/index-hMRD2WDx.js - Line 50 - Msg: Searching video ID for "B10 M├ís me quiero yo" via Piped API: https://pipedapi.kavin.rocks...
06-23 13:41:14.174 13106 13157 I CapacitorCookies: Getting cookies at: 'https://lrclib.net/api/get?track_name=M%C3%A1s%20me%20quiero%20yo&artist_name=B10&duration=127'
06-23 13:41:14.183  1132  1181 I libPerfCtl: xgfGetFPS pid:2108 fps:-1
06-23 13:41:14.183  1132  1181 I libPerfCtl: xgfGetFPS pid:13106 fps:-1
06-23 13:41:14.196 13106 14773 I CapacitorCookies: Getting cookies at: 'https://pipedapi.kavin.rocks/search?q=B10%20M%C3%A1s%20me%20quiero%20yo&filter=music_songs'
06-23 13:41:14.199  1098 15165 I resolv  : GetAddrInfoHandler::run: {135 135 135 983175 10320 0}
06-23 13:41:14.200  1098 15166 I resolv  : res_nmkquery: (QUERY, IN, A)
06-23 13:41:14.200  1098 15166 I resolv  : resolv_cache_lookup: FOUND IN CACHE entry=0xb400006ec3ae8d70
06-23 13:41:14.200  1098 15166 I resolv  : doQuery: rcode=0, ancount=2, return value=70
06-23 13:41:14.494  1799  1799 W libc    : Access denied finding property "vendor.mbrain.battery"
06-23 13:41:14.556  1112  1127 I hwcomposer: [HWCDisplay] (0 updateFps():3644), (type:1, mode:2) fps:52.603371,dur:1007.54,max:234.69,min:9.80  
06-23 13:41:14.590 13106 13106 I Capacitor/Console: File: https://localhost/assets/index-hMRD2WDx.js - Line 50 - Msg: Searching video ID for "B10 M├ís me quiero yo" via Piped API: https://api.piped.private.coffee...
06-23 13:41:14.607 13106 14773 I CapacitorCookies: Getting cookies at: 'https://api.piped.private.coffee/search?q=B10%20M%C3%A1s%20me%20quiero%20yo&filter=music_songs'
06-23 13:41:14.610  1098 15168 I resolv  : GetAddrInfoHandler::run: {135 135 135 983175 10320 0}
06-23 13:41:14.612  1098 15169 I resolv  : res_nmkquery: (QUERY, IN, A)
06-23 13:41:14.612  1098 15169 I resolv  : resolv_cache_lookup: FOUND IN CACHE entry=0xb400006da3adae90
06-23 13:41:14.612  1098 15169 I resolv  : doQuery: rcode=0, ancount=2, return value=89
06-23 13:41:14.735  1799  1819 E ApplicationHelper: Fail to get PackageManager
06-23 13:41:14.739  1799  1819 E ApplicationHelper: Fail to get PackageManager
06-23 13:41:14.743  1098  1589 I netd    : tetherGetStats() -> {[TetherStatsParcel{iface: ccmni0, rxBytes: 59734, rxPackets: 151, txBytes: 105349, txPackets: 265, ifIndex: 0}, TetherStatsParcel{iface: wlan0, rxBytes: 30200352203, rxPackets: 27210144, txBytes: 3394325962, txPackets: 6657163, ifIndex: 0}]} <3.81ms>
06-23 13:41:14.955  1164  1164 I BufferQueueProducer: [com.ibrastream.app/com.ibrastream.app.MainActivity#39274](this:0xb400006fd598b7f0,id:-1,api:0,p:-1,c:1164) queueBuffer: fps=78.42 dur=1007.40 max=22.57 min=10.34
06-23 13:41:15.183  1132  1181 I libPerfCtl: xgfGetFPS pid:2108 fps:-1
06-23 13:41:15.184  1132  1181 I libPerfCtl: xgfGetFPS pid:13106 fps:-1
06-23 13:41:15.253 13106 13106 I Capacitor/Console: File: https://localhost/assets/index-hMRD2WDx.js - Line 50 - Msg: Resolved videoId via Piped API https://api.piped.private.coffee: M├ís me quiero yo (0eYpOLMobVM)
06-23 13:41:15.254 13106 13106 I Capacitor/Console: File: https://localhost/assets/index-hMRD2WDx.js - Line 73 - Msg: Trying primary deciphering via youtubei.js (Innertube) for Android...
06-23 13:41:15.254 13106 13106 I Capacitor/Console: File: https://localhost/assets/index-hMRD2WDx.js - Line 50 - Msg: Resolving direct YouTube stream URL via Innertube...
06-23 13:41:15.283 13106 14773 I CapacitorCookies: Getting cookies at: 'https://www.youtube.com/youtubei/v1/player?prettyPrint=false&alt=json'
06-23 13:41:15.286 13106 14910 I CapacitorCookies: Getting cookies at: 'https://www.youtube.com/youtubei/v1/next?prettyPrint=false&alt=json'
06-23 13:41:15.289  1098 15172 I resolv  : GetAddrInfoHandler::run: {135 135 135 983175 10320 0}
06-23 13:41:15.291  1098 15173 I resolv  : res_nmkquery: (QUERY, IN, A)
06-23 13:41:15.291  1098 15173 I resolv  : resolv_cache_lookup: FOUND IN CACHE entry=0xb400006d33ae1e20
06-23 13:41:15.291  1098 15173 I resolv  : doQuery: rcode=0, ancount=17, return value=326
06-23 13:41:15.376 13106 13106 W Capacitor/Console: File: https://localhost/assets/index-hMRD2WDx.js - Line 50 - Msg: Direct Innertube resolution failed: Error: Request to https://www.youtube.com/youtubei/v1/player?prettyPrint=false&alt=json failed with status code 404
06-23 13:41:15.376 13106 13106 I Capacitor/Console: File: https://localhost/assets/index-hMRD2WDx.js - Line 50 - Msg: [Downloader] Attempting stream resolution via Cobalt: https://apicobalt.mgytr.top/...
06-23 13:41:15.393 13106 14773 I CapacitorCookies: Getting cookies at: 'https://apicobalt.mgytr.top/'
06-23 13:41:15.396  1098 15175 I resolv  : GetAddrInfoHandler::run: {135 135 135 983175 10320 0}
06-23 13:41:15.397  1098 15176 I resolv  : res_nmkquery: (QUERY, IN, A)
06-23 13:41:15.398  1098 15176 I resolv  : resolv_cache_lookup: FOUND IN CACHE entry=0xb400006e13ae3310
06-23 13:41:15.398  1098 15176 I resolv  : doQuery: rcode=0, ancount=1, return value=53
06-23 13:41:15.557  1112  1127 I hwcomposer: [HWCDisplay] (0 updateFps():3644), (type:1, mode:2) fps:80.920029,dur:1000.99,max:23.00,min:9.75  
06-23 13:41:15.665 13106 13106 I Capacitor/Console: File: https://localhost/assets/index-hMRD2WDx.js - Line 50 - Msg: [Downloader] Attempting stream resolution via Cobalt: https://rue-cobalt.xenon.zone/...
06-23 13:41:15.683 13106 14773 I CapacitorCookies: Getting cookies at: 'https://rue-cobalt.xenon.zone/'
06-23 13:41:15.686  1098 15178 I resolv  : GetAddrInfoHandler::run: {135 135 135 983175 10320 0}
06-23 13:41:15.688  1098 15179 I resolv  : res_nmkquery: (QUERY, IN, A)
06-23 13:41:15.688  1098 15179 I resolv  : resolv_cache_lookup: FOUND IN CACHE entry=0xb400006ec3ae6c30
06-23 13:41:15.688  1098 15179 I resolv  : doQuery: rcode=0, ancount=2, return value=71
06-23 13:41:15.744  1799  1819 E ApplicationHelper: Fail to get PackageManager
06-23 13:41:15.747  1799  1819 E ApplicationHelper: Fail to get PackageManager
06-23 13:41:15.750  1098  1589 I netd    : tetherGetStats() -> {[TetherStatsParcel{iface: ccmni0, rxBytes: 59734, rxPackets: 151, txBytes: 105349, txPackets: 265, ifIndex: 0}, TetherStatsParcel{iface: wlan0, rxBytes: 30200355111, rxPackets: 27210187, txBytes: 3394441442, txPackets: 6657258, ifIndex: 0}]} <3.43ms>
06-23 13:41:15.831 13106 13106 I Capacitor/Console: File: https://localhost/assets/index-hMRD2WDx.js - Line 50 - Msg: Searching video ID for "B10 M├ís me quiero yo" via Piped API: https://pipedapi.kavin.rocks...
06-23 13:41:15.862  1799  1894 I MediaFocusControl: abandonAudioFocus() from uid/pid 10320/13106 clientId=android.media.AudioManager@fa209b5androidx.media3.exoplayer.AudioFocusManager$AudioFocusListener@df1784a
06-23 13:41:15.869  2303  2480 W AudioMediaPlayerWrapper: onPlaybackStateChanged(): com.ibrastream.app tried to update with no new data
06-23 13:41:15.939 13106 13106 I Capacitor/Console: File:  - Line 333 - Msg: undefined
06-23 13:41:15.942 13106 13158 I CapacitorCookies: Getting cookies at: 'https://monochrome-api.samidy.com/search/?a=B10'
06-23 13:41:15.943 13106 13159 I CapacitorCookies: Getting cookies at: 'https://lrclib.net/api/get?track_name=M%C3%A1s%20me%20quiero%20yo&artist_name=B10&duration=127'
06-23 13:41:15.945  1098 15182 I resolv  : GetAddrInfoHandler::run: {135 135 135 983175 10320 0}
06-23 13:41:15.947  1098 15183 I resolv  : res_nmkquery: (QUERY, IN, A)
06-23 13:41:15.947  1098 15183 I resolv  : resolv_cache_lookup: FOUND IN CACHE entry=0xb400006ec3ae82f0
06-23 13:41:15.947  1098 15183 I resolv  : doQuery: rcode=0, ancount=2, return value=75
06-23 13:41:15.957  1164  1164 I BufferQueueProducer: [com.ibrastream.app/com.ibrastream.app.MainActivity#39274](this:0xb400006fd598b7f0,id:-1,api:0,p:-1,c:1164) queueBuffer: fps=78.87 dur=1001.60 max=22.50 min=10.30
06-23 13:41:15.961 13106 14910 I CapacitorCookies: Getting cookies at: 'https://pipedapi.kavin.rocks/search?q=B10%20M%C3%A1s%20me%20quiero%20yo&filter=music_songs'
06-23 13:41:15.972 13106 13106 I Capacitor/Console: File:  - Line 333 - Msg: undefined
06-23 13:41:16.184  1132  1181 I libPerfCtl: xgfGetFPS pid:2108 fps:-1
06-23 13:41:16.184  1132  1181 I libPerfCtl: xgfGetFPS pid:13106 fps:-1
06-23 13:41:16.201 13106 13106 I Capacitor/Console: File: https://localhost/assets/index-hMRD2WDx.js - Line 50 - Msg: [Downloader] Cobalt successfully resolved stream: https://rue-cobalt.xenon.zone/tunnel?id=WyGJGvAKBVXdzeDUqRgZW&exp=1782214966070&sig=F04ICpQ3CFfoRvUpUiKTAs7fqxpmiG1eXMOKJ8krQmk&sec=8T-LWTnmnZUJBZkXrBZ9bbKGMioabFp3uvd7S-7TiAM&iv=2W3J6iZbjlqB1q6kq5XAyg
06-23 13:41:16.201 13106 13106 I Capacitor/Console: File: https://localhost/assets/index-hMRD2WDx.js - Line 73 - Msg: Successfully got stream URL via youtubei.js on Android, validating accessibility natively...
06-23 13:41:16.201 13106 13106 I Capacitor/Console: File: https://localhost/assets/index-hMRD2WDx.js - Line 73 - Msg: Stream URL validated successfully
06-23 13:41:16.225 13106 13106 I Capacitor/Console: File: https://localhost/assets/index-hMRD2WDx.js - Line 50 - Msg: Searching video ID for "B10 M├ís me quiero yo" via Piped API: https://api.piped.private.coffee...
06-23 13:41:16.260 13106 14910 I CapacitorCookies: Getting cookies at: 'https://api.piped.private.coffee/search?q=B10%20M%C3%A1s%20me%20quiero%20yo&filter=music_songs'
06-23 13:41:16.560  1112  1127 I hwcomposer: [HWCDisplay] (0 updateFps():3644), (type:1, mode:2) fps:49.881729,dur:1002.37,max:67.99,min:9.90  
06-23 13:41:16.576  2071  2071 I WifiHAL : feature_set=0x8488341a
06-23 13:41:16.583 13106 13106 I Capacitor/Console: File: https://localhost/assets/index-hMRD2WDx.js - Line 50 - Msg: Resolved videoId via Piped API https://api.piped.private.coffee: M├ís me quiero yo (0eYpOLMobVM)
06-23 13:41:16.583 13106 13106 I Capacitor/Console: File: https://localhost/assets/index-hMRD2WDx.js - Line 73 - Msg: Trying primary deciphering via youtubei.js (Innertube) for Android...
06-23 13:41:16.584 13106 13106 I Capacitor/Console: File: https://localhost/assets/index-hMRD2WDx.js - Line 50 - Msg: Resolving direct YouTube stream URL via Innertube...
06-23 13:41:16.642 13106 14910 I CapacitorCookies: Getting cookies at: 'https://www.youtube.com/youtubei/v1/player?prettyPrint=false&alt=json'
06-23 13:41:16.645 13106 14773 I CapacitorCookies: Getting cookies at: 'https://www.youtube.com/youtubei/v1/next?prettyPrint=false&alt=json'
06-23 13:41:16.753  1799  1819 E ApplicationHelper: Fail to get PackageManager
06-23 13:41:16.754 13106 13106 W Capacitor/Console: File: https://localhost/assets/index-hMRD2WDx.js - Line 50 - Msg: Direct Innertube resolution failed: Error: Request to https://www.youtube.com/youtubei/v1/player?prettyPrint=false&alt=json failed with status code 404
06-23 13:41:16.754 13106 13106 I Capacitor/Console: File: https://localhost/assets/index-hMRD2WDx.js - Line 50 - Msg: [Downloader] Attempting stream resolution via Cobalt: https://apicobalt.mgytr.top/...
06-23 13:41:16.758  1799  1819 E ApplicationHelper: Fail to get PackageManager
06-23 13:41:16.763  1098  1589 I netd    : tetherGetStats() -> {[TetherStatsParcel{iface: ccmni0, rxBytes: 59734, rxPackets: 151, txBytes: 105349, txPackets: 265, ifIndex: 0}, TetherStatsParcel{iface: wlan0, rxBytes: 30200355111, rxPackets: 27210187, txBytes: 3394441442, txPackets: 6657258, ifIndex: 0}]} <5.79ms>
06-23 13:41:16.798 13106 14910 I CapacitorCookies: Getting cookies at: 'https://apicobalt.mgytr.top/'
06-23 13:41:16.908  1799  1830 I ActivityManager: Test idle failed due to e872fe4 13793:com.instagram.android/u0a269 not runnable because EMPTY
06-23 13:41:16.958  1164  1164 I BufferQueueProducer: [com.ibrastream.app/com.ibrastream.app.MainActivity#39274](this:0xb400006fd598b7f0,id:-1,api:0,p:-1,c:1164) queueBuffer: fps=32.95 dur=1001.55 max=66.92 min=10.89
06-23 13:41:17.044   988 12465 I NearbyMediums: No BLE Fast/GATT advertisements found in the latest cycle.
06-23 13:41:17.044   988 12465 I NearbyMediums: Current Tracked Scanning Clients are : {NearbyConnections.EnvironmentMonitor, NearbySharing}
06-23 13:41:17.064  1799  1819 E ApplicationHelper: Fail to get PackageManager
06-23 13:41:17.068  1799  1819 E ApplicationHelper: Fail to get PackageManager
06-23 13:41:17.092 13106 13106 I Capacitor/Console: File:  - Line 333 - Msg: undefined
06-23 13:41:17.093 13106 13106 I Capacitor/Console: File: https://localhost/assets/index-hMRD2WDx.js - Line 50 - Msg: [Downloader] Attempting stream resolution via Cobalt: https://rue-cobalt.xenon.zone/...
06-23 13:41:17.109 13106 14910 I CapacitorCookies: Getting cookies at: 'https://rue-cobalt.xenon.zone/'
06-23 13:41:17.184  1132  1181 I libPerfCtl: xgfGetFPS pid:2108 fps:-1
06-23 13:41:17.184  1132  1181 I libPerfCtl: xgfGetFPS pid:13106 fps:-1
06-23 13:41:17.338 26104 26104 I adbd    : adbd_auth: loading keys from /data/misc/adb/adb_keys
06-23 13:41:17.374 13642 13721 E msys    : E[N WA]_WAJMNSStreamImplOnMNSFailure(287)=>[LogLevel:I] WAJMNSStream/impl/callback/onMNSFailure/p=0xb4000076f6cdfd00 (error=MNSTCPSocketReceive(): Received EOF)
06-23 13:41:17.376 13642 13721 E msys    : E[N WA]_WAJMNSStreamImplCreateConnectionReport(194)=>[LogLevel:I] WAJMNSStream/impl/report port=5222, connectedIPVersion=4, resolvedIPAddressCount=1, dnsResolutionStartTimeMS=132003623, dnsResolutionEndTimeMS=132003623, dnsCacheHit=Yes, connectStartTimeMS=132003623, connectEndTimeMS=132003640, proxyConnectStartTimeMS=0, proxyConnectEndTimeMS=0
06-23 13:41:17.377 13642 13721 E msys    : E[N WA]_WAJMNSStreamImplUpdateStreamState(230)=>[LogLevel:I] WAJMNSStream/impl/state-changed/p=0xb4000076f6cdfd00 (connected=>disconnected)
06-23 13:41:17.384 13642 13678 E msys    : E[N WA]WAJMNSStreamImplDisconnectSync(506)=>[LogLevel:W] WAJMNSStream/impl/disconnect/p=0xb4000076f6cdfd00 (bytesSent=3012)(bytesRecv=4535)
06-23 13:41:17.407  1799  1819 E ApplicationHelper: Fail to get PackageManager
06-23 13:41:17.527 13106 13106 I Capacitor/Console: File: https://localhost/assets/index-hMRD2WDx.js - Line 50 - Msg: [Downloader] Cobalt successfully resolved stream: https://rue-cobalt.xenon.zone/tunnel?id=7xEgUN6Dt9aCBG_8lfu1X&exp=1782214967480&sig=kKPH8qg4vQzuEVmKeg2SjXriO5EjhIKZQ5IrqYTCzKg&sec=lljQzr74AnURKLJm1drhiA4u9FWUQLNLN4756Bybvm4&iv=ydtikfSOw7GILC9y8tVArg
06-23 13:41:17.528 13106 13106 I Capacitor/Console: File: https://localhost/assets/index-hMRD2WDx.js - Line 73 - Msg: Successfully got stream URL via youtubei.js on Android, validating accessibility natively...
06-23 13:41:17.528 13106 13106 I Capacitor/Console: File: https://localhost/assets/index-hMRD2WDx.js - Line 73 - Msg: Stream URL validated successfully
06-23 13:41:17.535 13106 13106 E IbraStreamMedia: CustomPlayerWrapper: setMockDuration=127000
06-23 13:41:17.535 13106 13106 E IbraStreamMedia: CustomPlayerWrapper: setMockPosition=0
06-23 13:41:17.537 13106 13106 E IbraStreamMedia: onMediaItemTransition: reason=3, item=424383701
06-23 13:41:17.537 13106 13106 E IbraStreamMedia: CustomPlayerWrapper: setMockPosition=0
06-23 13:41:17.547 13106 13529 I CapacitorCookies: Getting cookies at: 'https://resources.tidal.com/images/3dda31b3/e707/4913/a563/058f9b6c9dde/640x640.jpg'
06-23 13:41:17.550  2303  2480 W Failed to fetch image at uri=https://resources.tidal.com/images/3dda31b3/e707/4913/a563/058f9bjava.io.FileNotFoundException: No content provider: https://resources.tidal.com/images/3dda31b3/e707/4913/a563/058f9b6c9dde/640x640.jpg
